Archive member included to satisfy reference by file (symbol)

/usr/local/gcc-arm-none-eabi-8-2018-q4-major/bin/../lib/gcc/arm-none-eabi/8.2.1/../../../../arm-none-eabi/lib/thumb/v7e-m+fp/hard/libc_nano.a(lib_a-exit.o)
                              /usr/local/gcc-arm-none-eabi-8-2018-q4-major/bin/../lib/gcc/arm-none-eabi/8.2.1/../../../../arm-none-eabi/lib/thumb/v7e-m+fp/hard/crt0.o (exit)
/usr/local/gcc-arm-none-eabi-8-2018-q4-major/bin/../lib/gcc/arm-none-eabi/8.2.1/../../../../arm-none-eabi/lib/thumb/v7e-m+fp/hard/libc_nano.a(lib_a-impure.o)
                              /usr/local/gcc-arm-none-eabi-8-2018-q4-major/bin/../lib/gcc/arm-none-eabi/8.2.1/../../../../arm-none-eabi/lib/thumb/v7e-m+fp/hard/libc_nano.a(lib_a-exit.o) (_global_impure_ptr)
/usr/local/gcc-arm-none-eabi-8-2018-q4-major/bin/../lib/gcc/arm-none-eabi/8.2.1/../../../../arm-none-eabi/lib/thumb/v7e-m+fp/hard/libc_nano.a(lib_a-init.o)
                              /usr/local/gcc-arm-none-eabi-8-2018-q4-major/bin/../lib/gcc/arm-none-eabi/8.2.1/../../../../arm-none-eabi/lib/thumb/v7e-m+fp/hard/crt0.o (__libc_init_array)
/usr/local/gcc-arm-none-eabi-8-2018-q4-major/bin/../lib/gcc/arm-none-eabi/8.2.1/../../../../arm-none-eabi/lib/thumb/v7e-m+fp/hard/libc_nano.a(lib_a-memset.o)
                              /usr/local/gcc-arm-none-eabi-8-2018-q4-major/bin/../lib/gcc/arm-none-eabi/8.2.1/../../../../arm-none-eabi/lib/thumb/v7e-m+fp/hard/crt0.o (memset)
/usr/local/gcc-arm-none-eabi-8-2018-q4-major/bin/../lib/gcc/arm-none-eabi/8.2.1/../../../../arm-none-eabi/lib/thumb/v7e-m+fp/hard/libc_nano.a(lib_a-nano-vfprintf_float.o)
                              (_printf_float)
/usr/local/gcc-arm-none-eabi-8-2018-q4-major/bin/../lib/gcc/arm-none-eabi/8.2.1/../../../../arm-none-eabi/lib/thumb/v7e-m+fp/hard/libc_nano.a(lib_a-nano-vfprintf_i.o)
                              /usr/local/gcc-arm-none-eabi-8-2018-q4-major/bin/../lib/gcc/arm-none-eabi/8.2.1/../../../../arm-none-eabi/lib/thumb/v7e-m+fp/hard/libc_nano.a(lib_a-nano-vfprintf_float.o) (_printf_common)
/usr/local/gcc-arm-none-eabi-8-2018-q4-major/bin/../lib/gcc/arm-none-eabi/8.2.1/../../../../arm-none-eabi/lib/thumb/v7e-m+fp/hard/libc_nano.a(lib_a-snprintf.o)
                              build/adc.o (snprintf)
/usr/local/gcc-arm-none-eabi-8-2018-q4-major/bin/../lib/gcc/arm-none-eabi/8.2.1/../../../../arm-none-eabi/lib/thumb/v7e-m+fp/hard/libc_nano.a(lib_a-strlen.o)
                              build/usart.o (strlen)
/usr/local/gcc-arm-none-eabi-8-2018-q4-major/bin/../lib/gcc/arm-none-eabi/8.2.1/../../../../arm-none-eabi/lib/thumb/v7e-m+fp/hard/libc_nano.a(lib_a-dtoa.o)
                              /usr/local/gcc-arm-none-eabi-8-2018-q4-major/bin/../lib/gcc/arm-none-eabi/8.2.1/../../../../arm-none-eabi/lib/thumb/v7e-m+fp/hard/libc_nano.a(lib_a-nano-vfprintf_float.o) (_dtoa_r)
/usr/local/gcc-arm-none-eabi-8-2018-q4-major/bin/../lib/gcc/arm-none-eabi/8.2.1/../../../../arm-none-eabi/lib/thumb/v7e-m+fp/hard/libc_nano.a(lib_a-localeconv.o)
                              /usr/local/gcc-arm-none-eabi-8-2018-q4-major/bin/../lib/gcc/arm-none-eabi/8.2.1/../../../../arm-none-eabi/lib/thumb/v7e-m+fp/hard/libc_nano.a(lib_a-nano-vfprintf_float.o) (_localeconv_r)
/usr/local/gcc-arm-none-eabi-8-2018-q4-major/bin/../lib/gcc/arm-none-eabi/8.2.1/../../../../arm-none-eabi/lib/thumb/v7e-m+fp/hard/libc_nano.a(lib_a-malloc.o)
                              /usr/local/gcc-arm-none-eabi-8-2018-q4-major/bin/../lib/gcc/arm-none-eabi/8.2.1/../../../../arm-none-eabi/lib/thumb/v7e-m+fp/hard/libc_nano.a(lib_a-dtoa.o) (malloc)
/usr/local/gcc-arm-none-eabi-8-2018-q4-major/bin/../lib/gcc/arm-none-eabi/8.2.1/../../../../arm-none-eabi/lib/thumb/v7e-m+fp/hard/libc_nano.a(lib_a-memchr.o)
                              /usr/local/gcc-arm-none-eabi-8-2018-q4-major/bin/../lib/gcc/arm-none-eabi/8.2.1/../../../../arm-none-eabi/lib/thumb/v7e-m+fp/hard/libc_nano.a(lib_a-nano-vfprintf_i.o) (memchr)
/usr/local/gcc-arm-none-eabi-8-2018-q4-major/bin/../lib/gcc/arm-none-eabi/8.2.1/../../../../arm-none-eabi/lib/thumb/v7e-m+fp/hard/libc_nano.a(lib_a-memcpy-stub.o)
                              /usr/local/gcc-arm-none-eabi-8-2018-q4-major/bin/../lib/gcc/arm-none-eabi/8.2.1/../../../../arm-none-eabi/lib/thumb/v7e-m+fp/hard/libc_nano.a(lib_a-dtoa.o) (memcpy)
/usr/local/gcc-arm-none-eabi-8-2018-q4-major/bin/../lib/gcc/arm-none-eabi/8.2.1/../../../../arm-none-eabi/lib/thumb/v7e-m+fp/hard/libc_nano.a(lib_a-mprec.o)
                              /usr/local/gcc-arm-none-eabi-8-2018-q4-major/bin/../lib/gcc/arm-none-eabi/8.2.1/../../../../arm-none-eabi/lib/thumb/v7e-m+fp/hard/libc_nano.a(lib_a-dtoa.o) (_Balloc)
/usr/local/gcc-arm-none-eabi-8-2018-q4-major/bin/../lib/gcc/arm-none-eabi/8.2.1/../../../../arm-none-eabi/lib/thumb/v7e-m+fp/hard/libc_nano.a(lib_a-nano-callocr.o)
                              /usr/local/gcc-arm-none-eabi-8-2018-q4-major/bin/../lib/gcc/arm-none-eabi/8.2.1/../../../../arm-none-eabi/lib/thumb/v7e-m+fp/hard/libc_nano.a(lib_a-mprec.o) (_calloc_r)
[...]
Memory Configuration

Name             Origin             Length             Attributes
RAM              0x0000000020000000 0x0000000000010000 xrw
CCMRAM           0x0000000010000000 0x0000000000004000 rw
FLASH            0x0000000008000000 0x0000000000080000 xr
*default*        0x0000000000000000 0xffffffffffffffff

Linker script and memory map

LOAD /usr/local/gcc-arm-none-eabi-8-2018-q4-major/bin/../lib/gcc/arm-none-eabi/8.2.1/thumb/v7e-m+fp/hard/crti.o
LOAD /usr/local/gcc-arm-none-eabi-8-2018-q4-major/bin/../lib/gcc/arm-none-eabi/8.2.1/thumb/v7e-m+fp/hard/crtbegin.o
LOAD /usr/local/gcc-arm-none-eabi-8-2018-q4-major/bin/../lib/gcc/arm-none-eabi/8.2.1/../../../../arm-none-eabi/lib/thumb/v7e-m+fp/hard/crt0.o
LOAD build/adc.o
LOAD build/power.o
LOAD build/ds18b20.o
LOAD build/stm32f3xx_hal_msp.o
LOAD build/stm32f3xx_hal_uart.o
LOAD build/stm32f3xx_hal_adc_ex.o
LOAD build/stm32f3xx_hal_adc.o
LOAD build/stm32f3xx_hal_tim.o
LOAD build/stm32f3xx_hal_gpio.o
LOAD build/usart.o
LOAD build/stm32f3xx_hal_rcc_ex.o
LOAD build/gpio.o
LOAD build/stm32f3xx_hal_i2c.o
LOAD build/stm32f3xx_hal_pwr.o
LOAD build/stm32f3xx_hal_flash_ex.o
LOAD build/stm32f3xx_hal_cortex.o
LOAD build/main.o
LOAD build/stm32f3xx_it.o
LOAD build/stm32f3xx_hal_dma.o
LOAD build/dma.o
LOAD build/stm32f3xx_hal_tim_ex.o
LOAD build/tim.o
LOAD build/stm32f3xx_hal_uart_ex.o
LOAD build/stm32f3xx_hal_rcc.o
LOAD build/stm32f3xx_hal_flash.o
LOAD build/stm32f3xx_hal_pwr_ex.o
LOAD build/stm32f3xx_hal.o
LOAD build/stm32f3xx_hal_i2c_ex.o
LOAD build/stm32f3xx_hal_opamp_ex.o
LOAD build/opamp.o
LOAD build/stm32f3xx_hal_opamp.o
LOAD build/system_stm32f3xx.o
LOAD build/startup_stm32f303xe.o
LOAD /usr/local/gcc-arm-none-eabi-8-2018-q4-major/bin/../lib/gcc/arm-none-eabi/8.2.1/../../../../arm-none-eabi/lib/thumb/v7e-m+fp/hard/libc_nano.a
LOAD /usr/local/gcc-arm-none-eabi-8-2018-q4-major/bin/../lib/gcc/arm-none-eabi/8.2.1/../../../../arm-none-eabi/lib/thumb/v7e-m+fp/hard/libm.a
LOAD /usr/local/gcc-arm-none-eabi-8-2018-q4-major/bin/../lib/gcc/arm-none-eabi/8.2.1/../../../../arm-none-eabi/lib/thumb/v7e-m+fp/hard/libnosys.a
START GROUP
LOAD /usr/local/gcc-arm-none-eabi-8-2018-q4-major/bin/../lib/gcc/arm-none-eabi/8.2.1/thumb/v7e-m+fp/hard/libgcc.a
LOAD /usr/local/gcc-arm-none-eabi-8-2018-q4-major/bin/../lib/gcc/arm-none-eabi/8.2.1/../../../../arm-none-eabi/lib/thumb/v7e-m+fp/hard/libc_nano.a
END GROUP
START GROUP
LOAD /usr/local/gcc-arm-none-eabi-8-2018-q4-major/bin/../lib/gcc/arm-none-eabi/8.2.1/thumb/v7e-m+fp/hard/libgcc.a
LOAD /usr/local/gcc-arm-none-eabi-8-2018-q4-major/bin/../lib/gcc/arm-none-eabi/8.2.1/../../../../arm-none-eabi/lib/thumb/v7e-m+fp/hard/libc_nano.a
END GROUP
LOAD /usr/local/gcc-arm-none-eabi-8-2018-q4-major/bin/../lib/gcc/arm-none-eabi/8.2.1/thumb/v7e-m+fp/hard/crtend.o
LOAD /usr/local/gcc-arm-none-eabi-8-2018-q4-major/bin/../lib/gcc/arm-none-eabi/8.2.1/thumb/v7e-m+fp/hard/crtn.o
                0x0000000020010000                _estack = 0x20010000
                0x0000000000000200                _Min_Heap_Size = 0x200
                0x0000000000000400                _Min_Stack_Size = 0x400

.isr_vector     0x0000000008000000      0x194
                0x0000000008000000                . = ALIGN (0x4)
 *(.isr_vector)
 .isr_vector    0x0000000008000000      0x194 build/startup_stm32f303xe.o
                0x0000000008000000                g_pfnVectors
                0x0000000008000194                . = ALIGN (0x4)

.text           0x00000000080001a0     0x8124
                0x00000000080001a0                . = ALIGN (0x4)
 *(.text)
 .text          0x00000000080001a0       0x40 /usr/local/gcc-arm-none-eabi-8-2018-q4-major/bin/../lib/gcc/arm-none-eabi/8.2.1/thumb/v7e-m+fp/hard/crtbegin.o
 .text          0x00000000080001e0       0x10 /usr/local/gcc-arm-none-eabi-8-2018-q4-major/bin/../lib/gcc/arm-none-eabi/8.2.1/../../../../arm-none-eabi/lib/thumb/v7e-m+fp/hard/libc_nano.a(lib_a-strlen.o)
                0x00000000080001e0                strlen
 .text          0x00000000080001f0       0xa0 /usr/local/gcc-arm-none-eabi-8-2018-q4-major/bin/../lib/gcc/arm-none-eabi/8.2.1/../../../../arm-none-eabi/lib/thumb/v7e-m+fp/hard/libc_nano.a(lib_a-memchr.o)
                0x00000000080001f0                memchr
 .text          0x0000000008000290      0x378 /usr/local/gcc-arm-none-eabi-8-2018-q4-major/bin/../lib/gcc/arm-none-eabi/8.2.1/thumb/v7e-m+fp/hard/libgcc.a(_arm_addsubdf3.o)
                0x0000000008000290                __aeabi_drsub
                0x0000000008000298                __subdf3
                0x0000000008000298                __aeabi_dsub
                0x000000000800029c                __aeabi_dadd
                0x000000000800029c                __adddf3
                0x0000000008000514                __aeabi_ui2d
                0x0000000008000514                __floatunsidf
                0x0000000008000534                __floatsidf
                0x0000000008000534                __aeabi_i2d
                0x0000000008000558                __extendsfdf2
                0x0000000008000558                __aeabi_f2d
                0x000000000800059c                __aeabi_ul2d
                0x000000000800059c                __floatundidf
                0x00000000080005ac                __aeabi_l2d
                0x00000000080005ac                __floatdidf
 .text          0x0000000008000608      0x424 /usr/local/gcc-arm-none-eabi-8-2018-q4-major/bin/../lib/gcc/arm-none-eabi/8.2.1/thumb/v7e-m+fp/hard/libgcc.a(_arm_muldivdf3.o)
                0x0000000008000608                __aeabi_dmul
                0x0000000008000608                __muldf3
                0x000000000800085c                __aeabi_ddiv
                0x000000000800085c                __divdf3
 .text          0x0000000008000a2c      0x110 /usr/local/gcc-arm-none-eabi-8-2018-q4-major/bin/../lib/gcc/arm-none-eabi/8.2.1/thumb/v7e-m+fp/hard/libgcc.a(_arm_cmpdf2.o)
                0x0000000008000a2c                __gtdf2
                0x0000000008000a2c                __gedf2
                0x0000000008000a34                __ltdf2
                0x0000000008000a34                __ledf2
                0x0000000008000a3c                __eqdf2
                0x0000000008000a3c                __nedf2
                0x0000000008000a3c                __cmpdf2
                0x0000000008000ab8                __aeabi_cdrcmple
                0x0000000008000ac8                __aeabi_cdcmple
                0x0000000008000ac8                __aeabi_cdcmpeq
                0x0000000008000ad8                __aeabi_dcmpeq
                0x0000000008000aec                __aeabi_dcmplt
                0x0000000008000b00                __aeabi_dcmple
                0x0000000008000b14                __aeabi_dcmpge
                0x0000000008000b28                __aeabi_dcmpgt
 .text          0x0000000008000b3c       0x2c /usr/local/gcc-arm-none-eabi-8-2018-q4-major/bin/../lib/gcc/arm-none-eabi/8.2.1/thumb/v7e-m+fp/hard/libgcc.a(_arm_unorddf2.o)
                0x0000000008000b3c                __aeabi_dcmpun
                0x0000000008000b3c                __unorddf2
 .text          0x0000000008000b68       0x50 /usr/local/gcc-arm-none-eabi-8-2018-q4-major/bin/../lib/gcc/arm-none-eabi/8.2.1/thumb/v7e-m+fp/hard/libgcc.a(_arm_fixdfsi.o)
                0x0000000008000b68                __fixdfsi
                0x0000000008000b68                __aeabi_d2iz
 .text          0x0000000008000bb8       0xa0 /usr/local/gcc-arm-none-eabi-8-2018-q4-major/bin/../lib/gcc/arm-none-eabi/8.2.1/thumb/v7e-m+fp/hard/libgcc.a(_arm_truncdfsf2.o)
                0x0000000008000bb8                __aeabi_d2f
                0x0000000008000bb8                __truncdfsf2
 .text          0x0000000008000c58       0xa0 /usr/local/gcc-arm-none-eabi-8-2018-q4-major/bin/../lib/gcc/arm-none-eabi/8.2.1/thumb/v7e-m+fp/hard/libgcc.a(_aeabi_ldivmod.o)
                0x0000000008000c58                __aeabi_ldivmod
 .text          0x0000000008000cf8      0x2d0 /usr/local/gcc-arm-none-eabi-8-2018-q4-major/bin/../lib/gcc/arm-none-eabi/8.2.1/thumb/v7e-m+fp/hard/libgcc.a(_udivmoddi4.o)
                0x0000000008000cf8                __udivmoddi4
 .text          0x0000000008000fc8        0x4 /usr/local/gcc-arm-none-eabi-8-2018-q4-major/bin/../lib/gcc/arm-none-eabi/8.2.1/thumb/v7e-m+fp/hard/libgcc.a(_dvmd_tls.o)
                0x0000000008000fc8                __aeabi_ldiv0
                0x0000000008000fc8                __aeabi_idiv0
 *(.text*)
 .text.MX_ADC1_Init
                0x0000000008000fcc      0x148 build/adc.o
                0x0000000008000fcc                MX_ADC1_Init
 .text.MX_ADC2_Init
                0x0000000008001114      0x134 build/adc.o
                0x0000000008001114                MX_ADC2_Init
 .text.MX_ADC3_Init
                0x0000000008001248      0x154 build/adc.o
                0x0000000008001248                MX_ADC3_Init
 .text.MX_ADC4_Init
                0x000000000800139c      0x144 build/adc.o
                0x000000000800139c                MX_ADC4_Init
 .text.HAL_ADC_MspInit
                0x00000000080014e0      0x27c build/adc.o
                0x00000000080014e0                HAL_ADC_MspInit
 .text.HAL_ADC_ConvHalfCpltCallback
                0x000000000800175c       0xe4 build/adc.o
                0x000000000800175c                HAL_ADC_ConvHalfCpltCallback
 .text.HAL_ADC_ConvCpltCallback
                0x0000000008001840       0xe8 build/adc.o
                0x0000000008001840                HAL_ADC_ConvCpltCallback
 .text.calibrate_ADCs
                0x0000000008001928       0x38 build/adc.o
                0x0000000008001928                calibrate_ADCs
 .text.start_ADCs
                0x0000000008001960      0x17c build/adc.o
                0x0000000008001960                start_ADCs
 .text.get_cpu_temp
                0x0000000008001adc       0x28 build/adc.o
                0x0000000008001adc                get_cpu_temp
 .text.get_vdd  0x0000000008001b04       0x24 build/adc.o
                0x0000000008001b04                get_vdd
 .text.process_power_channel
                0x0000000008001b28      0x234 build/power.o
 .text.process_VI_pair
                0x0000000008001d5c      0x138 build/power.o
                0x0000000008001d5c                process_VI_pair
 .text.process_power_data
                0x0000000008001e94       0x40 build/power.o
                0x0000000008001e94                process_power_data
 .text.init_power
                0x0000000008001ed4        0x8 build/power.o
                0x0000000008001ed4                init_power
 .text.init_ds18b20s
                0x0000000008001edc      0x124 build/ds18b20.o
                0x0000000008001edc                init_ds18b20s
 .text.process_ds18b20s
                0x0000000008002000      0x19c build/ds18b20.o
                0x0000000008002000                process_ds18b20s
 .text.HAL_MspInit
                0x000000000800219c       0x7c build/stm32f3xx_hal_msp.o
                0x000000000800219c                HAL_MspInit
 .text.HAL_UART_Transmit_DMA
                0x0000000008002218       0x78 build/stm32f3xx_hal_uart.o
                0x0000000008002218                HAL_UART_Transmit_DMA
 .text.HAL_UART_Receive_DMA
                0x0000000008002290       0x84 build/stm32f3xx_hal_uart.o
                0x0000000008002290                HAL_UART_Receive_DMA
 .text.HAL_UART_DMAStop
                0x0000000008002314       0x7c build/stm32f3xx_hal_uart.o
                0x0000000008002314                HAL_UART_DMAStop
 .text.UART_DMATransmitCplt
                0x0000000008002390       0x2c build/stm32f3xx_hal_uart.o
 .text.HAL_UART_TxHalfCpltCallback
                0x00000000080023bc        0x4 build/stm32f3xx_hal_uart.o
                0x00000000080023bc                HAL_UART_TxHalfCpltCallback
 .text.UART_DMATxHalfCplt
                0x00000000080023c0        0xc build/stm32f3xx_hal_uart.o
 .text.HAL_UART_RxCpltCallback
                0x00000000080023cc        0x4 build/stm32f3xx_hal_uart.o
                0x00000000080023cc                HAL_UART_RxCpltCallback
 .text.UART_DMAReceiveCplt
                0x00000000080023d0       0x38 build/stm32f3xx_hal_uart.o
 .text.HAL_UART_RxHalfCpltCallback
                0x0000000008002408        0x4 build/stm32f3xx_hal_uart.o
                0x0000000008002408                HAL_UART_RxHalfCpltCallback
 .text.UART_DMARxHalfCplt
                0x000000000800240c        0xc build/stm32f3xx_hal_uart.o
 .text.HAL_UART_ErrorCallback
                0x0000000008002418        0x4 build/stm32f3xx_hal_uart.o
                0x0000000008002418                HAL_UART_ErrorCallback
 .text.UART_DMAError
                0x000000000800241c       0x6c build/stm32f3xx_hal_uart.o
 .text.UART_DMAAbortOnError
                0x0000000008002488       0x18 build/stm32f3xx_hal_uart.o
 .text.UART_SetConfig
                0x00000000080024a0      0x234 build/stm32f3xx_hal_uart.o
                0x00000000080024a0                UART_SetConfig
 .text.UART_AdvFeatureConfig
                0x00000000080026d4       0xb0 build/stm32f3xx_hal_uart.o
                0x00000000080026d4                UART_AdvFeatureConfig
 .text.UART_WaitOnFlagUntilTimeout
                0x0000000008002784       0x64 build/stm32f3xx_hal_uart.o
                0x0000000008002784                UART_WaitOnFlagUntilTimeout
 .text.HAL_UART_Transmit
                0x00000000080027e8       0xc0 build/stm32f3xx_hal_uart.o
                0x00000000080027e8                HAL_UART_Transmit
 .text.HAL_UART_Receive
                0x00000000080028a8      0x110 build/stm32f3xx_hal_uart.o
                0x00000000080028a8                HAL_UART_Receive
 .text.UART_CheckIdleState
                0x00000000080029b8       0x70 build/stm32f3xx_hal_uart.o
                0x00000000080029b8                UART_CheckIdleState
 .text.HAL_UART_Init
                0x0000000008002a28       0x6c build/stm32f3xx_hal_uart.o
                0x0000000008002a28                HAL_UART_Init
 .text.HAL_HalfDuplex_Init
                0x0000000008002a94       0x78 build/stm32f3xx_hal_uart.o
                0x0000000008002a94                HAL_HalfDuplex_Init
 .text.UART_Transmit_IT
                0x0000000008002b0c       0x60 build/stm32f3xx_hal_uart.o
                0x0000000008002b0c                UART_Transmit_IT
 .text.UART_Receive_IT
                0x0000000008002b6c       0x74 build/stm32f3xx_hal_uart.o
                0x0000000008002b6c                UART_Receive_IT
 .text.HAL_UART_IRQHandler
                0x0000000008002be0      0x158 build/stm32f3xx_hal_uart.o
                0x0000000008002be0                HAL_UART_IRQHandler
 .text.ADC_ConversionStop
                0x0000000008002d38       0xf4 build/stm32f3xx_hal_adc_ex.o
 .text.ADC_DMAError
                0x0000000008002e2c       0x18 build/stm32f3xx_hal_adc_ex.o
 .text.ADC_DMAHalfConvCplt
                0x0000000008002e44        0x8 build/stm32f3xx_hal_adc_ex.o
 .text.ADC_DMAConvCplt
                0x0000000008002e4c       0x44 build/stm32f3xx_hal_adc_ex.o
 .text.ADC_Disable
                0x0000000008002e90       0x74 build/stm32f3xx_hal_adc_ex.o
 .text.ADC_Enable
                0x0000000008002f04       0x74 build/stm32f3xx_hal_adc_ex.o
 .text.HAL_ADC_Init
                0x0000000008002f78      0x2ac build/stm32f3xx_hal_adc_ex.o
                0x0000000008002f78                HAL_ADC_Init
 .text.HAL_ADC_Start_DMA
                0x0000000008003224      0x158 build/stm32f3xx_hal_adc_ex.o
                0x0000000008003224                HAL_ADC_Start_DMA
 .text.HAL_ADC_Stop_DMA
                0x000000000800337c       0x84 build/stm32f3xx_hal_adc_ex.o
                0x000000000800337c                HAL_ADC_Stop_DMA
 .text.HAL_ADCEx_Calibration_Start
                0x0000000008003400       0x8c build/stm32f3xx_hal_adc_ex.o
                0x0000000008003400                HAL_ADCEx_Calibration_Start
 .text.HAL_ADC_ConfigChannel
                0x000000000800348c      0x35c build/stm32f3xx_hal_adc_ex.o
                0x000000000800348c                HAL_ADC_ConfigChannel
 .text.HAL_ADCEx_MultiModeConfigChannel
                0x00000000080037e8      0x11c build/stm32f3xx_hal_adc_ex.o
                0x00000000080037e8                HAL_ADCEx_MultiModeConfigChannel
 .text.HAL_ADC_ErrorCallback
                0x0000000008003904        0x4 build/stm32f3xx_hal_adc.o
                0x0000000008003904                HAL_ADC_ErrorCallback
 .text.HAL_TIM_OC_Start
                0x0000000008003908       0x64 build/stm32f3xx_hal_tim.o
                0x0000000008003908                HAL_TIM_OC_Start
 .text.HAL_TIM_PWM_Start
                0x000000000800396c        0x4 build/stm32f3xx_hal_tim.o
                0x000000000800396c                HAL_TIM_PWM_Start
 .text.HAL_TIM_PWM_Stop
                0x0000000008003970       0x90 build/stm32f3xx_hal_tim.o
                0x0000000008003970                HAL_TIM_PWM_Stop
 .text.HAL_TIM_OnePulse_MspInit
                0x0000000008003a00        0x4 build/stm32f3xx_hal_tim.o
                0x0000000008003a00                HAL_TIM_OnePulse_MspInit
 .text.TIM_Base_SetConfig
                0x0000000008003a04       0xb8 build/stm32f3xx_hal_tim.o
                0x0000000008003a04                TIM_Base_SetConfig
 .text.HAL_TIM_PWM_Init
                0x0000000008003abc       0x38 build/stm32f3xx_hal_tim.o
                0x0000000008003abc                HAL_TIM_PWM_Init
 .text.HAL_TIM_OnePulse_Init
                0x0000000008003af4       0x4c build/stm32f3xx_hal_tim.o
                0x0000000008003af4                HAL_TIM_OnePulse_Init
 .text.TIM_OC1_SetConfig
                0x0000000008003b40       0x80 build/stm32f3xx_hal_tim.o
                0x0000000008003b40                TIM_OC1_SetConfig
 .text.TIM_OC2_SetConfig
                0x0000000008003bc0       0xa0 build/stm32f3xx_hal_tim.o
                0x0000000008003bc0                TIM_OC2_SetConfig
 .text.TIM_OC3_SetConfig
                0x0000000008003c60       0xa0 build/stm32f3xx_hal_tim.o
                0x0000000008003c60                TIM_OC3_SetConfig
 .text.TIM_OC4_SetConfig
                0x0000000008003d00       0x74 build/stm32f3xx_hal_tim.o
                0x0000000008003d00                TIM_OC4_SetConfig
 .text.HAL_GPIO_Init
                0x0000000008003d74      0x21c build/stm32f3xx_hal_gpio.o
                0x0000000008003d74                HAL_GPIO_Init
 .text.HAL_GPIO_WritePin
                0x0000000008003f90        0xc build/stm32f3xx_hal_gpio.o
                0x0000000008003f90                HAL_GPIO_WritePin
 .text.MX_USART1_UART_Init
                0x0000000008003f9c       0x44 build/usart.o
                0x0000000008003f9c                MX_USART1_UART_Init
 .text.MX_USART2_UART_Init
                0x0000000008003fe0       0x44 build/usart.o
                0x0000000008003fe0                MX_USART2_UART_Init
 .text.MX_USART3_UART_Init
                0x0000000008004024       0x44 build/usart.o
                0x0000000008004024                MX_USART3_UART_Init
 .text.HAL_UART_MspInit
                0x0000000008004068      0x1dc build/usart.o
                0x0000000008004068                HAL_UART_MspInit
 .text.HAL_UART_TxCpltCallback
                0x0000000008004244       0x20 build/usart.o
                0x0000000008004244                HAL_UART_TxCpltCallback
 .text.onewire_tx
                0x0000000008004264       0x88 build/usart.o
                0x0000000008004264                onewire_tx
 .text.onewire_rx1
                0x00000000080042ec       0x84 build/usart.o
                0x00000000080042ec                onewire_rx1
 .text.onewire_rx2
                0x0000000008004370       0x60 build/usart.o
                0x0000000008004370                onewire_rx2
 .text.onewire_reset
                0x00000000080043d0       0x90 build/usart.o
                0x00000000080043d0                onewire_reset
 .text.debug_printf
                0x0000000008004460       0x20 build/usart.o
                0x0000000008004460                debug_printf
 .text.init_uarts
                0x0000000008004480       0x24 build/usart.o
                0x0000000008004480                init_uarts
 .text.HAL_RCCEx_PeriphCLKConfig
                0x00000000080044a4      0x2a8 build/stm32f3xx_hal_rcc_ex.o
                0x00000000080044a4                HAL_RCCEx_PeriphCLKConfig
 .text.MX_GPIO_Init
                0x000000000800474c       0xfc build/gpio.o
                0x000000000800474c                MX_GPIO_Init
 .text.HAL_NVIC_SetPriorityGrouping
                0x0000000008004848       0x24 build/stm32f3xx_hal_cortex.o
                0x0000000008004848                HAL_NVIC_SetPriorityGrouping
 .text.HAL_NVIC_SetPriority
                0x000000000800486c       0x6c build/stm32f3xx_hal_cortex.o
                0x000000000800486c                HAL_NVIC_SetPriority
 .text.HAL_NVIC_EnableIRQ
                0x00000000080048d8       0x18 build/stm32f3xx_hal_cortex.o
                0x00000000080048d8                HAL_NVIC_EnableIRQ
 .text.HAL_SYSTICK_Config
                0x00000000080048f0       0x34 build/stm32f3xx_hal_cortex.o
                0x00000000080048f0                HAL_SYSTICK_Config
 .text.HAL_SYSTICK_CLKSourceConfig
                0x0000000008004924       0x18 build/stm32f3xx_hal_cortex.o
                0x0000000008004924                HAL_SYSTICK_CLKSourceConfig
 .text.HAL_SYSTICK_Callback
                0x000000000800493c        0x4 build/stm32f3xx_hal_cortex.o
                0x000000000800493c                HAL_SYSTICK_Callback
 .text.HAL_SYSTICK_IRQHandler
                0x0000000008004940        0x8 build/stm32f3xx_hal_cortex.o
                0x0000000008004940                HAL_SYSTICK_IRQHandler
 .text.SystemClock_Config
                0x0000000008004948       0x90 build/main.o
                0x0000000008004948                SystemClock_Config
 .text.startup.main
                0x00000000080049d8       0xf4 build/main.o
                0x00000000080049d8                main
 .text._Error_Handler
                0x0000000008004acc        0x4 build/main.o
                0x0000000008004acc                _Error_Handler
 .text.SysTick_Handler
                0x0000000008004ad0       0x10 build/stm32f3xx_it.o
                0x0000000008004ad0                SysTick_Handler
 .text.DMA1_Channel1_IRQHandler
                0x0000000008004ae0        0xc build/stm32f3xx_it.o
                0x0000000008004ae0                DMA1_Channel1_IRQHandler
 .text.DMA1_Channel2_IRQHandler
                0x0000000008004aec        0xc build/stm32f3xx_it.o
                0x0000000008004aec                DMA1_Channel2_IRQHandler
 .text.DMA1_Channel3_IRQHandler
                0x0000000008004af8        0xc build/stm32f3xx_it.o
                0x0000000008004af8                DMA1_Channel3_IRQHandler
 .text.DMA1_Channel4_IRQHandler
                0x0000000008004b04        0xc build/stm32f3xx_it.o
                0x0000000008004b04                DMA1_Channel4_IRQHandler
 .text.DMA1_Channel5_IRQHandler
                0x0000000008004b10        0xc build/stm32f3xx_it.o
                0x0000000008004b10                DMA1_Channel5_IRQHandler
 .text.USART1_IRQHandler
                0x0000000008004b1c        0xc build/stm32f3xx_it.o
                0x0000000008004b1c                USART1_IRQHandler
 .text.USART3_IRQHandler
                0x0000000008004b28        0xc build/stm32f3xx_it.o
                0x0000000008004b28                USART3_IRQHandler
 .text.DMA2_Channel1_IRQHandler
                0x0000000008004b34        0xc build/stm32f3xx_it.o
                0x0000000008004b34                DMA2_Channel1_IRQHandler
 .text.DMA2_Channel2_IRQHandler
                0x0000000008004b40        0xc build/stm32f3xx_it.o
                0x0000000008004b40                DMA2_Channel2_IRQHandler
 .text.DMA2_Channel5_IRQHandler
                0x0000000008004b4c        0xc build/stm32f3xx_it.o
                0x0000000008004b4c                DMA2_Channel5_IRQHandler
 .text.HAL_DMA_Init
                0x0000000008004b58       0x8c build/stm32f3xx_hal_dma.o
                0x0000000008004b58                HAL_DMA_Init
 .text.HAL_DMA_Start_IT
                0x0000000008004be4       0x80 build/stm32f3xx_hal_dma.o
                0x0000000008004be4                HAL_DMA_Start_IT
 .text.HAL_DMA_Abort
                0x0000000008004c64       0x2c build/stm32f3xx_hal_dma.o
                0x0000000008004c64                HAL_DMA_Abort
 .text.HAL_DMA_Abort_IT
                0x0000000008004c90       0x44 build/stm32f3xx_hal_dma.o
                0x0000000008004c90                HAL_DMA_Abort_IT
 .text.HAL_DMA_IRQHandler
                0x0000000008004cd4       0x94 build/stm32f3xx_hal_dma.o
                0x0000000008004cd4                HAL_DMA_IRQHandler
 .text.MX_DMA_Init
                0x0000000008004d68       0xb4 build/dma.o
                0x0000000008004d68                MX_DMA_Init
 .text.TIM_OC5_SetConfig
                0x0000000008004e1c       0x74 build/stm32f3xx_hal_tim_ex.o
 .text.TIM_OC6_SetConfig
                0x0000000008004e90       0x74 build/stm32f3xx_hal_tim_ex.o
 .text.HAL_TIM_PWM_ConfigChannel
                0x0000000008004f04      0x164 build/stm32f3xx_hal_tim_ex.o
                0x0000000008004f04                HAL_TIM_PWM_ConfigChannel
 .text.HAL_TIMEx_MasterConfigSynchronization
                0x0000000008005068       0x58 build/stm32f3xx_hal_tim_ex.o
                0x0000000008005068                HAL_TIMEx_MasterConfigSynchronization
 .text.HAL_TIMEx_ConfigBreakDeadTime
                0x00000000080050c0       0x90 build/stm32f3xx_hal_tim_ex.o
                0x00000000080050c0                HAL_TIMEx_ConfigBreakDeadTime
 .text.HAL_TIM_MspPostInit.part.0
                0x0000000008005150       0x28 build/tim.o
 .text.MX_TIM8_Init
                0x0000000008005178       0xf8 build/tim.o
                0x0000000008005178                MX_TIM8_Init
 .text.HAL_TIM_PWM_MspInit
                0x0000000008005270       0x2c build/tim.o
                0x0000000008005270                HAL_TIM_PWM_MspInit
 .text.pulse_tim8_ch2
                0x000000000800529c       0x28 build/tim.o
                0x000000000800529c                pulse_tim8_ch2
 .text.HAL_UARTEx_WakeupCallback
                0x00000000080052c4        0x4 build/stm32f3xx_hal_uart_ex.o
                0x00000000080052c4                HAL_UARTEx_WakeupCallback
 .text.HAL_RCC_OscConfig
                0x00000000080052c8      0x59c build/stm32f3xx_hal_rcc.o
                0x00000000080052c8                HAL_RCC_OscConfig
 .text.HAL_RCC_GetSysClockFreq
                0x0000000008005864       0x5c build/stm32f3xx_hal_rcc.o
                0x0000000008005864                HAL_RCC_GetSysClockFreq
 .text.HAL_RCC_ClockConfig
                0x00000000080058c0      0x1b4 build/stm32f3xx_hal_rcc.o
                0x00000000080058c0                HAL_RCC_ClockConfig
 .text.HAL_RCC_GetHCLKFreq
                0x0000000008005a74        0xc build/stm32f3xx_hal_rcc.o
                0x0000000008005a74                HAL_RCC_GetHCLKFreq
 .text.HAL_RCC_GetPCLK1Freq
                0x0000000008005a80       0x30 build/stm32f3xx_hal_rcc.o
                0x0000000008005a80                HAL_RCC_GetPCLK1Freq
 .text.HAL_RCC_GetPCLK2Freq
                0x0000000008005ab0       0x30 build/stm32f3xx_hal_rcc.o
                0x0000000008005ab0                HAL_RCC_GetPCLK2Freq
 .text.HAL_InitTick
                0x0000000008005ae0       0x48 build/stm32f3xx_hal.o
                0x0000000008005ae0                HAL_InitTick
 .text.HAL_Init
                0x0000000008005b28       0x24 build/stm32f3xx_hal.o
                0x0000000008005b28                HAL_Init
 .text.HAL_IncTick
                0x0000000008005b4c       0x18 build/stm32f3xx_hal.o
                0x0000000008005b4c                HAL_IncTick
 .text.HAL_GetTick
                0x0000000008005b64        0xc build/stm32f3xx_hal.o
                0x0000000008005b64                HAL_GetTick
 .text.HAL_Delay
                0x0000000008005b70       0x24 build/stm32f3xx_hal.o
                0x0000000008005b70                HAL_Delay
 .text.MX_OPAMP2_Init
                0x0000000008005b94       0x5c build/opamp.o
                0x0000000008005b94                MX_OPAMP2_Init
 .text.HAL_OPAMP_MspInit
                0x0000000008005bf0       0x2c build/opamp.o
                0x0000000008005bf0                HAL_OPAMP_MspInit
 .text.init_opamps
                0x0000000008005c1c        0xc build/opamp.o
                0x0000000008005c1c                init_opamps
 .text.HAL_OPAMP_Init
                0x0000000008005c28       0xe4 build/stm32f3xx_hal_opamp.o
                0x0000000008005c28                HAL_OPAMP_Init
 .text.HAL_OPAMP_Start
                0x0000000008005d0c       0x34 build/stm32f3xx_hal_opamp.o
                0x0000000008005d0c                HAL_OPAMP_Start
 .text.HAL_OPAMP_SelfCalibrate
                0x0000000008005d40      0x150 build/stm32f3xx_hal_opamp.o
                0x0000000008005d40                HAL_OPAMP_SelfCalibrate
 .text.SystemInit
                0x0000000008005e90       0x70 build/system_stm32f3xx.o
                0x0000000008005e90                SystemInit
 .text.Reset_Handler
                0x0000000008005f00       0x50 build/startup_stm32f303xe.o
                0x0000000008005f00                Reset_Handler
 .text.Default_Handler
                0x0000000008005f50        0x2 build/startup_stm32f303xe.o
                0x0000000008005f50                TIM1_BRK_TIM15_IRQHandler
                0x0000000008005f50                TIM8_TRG_COM_IRQHandler
                0x0000000008005f50                TIM8_CC_IRQHandler
                0x0000000008005f50                DebugMon_Handler
                0x0000000008005f50                SPI4_IRQHandler
                0x0000000008005f50                TIM1_CC_IRQHandler
                0x0000000008005f50                HardFault_Handler
                0x0000000008005f50                USB_HP_IRQHandler
                0x0000000008005f50                PVD_IRQHandler
                0x0000000008005f50                TAMP_STAMP_IRQHandler
                0x0000000008005f50                PendSV_Handler
                0x0000000008005f50                NMI_Handler
                0x0000000008005f50                EXTI3_IRQHandler
                0x0000000008005f50                I2C3_ER_IRQHandler
                0x0000000008005f50                USB_HP_CAN_TX_IRQHandler
                0x0000000008005f50                EXTI0_IRQHandler
                0x0000000008005f50                I2C2_EV_IRQHandler
                0x0000000008005f50                FPU_IRQHandler
                0x0000000008005f50                TIM1_UP_TIM16_IRQHandler
                0x0000000008005f50                UsageFault_Handler
                0x0000000008005f50                ADC1_2_IRQHandler
                0x0000000008005f50                SPI1_IRQHandler
                0x0000000008005f50                CAN_SCE_IRQHandler
                0x0000000008005f50                TIM6_DAC_IRQHandler
                0x0000000008005f50                TIM8_UP_IRQHandler
                0x0000000008005f50                TIM20_TRG_COM_IRQHandler
                0x0000000008005f50                DMA1_Channel7_IRQHandler
                0x0000000008005f50                UART5_IRQHandler
                0x0000000008005f50                ADC3_IRQHandler
                0x0000000008005f50                TIM4_IRQHandler
                0x0000000008005f50                CAN_RX1_IRQHandler
                0x0000000008005f50                I2C1_EV_IRQHandler
                0x0000000008005f50                DMA1_Channel6_IRQHandler
                0x0000000008005f50                UART4_IRQHandler
                0x0000000008005f50                DMA2_Channel4_IRQHandler
                0x0000000008005f50                TIM3_IRQHandler
                0x0000000008005f50                RCC_IRQHandler
                0x0000000008005f50                TIM20_UP_IRQHandler
                0x0000000008005f50                Default_Handler
                0x0000000008005f50                USBWakeUp_RMP_IRQHandler
                0x0000000008005f50                EXTI15_10_IRQHandler
                0x0000000008005f50                TIM7_IRQHandler
                0x0000000008005f50                I2C3_EV_IRQHandler
                0x0000000008005f50                EXTI9_5_IRQHandler
                0x0000000008005f50                RTC_WKUP_IRQHandler
                0x0000000008005f50                SPI2_IRQHandler
                0x0000000008005f50                USB_LP_CAN_RX0_IRQHandler
                0x0000000008005f50                MemManage_Handler
                0x0000000008005f50                SVC_Handler
                0x0000000008005f50                USB_LP_IRQHandler
                0x0000000008005f50                EXTI4_IRQHandler
                0x0000000008005f50                TIM1_TRG_COM_TIM17_IRQHandler
                0x0000000008005f50                ADC4_IRQHandler
                0x0000000008005f50                WWDG_IRQHandler
                0x0000000008005f50                TIM2_IRQHandler
                0x0000000008005f50                COMP7_IRQHandler
                0x0000000008005f50                COMP1_2_3_IRQHandler
                0x0000000008005f50                EXTI1_IRQHandler
                0x0000000008005f50                USART2_IRQHandler
                0x0000000008005f50                COMP4_5_6_IRQHandler
                0x0000000008005f50                TIM20_BRK_IRQHandler
                0x0000000008005f50                I2C2_ER_IRQHandler
                0x0000000008005f50                TIM8_BRK_IRQHandler
                0x0000000008005f50                FLASH_IRQHandler
                0x0000000008005f50                TIM20_CC_IRQHandler
                0x0000000008005f50                BusFault_Handler
                0x0000000008005f50                SPI3_IRQHandler
                0x0000000008005f50                I2C1_ER_IRQHandler
                0x0000000008005f50                FMC_IRQHandler
                0x0000000008005f50                USBWakeUp_IRQHandler
                0x0000000008005f50                DMA2_Channel3_IRQHandler
                0x0000000008005f50                EXTI2_TSC_IRQHandler
                0x0000000008005f50                RTC_Alarm_IRQHandler
 *fill*         0x0000000008005f52        0x2 
 .text.__libc_init_array
                0x0000000008005f54       0x48 /usr/local/gcc-arm-none-eabi-8-2018-q4-major/bin/../lib/gcc/arm-none-eabi/8.2.1/../../../../arm-none-eabi/lib/thumb/v7e-m+fp/hard/libc_nano.a(lib_a-init.o)
                0x0000000008005f54                __libc_init_array
 .text.memset   0x0000000008005f9c       0x10 /usr/local/gcc-arm-none-eabi-8-2018-q4-major/bin/../lib/gcc/arm-none-eabi/8.2.1/../../../../arm-none-eabi/lib/thumb/v7e-m+fp/hard/libc_nano.a(lib_a-memset.o)
                0x0000000008005f9c                memset
 .text.__cvt    0x0000000008005fac       0xba /usr/local/gcc-arm-none-eabi-8-2018-q4-major/bin/../lib/gcc/arm-none-eabi/8.2.1/../../../../arm-none-eabi/lib/thumb/v7e-m+fp/hard/libc_nano.a(lib_a-nano-vfprintf_float.o)
                0x0000000008005fac                __cvt
 .text.__exponent
                0x0000000008006066       0x64 /usr/local/gcc-arm-none-eabi-8-2018-q4-major/bin/../lib/gcc/arm-none-eabi/8.2.1/../../../../arm-none-eabi/lib/thumb/v7e-m+fp/hard/libc_nano.a(lib_a-nano-vfprintf_float.o)
                0x0000000008006066                __exponent
 *fill*         0x00000000080060ca        0x2 
 .text._printf_float
                0x00000000080060cc      0x45c /usr/local/gcc-arm-none-eabi-8-2018-q4-major/bin/../lib/gcc/arm-none-eabi/8.2.1/../../../../arm-none-eabi/lib/thumb/v7e-m+fp/hard/libc_nano.a(lib_a-nano-vfprintf_float.o)
                0x00000000080060cc                _printf_float
 .text._printf_common
                0x0000000008006528       0xea /usr/local/gcc-arm-none-eabi-8-2018-q4-major/bin/../lib/gcc/arm-none-eabi/8.2.1/../../../../arm-none-eabi/lib/thumb/v7e-m+fp/hard/libc_nano.a(lib_a-nano-vfprintf_i.o)
                0x0000000008006528                _printf_common
 *fill*         0x0000000008006612        0x2 
 .text._printf_i
                0x0000000008006614      0x228 /usr/local/gcc-arm-none-eabi-8-2018-q4-major/bin/../lib/gcc/arm-none-eabi/8.2.1/../../../../arm-none-eabi/lib/thumb/v7e-m+fp/hard/libc_nano.a(lib_a-nano-vfprintf_i.o)
                0x0000000008006614                _printf_i
 .text.snprintf
                0x000000000800683c       0x68 /usr/local/gcc-arm-none-eabi-8-2018-q4-major/bin/../lib/gcc/arm-none-eabi/8.2.1/../../../../arm-none-eabi/lib/thumb/v7e-m+fp/hard/libc_nano.a(lib_a-snprintf.o)
                0x000000000800683c                snprintf
                0x000000000800683c                sniprintf
 .text.quorem   0x00000000080068a4      0x112 /usr/local/gcc-arm-none-eabi-8-2018-q4-major/bin/../lib/gcc/arm-none-eabi/8.2.1/../../../../arm-none-eabi/lib/thumb/v7e-m+fp/hard/libc_nano.a(lib_a-dtoa.o)
 *fill*         0x00000000080069b6        0x2 
 .text._dtoa_r  0x00000000080069b8      0xb74 /usr/local/gcc-arm-none-eabi-8-2018-q4-major/bin/../lib/gcc/arm-none-eabi/8.2.1/../../../../arm-none-eabi/lib/thumb/v7e-m+fp/hard/libc_nano.a(lib_a-dtoa.o)
                0x00000000080069b8                _dtoa_r
 .text._localeconv_r
                0x000000000800752c        0x8 /usr/local/gcc-arm-none-eabi-8-2018-q4-major/bin/../lib/gcc/arm-none-eabi/8.2.1/../../../../arm-none-eabi/lib/thumb/v7e-m+fp/hard/libc_nano.a(lib_a-localeconv.o)
                0x000000000800752c                _localeconv_r
 .text.malloc   0x0000000008007534       0x10 /usr/local/gcc-arm-none-eabi-8-2018-q4-major/bin/../lib/gcc/arm-none-eabi/8.2.1/../../../../arm-none-eabi/lib/thumb/v7e-m+fp/hard/libc_nano.a(lib_a-malloc.o)
                0x0000000008007534                malloc
 .text.memcpy   0x0000000008007544       0x1c /usr/local/gcc-arm-none-eabi-8-2018-q4-major/bin/../lib/gcc/arm-none-eabi/8.2.1/../../../../arm-none-eabi/lib/thumb/v7e-m+fp/hard/libc_nano.a(lib_a-memcpy-stub.o)
                0x0000000008007544                memcpy
 .text._Balloc  0x0000000008007560       0x68 /usr/local/gcc-arm-none-eabi-8-2018-q4-major/bin/../lib/gcc/arm-none-eabi/8.2.1/../../../../arm-none-eabi/lib/thumb/v7e-m+fp/hard/libc_nano.a(lib_a-mprec.o)
                0x0000000008007560                _Balloc
 .text._Bfree   0x00000000080075c8       0x2e /usr/local/gcc-arm-none-eabi-8-2018-q4-major/bin/../lib/gcc/arm-none-eabi/8.2.1/../../../../arm-none-eabi/lib/thumb/v7e-m+fp/hard/libc_nano.a(lib_a-mprec.o)
                0x00000000080075c8                _Bfree
 .text.__multadd
                0x00000000080075f6       0x76 /usr/local/gcc-arm-none-eabi-8-2018-q4-major/bin/../lib/gcc/arm-none-eabi/8.2.1/../../../../arm-none-eabi/lib/thumb/v7e-m+fp/hard/libc_nano.a(lib_a-mprec.o)
                0x00000000080075f6                __multadd
 .text.__hi0bits
                0x000000000800766c       0x40 /usr/local/gcc-arm-none-eabi-8-2018-q4-major/bin/../lib/gcc/arm-none-eabi/8.2.1/../../../../arm-none-eabi/lib/thumb/v7e-m+fp/hard/libc_nano.a(lib_a-mprec.o)
                0x000000000800766c                __hi0bits
 .text.__lo0bits
                0x00000000080076ac       0x60 /usr/local/gcc-arm-none-eabi-8-2018-q4-major/bin/../lib/gcc/arm-none-eabi/8.2.1/../../../../arm-none-eabi/lib/thumb/v7e-m+fp/hard/libc_nano.a(lib_a-mprec.o)
                0x00000000080076ac                __lo0bits
 .text.__i2b    0x000000000800770c       0x12 /usr/local/gcc-arm-none-eabi-8-2018-q4-major/bin/../lib/gcc/arm-none-eabi/8.2.1/../../../../arm-none-eabi/lib/thumb/v7e-m+fp/hard/libc_nano.a(lib_a-mprec.o)
                0x000000000800770c                __i2b
 .text.__multiply
                0x000000000800771e      0x120 /usr/local/gcc-arm-none-eabi-8-2018-q4-major/bin/../lib/gcc/arm-none-eabi/8.2.1/../../../../arm-none-eabi/lib/thumb/v7e-m+fp/hard/libc_nano.a(lib_a-mprec.o)
                0x000000000800771e                __multiply
 *fill*         0x000000000800783e        0x2 
 .text.__pow5mult
                0x0000000008007840       0x9c /usr/local/gcc-arm-none-eabi-8-2018-q4-major/bin/../lib/gcc/arm-none-eabi/8.2.1/../../../../arm-none-eabi/lib/thumb/v7e-m+fp/hard/libc_nano.a(lib_a-mprec.o)
                0x0000000008007840                __pow5mult
 .text.__lshift
                0x00000000080078dc       0xa6 /usr/local/gcc-arm-none-eabi-8-2018-q4-major/bin/../lib/gcc/arm-none-eabi/8.2.1/../../../../arm-none-eabi/lib/thumb/v7e-m+fp/hard/libc_nano.a(lib_a-mprec.o)
                0x00000000080078dc                __lshift
 .text.__mcmp   0x0000000008007982       0x34 /usr/local/gcc-arm-none-eabi-8-2018-q4-major/bin/../lib/gcc/arm-none-eabi/8.2.1/../../../../arm-none-eabi/lib/thumb/v7e-m+fp/hard/libc_nano.a(lib_a-mprec.o)
                0x0000000008007982                __mcmp
 .text.__mdiff  0x00000000080079b6       0xba /usr/local/gcc-arm-none-eabi-8-2018-q4-major/bin/../lib/gcc/arm-none-eabi/8.2.1/../../../../arm-none-eabi/lib/thumb/v7e-m+fp/hard/libc_nano.a(lib_a-mprec.o)
                0x00000000080079b6                __mdiff
 .text.__d2b    0x0000000008007a70       0x9c /usr/local/gcc-arm-none-eabi-8-2018-q4-major/bin/../lib/gcc/arm-none-eabi/8.2.1/../../../../arm-none-eabi/lib/thumb/v7e-m+fp/hard/libc_nano.a(lib_a-mprec.o)
                0x0000000008007a70                __d2b
 .text._calloc_r
                0x0000000008007b0c       0x1c /usr/local/gcc-arm-none-eabi-8-2018-q4-major/bin/../lib/gcc/arm-none-eabi/8.2.1/../../../../arm-none-eabi/lib/thumb/v7e-m+fp/hard/libc_nano.a(lib_a-nano-callocr.o)
                0x0000000008007b0c                _calloc_r
 .text._free_r  0x0000000008007b28       0x9c /usr/local/gcc-arm-none-eabi-8-2018-q4-major/bin/../lib/gcc/arm-none-eabi/8.2.1/../../../../arm-none-eabi/lib/thumb/v7e-m+fp/hard/libc_nano.a(lib_a-nano-freer.o)
                0x0000000008007b28                _free_r
 .text._malloc_r
                0x0000000008007bc4       0xb4 /usr/local/gcc-arm-none-eabi-8-2018-q4-major/bin/../lib/gcc/arm-none-eabi/8.2.1/../../../../arm-none-eabi/lib/thumb/v7e-m+fp/hard/libc_nano.a(lib_a-nano-mallocr.o)
                0x0000000008007bc4                _malloc_r
 .text.__ssputs_r
                0x0000000008007c78       0xb6 /usr/local/gcc-arm-none-eabi-8-2018-q4-major/bin/../lib/gcc/arm-none-eabi/8.2.1/../../../../arm-none-eabi/lib/thumb/v7e-m+fp/hard/libc_nano.a(lib_a-nano-svfprintf.o)
                0x0000000008007c78                __ssputs_r
 *fill*         0x0000000008007d2e        0x2 
 .text._svfprintf_r
                0x0000000008007d30      0x1f0 /usr/local/gcc-arm-none-eabi-8-2018-q4-major/bin/../lib/gcc/arm-none-eabi/8.2.1/../../../../arm-none-eabi/lib/thumb/v7e-m+fp/hard/libc_nano.a(lib_a-nano-svfprintf.o)
                0x0000000008007d30                _svfprintf_r
                0x0000000008007d30                _svfiprintf_r
 .text._sbrk_r  0x0000000008007f20       0x20 /usr/local/gcc-arm-none-eabi-8-2018-q4-major/bin/../lib/gcc/arm-none-eabi/8.2.1/../../../../arm-none-eabi/lib/thumb/v7e-m+fp/hard/libc_nano.a(lib_a-sbrkr.o)
                0x0000000008007f20                _sbrk_r
 .text.__ascii_mbtowc
                0x0000000008007f40       0x24 /usr/local/gcc-arm-none-eabi-8-2018-q4-major/bin/../lib/gcc/arm-none-eabi/8.2.1/../../../../arm-none-eabi/lib/thumb/v7e-m+fp/hard/libc_nano.a(lib_a-mbtowc_r.o)
                0x0000000008007f40                __ascii_mbtowc
 .text.memmove  0x0000000008007f64       0x34 /usr/local/gcc-arm-none-eabi-8-2018-q4-major/bin/../lib/gcc/arm-none-eabi/8.2.1/../../../../arm-none-eabi/lib/thumb/v7e-m+fp/hard/libc_nano.a(lib_a-memmove.o)
                0x0000000008007f64                memmove
 .text.__malloc_lock
                0x0000000008007f98        0xc /usr/local/gcc-arm-none-eabi-8-2018-q4-major/bin/../lib/gcc/arm-none-eabi/8.2.1/../../../../arm-none-eabi/lib/thumb/v7e-m+fp/hard/libc_nano.a(lib_a-mlock.o)
                0x0000000008007f98                __malloc_lock
 .text.__malloc_unlock
                0x0000000008007fa4        0xc /usr/local/gcc-arm-none-eabi-8-2018-q4-major/bin/../lib/gcc/arm-none-eabi/8.2.1/../../../../arm-none-eabi/lib/thumb/v7e-m+fp/hard/libc_nano.a(lib_a-mlock.o)
                0x0000000008007fa4                __malloc_unlock
 .text._realloc_r
                0x0000000008007fb0       0x4c /usr/local/gcc-arm-none-eabi-8-2018-q4-major/bin/../lib/gcc/arm-none-eabi/8.2.1/../../../../arm-none-eabi/lib/thumb/v7e-m+fp/hard/libc_nano.a(lib_a-nano-reallocr.o)
                0x0000000008007fb0                _realloc_r
 .text.__ascii_wctomb
                0x0000000008007ffc       0x1a /usr/local/gcc-arm-none-eabi-8-2018-q4-major/bin/../lib/gcc/arm-none-eabi/8.2.1/../../../../arm-none-eabi/lib/thumb/v7e-m+fp/hard/libc_nano.a(lib_a-wctomb_r.o)
                0x0000000008007ffc                __ascii_wctomb
 .text.__retarget_lock_acquire_recursive
                0x0000000008008016        0x2 /usr/local/gcc-arm-none-eabi-8-2018-q4-major/bin/../lib/gcc/arm-none-eabi/8.2.1/../../../../arm-none-eabi/lib/thumb/v7e-m+fp/hard/libc_nano.a(lib_a-lock.o)
                0x0000000008008016                __retarget_lock_acquire_recursive
 .text.__retarget_lock_release_recursive
                0x0000000008008018        0x2 /usr/local/gcc-arm-none-eabi-8-2018-q4-major/bin/../lib/gcc/arm-none-eabi/8.2.1/../../../../arm-none-eabi/lib/thumb/v7e-m+fp/hard/libc_nano.a(lib_a-lock.o)
                0x0000000008008018                __retarget_lock_release_recursive
 .text._malloc_usable_size_r
                0x000000000800801a       0x10 /usr/local/gcc-arm-none-eabi-8-2018-q4-major/bin/../lib/gcc/arm-none-eabi/8.2.1/../../../../arm-none-eabi/lib/thumb/v7e-m+fp/hard/libc_nano.a(lib_a-nano-msizer.o)
                0x000000000800801a                _malloc_usable_size_r
 *fill*         0x000000000800802a        0x2 
 .text.sqrt     0x000000000800802c       0xbc /usr/local/gcc-arm-none-eabi-8-2018-q4-major/bin/../lib/gcc/arm-none-eabi/8.2.1/../../../../arm-none-eabi/lib/thumb/v7e-m+fp/hard/libm.a(lib_a-w_sqrt.o)
                0x000000000800802c                sqrt
 .text.__ieee754_sqrt
                0x00000000080080e8      0x198 /usr/local/gcc-arm-none-eabi-8-2018-q4-major/bin/../lib/gcc/arm-none-eabi/8.2.1/../../../../arm-none-eabi/lib/thumb/v7e-m+fp/hard/libm.a(lib_a-e_sqrt.o)
                0x00000000080080e8                __ieee754_sqrt
 .text.matherr  0x0000000008008280        0x4 /usr/local/gcc-arm-none-eabi-8-2018-q4-major/bin/../lib/gcc/arm-none-eabi/8.2.1/../../../../arm-none-eabi/lib/thumb/v7e-m+fp/hard/libm.a(lib_a-s_matherr.o)
                0x0000000008008280                matherr
 .text._sbrk    0x0000000008008284       0x1c /usr/local/gcc-arm-none-eabi-8-2018-q4-major/bin/../lib/gcc/arm-none-eabi/8.2.1/../../../../arm-none-eabi/lib/thumb/v7e-m+fp/hard/libnosys.a(sbrk.o)
                0x0000000008008284                _sbrk
 .text.__errno  0x00000000080082a0        0xc /usr/local/gcc-arm-none-eabi-8-2018-q4-major/bin/../lib/gcc/arm-none-eabi/8.2.1/../../../../arm-none-eabi/lib/thumb/v7e-m+fp/hard/libc_nano.a(lib_a-errno.o)
                0x00000000080082a0                __errno
 *(.glue_7)
 .glue_7        0x00000000080082ac        0x0 linker stubs
 *(.glue_7t)
 .glue_7t       0x00000000080082ac        0x0 linker stubs
 *(.eh_frame)
 .eh_frame      0x00000000080082ac        0x0 /usr/local/gcc-arm-none-eabi-8-2018-q4-major/bin/../lib/gcc/arm-none-eabi/8.2.1/thumb/v7e-m+fp/hard/crtbegin.o
 *(.init)
 .init          0x00000000080082ac        0x4 /usr/local/gcc-arm-none-eabi-8-2018-q4-major/bin/../lib/gcc/arm-none-eabi/8.2.1/thumb/v7e-m+fp/hard/crti.o
                0x00000000080082ac                _init
 .init          0x00000000080082b0        0x8 /usr/local/gcc-arm-none-eabi-8-2018-q4-major/bin/../lib/gcc/arm-none-eabi/8.2.1/thumb/v7e-m+fp/hard/crtn.o
 *(.fini)
 .fini          0x00000000080082b8        0x4 /usr/local/gcc-arm-none-eabi-8-2018-q4-major/bin/../lib/gcc/arm-none-eabi/8.2.1/thumb/v7e-m+fp/hard/crti.o
                0x00000000080082b8                _fini
 .fini          0x00000000080082bc        0x8 /usr/local/gcc-arm-none-eabi-8-2018-q4-major/bin/../lib/gcc/arm-none-eabi/8.2.1/thumb/v7e-m+fp/hard/crtn.o
                0x00000000080082c4                . = ALIGN (0x4)
                0x00000000080082c4                _etext = .

.vfp11_veneer   0x00000000080082c4        0x0
 .vfp11_veneer  0x00000000080082c4        0x0 linker stubs

.v4_bx          0x00000000080082c4        0x0
 .v4_bx         0x00000000080082c4        0x0 linker stubs

.iplt           0x00000000080082c4        0x0
 .iplt          0x00000000080082c4        0x0 /usr/local/gcc-arm-none-eabi-8-2018-q4-major/bin/../lib/gcc/arm-none-eabi/8.2.1/thumb/v7e-m+fp/hard/crtbegin.o

.rodata         0x00000000080082c8      0x5b0
                0x00000000080082c8                . = ALIGN (0x4)
 *(.rodata)
 *(.rodata*)
 .rodata.MX_ADC1_Init.str1.4
                0x00000000080082c8        0xa build/adc.o
 *fill*         0x00000000080082d2        0x2 
 .rodata.start_ADCs.str1.4
                0x00000000080082d4       0x19 build/adc.o
 *fill*         0x00000000080082ed        0x3 
 .rodata.ICAL   0x00000000080082f0       0x3c build/power.o
                0x00000000080082f0                ICAL
 .rodata.VCAL   0x000000000800832c       0x3c build/power.o
                0x000000000800832c                VCAL
 .rodata.process_power_channel.str1.4
                0x0000000008008368       0x4f build/power.o
 *fill*         0x00000000080083b7        0x1 
 .rodata.dscrc_table
                0x00000000080083b8      0x100 build/ds18b20.o
 .rodata.init_ds18b20s.str1.4
                0x00000000080084b8       0x51 build/ds18b20.o
 *fill*         0x0000000008008509        0x3 
 .rodata.process_ds18b20s.str1.4
                0x000000000800850c       0x2c build/ds18b20.o
 .rodata.CSWTCH.2
                0x0000000008008538        0x4 build/stm32f3xx_hal_uart.o
 .rodata.MX_USART1_UART_Init.str1.4
                0x000000000800853c        0xc build/usart.o
 .rodata.init_uarts.str1.4
                0x0000000008008548       0x1b build/usart.o
 *fill*         0x0000000008008563        0x1 
 .rodata.main.str1.4
                0x0000000008008564       0x5b build/main.o
 *fill*         0x00000000080085bf        0x1 
 .rodata.MX_TIM8_Init.str1.4
                0x00000000080085c0        0xa build/tim.o
 *fill*         0x00000000080085ca        0x2 
 .rodata.aPLLMULFactorTable
                0x00000000080085cc       0x10 build/stm32f3xx_hal_rcc.o
                0x00000000080085cc                aPLLMULFactorTable
 .rodata.aPredivFactorTable
                0x00000000080085dc       0x10 build/stm32f3xx_hal_rcc.o
                0x00000000080085dc                aPredivFactorTable
 .rodata.MX_OPAMP2_Init.str1.4
                0x00000000080085ec        0xc build/opamp.o
 .rodata.AHBPrescTable
                0x00000000080085f8       0x10 build/system_stm32f3xx.o
                0x00000000080085f8                AHBPrescTable
 .rodata.APBPrescTable
                0x0000000008008608        0x8 build/system_stm32f3xx.o
                0x0000000008008608                APBPrescTable
 .rodata._printf_float.str1.1
                0x0000000008008610       0x12 /usr/local/gcc-arm-none-eabi-8-2018-q4-major/bin/../lib/gcc/arm-none-eabi/8.2.1/../../../../arm-none-eabi/lib/thumb/v7e-m+fp/hard/libc_nano.a(lib_a-nano-vfprintf_float.o)
 .rodata._printf_i.str1.1
                0x0000000008008622       0x22 /usr/local/gcc-arm-none-eabi-8-2018-q4-major/bin/../lib/gcc/arm-none-eabi/8.2.1/../../../../arm-none-eabi/lib/thumb/v7e-m+fp/hard/libc_nano.a(lib_a-nano-vfprintf_i.o)
 .rodata._dtoa_r.str1.1
                0x0000000008008644        0xd /usr/local/gcc-arm-none-eabi-8-2018-q4-major/bin/../lib/gcc/arm-none-eabi/8.2.1/../../../../arm-none-eabi/lib/thumb/v7e-m+fp/hard/libc_nano.a(lib_a-dtoa.o)
                                          0xf (size before relaxing)
 *fill*         0x0000000008008651        0x7 
 .rodata.__mprec_bigtens
                0x0000000008008658       0x28 /usr/local/gcc-arm-none-eabi-8-2018-q4-major/bin/../lib/gcc/arm-none-eabi/8.2.1/../../../../arm-none-eabi/lib/thumb/v7e-m+fp/hard/libc_nano.a(lib_a-mprec.o)
                0x0000000008008658                __mprec_bigtens
 .rodata.__mprec_tens
                0x0000000008008680       0xc8 /usr/local/gcc-arm-none-eabi-8-2018-q4-major/bin/../lib/gcc/arm-none-eabi/8.2.1/../../../../arm-none-eabi/lib/thumb/v7e-m+fp/hard/libc_nano.a(lib_a-mprec.o)
                0x0000000008008680                __mprec_tens
 .rodata.p05.7454
                0x0000000008008748        0xc /usr/local/gcc-arm-none-eabi-8-2018-q4-major/bin/../lib/gcc/arm-none-eabi/8.2.1/../../../../arm-none-eabi/lib/thumb/v7e-m+fp/hard/libc_nano.a(lib_a-mprec.o)
 .rodata._svfprintf_r.str1.1
                0x0000000008008754       0x11 /usr/local/gcc-arm-none-eabi-8-2018-q4-major/bin/../lib/gcc/arm-none-eabi/8.2.1/../../../../arm-none-eabi/lib/thumb/v7e-m+fp/hard/libc_nano.a(lib_a-nano-svfprintf.o)
 .rodata._setlocale_r.str1.1
                0x0000000008008765        0x8 /usr/local/gcc-arm-none-eabi-8-2018-q4-major/bin/../lib/gcc/arm-none-eabi/8.2.1/../../../../arm-none-eabi/lib/thumb/v7e-m+fp/hard/libc_nano.a(lib_a-locale.o)
                                          0x9 (size before relaxing)
 .rodata.str1.1
                0x000000000800876d        0x2 /usr/local/gcc-arm-none-eabi-8-2018-q4-major/bin/../lib/gcc/arm-none-eabi/8.2.1/../../../../arm-none-eabi/lib/thumb/v7e-m+fp/hard/libc_nano.a(lib_a-locale.o)
 .rodata._ctype_
                0x000000000800876f      0x101 /usr/local/gcc-arm-none-eabi-8-2018-q4-major/bin/../lib/gcc/arm-none-eabi/8.2.1/../../../../arm-none-eabi/lib/thumb/v7e-m+fp/hard/libc_nano.a(lib_a-ctype_.o)
                0x000000000800876f                _ctype_
 .rodata.sqrt.str1.4
                0x0000000008008870        0x8 /usr/local/gcc-arm-none-eabi-8-2018-q4-major/bin/../lib/gcc/arm-none-eabi/8.2.1/../../../../arm-none-eabi/lib/thumb/v7e-m+fp/hard/libm.a(lib_a-w_sqrt.o)
                                          0x5 (size before relaxing)
                0x0000000008008878                . = ALIGN (0x4)

.ARM.extab
 *(.ARM.extab* .gnu.linkonce.armextab.*)

.ARM            0x0000000008008878        0x8
                0x0000000008008878                __exidx_start = .
 *(.ARM.exidx*)
 .ARM.exidx     0x0000000008008878        0x8 /usr/local/gcc-arm-none-eabi-8-2018-q4-major/bin/../lib/gcc/arm-none-eabi/8.2.1/thumb/v7e-m+fp/hard/libgcc.a(_udivmoddi4.o)
                0x0000000008008880                __exidx_end = .

.rel.dyn        0x0000000008008880        0x0
 .rel.iplt      0x0000000008008880        0x0 /usr/local/gcc-arm-none-eabi-8-2018-q4-major/bin/../lib/gcc/arm-none-eabi/8.2.1/thumb/v7e-m+fp/hard/crtbegin.o

.preinit_array  0x0000000008008880        0x0
                0x0000000008008880                PROVIDE (__preinit_array_start = .)
 *(.preinit_array*)
                0x0000000008008880                PROVIDE (__preinit_array_end = .)

.init_array     0x0000000008008880        0x4
                0x0000000008008880                PROVIDE (__init_array_start = .)
 *(SORT_BY_NAME(.init_array.*))
 *(.init_array*)
 .init_array    0x0000000008008880        0x4 /usr/local/gcc-arm-none-eabi-8-2018-q4-major/bin/../lib/gcc/arm-none-eabi/8.2.1/thumb/v7e-m+fp/hard/crtbegin.o
                0x0000000008008884                PROVIDE (__init_array_end = .)

.fini_array     0x0000000008008884        0x4
                [!provide]                        PROVIDE (__fini_array_start = .)
 *(SORT_BY_NAME(.fini_array.*))
 *(.fini_array*)
 .fini_array    0x0000000008008884        0x4 /usr/local/gcc-arm-none-eabi-8-2018-q4-major/bin/../lib/gcc/arm-none-eabi/8.2.1/thumb/v7e-m+fp/hard/crtbegin.o
                [!provide]                        PROVIDE (__fini_array_end = .)
                0x0000000008008888                _sidata = LOADADDR (.data)

.data           0x0000000020000000      0x1e0 load address 0x0000000008008888
                0x0000000020000000                . = ALIGN (0x4)
                0x0000000020000000                _sdata = .
 *(.data)
 *(.data*)
 .data.uwTickFreq
                0x0000000020000000        0x1 build/stm32f3xx_hal.o
                0x0000000020000000                uwTickFreq
 *fill*         0x0000000020000001        0x3 
 .data.uwTickPrio
                0x0000000020000004        0x4 build/stm32f3xx_hal.o
                0x0000000020000004                uwTickPrio
 .data.SystemCoreClock
                0x0000000020000008        0x4 build/system_stm32f3xx.o
                0x0000000020000008                SystemCoreClock
 .data._impure_ptr
                0x000000002000000c        0x4 /usr/local/gcc-arm-none-eabi-8-2018-q4-major/bin/../lib/gcc/arm-none-eabi/8.2.1/../../../../arm-none-eabi/lib/thumb/v7e-m+fp/hard/libc_nano.a(lib_a-impure.o)
                0x000000002000000c                _impure_ptr
 .data.impure_data
                0x0000000020000010       0x60 /usr/local/gcc-arm-none-eabi-8-2018-q4-major/bin/../lib/gcc/arm-none-eabi/8.2.1/../../../../arm-none-eabi/lib/thumb/v7e-m+fp/hard/libc_nano.a(lib_a-impure.o)
 .data.__global_locale
                0x0000000020000070      0x16c /usr/local/gcc-arm-none-eabi-8-2018-q4-major/bin/../lib/gcc/arm-none-eabi/8.2.1/../../../../arm-none-eabi/lib/thumb/v7e-m+fp/hard/libc_nano.a(lib_a-locale.o)
                0x0000000020000070                __global_locale
 .data.__fdlib_version
                0x00000000200001dc        0x1 /usr/local/gcc-arm-none-eabi-8-2018-q4-major/bin/../lib/gcc/arm-none-eabi/8.2.1/../../../../arm-none-eabi/lib/thumb/v7e-m+fp/hard/libm.a(lib_a-s_lib_ver.o)
                0x00000000200001dc                __fdlib_version
                0x00000000200001e0                . = ALIGN (0x4)
 *fill*         0x00000000200001dd        0x3 
                0x00000000200001e0                _edata = .
                0x0000000008008a68                _siccmram = LOADADDR (.ccmram)

.igot.plt       0x00000000200001e0        0x0 load address 0x0000000008008a68
 .igot.plt      0x00000000200001e0        0x0 /usr/local/gcc-arm-none-eabi-8-2018-q4-major/bin/../lib/gcc/arm-none-eabi/8.2.1/thumb/v7e-m+fp/hard/crtbegin.o

.ccmram         0x0000000010000000        0x0 load address 0x0000000008008a68
                0x0000000010000000                . = ALIGN (0x4)
                0x0000000010000000                _sccmram = .
 *(.ccmram)
 *(.ccmram*)
                0x0000000010000000                . = ALIGN (0x4)
                0x0000000010000000                _eccmram = .
                0x0000000010000000                . = ALIGN (0x4)

.bss            0x00000000200001e0     0x3968
                0x00000000200001e0                _sbss = .
                0x00000000200001e0                __bss_start__ = _sbss
 *(.bss)
 .bss           0x00000000200001e0       0x1c /usr/local/gcc-arm-none-eabi-8-2018-q4-major/bin/../lib/gcc/arm-none-eabi/8.2.1/thumb/v7e-m+fp/hard/crtbegin.o
 *(.bss*)
 .bss.HAL_RCC_ADC12_CLK_ENABLED
                0x00000000200001fc        0x4 build/adc.o
 .bss.HAL_RCC_ADC34_CLK_ENABLED
                0x0000000020000200        0x4 build/adc.o
 .bss.adc_dma_buff
                0x0000000020000204     0x2bc0 build/adc.o
 .bss.isr_index
                0x0000000020002dc4        0x4 build/adc.o
 .bss.intvl_power_stats
                0x0000000020002dc8      0x2d0 build/power.o
 .bss.power_stats.10719
                0x0000000020003098      0x2d0 build/power.o
 .bss.bus_status
                0x0000000020003368        0x2 build/ds18b20.o
 .bss.conversion_in_progress.10708
                0x000000002000336a        0x1 build/ds18b20.o
 *fill*         0x000000002000336b        0x1 
 .bss.crc_status
                0x000000002000336c        0x2 build/ds18b20.o
 *fill*         0x000000002000336e        0x2 
 .bss.last_readout.10707
                0x0000000020003370        0x4 build/ds18b20.o
 .bss.romaddr   0x0000000020003374       0x10 build/ds18b20.o
 .bss.rx_buff   0x0000000020003384       0x14 build/ds18b20.o
 .bss.tx_buff   0x0000000020003398        0xa build/ds18b20.o
 *fill*         0x00000000200033a2        0x2 
 .bss.rx_buff   0x00000000200033a4       0xc0 build/usart.o
 .bss.tx_buff   0x0000000020003464       0xc0 build/usart.o
 .bss.last_readout
                0x0000000020003524        0x4 build/main.o
 .bss.__malloc_free_list
                0x0000000020003528        0x4 /usr/local/gcc-arm-none-eabi-8-2018-q4-major/bin/../lib/gcc/arm-none-eabi/8.2.1/../../../../arm-none-eabi/lib/thumb/v7e-m+fp/hard/libc_nano.a(lib_a-nano-mallocr.o)
                0x0000000020003528                __malloc_free_list
 .bss.__malloc_sbrk_start
                0x000000002000352c        0x4 /usr/local/gcc-arm-none-eabi-8-2018-q4-major/bin/../lib/gcc/arm-none-eabi/8.2.1/../../../../arm-none-eabi/lib/thumb/v7e-m+fp/hard/libc_nano.a(lib_a-nano-mallocr.o)
                0x000000002000352c                __malloc_sbrk_start
 .bss.heap_end.5501
                0x0000000020003530        0x4 /usr/local/gcc-arm-none-eabi-8-2018-q4-major/bin/../lib/gcc/arm-none-eabi/8.2.1/../../../../arm-none-eabi/lib/thumb/v7e-m+fp/hard/libnosys.a(sbrk.o)
 *(COMMON)
 COMMON         0x0000000020003534      0x260 build/adc.o
                0x0000000020003534                hdma_adc4
                0x0000000020003578                hadc2
                0x00000000200035cc                hdma_adc3
                0x0000000020003610                hadc1
                0x0000000020003664                hadc3
                0x00000000200036b8                hdma_adc1
                0x00000000200036fc                hadc4
                0x0000000020003750                hdma_adc2
 COMMON         0x0000000020003794      0x264 build/usart.o
                0x0000000020003794                hdma_usart3_rx
                0x00000000200037d8                huart3
                0x0000000020003848                hdma_usart3_tx
                0x000000002000388c                tx_busy
                0x0000000020003890                hdma_usart1_tx
                0x00000000200038d4                hdma_usart1_rx
                0x0000000020003918                huart1
                0x0000000020003988                huart2
 COMMON         0x00000000200039f8       0xc8 build/main.o
                0x00000000200039f8                log_buffer
 COMMON         0x0000000020003ac0       0x40 build/tim.o
                0x0000000020003ac0                htim8
 COMMON         0x0000000020003b00        0x4 build/stm32f3xx_hal.o
                0x0000000020003b00                uwTick
 COMMON         0x0000000020003b04       0x34 build/opamp.o
                0x0000000020003b04                hopamp2
 COMMON         0x0000000020003b38        0x4 /usr/local/gcc-arm-none-eabi-8-2018-q4-major/bin/../lib/gcc/arm-none-eabi/8.2.1/../../../../arm-none-eabi/lib/thumb/v7e-m+fp/hard/libc_nano.a(lib_a-reent.o)
                0x0000000020003b38                errno
 COMMON         0x0000000020003b3c        0x9 /usr/local/gcc-arm-none-eabi-8-2018-q4-major/bin/../lib/gcc/arm-none-eabi/8.2.1/../../../../arm-none-eabi/lib/thumb/v7e-m+fp/hard/libc_nano.a(lib_a-lock.o)
                0x0000000020003b3c                __lock___atexit_recursive_mutex
                0x0000000020003b3d                __lock___arc4random_mutex
                0x0000000020003b3e                __lock___env_recursive_mutex
                0x0000000020003b3f                __lock___sinit_recursive_mutex
                0x0000000020003b40                __lock___malloc_recursive_mutex
                0x0000000020003b41                __lock___at_quick_exit_mutex
                0x0000000020003b42                __lock___dd_hash_mutex
                0x0000000020003b43                __lock___tz_mutex
                0x0000000020003b44                __lock___sfp_recursive_mutex
                0x0000000020003b48                . = ALIGN (0x4)
 *fill*         0x0000000020003b45        0x3 
                0x0000000020003b48                _ebss = .
                0x0000000020003b48                __bss_end__ = _ebss

._user_heap_stack
                0x0000000020003b48      0x600
                0x0000000020003b48                . = ALIGN (0x8)
                0x0000000020003b48                PROVIDE (end = .)
                [!provide]                        PROVIDE (_end = .)
                0x0000000020003d48                . = (. + _Min_Heap_Size)
 *fill*         0x0000000020003b48      0x200 
                0x0000000020004148                . = (. + _Min_Stack_Size)
 *fill*         0x0000000020003d48      0x400 
                0x0000000020004148                . = ALIGN (0x8)

/DISCARD/
 libc.a(*)
 libm.a(*)
 libgcc.a(*)

.ARM.attributes
                0x0000000000000000       0x30
 *(.ARM.attributes)
 .ARM.attributes
                0x0000000000000000       0x1e /usr/local/gcc-arm-none-eabi-8-2018-q4-major/bin/../lib/gcc/arm-none-eabi/8.2.1/thumb/v7e-m+fp/hard/crti.o
 .ARM.attributes
                0x000000000000001e       0x34 /usr/local/gcc-arm-none-eabi-8-2018-q4-major/bin/../lib/gcc/arm-none-eabi/8.2.1/thumb/v7e-m+fp/hard/crtbegin.o
 .ARM.attributes
                0x0000000000000052       0x34 build/adc.o
 .ARM.attributes
                0x0000000000000086       0x34 build/power.o
 .ARM.attributes
                0x00000000000000ba       0x34 build/ds18b20.o
 .ARM.attributes
                0x00000000000000ee       0x34 build/stm32f3xx_hal_msp.o
 .ARM.attributes
                0x0000000000000122       0x34 build/stm32f3xx_hal_uart.o
 .ARM.attributes
                0x0000000000000156       0x34 build/stm32f3xx_hal_adc_ex.o
 .ARM.attributes
                0x000000000000018a       0x34 build/stm32f3xx_hal_adc.o
 .ARM.attributes
                0x00000000000001be       0x34 build/stm32f3xx_hal_tim.o
 .ARM.attributes
                0x00000000000001f2       0x34 build/stm32f3xx_hal_gpio.o
 .ARM.attributes
                0x0000000000000226       0x34 build/usart.o
 .ARM.attributes
                0x000000000000025a       0x34 build/stm32f3xx_hal_rcc_ex.o
 .ARM.attributes
                0x000000000000028e       0x34 build/gpio.o
 .ARM.attributes
                0x00000000000002c2       0x34 build/stm32f3xx_hal_cortex.o
 .ARM.attributes
                0x00000000000002f6       0x34 build/main.o
 .ARM.attributes
                0x000000000000032a       0x34 build/stm32f3xx_it.o
 .ARM.attributes
                0x000000000000035e       0x34 build/stm32f3xx_hal_dma.o
 .ARM.attributes
                0x0000000000000392       0x34 build/dma.o
 .ARM.attributes
                0x00000000000003c6       0x34 build/stm32f3xx_hal_tim_ex.o
 .ARM.attributes
                0x00000000000003fa       0x34 build/tim.o
 .ARM.attributes
                0x000000000000042e       0x34 build/stm32f3xx_hal_uart_ex.o
 .ARM.attributes
                0x0000000000000462       0x34 build/stm32f3xx_hal_rcc.o
 .ARM.attributes
                0x0000000000000496       0x34 build/stm32f3xx_hal.o
 .ARM.attributes
                0x00000000000004ca       0x34 build/opamp.o
 .ARM.attributes
                0x00000000000004fe       0x34 build/stm32f3xx_hal_opamp.o
 .ARM.attributes
                0x0000000000000532       0x34 build/system_stm32f3xx.o
 .ARM.attributes
                0x0000000000000566       0x21 build/startup_stm32f303xe.o
 .ARM.attributes
                0x0000000000000587       0x32 /usr/local/gcc-arm-none-eabi-8-2018-q4-major/bin/../lib/gcc/arm-none-eabi/8.2.1/../../../../arm-none-eabi/lib/thumb/v7e-m+fp/hard/libc_nano.a(lib_a-impure.o)
 .ARM.attributes
                0x00000000000005b9       0x34 /usr/local/gcc-arm-none-eabi-8-2018-q4-major/bin/../lib/gcc/arm-none-eabi/8.2.1/../../../../arm-none-eabi/lib/thumb/v7e-m+fp/hard/libc_nano.a(lib_a-init.o)
 .ARM.attributes
                0x00000000000005ed       0x34 /usr/local/gcc-arm-none-eabi-8-2018-q4-major/bin/../lib/gcc/arm-none-eabi/8.2.1/../../../../arm-none-eabi/lib/thumb/v7e-m+fp/hard/libc_nano.a(lib_a-memset.o)
 .ARM.attributes
                0x0000000000000621       0x34 /usr/local/gcc-arm-none-eabi-8-2018-q4-major/bin/../lib/gcc/arm-none-eabi/8.2.1/../../../../arm-none-eabi/lib/thumb/v7e-m+fp/hard/libc_nano.a(lib_a-nano-vfprintf_float.o)
 .ARM.attributes
                0x0000000000000655       0x34 /usr/local/gcc-arm-none-eabi-8-2018-q4-major/bin/../lib/gcc/arm-none-eabi/8.2.1/../../../../arm-none-eabi/lib/thumb/v7e-m+fp/hard/libc_nano.a(lib_a-nano-vfprintf_i.o)
 .ARM.attributes
                0x0000000000000689       0x34 /usr/local/gcc-arm-none-eabi-8-2018-q4-major/bin/../lib/gcc/arm-none-eabi/8.2.1/../../../../arm-none-eabi/lib/thumb/v7e-m+fp/hard/libc_nano.a(lib_a-snprintf.o)
 .ARM.attributes
                0x00000000000006bd       0x17 /usr/local/gcc-arm-none-eabi-8-2018-q4-major/bin/../lib/gcc/arm-none-eabi/8.2.1/../../../../arm-none-eabi/lib/thumb/v7e-m+fp/hard/libc_nano.a(lib_a-strlen.o)
 .ARM.attributes
                0x00000000000006d4       0x34 /usr/local/gcc-arm-none-eabi-8-2018-q4-major/bin/../lib/gcc/arm-none-eabi/8.2.1/../../../../arm-none-eabi/lib/thumb/v7e-m+fp/hard/libc_nano.a(lib_a-dtoa.o)
 .ARM.attributes
                0x0000000000000708       0x34 /usr/local/gcc-arm-none-eabi-8-2018-q4-major/bin/../lib/gcc/arm-none-eabi/8.2.1/../../../../arm-none-eabi/lib/thumb/v7e-m+fp/hard/libc_nano.a(lib_a-localeconv.o)
 .ARM.attributes
                0x000000000000073c       0x34 /usr/local/gcc-arm-none-eabi-8-2018-q4-major/bin/../lib/gcc/arm-none-eabi/8.2.1/../../../../arm-none-eabi/lib/thumb/v7e-m+fp/hard/libc_nano.a(lib_a-malloc.o)
 .ARM.attributes
                0x0000000000000770       0x1c /usr/local/gcc-arm-none-eabi-8-2018-q4-major/bin/../lib/gcc/arm-none-eabi/8.2.1/../../../../arm-none-eabi/lib/thumb/v7e-m+fp/hard/libc_nano.a(lib_a-memchr.o)
 .ARM.attributes
                0x000000000000078c       0x34 /usr/local/gcc-arm-none-eabi-8-2018-q4-major/bin/../lib/gcc/arm-none-eabi/8.2.1/../../../../arm-none-eabi/lib/thumb/v7e-m+fp/hard/libc_nano.a(lib_a-memcpy-stub.o)
 .ARM.attributes
                0x00000000000007c0       0x34 /usr/local/gcc-arm-none-eabi-8-2018-q4-major/bin/../lib/gcc/arm-none-eabi/8.2.1/../../../../arm-none-eabi/lib/thumb/v7e-m+fp/hard/libc_nano.a(lib_a-mprec.o)
 .ARM.attributes
                0x00000000000007f4       0x34 /usr/local/gcc-arm-none-eabi-8-2018-q4-major/bin/../lib/gcc/arm-none-eabi/8.2.1/../../../../arm-none-eabi/lib/thumb/v7e-m+fp/hard/libc_nano.a(lib_a-nano-callocr.o)
 .ARM.attributes
                0x0000000000000828       0x34 /usr/local/gcc-arm-none-eabi-8-2018-q4-major/bin/../lib/gcc/arm-none-eabi/8.2.1/../../../../arm-none-eabi/lib/thumb/v7e-m+fp/hard/libc_nano.a(lib_a-nano-freer.o)
 .ARM.attributes
                0x000000000000085c       0x34 /usr/local/gcc-arm-none-eabi-8-2018-q4-major/bin/../lib/gcc/arm-none-eabi/8.2.1/../../../../arm-none-eabi/lib/thumb/v7e-m+fp/hard/libc_nano.a(lib_a-nano-mallocr.o)
 .ARM.attributes
                0x0000000000000890       0x34 /usr/local/gcc-arm-none-eabi-8-2018-q4-major/bin/../lib/gcc/arm-none-eabi/8.2.1/../../../../arm-none-eabi/lib/thumb/v7e-m+fp/hard/libc_nano.a(lib_a-nano-svfprintf.o)
 .ARM.attributes
                0x00000000000008c4       0x34 /usr/local/gcc-arm-none-eabi-8-2018-q4-major/bin/../lib/gcc/arm-none-eabi/8.2.1/../../../../arm-none-eabi/lib/thumb/v7e-m+fp/hard/libc_nano.a(lib_a-sbrkr.o)
 .ARM.attributes
                0x00000000000008f8       0x34 /usr/local/gcc-arm-none-eabi-8-2018-q4-major/bin/../lib/gcc/arm-none-eabi/8.2.1/../../../../arm-none-eabi/lib/thumb/v7e-m+fp/hard/libc_nano.a(lib_a-locale.o)
 .ARM.attributes
                0x000000000000092c       0x34 /usr/local/gcc-arm-none-eabi-8-2018-q4-major/bin/../lib/gcc/arm-none-eabi/8.2.1/../../../../arm-none-eabi/lib/thumb/v7e-m+fp/hard/libc_nano.a(lib_a-mbtowc_r.o)
 .ARM.attributes
                0x0000000000000960       0x34 /usr/local/gcc-arm-none-eabi-8-2018-q4-major/bin/../lib/gcc/arm-none-eabi/8.2.1/../../../../arm-none-eabi/lib/thumb/v7e-m+fp/hard/libc_nano.a(lib_a-memmove.o)
 .ARM.attributes
                0x0000000000000994       0x34 /usr/local/gcc-arm-none-eabi-8-2018-q4-major/bin/../lib/gcc/arm-none-eabi/8.2.1/../../../../arm-none-eabi/lib/thumb/v7e-m+fp/hard/libc_nano.a(lib_a-mlock.o)
 .ARM.attributes
                0x00000000000009c8       0x34 /usr/local/gcc-arm-none-eabi-8-2018-q4-major/bin/../lib/gcc/arm-none-eabi/8.2.1/../../../../arm-none-eabi/lib/thumb/v7e-m+fp/hard/libc_nano.a(lib_a-nano-reallocr.o)
 .ARM.attributes
                0x00000000000009fc       0x34 /usr/local/gcc-arm-none-eabi-8-2018-q4-major/bin/../lib/gcc/arm-none-eabi/8.2.1/../../../../arm-none-eabi/lib/thumb/v7e-m+fp/hard/libc_nano.a(lib_a-reent.o)
 .ARM.attributes
                0x0000000000000a30       0x34 /usr/local/gcc-arm-none-eabi-8-2018-q4-major/bin/../lib/gcc/arm-none-eabi/8.2.1/../../../../arm-none-eabi/lib/thumb/v7e-m+fp/hard/libc_nano.a(lib_a-wctomb_r.o)
 .ARM.attributes
                0x0000000000000a64       0x32 /usr/local/gcc-arm-none-eabi-8-2018-q4-major/bin/../lib/gcc/arm-none-eabi/8.2.1/../../../../arm-none-eabi/lib/thumb/v7e-m+fp/hard/libc_nano.a(lib_a-ctype_.o)
 .ARM.attributes
                0x0000000000000a96       0x34 /usr/local/gcc-arm-none-eabi-8-2018-q4-major/bin/../lib/gcc/arm-none-eabi/8.2.1/../../../../arm-none-eabi/lib/thumb/v7e-m+fp/hard/libc_nano.a(lib_a-lock.o)
 .ARM.attributes
                0x0000000000000aca       0x34 /usr/local/gcc-arm-none-eabi-8-2018-q4-major/bin/../lib/gcc/arm-none-eabi/8.2.1/../../../../arm-none-eabi/lib/thumb/v7e-m+fp/hard/libc_nano.a(lib_a-nano-msizer.o)
 .ARM.attributes
                0x0000000000000afe       0x34 /usr/local/gcc-arm-none-eabi-8-2018-q4-major/bin/../lib/gcc/arm-none-eabi/8.2.1/../../../../arm-none-eabi/lib/thumb/v7e-m+fp/hard/libm.a(lib_a-w_sqrt.o)
 .ARM.attributes
                0x0000000000000b32       0x34 /usr/local/gcc-arm-none-eabi-8-2018-q4-major/bin/../lib/gcc/arm-none-eabi/8.2.1/../../../../arm-none-eabi/lib/thumb/v7e-m+fp/hard/libm.a(lib_a-e_sqrt.o)
 .ARM.attributes
                0x0000000000000b66       0x32 /usr/local/gcc-arm-none-eabi-8-2018-q4-major/bin/../lib/gcc/arm-none-eabi/8.2.1/../../../../arm-none-eabi/lib/thumb/v7e-m+fp/hard/libm.a(lib_a-s_lib_ver.o)
 .ARM.attributes
                0x0000000000000b98       0x34 /usr/local/gcc-arm-none-eabi-8-2018-q4-major/bin/../lib/gcc/arm-none-eabi/8.2.1/../../../../arm-none-eabi/lib/thumb/v7e-m+fp/hard/libm.a(lib_a-s_matherr.o)
 .ARM.attributes
                0x0000000000000bcc       0x34 /usr/local/gcc-arm-none-eabi-8-2018-q4-major/bin/../lib/gcc/arm-none-eabi/8.2.1/../../../../arm-none-eabi/lib/thumb/v7e-m+fp/hard/libnosys.a(sbrk.o)
 .ARM.attributes
                0x0000000000000c00       0x1e /usr/local/gcc-arm-none-eabi-8-2018-q4-major/bin/../lib/gcc/arm-none-eabi/8.2.1/thumb/v7e-m+fp/hard/libgcc.a(_arm_addsubdf3.o)
 .ARM.attributes
                0x0000000000000c1e       0x1e /usr/local/gcc-arm-none-eabi-8-2018-q4-major/bin/../lib/gcc/arm-none-eabi/8.2.1/thumb/v7e-m+fp/hard/libgcc.a(_arm_muldivdf3.o)
 .ARM.attributes
                0x0000000000000c3c       0x1e /usr/local/gcc-arm-none-eabi-8-2018-q4-major/bin/../lib/gcc/arm-none-eabi/8.2.1/thumb/v7e-m+fp/hard/libgcc.a(_arm_cmpdf2.o)
 .ARM.attributes
                0x0000000000000c5a       0x1e /usr/local/gcc-arm-none-eabi-8-2018-q4-major/bin/../lib/gcc/arm-none-eabi/8.2.1/thumb/v7e-m+fp/hard/libgcc.a(_arm_unorddf2.o)
 .ARM.attributes
                0x0000000000000c78       0x1e /usr/local/gcc-arm-none-eabi-8-2018-q4-major/bin/../lib/gcc/arm-none-eabi/8.2.1/thumb/v7e-m+fp/hard/libgcc.a(_arm_fixdfsi.o)
 .ARM.attributes
                0x0000000000000c96       0x1e /usr/local/gcc-arm-none-eabi-8-2018-q4-major/bin/../lib/gcc/arm-none-eabi/8.2.1/thumb/v7e-m+fp/hard/libgcc.a(_arm_truncdfsf2.o)
 .ARM.attributes
                0x0000000000000cb4       0x1e /usr/local/gcc-arm-none-eabi-8-2018-q4-major/bin/../lib/gcc/arm-none-eabi/8.2.1/thumb/v7e-m+fp/hard/libgcc.a(_aeabi_ldivmod.o)
 .ARM.attributes
                0x0000000000000cd2       0x34 /usr/local/gcc-arm-none-eabi-8-2018-q4-major/bin/../lib/gcc/arm-none-eabi/8.2.1/thumb/v7e-m+fp/hard/libgcc.a(_udivmoddi4.o)
 .ARM.attributes
                0x0000000000000d06       0x1e /usr/local/gcc-arm-none-eabi-8-2018-q4-major/bin/../lib/gcc/arm-none-eabi/8.2.1/thumb/v7e-m+fp/hard/libgcc.a(_dvmd_tls.o)
 .ARM.attributes
                0x0000000000000d24       0x34 /usr/local/gcc-arm-none-eabi-8-2018-q4-major/bin/../lib/gcc/arm-none-eabi/8.2.1/../../../../arm-none-eabi/lib/thumb/v7e-m+fp/hard/libc_nano.a(lib_a-errno.o)
 .ARM.attributes
                0x0000000000000d58       0x1e /usr/local/gcc-arm-none-eabi-8-2018-q4-major/bin/../lib/gcc/arm-none-eabi/8.2.1/thumb/v7e-m+fp/hard/crtn.o
OUTPUT(build/emonTxshield.elf elf32-littlearm)

.debug_info     0x0000000000000000    0x2aa3b
 .debug_info    0x0000000000000000     0x30ab build/adc.o
 .debug_info    0x00000000000030ab     0x1a5d build/power.o
 .debug_info    0x0000000000004b08     0x17e9 build/ds18b20.o
 .debug_info    0x00000000000062f1      0xed7 build/stm32f3xx_hal_msp.o
 .debug_info    0x00000000000071c8     0x28e9 build/stm32f3xx_hal_uart.o
 .debug_info    0x0000000000009ab1     0x298d build/stm32f3xx_hal_adc_ex.o
 .debug_info    0x000000000000c43e     0x1651 build/stm32f3xx_hal_adc.o
 .debug_info    0x000000000000da8f     0x4e6f build/stm32f3xx_hal_tim.o
 .debug_info    0x00000000000128fe     0x124d build/stm32f3xx_hal_gpio.o
 .debug_info    0x0000000000013b4b     0x2092 build/usart.o
 .debug_info    0x0000000000015bdd     0x13df build/stm32f3xx_hal_rcc_ex.o
 .debug_info    0x0000000000016fbc      0xe97 build/gpio.o
 .debug_info    0x0000000000017e53     0x1ada build/stm32f3xx_hal_cortex.o
 .debug_info    0x000000000001992d     0x24e5 build/main.o
 .debug_info    0x000000000001be12     0x132b build/stm32f3xx_it.o
 .debug_info    0x000000000001d13d     0x1348 build/stm32f3xx_hal_dma.o
 .debug_info    0x000000000001e485      0xf91 build/dma.o
 .debug_info    0x000000000001f416     0x2519 build/stm32f3xx_hal_tim_ex.o
 .debug_info    0x000000000002192f     0x18ad build/tim.o
 .debug_info    0x00000000000231dc     0x1439 build/stm32f3xx_hal_uart_ex.o
 .debug_info    0x0000000000024615     0x2133 build/stm32f3xx_hal_rcc.o
 .debug_info    0x0000000000026748     0x1379 build/stm32f3xx_hal.o
 .debug_info    0x0000000000027ac1      0xfc1 build/opamp.o
 .debug_info    0x0000000000028a82     0x1164 build/stm32f3xx_hal_opamp.o
 .debug_info    0x0000000000029be6      0xe33 build/system_stm32f3xx.o
 .debug_info    0x000000000002aa19       0x22 build/startup_stm32f303xe.o

.debug_abbrev   0x0000000000000000     0x529d
 .debug_abbrev  0x0000000000000000      0x3f1 build/adc.o
 .debug_abbrev  0x00000000000003f1      0x34e build/power.o
 .debug_abbrev  0x000000000000073f      0x354 build/ds18b20.o
 .debug_abbrev  0x0000000000000a93      0x243 build/stm32f3xx_hal_msp.o
 .debug_abbrev  0x0000000000000cd6      0x49a build/stm32f3xx_hal_uart.o
 .debug_abbrev  0x0000000000001170      0x456 build/stm32f3xx_hal_adc_ex.o
 .debug_abbrev  0x00000000000015c6      0x2a6 build/stm32f3xx_hal_adc.o
 .debug_abbrev  0x000000000000186c      0x477 build/stm32f3xx_hal_tim.o
 .debug_abbrev  0x0000000000001ce3      0x308 build/stm32f3xx_hal_gpio.o
 .debug_abbrev  0x0000000000001feb      0x3b0 build/usart.o
 .debug_abbrev  0x000000000000239b      0x3a1 build/stm32f3xx_hal_rcc_ex.o
 .debug_abbrev  0x000000000000273c      0x242 build/gpio.o
 .debug_abbrev  0x000000000000297e      0x465 build/stm32f3xx_hal_cortex.o
 .debug_abbrev  0x0000000000002de3      0x323 build/main.o
 .debug_abbrev  0x0000000000003106      0x22e build/stm32f3xx_it.o
 .debug_abbrev  0x0000000000003334      0x33c build/stm32f3xx_hal_dma.o
 .debug_abbrev  0x0000000000003670      0x243 build/dma.o
 .debug_abbrev  0x00000000000038b3      0x3fd build/stm32f3xx_hal_tim_ex.o
 .debug_abbrev  0x0000000000003cb0      0x39a build/tim.o
 .debug_abbrev  0x000000000000404a      0x2ec build/stm32f3xx_hal_uart_ex.o
 .debug_abbrev  0x0000000000004336      0x421 build/stm32f3xx_hal_rcc.o
 .debug_abbrev  0x0000000000004757      0x36e build/stm32f3xx_hal.o
 .debug_abbrev  0x0000000000004ac5      0x28f build/opamp.o
 .debug_abbrev  0x0000000000004d54      0x31d build/stm32f3xx_hal_opamp.o
 .debug_abbrev  0x0000000000005071      0x21a build/system_stm32f3xx.o
 .debug_abbrev  0x000000000000528b       0x12 build/startup_stm32f303xe.o

.debug_loc      0x0000000000000000    0x129f2
 .debug_loc     0x0000000000000000      0xa86 build/adc.o
 .debug_loc     0x0000000000000a86      0x80c build/power.o
 .debug_loc     0x0000000000001292      0x4e6 build/ds18b20.o
 .debug_loc     0x0000000000001778       0x44 build/stm32f3xx_hal_msp.o
 .debug_loc     0x00000000000017bc     0x22ff build/stm32f3xx_hal_uart.o
 .debug_loc     0x0000000000003abb     0x2bc9 build/stm32f3xx_hal_adc_ex.o
 .debug_loc     0x0000000000006684      0x128 build/stm32f3xx_hal_adc.o
 .debug_loc     0x00000000000067ac     0x580b build/stm32f3xx_hal_tim.o
 .debug_loc     0x000000000000bfb7      0x533 build/stm32f3xx_hal_gpio.o
 .debug_loc     0x000000000000c4ea      0x8ff build/usart.o
 .debug_loc     0x000000000000cde9      0xc36 build/stm32f3xx_hal_rcc_ex.o
 .debug_loc     0x000000000000da1f       0x38 build/gpio.o
 .debug_loc     0x000000000000da57      0x882 build/stm32f3xx_hal_cortex.o
 .debug_loc     0x000000000000e2d9       0x8f build/main.o
 .debug_loc     0x000000000000e368       0x2c build/stm32f3xx_it.o
 .debug_loc     0x000000000000e394      0x9f4 build/stm32f3xx_hal_dma.o
 .debug_loc     0x000000000000ed88       0x44 build/dma.o
 .debug_loc     0x000000000000edcc     0x1b46 build/stm32f3xx_hal_tim_ex.o
 .debug_loc     0x0000000000010912      0x1b6 build/tim.o
 .debug_loc     0x0000000000010ac8      0x562 build/stm32f3xx_hal_uart_ex.o
 .debug_loc     0x000000000001102a      0xf02 build/stm32f3xx_hal_rcc.o
 .debug_loc     0x0000000000011f2c      0x1e2 build/stm32f3xx_hal.o
 .debug_loc     0x000000000001210e       0xae build/opamp.o
 .debug_loc     0x00000000000121bc      0x6f7 build/stm32f3xx_hal_opamp.o
 .debug_loc     0x00000000000128b3      0x13f build/system_stm32f3xx.o

.debug_aranges  0x0000000000000000      0xda0
 .debug_aranges
                0x0000000000000000       0x80 build/adc.o
 .debug_aranges
                0x0000000000000080       0x38 build/power.o
 .debug_aranges
                0x00000000000000b8       0x28 build/ds18b20.o
 .debug_aranges
                0x00000000000000e0       0x20 build/stm32f3xx_hal_msp.o
 .debug_aranges
                0x0000000000000100      0x198 build/stm32f3xx_hal_uart.o
 .debug_aranges
                0x0000000000000298      0x150 build/stm32f3xx_hal_adc_ex.o
 .debug_aranges
                0x00000000000003e8       0x60 build/stm32f3xx_hal_adc.o
 .debug_aranges
                0x0000000000000448      0x268 build/stm32f3xx_hal_tim.o
 .debug_aranges
                0x00000000000006b0       0x58 build/stm32f3xx_hal_gpio.o
 .debug_aranges
                0x0000000000000708       0x78 build/usart.o
 .debug_aranges
                0x0000000000000780       0x30 build/stm32f3xx_hal_rcc_ex.o
 .debug_aranges
                0x00000000000007b0       0x20 build/gpio.o
 .debug_aranges
                0x00000000000007d0       0xa8 build/stm32f3xx_hal_cortex.o
 .debug_aranges
                0x0000000000000878       0x30 build/main.o
 .debug_aranges
                0x00000000000008a8       0x70 build/stm32f3xx_it.o
 .debug_aranges
                0x0000000000000918       0x78 build/stm32f3xx_hal_dma.o
 .debug_aranges
                0x0000000000000990       0x20 build/dma.o
 .debug_aranges
                0x00000000000009b0      0x118 build/stm32f3xx_hal_tim_ex.o
 .debug_aranges
                0x0000000000000ac8       0x48 build/tim.o
 .debug_aranges
                0x0000000000000b10       0x48 build/stm32f3xx_hal_uart_ex.o
 .debug_aranges
                0x0000000000000b58       0x88 build/stm32f3xx_hal_rcc.o
 .debug_aranges
                0x0000000000000be0       0xd8 build/stm32f3xx_hal.o
 .debug_aranges
                0x0000000000000cb8       0x38 build/opamp.o
 .debug_aranges
                0x0000000000000cf0       0x60 build/stm32f3xx_hal_opamp.o
 .debug_aranges
                0x0000000000000d50       0x28 build/system_stm32f3xx.o
 .debug_aranges
                0x0000000000000d78       0x28 build/startup_stm32f303xe.o

.debug_ranges   0x0000000000000000     0x1950
 .debug_ranges  0x0000000000000000      0x210 build/adc.o
 .debug_ranges  0x0000000000000210       0x58 build/power.o
 .debug_ranges  0x0000000000000268      0x128 build/ds18b20.o
 .debug_ranges  0x0000000000000390       0x38 build/stm32f3xx_hal_msp.o
 .debug_ranges  0x00000000000003c8      0x1b8 build/stm32f3xx_hal_uart.o
 .debug_ranges  0x0000000000000580      0x140 build/stm32f3xx_hal_adc_ex.o
 .debug_ranges  0x00000000000006c0       0x50 build/stm32f3xx_hal_adc.o
 .debug_ranges  0x0000000000000710      0x490 build/stm32f3xx_hal_tim.o
 .debug_ranges  0x0000000000000ba0       0x60 build/stm32f3xx_hal_gpio.o
 .debug_ranges  0x0000000000000c00      0x178 build/usart.o
 .debug_ranges  0x0000000000000d78      0x100 build/stm32f3xx_hal_rcc_ex.o
 .debug_ranges  0x0000000000000e78       0x50 build/gpio.o
 .debug_ranges  0x0000000000000ec8      0x188 build/stm32f3xx_hal_cortex.o
 .debug_ranges  0x0000000000001050       0x20 build/main.o
 .debug_ranges  0x0000000000001070       0x60 build/stm32f3xx_it.o
 .debug_ranges  0x00000000000010d0      0x118 build/stm32f3xx_hal_dma.o
 .debug_ranges  0x00000000000011e8       0x48 build/dma.o
 .debug_ranges  0x0000000000001230      0x108 build/stm32f3xx_hal_tim_ex.o
 .debug_ranges  0x0000000000001338       0x68 build/tim.o
 .debug_ranges  0x00000000000013a0       0x38 build/stm32f3xx_hal_uart_ex.o
 .debug_ranges  0x00000000000013d8      0x3e0 build/stm32f3xx_hal_rcc.o
 .debug_ranges  0x00000000000017b8       0xc8 build/stm32f3xx_hal.o
 .debug_ranges  0x0000000000001880       0x28 build/opamp.o
 .debug_ranges  0x00000000000018a8       0x70 build/stm32f3xx_hal_opamp.o
 .debug_ranges  0x0000000000001918       0x18 build/system_stm32f3xx.o
 .debug_ranges  0x0000000000001930       0x20 build/startup_stm32f303xe.o

.debug_line     0x0000000000000000    0x1319b
 .debug_line    0x0000000000000000     0x1083 build/adc.o
 .debug_line    0x0000000000001083      0x664 build/power.o
 .debug_line    0x00000000000016e7      0x501 build/ds18b20.o
 .debug_line    0x0000000000001be8      0x2a3 build/stm32f3xx_hal_msp.o
 .debug_line    0x0000000000001e8b     0x2106 build/stm32f3xx_hal_uart.o
 .debug_line    0x0000000000003f91     0x2d4f build/stm32f3xx_hal_adc_ex.o
 .debug_line    0x0000000000006ce0      0x3c8 build/stm32f3xx_hal_adc.o
 .debug_line    0x00000000000070a8     0x3675 build/stm32f3xx_hal_tim.o
 .debug_line    0x000000000000a71d      0x829 build/stm32f3xx_hal_gpio.o
 .debug_line    0x000000000000af46      0xa2a build/usart.o
 .debug_line    0x000000000000b970      0xca5 build/stm32f3xx_hal_rcc_ex.o
 .debug_line    0x000000000000c615      0x348 build/gpio.o
 .debug_line    0x000000000000c95d      0x82f build/stm32f3xx_hal_cortex.o
 .debug_line    0x000000000000d18c      0x54e build/main.o
 .debug_line    0x000000000000d6da      0x3b2 build/stm32f3xx_it.o
 .debug_line    0x000000000000da8c      0xbf4 build/stm32f3xx_hal_dma.o
 .debug_line    0x000000000000e680      0x2a2 build/dma.o
 .debug_line    0x000000000000e922     0x14d2 build/stm32f3xx_hal_tim_ex.o
 .debug_line    0x000000000000fdf4      0x534 build/tim.o
 .debug_line    0x0000000000010328      0x5b6 build/stm32f3xx_hal_uart_ex.o
 .debug_line    0x00000000000108de     0x13cd build/stm32f3xx_hal_rcc.o
 .debug_line    0x0000000000011cab      0x5f2 build/stm32f3xx_hal.o
 .debug_line    0x000000000001229d      0x39b build/opamp.o
 .debug_line    0x0000000000012638      0x7c2 build/stm32f3xx_hal_opamp.o
 .debug_line    0x0000000000012dfa      0x32d build/system_stm32f3xx.o
 .debug_line    0x0000000000013127       0x74 build/startup_stm32f303xe.o

.debug_str      0x0000000000000000     0x5203
 .debug_str     0x0000000000000000     0x11da build/adc.o
                                       0x131d (size before relaxing)
 .debug_str     0x00000000000011da      0x1fd build/power.o
                                        0xf37 (size before relaxing)
 .debug_str     0x00000000000013d7       0xe4 build/ds18b20.o
                                        0xbf7 (size before relaxing)
 .debug_str     0x00000000000014bb      0x4f3 build/stm32f3xx_hal_msp.o
                                        0xb37 (size before relaxing)
 .debug_str     0x00000000000019ae      0x75a build/stm32f3xx_hal_uart.o
                                       0x128a (size before relaxing)
 .debug_str     0x0000000000002108      0x6f6 build/stm32f3xx_hal_adc_ex.o
                                       0x131e (size before relaxing)
 .debug_str     0x00000000000027fe       0x57 build/stm32f3xx_hal_adc.o
                                        0xd03 (size before relaxing)
 .debug_str     0x0000000000002855      0xd8e build/stm32f3xx_hal_tim.o
                                       0x1812 (size before relaxing)
 .debug_str     0x00000000000035e3      0x15d build/stm32f3xx_hal_gpio.o
                                        0x90e (size before relaxing)
 .debug_str     0x0000000000003740      0x105 build/usart.o
                                       0x1290 (size before relaxing)
 .debug_str     0x0000000000003845      0x2ec build/stm32f3xx_hal_rcc_ex.o
                                        0xa01 (size before relaxing)
 .debug_str     0x0000000000003b31       0x18 build/gpio.o
                                        0x719 (size before relaxing)
 .debug_str     0x0000000000003b49      0x3bd build/stm32f3xx_hal_cortex.o
                                        0xff6 (size before relaxing)
 .debug_str     0x0000000000003f06      0x2f2 build/main.o
                                       0x1ac9 (size before relaxing)
 .debug_str     0x00000000000041f8      0x12e build/stm32f3xx_it.o
                                        0xc21 (size before relaxing)
 .debug_str     0x0000000000004326      0x1db build/stm32f3xx_hal_dma.o
                                        0xa7d (size before relaxing)
 .debug_str     0x0000000000004501        0xa build/dma.o
                                        0xb1f (size before relaxing)
 .debug_str     0x000000000000450b      0x5a0 build/stm32f3xx_hal_tim_ex.o
                                       0x124d (size before relaxing)
 .debug_str     0x0000000000004aab       0xc3 build/tim.o
                                        0xe00 (size before relaxing)
 .debug_str     0x0000000000004b6e       0xea build/stm32f3xx_hal_uart_ex.o
                                        0xc8e (size before relaxing)
 .debug_str     0x0000000000004c58      0x15e build/stm32f3xx_hal_rcc.o
                                        0xa6d (size before relaxing)
 .debug_str     0x0000000000004db6      0x25c build/stm32f3xx_hal.o
                                        0xe59 (size before relaxing)
 .debug_str     0x0000000000005012       0x75 build/opamp.o
                                        0x91a (size before relaxing)
 .debug_str     0x0000000000005087      0x10a build/stm32f3xx_hal_opamp.o
                                        0x9cf (size before relaxing)
 .debug_str     0x0000000000005191       0x4d build/system_stm32f3xx.o
                                        0x6f2 (size before relaxing)
 .debug_str     0x00000000000051de       0x25 build/startup_stm32f303xe.o
                                         0x61 (size before relaxing)

.comment        0x0000000000000000       0x75
 .comment       0x0000000000000000       0x75 build/adc.o
                                         0x76 (size before relaxing)
 .comment       0x0000000000000075       0x76 build/power.o
 .comment       0x0000000000000075       0x76 build/ds18b20.o
 .comment       0x0000000000000075       0x76 build/stm32f3xx_hal_msp.o
 .comment       0x0000000000000075       0x76 build/stm32f3xx_hal_uart.o
 .comment       0x0000000000000075       0x76 build/stm32f3xx_hal_adc_ex.o
 .comment       0x0000000000000075       0x76 build/stm32f3xx_hal_adc.o
 .comment       0x0000000000000075       0x76 build/stm32f3xx_hal_tim.o
 .comment       0x0000000000000075       0x76 build/stm32f3xx_hal_gpio.o
 .comment       0x0000000000000075       0x76 build/usart.o
 .comment       0x0000000000000075       0x76 build/stm32f3xx_hal_rcc_ex.o
 .comment       0x0000000000000075       0x76 build/gpio.o
 .comment       0x0000000000000075       0x76 build/stm32f3xx_hal_cortex.o
 .comment       0x0000000000000075       0x76 build/main.o
 .comment       0x0000000000000075       0x76 build/stm32f3xx_it.o
 .comment       0x0000000000000075       0x76 build/stm32f3xx_hal_dma.o
 .comment       0x0000000000000075       0x76 build/dma.o
 .comment       0x0000000000000075       0x76 build/stm32f3xx_hal_tim_ex.o
 .comment       0x0000000000000075       0x76 build/tim.o
 .comment       0x0000000000000075       0x76 build/stm32f3xx_hal_uart_ex.o
 .comment       0x0000000000000075       0x76 build/stm32f3xx_hal_rcc.o
 .comment       0x0000000000000075       0x76 build/stm32f3xx_hal.o
 .comment       0x0000000000000075       0x76 build/opamp.o
 .comment       0x0000000000000075       0x76 build/stm32f3xx_hal_opamp.o
 .comment       0x0000000000000075       0x76 build/system_stm32f3xx.o

.debug_frame    0x0000000000000000     0x3df8
 .debug_frame   0x0000000000000000      0x264 build/adc.o
 .debug_frame   0x0000000000000264       0xc0 build/power.o
 .debug_frame   0x0000000000000324       0x84 build/ds18b20.o
 .debug_frame   0x00000000000003a8       0x34 build/stm32f3xx_hal_msp.o
 .debug_frame   0x00000000000003dc      0x6ec build/stm32f3xx_hal_uart.o
 .debug_frame   0x0000000000000ac8      0x5e8 build/stm32f3xx_hal_adc_ex.o
 .debug_frame   0x00000000000010b0      0x170 build/stm32f3xx_hal_adc.o
 .debug_frame   0x0000000000001220      0xae0 build/stm32f3xx_hal_tim.o
 .debug_frame   0x0000000000001d00      0x104 build/stm32f3xx_hal_gpio.o