Archive member included to satisfy reference by file (symbol)

/usr/local/gcc-arm-none-eabi-8-2018-q4-major/bin/../lib/gcc/arm-none-eabi/8.2.1/../../../../arm-none-eabi/lib/thumb/v7e-m+fp/hard/libc_nano.a(lib_a-exit.o)
                              /usr/local/gcc-arm-none-eabi-8-2018-q4-major/bin/../lib/gcc/arm-none-eabi/8.2.1/../../../../arm-none-eabi/lib/thumb/v7e-m+fp/hard/crt0.o (exit)
/usr/local/gcc-arm-none-eabi-8-2018-q4-major/bin/../lib/gcc/arm-none-eabi/8.2.1/../../../../arm-none-eabi/lib/thumb/v7e-m+fp/hard/libc_nano.a(lib_a-impure.o)
                              /usr/local/gcc-arm-none-eabi-8-2018-q4-major/bin/../lib/gcc/arm-none-eabi/8.2.1/../../../../arm-none-eabi/lib/thumb/v7e-m+fp/hard/libc_nano.a(lib_a-exit.o) (_global_impure_ptr)
/usr/local/gcc-arm-none-eabi-8-2018-q4-major/bin/../lib/gcc/arm-none-eabi/8.2.1/../../../../arm-none-eabi/lib/thumb/v7e-m+fp/hard/libc_nano.a(lib_a-init.o)
                              /usr/local/gcc-arm-none-eabi-8-2018-q4-major/bin/../lib/gcc/arm-none-eabi/8.2.1/../../../../arm-none-eabi/lib/thumb/v7e-m+fp/hard/crt0.o (__libc_init_array)
/usr/local/gcc-arm-none-eabi-8-2018-q4-major/bin/../lib/gcc/arm-none-eabi/8.2.1/../../../../arm-none-eabi/lib/thumb/v7e-m+fp/hard/libc_nano.a(lib_a-memset.o)
                              /usr/local/gcc-arm-none-eabi-8-2018-q4-major/bin/../lib/gcc/arm-none-eabi/8.2.1/../../../../arm-none-eabi/lib/thumb/v7e-m+fp/hard/crt0.o (memset)
/usr/local/gcc-arm-none-eabi-8-2018-q4-major/bin/../lib/gcc/arm-none-eabi/8.2.1/../../../../arm-none-eabi/lib/thumb/v7e-m+fp/hard/libc_nano.a(lib_a-nano-vfprintf_float.o)
                              (_printf_float)
/usr/local/gcc-arm-none-eabi-8-2018-q4-major/bin/../lib/gcc/arm-none-eabi/8.2.1/../../../../arm-none-eabi/lib/thumb/v7e-m+fp/hard/libc_nano.a(lib_a-nano-vfprintf_i.o)
                              /usr/local/gcc-arm-none-eabi-8-2018-q4-major/bin/../lib/gcc/arm-none-eabi/8.2.1/../../../../arm-none-eabi/lib/thumb/v7e-m+fp/hard/libc_nano.a(lib_a-nano-vfprintf_float.o) (_printf_common)
/usr/local/gcc-arm-none-eabi-8-2018-q4-major/bin/../lib/gcc/arm-none-eabi/8.2.1/../../../../arm-none-eabi/lib/thumb/v7e-m+fp/hard/libc_nano.a(lib_a-sprintf.o)
                              build/main.o (sprintf)
/usr/local/gcc-arm-none-eabi-8-2018-q4-major/bin/../lib/gcc/arm-none-eabi/8.2.1/../../../../arm-none-eabi/lib/thumb/v7e-m+fp/hard/libc_nano.a(lib_a-strlen.o)
                              build/usart.o (strlen)
/usr/local/gcc-arm-none-eabi-8-2018-q4-major/bin/../lib/gcc/arm-none-eabi/8.2.1/../../../../arm-none-eabi/lib/thumb/v7e-m+fp/hard/libc_nano.a(lib_a-dtoa.o)
                              /usr/local/gcc-arm-none-eabi-8-2018-q4-major/bin/../lib/gcc/arm-none-eabi/8.2.1/../../../../arm-none-eabi/lib/thumb/v7e-m+fp/hard/libc_nano.a(lib_a-nano-vfprintf_float.o) (_dtoa_r)
/usr/local/gcc-arm-none-eabi-8-2018-q4-major/bin/../lib/gcc/arm-none-eabi/8.2.1/../../../../arm-none-eabi/lib/thumb/v7e-m+fp/hard/libc_nano.a(lib_a-localeconv.o)
                              /usr/local/gcc-arm-none-eabi-8-2018-q4-major/bin/../lib/gcc/arm-none-eabi/8.2.1/../../../../arm-none-eabi/lib/thumb/v7e-m+fp/hard/libc_nano.a(lib_a-nano-vfprintf_float.o) (_localeconv_r)
/usr/local/gcc-arm-none-eabi-8-2018-q4-major/bin/../lib/gcc/arm-none-eabi/8.2.1/../../../../arm-none-eabi/lib/thumb/v7e-m+fp/hard/libc_nano.a(lib_a-malloc.o)
                              /usr/local/gcc-arm-none-eabi-8-2018-q4-major/bin/../lib/gcc/arm-none-eabi/8.2.1/../../../../arm-none-eabi/lib/thumb/v7e-m+fp/hard/libc_nano.a(lib_a-dtoa.o) (malloc)
/usr/local/gcc-arm-none-eabi-8-2018-q4-major/bin/../lib/gcc/arm-none-eabi/8.2.1/../../../../arm-none-eabi/lib/thumb/v7e-m+fp/hard/libc_nano.a(lib_a-memchr.o)
                              /usr/local/gcc-arm-none-eabi-8-2018-q4-major/bin/../lib/gcc/arm-none-eabi/8.2.1/../../../../arm-none-eabi/lib/thumb/v7e-m+fp/hard/libc_nano.a(lib_a-nano-vfprintf_i.o) (memchr)
/usr/local/gcc-arm-none-eabi-8-2018-q4-major/bin/../lib/gcc/arm-none-eabi/8.2.1/../../../../arm-none-eabi/lib/thumb/v7e-m+fp/hard/libc_nano.a(lib_a-memcpy-stub.o)
                              /usr/local/gcc-arm-none-eabi-8-2018-q4-major/bin/../lib/gcc/arm-none-eabi/8.2.1/../../../../arm-none-eabi/lib/thumb/v7e-m+fp/hard/libc_nano.a(lib_a-dtoa.o) (memcpy)
/usr/local/gcc-arm-none-eabi-8-2018-q4-major/bin/../lib/gcc/arm-none-eabi/8.2.1/../../../../arm-none-eabi/lib/thumb/v7e-m+fp/hard/libc_nano.a(lib_a-mprec.o)
                              /usr/local/gcc-arm-none-eabi-8-2018-q4-major/bin/../lib/gcc/arm-none-eabi/8.2.1/../../../../arm-none-eabi/lib/thumb/v7e-m+fp/hard/libc_nano.a(lib_a-dtoa.o) (_Balloc)
/usr/local/gcc-arm-none-eabi-8-2018-q4-major/bin/../lib/gcc/arm-none-eabi/8.2.1/../../../../arm-none-eabi/lib/thumb/v7e-m+fp/hard/libc_nano.a(lib_a-nano-callocr.o)
                              /usr/local/gcc-arm-none-eabi-8-2018-q4-major/bin/../lib/gcc/arm-none-eabi/8.2.1/../../../../arm-none-eabi/lib/thumb/v7e-m+fp/hard/libc_nano.a(lib_a-mprec.o) (_calloc_r)
[...]
Memory Configuration

Name             Origin             Length             Attributes
RAM              0x0000000020000000 0x0000000000010000 xrw
CCMRAM           0x0000000010000000 0x0000000000004000 rw
FLASH            0x0000000008000000 0x0000000000080000 xr
*default*        0x0000000000000000 0xffffffffffffffff

Linker script and memory map

LOAD /usr/local/gcc-arm-none-eabi-8-2018-q4-major/bin/../lib/gcc/arm-none-eabi/8.2.1/thumb/v7e-m+fp/hard/crti.o
LOAD /usr/local/gcc-arm-none-eabi-8-2018-q4-major/bin/../lib/gcc/arm-none-eabi/8.2.1/thumb/v7e-m+fp/hard/crtbegin.o
LOAD /usr/local/gcc-arm-none-eabi-8-2018-q4-major/bin/../lib/gcc/arm-none-eabi/8.2.1/../../../../arm-none-eabi/lib/thumb/v7e-m+fp/hard/crt0.o
LOAD build/main.o
LOAD build/gpio.o
LOAD build/usart.o
LOAD build/stm32f3xx_it.o
LOAD build/system_stm32f3xx.o
LOAD build/stm32f3xx_hal_msp.o
LOAD build/stm32f3xx_hal_pwr.o
LOAD build/stm32f3xx_hal_tim_ex.o
LOAD build/stm32f3xx_hal_pwr_ex.o
LOAD build/stm32f3xx_hal_i2c_ex.o
LOAD build/stm32f3xx_hal.o
LOAD build/stm32f3xx_hal_flash.o
LOAD build/stm32f3xx_hal_cortex.o
LOAD build/stm32f3xx_hal_rcc.o
LOAD build/stm32f3xx_hal_dma.o
LOAD build/stm32f3xx_hal_flash_ex.o
LOAD build/stm32f3xx_hal_tim.o
LOAD build/stm32f3xx_hal_rcc_ex.o
LOAD build/stm32f3xx_hal_gpio.o
LOAD build/stm32f3xx_hal_i2c.o
LOAD build/stm32f3xx_hal_uart.o
LOAD build/adc.o
LOAD build/stm32f3xx_hal_uart_ex.o
LOAD build/stm32f3xx_hal_adc.o
LOAD build/stm32f3xx_hal_adc_ex.o
LOAD build/dma.o
LOAD build/tim.o
LOAD build/opamp.o
LOAD build/stm32f3xx_hal_opamp_ex.o
LOAD build/stm32f3xx_hal_opamp.o
LOAD build/startup_stm32f303xe.o
LOAD /usr/local/gcc-arm-none-eabi-8-2018-q4-major/bin/../lib/gcc/arm-none-eabi/8.2.1/../../../../arm-none-eabi/lib/thumb/v7e-m+fp/hard/libc_nano.a
LOAD /usr/local/gcc-arm-none-eabi-8-2018-q4-major/bin/../lib/gcc/arm-none-eabi/8.2.1/../../../../arm-none-eabi/lib/thumb/v7e-m+fp/hard/libm.a
LOAD /usr/local/gcc-arm-none-eabi-8-2018-q4-major/bin/../lib/gcc/arm-none-eabi/8.2.1/../../../../arm-none-eabi/lib/thumb/v7e-m+fp/hard/libnosys.a
START GROUP
LOAD /usr/local/gcc-arm-none-eabi-8-2018-q4-major/bin/../lib/gcc/arm-none-eabi/8.2.1/thumb/v7e-m+fp/hard/libgcc.a
LOAD /usr/local/gcc-arm-none-eabi-8-2018-q4-major/bin/../lib/gcc/arm-none-eabi/8.2.1/../../../../arm-none-eabi/lib/thumb/v7e-m+fp/hard/libc_nano.a
END GROUP
START GROUP
LOAD /usr/local/gcc-arm-none-eabi-8-2018-q4-major/bin/../lib/gcc/arm-none-eabi/8.2.1/thumb/v7e-m+fp/hard/libgcc.a
LOAD /usr/local/gcc-arm-none-eabi-8-2018-q4-major/bin/../lib/gcc/arm-none-eabi/8.2.1/../../../../arm-none-eabi/lib/thumb/v7e-m+fp/hard/libc_nano.a
END GROUP
LOAD /usr/local/gcc-arm-none-eabi-8-2018-q4-major/bin/../lib/gcc/arm-none-eabi/8.2.1/thumb/v7e-m+fp/hard/crtend.o
LOAD /usr/local/gcc-arm-none-eabi-8-2018-q4-major/bin/../lib/gcc/arm-none-eabi/8.2.1/thumb/v7e-m+fp/hard/crtn.o
                0x0000000020010000                _estack = 0x20010000
                0x0000000000000200                _Min_Heap_Size = 0x200
                0x0000000000000400                _Min_Stack_Size = 0x400

.isr_vector     0x0000000008000000      0x194
                0x0000000008000000                . = ALIGN (0x4)
 *(.isr_vector)
 .isr_vector    0x0000000008000000      0x194 build/startup_stm32f303xe.o
                0x0000000008000000                g_pfnVectors
                0x0000000008000194                . = ALIGN (0x4)

.text           0x00000000080001a0     0x661c
                0x00000000080001a0                . = ALIGN (0x4)
 *(.text)
 .text          0x00000000080001a0       0x40 /usr/local/gcc-arm-none-eabi-8-2018-q4-major/bin/../lib/gcc/arm-none-eabi/8.2.1/thumb/v7e-m+fp/hard/crtbegin.o
 .text          0x00000000080001e0       0x10 /usr/local/gcc-arm-none-eabi-8-2018-q4-major/bin/../lib/gcc/arm-none-eabi/8.2.1/../../../../arm-none-eabi/lib/thumb/v7e-m+fp/hard/libc_nano.a(lib_a-strlen.o)
                0x00000000080001e0                strlen
 .text          0x00000000080001f0       0xa0 /usr/local/gcc-arm-none-eabi-8-2018-q4-major/bin/../lib/gcc/arm-none-eabi/8.2.1/../../../../arm-none-eabi/lib/thumb/v7e-m+fp/hard/libc_nano.a(lib_a-memchr.o)
                0x00000000080001f0                memchr
 .text          0x0000000008000290      0x378 /usr/local/gcc-arm-none-eabi-8-2018-q4-major/bin/../lib/gcc/arm-none-eabi/8.2.1/thumb/v7e-m+fp/hard/libgcc.a(_arm_addsubdf3.o)
                0x0000000008000290                __aeabi_drsub
                0x0000000008000298                __subdf3
                0x0000000008000298                __aeabi_dsub
                0x000000000800029c                __aeabi_dadd
                0x000000000800029c                __adddf3
                0x0000000008000514                __aeabi_ui2d
                0x0000000008000514                __floatunsidf
                0x0000000008000534                __floatsidf
                0x0000000008000534                __aeabi_i2d
                0x0000000008000558                __extendsfdf2
                0x0000000008000558                __aeabi_f2d
                0x000000000800059c                __aeabi_ul2d
                0x000000000800059c                __floatundidf
                0x00000000080005ac                __aeabi_l2d
                0x00000000080005ac                __floatdidf
 .text          0x0000000008000608      0x424 /usr/local/gcc-arm-none-eabi-8-2018-q4-major/bin/../lib/gcc/arm-none-eabi/8.2.1/thumb/v7e-m+fp/hard/libgcc.a(_arm_muldivdf3.o)
                0x0000000008000608                __aeabi_dmul
                0x0000000008000608                __muldf3
                0x000000000800085c                __aeabi_ddiv
                0x000000000800085c                __divdf3
 .text          0x0000000008000a2c      0x110 /usr/local/gcc-arm-none-eabi-8-2018-q4-major/bin/../lib/gcc/arm-none-eabi/8.2.1/thumb/v7e-m+fp/hard/libgcc.a(_arm_cmpdf2.o)
                0x0000000008000a2c                __gtdf2
                0x0000000008000a2c                __gedf2
                0x0000000008000a34                __ltdf2
                0x0000000008000a34                __ledf2
                0x0000000008000a3c                __eqdf2
                0x0000000008000a3c                __nedf2
                0x0000000008000a3c                __cmpdf2
                0x0000000008000ab8                __aeabi_cdrcmple
                0x0000000008000ac8                __aeabi_cdcmple
                0x0000000008000ac8                __aeabi_cdcmpeq
                0x0000000008000ad8                __aeabi_dcmpeq
                0x0000000008000aec                __aeabi_dcmplt
                0x0000000008000b00                __aeabi_dcmple
                0x0000000008000b14                __aeabi_dcmpge
                0x0000000008000b28                __aeabi_dcmpgt
 .text          0x0000000008000b3c       0x2c /usr/local/gcc-arm-none-eabi-8-2018-q4-major/bin/../lib/gcc/arm-none-eabi/8.2.1/thumb/v7e-m+fp/hard/libgcc.a(_arm_unorddf2.o)
                0x0000000008000b3c                __aeabi_dcmpun
                0x0000000008000b3c                __unorddf2
 .text          0x0000000008000b68       0x50 /usr/local/gcc-arm-none-eabi-8-2018-q4-major/bin/../lib/gcc/arm-none-eabi/8.2.1/thumb/v7e-m+fp/hard/libgcc.a(_arm_fixdfsi.o)
                0x0000000008000b68                __fixdfsi
                0x0000000008000b68                __aeabi_d2iz
 .text          0x0000000008000bb8       0x3c /usr/local/gcc-arm-none-eabi-8-2018-q4-major/bin/../lib/gcc/arm-none-eabi/8.2.1/thumb/v7e-m+fp/hard/libgcc.a(_fixunsdfdi.o)
                0x0000000008000bb8                __aeabi_d2ulz
                0x0000000008000bb8                __fixunsdfdi
 .text          0x0000000008000bf4       0x40 /usr/local/gcc-arm-none-eabi-8-2018-q4-major/bin/../lib/gcc/arm-none-eabi/8.2.1/thumb/v7e-m+fp/hard/libgcc.a(_arm_fixunsdfsi.o)
                0x0000000008000bf4                __fixunsdfsi
                0x0000000008000bf4                __aeabi_d2uiz
 *(.text*)
 .text.process_frame
                0x0000000008000c34      0x19c build/main.o
                0x0000000008000c34                process_frame
 .text._Error_Handler
                0x0000000008000dd0        0x2 build/main.o
                0x0000000008000dd0                _Error_Handler
 *fill*         0x0000000008000dd2        0x2 
 .text.SystemClock_Config
                0x0000000008000dd4       0xa8 build/main.o
                0x0000000008000dd4                SystemClock_Config
 *fill*         0x0000000008000e7c        0x4 
 .text.main     0x0000000008000e80      0x2b8 build/main.o
                0x0000000008000e80                main
 .text.MX_GPIO_Init
                0x0000000008001138       0xf4 build/gpio.o
                0x0000000008001138                MX_GPIO_Init
 .text.MX_USART2_UART_Init
                0x000000000800122c       0x40 build/usart.o
                0x000000000800122c                MX_USART2_UART_Init
 .text.HAL_UART_MspInit
                0x000000000800126c       0x4c build/usart.o
                0x000000000800126c                HAL_UART_MspInit
 .text.debug_printf
                0x00000000080012b8       0x1c build/usart.o
                0x00000000080012b8                debug_printf
 .text.SysTick_Handler
                0x00000000080012d4        0xc build/stm32f3xx_it.o
                0x00000000080012d4                SysTick_Handler
 .text.DMA1_Channel1_IRQHandler
                0x00000000080012e0       0x10 build/stm32f3xx_it.o
                0x00000000080012e0                DMA1_Channel1_IRQHandler
 .text.DMA2_Channel1_IRQHandler
                0x00000000080012f0       0x10 build/stm32f3xx_it.o
                0x00000000080012f0                DMA2_Channel1_IRQHandler
 .text.SystemInit
                0x0000000008001300       0x68 build/system_stm32f3xx.o
                0x0000000008001300                SystemInit
 .text.HAL_MspInit
                0x0000000008001368       0x7c build/stm32f3xx_hal_msp.o
                0x0000000008001368                HAL_MspInit
 .text.TIM_OC5_SetConfig
                0x00000000080013e4       0x70 build/stm32f3xx_hal_tim_ex.o
 .text.TIM_OC6_SetConfig
                0x0000000008001454       0x74 build/stm32f3xx_hal_tim_ex.o
 .text.HAL_TIM_PWM_ConfigChannel
                0x00000000080014c8      0x134 build/stm32f3xx_hal_tim_ex.o
                0x00000000080014c8                HAL_TIM_PWM_ConfigChannel
 .text.HAL_TIMEx_MasterConfigSynchronization
                0x00000000080015fc       0x60 build/stm32f3xx_hal_tim_ex.o
                0x00000000080015fc                HAL_TIMEx_MasterConfigSynchronization
 .text.HAL_TIMEx_ConfigBreakDeadTime
                0x000000000800165c       0x9c build/stm32f3xx_hal_tim_ex.o
                0x000000000800165c                HAL_TIMEx_ConfigBreakDeadTime
 .text.HAL_InitTick
                0x00000000080016f8       0x4c build/stm32f3xx_hal.o
                0x00000000080016f8                HAL_InitTick
 .text.HAL_Init
                0x0000000008001744       0x24 build/stm32f3xx_hal.o
                0x0000000008001744                HAL_Init
 .text.HAL_IncTick
                0x0000000008001768       0x18 build/stm32f3xx_hal.o
                0x0000000008001768                HAL_IncTick
 .text.HAL_GetTick
                0x0000000008001780        0xc build/stm32f3xx_hal.o
                0x0000000008001780                HAL_GetTick
 .text.HAL_Delay
                0x000000000800178c       0x28 build/stm32f3xx_hal.o
                0x000000000800178c                HAL_Delay
 .text.HAL_NVIC_SetPriorityGrouping
                0x00000000080017b4       0x24 build/stm32f3xx_hal_cortex.o
                0x00000000080017b4                HAL_NVIC_SetPriorityGrouping
 .text.HAL_NVIC_SetPriority
                0x00000000080017d8       0x68 build/stm32f3xx_hal_cortex.o
                0x00000000080017d8                HAL_NVIC_SetPriority
 .text.HAL_NVIC_EnableIRQ
                0x0000000008001840       0x18 build/stm32f3xx_hal_cortex.o
                0x0000000008001840                HAL_NVIC_EnableIRQ
 .text.HAL_SYSTICK_Config
                0x0000000008001858       0x2c build/stm32f3xx_hal_cortex.o
                0x0000000008001858                HAL_SYSTICK_Config
 .text.HAL_SYSTICK_CLKSourceConfig
                0x0000000008001884       0x20 build/stm32f3xx_hal_cortex.o
                0x0000000008001884                HAL_SYSTICK_CLKSourceConfig
 .text.HAL_SYSTICK_Callback
                0x00000000080018a4        0x2 build/stm32f3xx_hal_cortex.o
                0x00000000080018a4                HAL_SYSTICK_Callback
 .text.HAL_SYSTICK_IRQHandler
                0x00000000080018a6        0x8 build/stm32f3xx_hal_cortex.o
                0x00000000080018a6                HAL_SYSTICK_IRQHandler
 *fill*         0x00000000080018ae        0x2 
 .text.HAL_RCC_OscConfig
                0x00000000080018b0      0x600 build/stm32f3xx_hal_rcc.o
                0x00000000080018b0                HAL_RCC_OscConfig
 .text.HAL_RCC_GetSysClockFreq
                0x0000000008001eb0       0x70 build/stm32f3xx_hal_rcc.o
                0x0000000008001eb0                HAL_RCC_GetSysClockFreq
 .text.HAL_RCC_ClockConfig
                0x0000000008001f20      0x1d8 build/stm32f3xx_hal_rcc.o
                0x0000000008001f20                HAL_RCC_ClockConfig
 .text.HAL_RCC_GetHCLKFreq
                0x00000000080020f8        0xc build/stm32f3xx_hal_rcc.o
                0x00000000080020f8                HAL_RCC_GetHCLKFreq
 .text.HAL_RCC_GetPCLK1Freq
                0x0000000008002104       0x2c build/stm32f3xx_hal_rcc.o
                0x0000000008002104                HAL_RCC_GetPCLK1Freq
 .text.HAL_RCC_GetPCLK2Freq
                0x0000000008002130       0x2c build/stm32f3xx_hal_rcc.o
                0x0000000008002130                HAL_RCC_GetPCLK2Freq
 .text.DMA_SetConfig
                0x000000000800215c       0x2c build/stm32f3xx_hal_dma.o
 .text.DMA_CalcBaseAndBitshift
                0x0000000008002188       0x4c build/stm32f3xx_hal_dma.o
 .text.HAL_DMA_Init
                0x00000000080021d4       0x58 build/stm32f3xx_hal_dma.o
                0x00000000080021d4                HAL_DMA_Init
 .text.HAL_DMA_Start_IT
                0x000000000800222c       0x74 build/stm32f3xx_hal_dma.o
                0x000000000800222c                HAL_DMA_Start_IT
 .text.HAL_DMA_Abort
                0x00000000080022a0       0x2e build/stm32f3xx_hal_dma.o
                0x00000000080022a0                HAL_DMA_Abort
 .text.HAL_DMA_IRQHandler
                0x00000000080022ce       0xb4 build/stm32f3xx_hal_dma.o
                0x00000000080022ce                HAL_DMA_IRQHandler
 *fill*         0x0000000008002382        0x2 
 .text.TIM_Base_SetConfig
                0x0000000008002384       0xd0 build/stm32f3xx_hal_tim.o
                0x0000000008002384                TIM_Base_SetConfig
 .text.HAL_TIM_PWM_Init
                0x0000000008002454       0x34 build/stm32f3xx_hal_tim.o
                0x0000000008002454                HAL_TIM_PWM_Init
 .text.TIM_OC1_SetConfig
                0x0000000008002488       0xac build/stm32f3xx_hal_tim.o
                0x0000000008002488                TIM_OC1_SetConfig
 .text.TIM_OC2_SetConfig
                0x0000000008002534       0x9c build/stm32f3xx_hal_tim.o
                0x0000000008002534                TIM_OC2_SetConfig
 .text.TIM_OC3_SetConfig
                0x00000000080025d0       0x9c build/stm32f3xx_hal_tim.o
                0x00000000080025d0                TIM_OC3_SetConfig
 .text.TIM_OC4_SetConfig
                0x000000000800266c       0x74 build/stm32f3xx_hal_tim.o
                0x000000000800266c                TIM_OC4_SetConfig
 .text.TIM_CCxChannelCmd
                0x00000000080026e0       0x1e build/stm32f3xx_hal_tim.o
                0x00000000080026e0                TIM_CCxChannelCmd
 *fill*         0x00000000080026fe        0x2 
 .text.HAL_TIM_PWM_Start
                0x0000000008002700       0x58 build/stm32f3xx_hal_tim.o
                0x0000000008002700                HAL_TIM_PWM_Start
 .text.HAL_TIM_PWM_Stop
                0x0000000008002758       0x84 build/stm32f3xx_hal_tim.o
                0x0000000008002758                HAL_TIM_PWM_Stop
 .text.HAL_RCCEx_PeriphCLKConfig
                0x00000000080027dc      0x2fc build/stm32f3xx_hal_rcc_ex.o
                0x00000000080027dc                HAL_RCCEx_PeriphCLKConfig
 .text.HAL_GPIO_Init
                0x0000000008002ad8      0x1ac build/stm32f3xx_hal_gpio.o
                0x0000000008002ad8                HAL_GPIO_Init
 .text.HAL_GPIO_WritePin
                0x0000000008002c84        0xa build/stm32f3xx_hal_gpio.o
                0x0000000008002c84                HAL_GPIO_WritePin
 *fill*         0x0000000008002c8e        0x2 
 .text.UART_SetConfig
                0x0000000008002c90      0x2b0 build/stm32f3xx_hal_uart.o
                0x0000000008002c90                UART_SetConfig
 .text.UART_AdvFeatureConfig
                0x0000000008002f40       0xca build/stm32f3xx_hal_uart.o
                0x0000000008002f40                UART_AdvFeatureConfig
 .text.UART_WaitOnFlagUntilTimeout
                0x000000000800300a       0x62 build/stm32f3xx_hal_uart.o
                0x000000000800300a                UART_WaitOnFlagUntilTimeout
 .text.HAL_UART_Transmit
                0x000000000800306c       0xce build/stm32f3xx_hal_uart.o
                0x000000000800306c                HAL_UART_Transmit
 .text.UART_CheckIdleState
                0x000000000800313a       0x70 build/stm32f3xx_hal_uart.o
                0x000000000800313a                UART_CheckIdleState
 .text.HAL_UART_Init
                0x00000000080031aa       0x66 build/stm32f3xx_hal_uart.o
                0x00000000080031aa                HAL_UART_Init
 .text.MX_ADC1_Init
                0x0000000008003210       0x94 build/adc.o
                0x0000000008003210                MX_ADC1_Init
 .text.MX_ADC2_Init
                0x00000000080032a4       0xb8 build/adc.o
                0x00000000080032a4                MX_ADC2_Init
 .text.HAL_ADC_MspInit
                0x000000000800335c      0x134 build/adc.o
                0x000000000800335c                HAL_ADC_MspInit
 .text.HAL_ADC_ConvHalfCpltCallback
                0x0000000008003490       0x18 build/adc.o
                0x0000000008003490                HAL_ADC_ConvHalfCpltCallback
 .text.HAL_ADC_ConvCpltCallback
                0x00000000080034a8       0x18 build/adc.o
                0x00000000080034a8                HAL_ADC_ConvCpltCallback
 .text.start_ADCs
                0x00000000080034c0       0x50 build/adc.o
                0x00000000080034c0                start_ADCs
 .text.HAL_ADC_ErrorCallback
                0x0000000008003510        0x2 build/stm32f3xx_hal_adc.o
                0x0000000008003510                HAL_ADC_ErrorCallback
 .text.ADC_Disable
                0x0000000008003512       0x7e build/stm32f3xx_hal_adc_ex.o
 .text.ADC_ConversionStop
                0x0000000008003590       0xd8 build/stm32f3xx_hal_adc_ex.o
 .text.ADC_Enable
                0x0000000008003668       0x78 build/stm32f3xx_hal_adc_ex.o
 .text.ADC_DMAError
                0x00000000080036e0       0x1a build/stm32f3xx_hal_adc_ex.o
 .text.ADC_DMAHalfConvCplt
                0x00000000080036fa        0xa build/stm32f3xx_hal_adc_ex.o
 .text.ADC_DMAConvCplt
                0x0000000008003704       0x4a build/stm32f3xx_hal_adc_ex.o
 *fill*         0x000000000800374e        0x2 
 .text.HAL_ADC_Init
                0x0000000008003750      0x2b4 build/stm32f3xx_hal_adc_ex.o
                0x0000000008003750                HAL_ADC_Init
 .text.HAL_ADC_Start_DMA
                0x0000000008003a04      0x184 build/stm32f3xx_hal_adc_ex.o
                0x0000000008003a04                HAL_ADC_Start_DMA
 .text.HAL_ADC_Stop_DMA
                0x0000000008003b88       0x78 build/stm32f3xx_hal_adc_ex.o
                0x0000000008003b88                HAL_ADC_Stop_DMA
 .text.HAL_ADC_ConfigChannel
                0x0000000008003c00      0x3a8 build/stm32f3xx_hal_adc_ex.o
                0x0000000008003c00                HAL_ADC_ConfigChannel
 .text.HAL_ADCEx_MultiModeConfigChannel
                0x0000000008003fa8      0x158 build/stm32f3xx_hal_adc_ex.o
                0x0000000008003fa8                HAL_ADCEx_MultiModeConfigChannel
 .text.MX_DMA_Init
                0x0000000008004100       0x54 build/dma.o
                0x0000000008004100                MX_DMA_Init
 .text.HAL_TIM_PWM_MspInit
                0x0000000008004154       0x2c build/tim.o
                0x0000000008004154                HAL_TIM_PWM_MspInit
 .text.HAL_TIM_MspPostInit
                0x0000000008004180       0x38 build/tim.o
                0x0000000008004180                HAL_TIM_MspPostInit
 .text.MX_TIM8_Init
                0x00000000080041b8       0xc8 build/tim.o
                0x00000000080041b8                MX_TIM8_Init
 .text.pulse_tim8_ch2
                0x0000000008004280       0x28 build/tim.o
                0x0000000008004280                pulse_tim8_ch2
 .text.MX_OPAMP2_Init
                0x00000000080042a8       0x34 build/opamp.o
                0x00000000080042a8                MX_OPAMP2_Init
 .text.HAL_OPAMP_MspInit
                0x00000000080042dc       0x30 build/opamp.o
                0x00000000080042dc                HAL_OPAMP_MspInit
 .text.HAL_OPAMP_Init
                0x000000000800430c       0xdc build/stm32f3xx_hal_opamp.o
                0x000000000800430c                HAL_OPAMP_Init
 .text.HAL_OPAMP_Start
                0x00000000080043e8       0x36 build/stm32f3xx_hal_opamp.o
                0x00000000080043e8                HAL_OPAMP_Start
 *fill*         0x000000000800441e        0x2 
 .text.Reset_Handler
                0x0000000008004420       0x50 build/startup_stm32f303xe.o
                0x0000000008004420                Reset_Handler
 .text.Default_Handler
                0x0000000008004470        0x2 build/startup_stm32f303xe.o
                0x0000000008004470                TIM1_BRK_TIM15_IRQHandler
                0x0000000008004470                TIM8_TRG_COM_IRQHandler
                0x0000000008004470                TIM8_CC_IRQHandler
                0x0000000008004470                DebugMon_Handler
                0x0000000008004470                SPI4_IRQHandler
                0x0000000008004470                TIM1_CC_IRQHandler
                0x0000000008004470                HardFault_Handler
                0x0000000008004470                USB_HP_IRQHandler
                0x0000000008004470                PVD_IRQHandler
                0x0000000008004470                TAMP_STAMP_IRQHandler
                0x0000000008004470                PendSV_Handler
                0x0000000008004470                NMI_Handler
                0x0000000008004470                EXTI3_IRQHandler
                0x0000000008004470                I2C3_ER_IRQHandler
                0x0000000008004470                USB_HP_CAN_TX_IRQHandler
                0x0000000008004470                EXTI0_IRQHandler
                0x0000000008004470                I2C2_EV_IRQHandler
                0x0000000008004470                FPU_IRQHandler
                0x0000000008004470                TIM1_UP_TIM16_IRQHandler
                0x0000000008004470                UsageFault_Handler
                0x0000000008004470                ADC1_2_IRQHandler
                0x0000000008004470                SPI1_IRQHandler
                0x0000000008004470                CAN_SCE_IRQHandler
                0x0000000008004470                TIM6_DAC_IRQHandler
                0x0000000008004470                TIM8_UP_IRQHandler
                0x0000000008004470                DMA2_Channel2_IRQHandler
                0x0000000008004470                DMA1_Channel4_IRQHandler
                0x0000000008004470                TIM20_TRG_COM_IRQHandler
                0x0000000008004470                USART3_IRQHandler
                0x0000000008004470                DMA1_Channel7_IRQHandler
                0x0000000008004470                UART5_IRQHandler
                0x0000000008004470                ADC3_IRQHandler
                0x0000000008004470                TIM4_IRQHandler
                0x0000000008004470                CAN_RX1_IRQHandler
                0x0000000008004470                I2C1_EV_IRQHandler
                0x0000000008004470                DMA1_Channel6_IRQHandler
                0x0000000008004470                UART4_IRQHandler
                0x0000000008004470                DMA2_Channel4_IRQHandler
                0x0000000008004470                TIM3_IRQHandler
                0x0000000008004470                RCC_IRQHandler
                0x0000000008004470                TIM20_UP_IRQHandler
                0x0000000008004470                Default_Handler
                0x0000000008004470                USBWakeUp_RMP_IRQHandler
                0x0000000008004470                EXTI15_10_IRQHandler
                0x0000000008004470                TIM7_IRQHandler
                0x0000000008004470                I2C3_EV_IRQHandler
                0x0000000008004470                EXTI9_5_IRQHandler
                0x0000000008004470                RTC_WKUP_IRQHandler
                0x0000000008004470                SPI2_IRQHandler
                0x0000000008004470                USB_LP_CAN_RX0_IRQHandler
                0x0000000008004470                MemManage_Handler
                0x0000000008004470                SVC_Handler
                0x0000000008004470                DMA2_Channel5_IRQHandler
                0x0000000008004470                DMA1_Channel5_IRQHandler
                0x0000000008004470                USB_LP_IRQHandler
                0x0000000008004470                EXTI4_IRQHandler
                0x0000000008004470                TIM1_TRG_COM_TIM17_IRQHandler
                0x0000000008004470                DMA1_Channel3_IRQHandler
                0x0000000008004470                ADC4_IRQHandler
                0x0000000008004470                WWDG_IRQHandler
                0x0000000008004470                TIM2_IRQHandler
                0x0000000008004470                COMP7_IRQHandler
                0x0000000008004470                COMP1_2_3_IRQHandler
                0x0000000008004470                EXTI1_IRQHandler
                0x0000000008004470                USART2_IRQHandler
                0x0000000008004470                COMP4_5_6_IRQHandler
                0x0000000008004470                TIM20_BRK_IRQHandler
                0x0000000008004470                I2C2_ER_IRQHandler
                0x0000000008004470                DMA1_Channel2_IRQHandler
                0x0000000008004470                TIM8_BRK_IRQHandler
                0x0000000008004470                FLASH_IRQHandler
                0x0000000008004470                TIM20_CC_IRQHandler
                0x0000000008004470                BusFault_Handler
                0x0000000008004470                USART1_IRQHandler
                0x0000000008004470                SPI3_IRQHandler
                0x0000000008004470                I2C1_ER_IRQHandler
                0x0000000008004470                FMC_IRQHandler
                0x0000000008004470                USBWakeUp_IRQHandler
                0x0000000008004470                DMA2_Channel3_IRQHandler
                0x0000000008004470                EXTI2_TSC_IRQHandler
                0x0000000008004470                RTC_Alarm_IRQHandler
 *fill*         0x0000000008004472        0x2 
 .text.__libc_init_array
                0x0000000008004474       0x48 /usr/local/gcc-arm-none-eabi-8-2018-q4-major/bin/../lib/gcc/arm-none-eabi/8.2.1/../../../../arm-none-eabi/lib/thumb/v7e-m+fp/hard/libc_nano.a(lib_a-init.o)
                0x0000000008004474                __libc_init_array
 .text.memset   0x00000000080044bc       0x10 /usr/local/gcc-arm-none-eabi-8-2018-q4-major/bin/../lib/gcc/arm-none-eabi/8.2.1/../../../../arm-none-eabi/lib/thumb/v7e-m+fp/hard/libc_nano.a(lib_a-memset.o)
                0x00000000080044bc                memset
 .text.__cvt    0x00000000080044cc       0xba /usr/local/gcc-arm-none-eabi-8-2018-q4-major/bin/../lib/gcc/arm-none-eabi/8.2.1/../../../../arm-none-eabi/lib/thumb/v7e-m+fp/hard/libc_nano.a(lib_a-nano-vfprintf_float.o)
                0x00000000080044cc                __cvt
 .text.__exponent
                0x0000000008004586       0x64 /usr/local/gcc-arm-none-eabi-8-2018-q4-major/bin/../lib/gcc/arm-none-eabi/8.2.1/../../../../arm-none-eabi/lib/thumb/v7e-m+fp/hard/libc_nano.a(lib_a-nano-vfprintf_float.o)
                0x0000000008004586                __exponent
 *fill*         0x00000000080045ea        0x2 
 .text._printf_float
                0x00000000080045ec      0x45c /usr/local/gcc-arm-none-eabi-8-2018-q4-major/bin/../lib/gcc/arm-none-eabi/8.2.1/../../../../arm-none-eabi/lib/thumb/v7e-m+fp/hard/libc_nano.a(lib_a-nano-vfprintf_float.o)
                0x00000000080045ec                _printf_float
 .text._printf_common
                0x0000000008004a48       0xea /usr/local/gcc-arm-none-eabi-8-2018-q4-major/bin/../lib/gcc/arm-none-eabi/8.2.1/../../../../arm-none-eabi/lib/thumb/v7e-m+fp/hard/libc_nano.a(lib_a-nano-vfprintf_i.o)
                0x0000000008004a48                _printf_common
 *fill*         0x0000000008004b32        0x2 
 .text._printf_i
                0x0000000008004b34      0x228 /usr/local/gcc-arm-none-eabi-8-2018-q4-major/bin/../lib/gcc/arm-none-eabi/8.2.1/../../../../arm-none-eabi/lib/thumb/v7e-m+fp/hard/libc_nano.a(lib_a-nano-vfprintf_i.o)
                0x0000000008004b34                _printf_i
 .text.sprintf  0x0000000008004d5c       0x40 /usr/local/gcc-arm-none-eabi-8-2018-q4-major/bin/../lib/gcc/arm-none-eabi/8.2.1/../../../../arm-none-eabi/lib/thumb/v7e-m+fp/hard/libc_nano.a(lib_a-sprintf.o)
                0x0000000008004d5c                sprintf
                0x0000000008004d5c                siprintf
 .text.quorem   0x0000000008004d9c      0x112 /usr/local/gcc-arm-none-eabi-8-2018-q4-major/bin/../lib/gcc/arm-none-eabi/8.2.1/../../../../arm-none-eabi/lib/thumb/v7e-m+fp/hard/libc_nano.a(lib_a-dtoa.o)
 *fill*         0x0000000008004eae        0x2 
 .text._dtoa_r  0x0000000008004eb0      0xb74 /usr/local/gcc-arm-none-eabi-8-2018-q4-major/bin/../lib/gcc/arm-none-eabi/8.2.1/../../../../arm-none-eabi/lib/thumb/v7e-m+fp/hard/libc_nano.a(lib_a-dtoa.o)
                0x0000000008004eb0                _dtoa_r
 .text._localeconv_r
                0x0000000008005a24        0x8 /usr/local/gcc-arm-none-eabi-8-2018-q4-major/bin/../lib/gcc/arm-none-eabi/8.2.1/../../../../arm-none-eabi/lib/thumb/v7e-m+fp/hard/libc_nano.a(lib_a-localeconv.o)
                0x0000000008005a24                _localeconv_r
 .text.malloc   0x0000000008005a2c       0x10 /usr/local/gcc-arm-none-eabi-8-2018-q4-major/bin/../lib/gcc/arm-none-eabi/8.2.1/../../../../arm-none-eabi/lib/thumb/v7e-m+fp/hard/libc_nano.a(lib_a-malloc.o)
                0x0000000008005a2c                malloc
 .text.memcpy   0x0000000008005a3c       0x1c /usr/local/gcc-arm-none-eabi-8-2018-q4-major/bin/../lib/gcc/arm-none-eabi/8.2.1/../../../../arm-none-eabi/lib/thumb/v7e-m+fp/hard/libc_nano.a(lib_a-memcpy-stub.o)
                0x0000000008005a3c                memcpy
 .text._Balloc  0x0000000008005a58       0x68 /usr/local/gcc-arm-none-eabi-8-2018-q4-major/bin/../lib/gcc/arm-none-eabi/8.2.1/../../../../arm-none-eabi/lib/thumb/v7e-m+fp/hard/libc_nano.a(lib_a-mprec.o)
                0x0000000008005a58                _Balloc
 .text._Bfree   0x0000000008005ac0       0x2e /usr/local/gcc-arm-none-eabi-8-2018-q4-major/bin/../lib/gcc/arm-none-eabi/8.2.1/../../../../arm-none-eabi/lib/thumb/v7e-m+fp/hard/libc_nano.a(lib_a-mprec.o)
                0x0000000008005ac0                _Bfree
 .text.__multadd
                0x0000000008005aee       0x76 /usr/local/gcc-arm-none-eabi-8-2018-q4-major/bin/../lib/gcc/arm-none-eabi/8.2.1/../../../../arm-none-eabi/lib/thumb/v7e-m+fp/hard/libc_nano.a(lib_a-mprec.o)
                0x0000000008005aee                __multadd
 .text.__hi0bits
                0x0000000008005b64       0x40 /usr/local/gcc-arm-none-eabi-8-2018-q4-major/bin/../lib/gcc/arm-none-eabi/8.2.1/../../../../arm-none-eabi/lib/thumb/v7e-m+fp/hard/libc_nano.a(lib_a-mprec.o)
                0x0000000008005b64                __hi0bits
 .text.__lo0bits
                0x0000000008005ba4       0x60 /usr/local/gcc-arm-none-eabi-8-2018-q4-major/bin/../lib/gcc/arm-none-eabi/8.2.1/../../../../arm-none-eabi/lib/thumb/v7e-m+fp/hard/libc_nano.a(lib_a-mprec.o)
                0x0000000008005ba4                __lo0bits
 .text.__i2b    0x0000000008005c04       0x12 /usr/local/gcc-arm-none-eabi-8-2018-q4-major/bin/../lib/gcc/arm-none-eabi/8.2.1/../../../../arm-none-eabi/lib/thumb/v7e-m+fp/hard/libc_nano.a(lib_a-mprec.o)
                0x0000000008005c04                __i2b
 .text.__multiply
                0x0000000008005c16      0x120 /usr/local/gcc-arm-none-eabi-8-2018-q4-major/bin/../lib/gcc/arm-none-eabi/8.2.1/../../../../arm-none-eabi/lib/thumb/v7e-m+fp/hard/libc_nano.a(lib_a-mprec.o)
                0x0000000008005c16                __multiply
 *fill*         0x0000000008005d36        0x2 
 .text.__pow5mult
                0x0000000008005d38       0x9c /usr/local/gcc-arm-none-eabi-8-2018-q4-major/bin/../lib/gcc/arm-none-eabi/8.2.1/../../../../arm-none-eabi/lib/thumb/v7e-m+fp/hard/libc_nano.a(lib_a-mprec.o)
                0x0000000008005d38                __pow5mult
 .text.__lshift
                0x0000000008005dd4       0xa6 /usr/local/gcc-arm-none-eabi-8-2018-q4-major/bin/../lib/gcc/arm-none-eabi/8.2.1/../../../../arm-none-eabi/lib/thumb/v7e-m+fp/hard/libc_nano.a(lib_a-mprec.o)
                0x0000000008005dd4                __lshift
 .text.__mcmp   0x0000000008005e7a       0x34 /usr/local/gcc-arm-none-eabi-8-2018-q4-major/bin/../lib/gcc/arm-none-eabi/8.2.1/../../../../arm-none-eabi/lib/thumb/v7e-m+fp/hard/libc_nano.a(lib_a-mprec.o)
                0x0000000008005e7a                __mcmp
 .text.__mdiff  0x0000000008005eae       0xba /usr/local/gcc-arm-none-eabi-8-2018-q4-major/bin/../lib/gcc/arm-none-eabi/8.2.1/../../../../arm-none-eabi/lib/thumb/v7e-m+fp/hard/libc_nano.a(lib_a-mprec.o)
                0x0000000008005eae                __mdiff
 .text.__d2b    0x0000000008005f68       0x9c /usr/local/gcc-arm-none-eabi-8-2018-q4-major/bin/../lib/gcc/arm-none-eabi/8.2.1/../../../../arm-none-eabi/lib/thumb/v7e-m+fp/hard/libc_nano.a(lib_a-mprec.o)
                0x0000000008005f68                __d2b
 .text._calloc_r
                0x0000000008006004       0x1c /usr/local/gcc-arm-none-eabi-8-2018-q4-major/bin/../lib/gcc/arm-none-eabi/8.2.1/../../../../arm-none-eabi/lib/thumb/v7e-m+fp/hard/libc_nano.a(lib_a-nano-callocr.o)
                0x0000000008006004                _calloc_r
 .text._free_r  0x0000000008006020       0x9c /usr/local/gcc-arm-none-eabi-8-2018-q4-major/bin/../lib/gcc/arm-none-eabi/8.2.1/../../../../arm-none-eabi/lib/thumb/v7e-m+fp/hard/libc_nano.a(lib_a-nano-freer.o)
                0x0000000008006020                _free_r
 .text._malloc_r
                0x00000000080060bc       0xb4 /usr/local/gcc-arm-none-eabi-8-2018-q4-major/bin/../lib/gcc/arm-none-eabi/8.2.1/../../../../arm-none-eabi/lib/thumb/v7e-m+fp/hard/libc_nano.a(lib_a-nano-mallocr.o)
                0x00000000080060bc                _malloc_r
 .text.__ssputs_r
                0x0000000008006170       0xb6 /usr/local/gcc-arm-none-eabi-8-2018-q4-major/bin/../lib/gcc/arm-none-eabi/8.2.1/../../../../arm-none-eabi/lib/thumb/v7e-m+fp/hard/libc_nano.a(lib_a-nano-svfprintf.o)
                0x0000000008006170                __ssputs_r
 *fill*         0x0000000008006226        0x2 
 .text._svfprintf_r
                0x0000000008006228      0x1f0 /usr/local/gcc-arm-none-eabi-8-2018-q4-major/bin/../lib/gcc/arm-none-eabi/8.2.1/../../../../arm-none-eabi/lib/thumb/v7e-m+fp/hard/libc_nano.a(lib_a-nano-svfprintf.o)
                0x0000000008006228                _svfprintf_r
                0x0000000008006228                _svfiprintf_r
 .text._sbrk_r  0x0000000008006418       0x20 /usr/local/gcc-arm-none-eabi-8-2018-q4-major/bin/../lib/gcc/arm-none-eabi/8.2.1/../../../../arm-none-eabi/lib/thumb/v7e-m+fp/hard/libc_nano.a(lib_a-sbrkr.o)
                0x0000000008006418                _sbrk_r
 .text.__ascii_mbtowc
                0x0000000008006438       0x24 /usr/local/gcc-arm-none-eabi-8-2018-q4-major/bin/../lib/gcc/arm-none-eabi/8.2.1/../../../../arm-none-eabi/lib/thumb/v7e-m+fp/hard/libc_nano.a(lib_a-mbtowc_r.o)
                0x0000000008006438                __ascii_mbtowc
 .text.memmove  0x000000000800645c       0x34 /usr/local/gcc-arm-none-eabi-8-2018-q4-major/bin/../lib/gcc/arm-none-eabi/8.2.1/../../../../arm-none-eabi/lib/thumb/v7e-m+fp/hard/libc_nano.a(lib_a-memmove.o)
                0x000000000800645c                memmove
 .text.__malloc_lock
                0x0000000008006490        0xc /usr/local/gcc-arm-none-eabi-8-2018-q4-major/bin/../lib/gcc/arm-none-eabi/8.2.1/../../../../arm-none-eabi/lib/thumb/v7e-m+fp/hard/libc_nano.a(lib_a-mlock.o)
                0x0000000008006490                __malloc_lock
 .text.__malloc_unlock
                0x000000000800649c        0xc /usr/local/gcc-arm-none-eabi-8-2018-q4-major/bin/../lib/gcc/arm-none-eabi/8.2.1/../../../../arm-none-eabi/lib/thumb/v7e-m+fp/hard/libc_nano.a(lib_a-mlock.o)
                0x000000000800649c                __malloc_unlock
 .text._realloc_r
                0x00000000080064a8       0x4c /usr/local/gcc-arm-none-eabi-8-2018-q4-major/bin/../lib/gcc/arm-none-eabi/8.2.1/../../../../arm-none-eabi/lib/thumb/v7e-m+fp/hard/libc_nano.a(lib_a-nano-reallocr.o)
                0x00000000080064a8                _realloc_r
 .text.__ascii_wctomb
                0x00000000080064f4       0x1a /usr/local/gcc-arm-none-eabi-8-2018-q4-major/bin/../lib/gcc/arm-none-eabi/8.2.1/../../../../arm-none-eabi/lib/thumb/v7e-m+fp/hard/libc_nano.a(lib_a-wctomb_r.o)
                0x00000000080064f4                __ascii_wctomb
 .text.__retarget_lock_acquire_recursive
                0x000000000800650e        0x2 /usr/local/gcc-arm-none-eabi-8-2018-q4-major/bin/../lib/gcc/arm-none-eabi/8.2.1/../../../../arm-none-eabi/lib/thumb/v7e-m+fp/hard/libc_nano.a(lib_a-lock.o)
                0x000000000800650e                __retarget_lock_acquire_recursive
 .text.__retarget_lock_release_recursive
                0x0000000008006510        0x2 /usr/local/gcc-arm-none-eabi-8-2018-q4-major/bin/../lib/gcc/arm-none-eabi/8.2.1/../../../../arm-none-eabi/lib/thumb/v7e-m+fp/hard/libc_nano.a(lib_a-lock.o)
                0x0000000008006510                __retarget_lock_release_recursive
 .text._malloc_usable_size_r
                0x0000000008006512       0x10 /usr/local/gcc-arm-none-eabi-8-2018-q4-major/bin/../lib/gcc/arm-none-eabi/8.2.1/../../../../arm-none-eabi/lib/thumb/v7e-m+fp/hard/libc_nano.a(lib_a-nano-msizer.o)
                0x0000000008006512                _malloc_usable_size_r
 *fill*         0x0000000008006522        0x2 
 .text.sqrt     0x0000000008006524       0xbc /usr/local/gcc-arm-none-eabi-8-2018-q4-major/bin/../lib/gcc/arm-none-eabi/8.2.1/../../../../arm-none-eabi/lib/thumb/v7e-m+fp/hard/libm.a(lib_a-w_sqrt.o)
                0x0000000008006524                sqrt
 .text.__ieee754_sqrt
                0x00000000080065e0      0x198 /usr/local/gcc-arm-none-eabi-8-2018-q4-major/bin/../lib/gcc/arm-none-eabi/8.2.1/../../../../arm-none-eabi/lib/thumb/v7e-m+fp/hard/libm.a(lib_a-e_sqrt.o)
                0x00000000080065e0                __ieee754_sqrt
 .text.matherr  0x0000000008006778        0x4 /usr/local/gcc-arm-none-eabi-8-2018-q4-major/bin/../lib/gcc/arm-none-eabi/8.2.1/../../../../arm-none-eabi/lib/thumb/v7e-m+fp/hard/libm.a(lib_a-s_matherr.o)
                0x0000000008006778                matherr
 .text._sbrk    0x000000000800677c       0x1c /usr/local/gcc-arm-none-eabi-8-2018-q4-major/bin/../lib/gcc/arm-none-eabi/8.2.1/../../../../arm-none-eabi/lib/thumb/v7e-m+fp/hard/libnosys.a(sbrk.o)
                0x000000000800677c                _sbrk
 .text.__errno  0x0000000008006798        0xc /usr/local/gcc-arm-none-eabi-8-2018-q4-major/bin/../lib/gcc/arm-none-eabi/8.2.1/../../../../arm-none-eabi/lib/thumb/v7e-m+fp/hard/libc_nano.a(lib_a-errno.o)
                0x0000000008006798                __errno
 *(.glue_7)
 .glue_7        0x00000000080067a4        0x0 linker stubs
 *(.glue_7t)
 .glue_7t       0x00000000080067a4        0x0 linker stubs
 *(.eh_frame)
 .eh_frame      0x00000000080067a4        0x0 /usr/local/gcc-arm-none-eabi-8-2018-q4-major/bin/../lib/gcc/arm-none-eabi/8.2.1/thumb/v7e-m+fp/hard/crtbegin.o
 *(.init)
 .init          0x00000000080067a4        0x4 /usr/local/gcc-arm-none-eabi-8-2018-q4-major/bin/../lib/gcc/arm-none-eabi/8.2.1/thumb/v7e-m+fp/hard/crti.o
                0x00000000080067a4                _init
 .init          0x00000000080067a8        0x8 /usr/local/gcc-arm-none-eabi-8-2018-q4-major/bin/../lib/gcc/arm-none-eabi/8.2.1/thumb/v7e-m+fp/hard/crtn.o
 *(.fini)
 .fini          0x00000000080067b0        0x4 /usr/local/gcc-arm-none-eabi-8-2018-q4-major/bin/../lib/gcc/arm-none-eabi/8.2.1/thumb/v7e-m+fp/hard/crti.o
                0x00000000080067b0                _fini
 .fini          0x00000000080067b4        0x8 /usr/local/gcc-arm-none-eabi-8-2018-q4-major/bin/../lib/gcc/arm-none-eabi/8.2.1/thumb/v7e-m+fp/hard/crtn.o
                0x00000000080067bc                . = ALIGN (0x4)
                0x00000000080067bc                _etext = .

.vfp11_veneer   0x00000000080067bc        0x0
 .vfp11_veneer  0x00000000080067bc        0x0 linker stubs

.v4_bx          0x00000000080067bc        0x0
 .v4_bx         0x00000000080067bc        0x0 linker stubs

.iplt           0x00000000080067bc        0x0
 .iplt          0x00000000080067bc        0x0 /usr/local/gcc-arm-none-eabi-8-2018-q4-major/bin/../lib/gcc/arm-none-eabi/8.2.1/thumb/v7e-m+fp/hard/crtbegin.o

.rodata         0x00000000080067c0      0x320
                0x00000000080067c0                . = ALIGN (0x4)
 *(.rodata)
 *(.rodata*)
 .rodata.SystemClock_Config.str1.4
                0x00000000080067c0        0xb build/main.o
 *fill*         0x00000000080067cb        0x1 
 .rodata.main.str1.4
                0x00000000080067cc       0x47 build/main.o
 *fill*         0x0000000008006813        0x1 
 .rodata.MX_USART2_UART_Init.str1.4
                0x0000000008006814        0xc build/usart.o
 .rodata.AHBPrescTable
                0x0000000008006820       0x10 build/system_stm32f3xx.o
                0x0000000008006820                AHBPrescTable
 .rodata.APBPrescTable
                0x0000000008006830        0x8 build/system_stm32f3xx.o
                0x0000000008006830                APBPrescTable
 .rodata.aPLLMULFactorTable
                0x0000000008006838       0x10 build/stm32f3xx_hal_rcc.o
                0x0000000008006838                aPLLMULFactorTable
 .rodata.aPredivFactorTable
                0x0000000008006848       0x10 build/stm32f3xx_hal_rcc.o
                0x0000000008006848                aPredivFactorTable
 .rodata.MX_ADC1_Init.str1.4
                0x0000000008006858        0xa build/adc.o
 *fill*         0x0000000008006862        0x2 
 .rodata.MX_TIM8_Init.str1.4
                0x0000000008006864        0xa build/tim.o
 *fill*         0x000000000800686e        0x2 
 .rodata.MX_OPAMP2_Init.str1.4
                0x0000000008006870        0xc build/opamp.o
 .rodata._printf_float.str1.1
                0x000000000800687c       0x12 /usr/local/gcc-arm-none-eabi-8-2018-q4-major/bin/../lib/gcc/arm-none-eabi/8.2.1/../../../../arm-none-eabi/lib/thumb/v7e-m+fp/hard/libc_nano.a(lib_a-nano-vfprintf_float.o)
 .rodata._printf_i.str1.1
                0x000000000800688e       0x22 /usr/local/gcc-arm-none-eabi-8-2018-q4-major/bin/../lib/gcc/arm-none-eabi/8.2.1/../../../../arm-none-eabi/lib/thumb/v7e-m+fp/hard/libc_nano.a(lib_a-nano-vfprintf_i.o)
 .rodata._dtoa_r.str1.1
                0x00000000080068b0        0xd /usr/local/gcc-arm-none-eabi-8-2018-q4-major/bin/../lib/gcc/arm-none-eabi/8.2.1/../../../../arm-none-eabi/lib/thumb/v7e-m+fp/hard/libc_nano.a(lib_a-dtoa.o)
                                          0xf (size before relaxing)
 *fill*         0x00000000080068bd        0x3 
 .rodata.__mprec_bigtens
                0x00000000080068c0       0x28 /usr/local/gcc-arm-none-eabi-8-2018-q4-major/bin/../lib/gcc/arm-none-eabi/8.2.1/../../../../arm-none-eabi/lib/thumb/v7e-m+fp/hard/libc_nano.a(lib_a-mprec.o)
                0x00000000080068c0                __mprec_bigtens
 .rodata.__mprec_tens
                0x00000000080068e8       0xc8 /usr/local/gcc-arm-none-eabi-8-2018-q4-major/bin/../lib/gcc/arm-none-eabi/8.2.1/../../../../arm-none-eabi/lib/thumb/v7e-m+fp/hard/libc_nano.a(lib_a-mprec.o)
                0x00000000080068e8                __mprec_tens
 .rodata.p05.7454
                0x00000000080069b0        0xc /usr/local/gcc-arm-none-eabi-8-2018-q4-major/bin/../lib/gcc/arm-none-eabi/8.2.1/../../../../arm-none-eabi/lib/thumb/v7e-m+fp/hard/libc_nano.a(lib_a-mprec.o)
 .rodata._svfprintf_r.str1.1
                0x00000000080069bc       0x11 /usr/local/gcc-arm-none-eabi-8-2018-q4-major/bin/../lib/gcc/arm-none-eabi/8.2.1/../../../../arm-none-eabi/lib/thumb/v7e-m+fp/hard/libc_nano.a(lib_a-nano-svfprintf.o)
 .rodata._setlocale_r.str1.1
                0x00000000080069cd        0x8 /usr/local/gcc-arm-none-eabi-8-2018-q4-major/bin/../lib/gcc/arm-none-eabi/8.2.1/../../../../arm-none-eabi/lib/thumb/v7e-m+fp/hard/libc_nano.a(lib_a-locale.o)
                                          0x9 (size before relaxing)
 .rodata.str1.1
                0x00000000080069d5        0x2 /usr/local/gcc-arm-none-eabi-8-2018-q4-major/bin/../lib/gcc/arm-none-eabi/8.2.1/../../../../arm-none-eabi/lib/thumb/v7e-m+fp/hard/libc_nano.a(lib_a-locale.o)
 .rodata._ctype_
                0x00000000080069d7      0x101 /usr/local/gcc-arm-none-eabi-8-2018-q4-major/bin/../lib/gcc/arm-none-eabi/8.2.1/../../../../arm-none-eabi/lib/thumb/v7e-m+fp/hard/libc_nano.a(lib_a-ctype_.o)
                0x00000000080069d7                _ctype_
 .rodata.sqrt.str1.4
                0x0000000008006ad8        0x8 /usr/local/gcc-arm-none-eabi-8-2018-q4-major/bin/../lib/gcc/arm-none-eabi/8.2.1/../../../../arm-none-eabi/lib/thumb/v7e-m+fp/hard/libm.a(lib_a-w_sqrt.o)
                                          0x5 (size before relaxing)
                0x0000000008006ae0                . = ALIGN (0x4)

.rel.dyn        0x0000000008006ae0        0x0
 .rel.iplt      0x0000000008006ae0        0x0 /usr/local/gcc-arm-none-eabi-8-2018-q4-major/bin/../lib/gcc/arm-none-eabi/8.2.1/thumb/v7e-m+fp/hard/crtbegin.o

.ARM.extab
 *(.ARM.extab* .gnu.linkonce.armextab.*)

.ARM            0x0000000008006ae0        0x0
                0x0000000008006ae0                __exidx_start = .
 *(.ARM.exidx*)
                0x0000000008006ae0                __exidx_end = .

.preinit_array  0x0000000008006ae0        0x0
                0x0000000008006ae0                PROVIDE (__preinit_array_start = .)
 *(.preinit_array*)
                0x0000000008006ae0                PROVIDE (__preinit_array_end = .)

.init_array     0x0000000008006ae0        0x4
                0x0000000008006ae0                PROVIDE (__init_array_start = .)
 *(SORT_BY_NAME(.init_array.*))
 *(.init_array*)
 .init_array    0x0000000008006ae0        0x4 /usr/local/gcc-arm-none-eabi-8-2018-q4-major/bin/../lib/gcc/arm-none-eabi/8.2.1/thumb/v7e-m+fp/hard/crtbegin.o
                0x0000000008006ae4                PROVIDE (__init_array_end = .)

.fini_array     0x0000000008006ae4        0x4
                [!provide]                        PROVIDE (__fini_array_start = .)
 *(SORT_BY_NAME(.fini_array.*))
 *(.fini_array*)
 .fini_array    0x0000000008006ae4        0x4 /usr/local/gcc-arm-none-eabi-8-2018-q4-major/bin/../lib/gcc/arm-none-eabi/8.2.1/thumb/v7e-m+fp/hard/crtbegin.o
                [!provide]                        PROVIDE (__fini_array_end = .)
                0x0000000008006ae8                _sidata = LOADADDR (.data)

.data           0x0000000020000000      0x1f0 load address 0x0000000008006ae8
                0x0000000020000000                . = ALIGN (0x4)
                0x0000000020000000                _sdata = .
 *(.data)
 *(.data*)
 .data.ICAL     0x0000000020000000        0x8 build/main.o
                0x0000000020000000                ICAL
 .data.VCAL     0x0000000020000008        0x8 build/main.o
                0x0000000020000008                VCAL
 .data.SystemCoreClock
                0x0000000020000010        0x4 build/system_stm32f3xx.o
                0x0000000020000010                SystemCoreClock
 .data.uwTickFreq
                0x0000000020000014        0x1 build/stm32f3xx_hal.o
                0x0000000020000014                uwTickFreq
 *fill*         0x0000000020000015        0x3 
 .data.uwTickPrio
                0x0000000020000018        0x4 build/stm32f3xx_hal.o
                0x0000000020000018                uwTickPrio
 .data._impure_ptr
                0x000000002000001c        0x4 /usr/local/gcc-arm-none-eabi-8-2018-q4-major/bin/../lib/gcc/arm-none-eabi/8.2.1/../../../../arm-none-eabi/lib/thumb/v7e-m+fp/hard/libc_nano.a(lib_a-impure.o)
                0x000000002000001c                _impure_ptr
 .data.impure_data
                0x0000000020000020       0x60 /usr/local/gcc-arm-none-eabi-8-2018-q4-major/bin/../lib/gcc/arm-none-eabi/8.2.1/../../../../arm-none-eabi/lib/thumb/v7e-m+fp/hard/libc_nano.a(lib_a-impure.o)
 .data.__global_locale
                0x0000000020000080      0x16c /usr/local/gcc-arm-none-eabi-8-2018-q4-major/bin/../lib/gcc/arm-none-eabi/8.2.1/../../../../arm-none-eabi/lib/thumb/v7e-m+fp/hard/libc_nano.a(lib_a-locale.o)
                0x0000000020000080                __global_locale
 .data.__fdlib_version
                0x00000000200001ec        0x1 /usr/local/gcc-arm-none-eabi-8-2018-q4-major/bin/../lib/gcc/arm-none-eabi/8.2.1/../../../../arm-none-eabi/lib/thumb/v7e-m+fp/hard/libm.a(lib_a-s_lib_ver.o)
                0x00000000200001ec                __fdlib_version
                0x00000000200001f0                . = ALIGN (0x4)
 *fill*         0x00000000200001ed        0x3 
                0x00000000200001f0                _edata = .
                0x0000000008006cd8                _siccmram = LOADADDR (.ccmram)

.igot.plt       0x00000000200001f0        0x0 load address 0x0000000008006cd8
 .igot.plt      0x00000000200001f0        0x0 /usr/local/gcc-arm-none-eabi-8-2018-q4-major/bin/../lib/gcc/arm-none-eabi/8.2.1/thumb/v7e-m+fp/hard/crtbegin.o

.ccmram         0x0000000010000000        0x0 load address 0x0000000008006cd8
                0x0000000010000000                . = ALIGN (0x4)
                0x0000000010000000                _sccmram = .
 *(.ccmram)
 *(.ccmram*)
                0x0000000010000000                . = ALIGN (0x4)
                0x0000000010000000                _eccmram = .
                0x0000000010000000                . = ALIGN (0x4)

.bss            0x00000000200001f0     0x61d0
                0x00000000200001f0                _sbss = .
                0x00000000200001f0                __bss_start__ = _sbss
 *(.bss)
 .bss           0x00000000200001f0       0x1c /usr/local/gcc-arm-none-eabi-8-2018-q4-major/bin/../lib/gcc/arm-none-eabi/8.2.1/thumb/v7e-m+fp/hard/crtbegin.o
 *(.bss*)
 *fill*         0x000000002000020c        0x4 
 .bss.channels  0x0000000020000210       0xa8 build/main.o
 .bss.channels_copy
                0x00000000200002b8       0xa8 build/main.o
 .bss.readings_ready
                0x0000000020000360        0x1 build/main.o
                0x0000000020000360                readings_ready
 *fill*         0x0000000020000361        0x3 
 .bss.HAL_RCC_ADC12_CLK_ENABLED
                0x0000000020000364        0x4 build/adc.o
 .bss.__malloc_free_list
                0x0000000020000368        0x4 /usr/local/gcc-arm-none-eabi-8-2018-q4-major/bin/../lib/gcc/arm-none-eabi/8.2.1/../../../../arm-none-eabi/lib/thumb/v7e-m+fp/hard/libc_nano.a(lib_a-nano-mallocr.o)
                0x0000000020000368                __malloc_free_list
 .bss.__malloc_sbrk_start
                0x000000002000036c        0x4 /usr/local/gcc-arm-none-eabi-8-2018-q4-major/bin/../lib/gcc/arm-none-eabi/8.2.1/../../../../arm-none-eabi/lib/thumb/v7e-m+fp/hard/libc_nano.a(lib_a-nano-mallocr.o)
                0x000000002000036c                __malloc_sbrk_start
 .bss.heap_end.5501
                0x0000000020000370        0x4 /usr/local/gcc-arm-none-eabi-8-2018-q4-major/bin/../lib/gcc/arm-none-eabi/8.2.1/../../../../arm-none-eabi/lib/thumb/v7e-m+fp/hard/libnosys.a(sbrk.o)
 *(COMMON)
 COMMON         0x0000000020000374     0x5e24 build/main.o
                0x0000000020000374                adc2_dma_buff
                0x0000000020003254                adc1_dma_buff
                0x0000000020006134                log_buffer
 COMMON         0x0000000020006198       0x70 build/usart.o
                0x0000000020006198                huart2
 COMMON         0x0000000020006208        0x4 build/stm32f3xx_hal.o
                0x0000000020006208                uwTick
 COMMON         0x000000002000620c      0x130 build/adc.o
                0x000000002000620c                hadc2
                0x0000000020006260                hadc1
                0x00000000200062b4                hdma_adc1
                0x00000000200062f8                hdma_adc2
 COMMON         0x000000002000633c       0x40 build/tim.o
                0x000000002000633c                htim8
 COMMON         0x000000002000637c       0x34 build/opamp.o
                0x000000002000637c                hopamp2
 COMMON         0x00000000200063b0        0x4 /usr/local/gcc-arm-none-eabi-8-2018-q4-major/bin/../lib/gcc/arm-none-eabi/8.2.1/../../../../arm-none-eabi/lib/thumb/v7e-m+fp/hard/libc_nano.a(lib_a-reent.o)
                0x00000000200063b0                errno
 COMMON         0x00000000200063b4        0x9 /usr/local/gcc-arm-none-eabi-8-2018-q4-major/bin/../lib/gcc/arm-none-eabi/8.2.1/../../../../arm-none-eabi/lib/thumb/v7e-m+fp/hard/libc_nano.a(lib_a-lock.o)
                0x00000000200063b4                __lock___atexit_recursive_mutex
                0x00000000200063b5                __lock___arc4random_mutex
                0x00000000200063b6                __lock___env_recursive_mutex
                0x00000000200063b7                __lock___sinit_recursive_mutex
                0x00000000200063b8                __lock___malloc_recursive_mutex
                0x00000000200063b9                __lock___at_quick_exit_mutex
                0x00000000200063ba                __lock___dd_hash_mutex
                0x00000000200063bb                __lock___tz_mutex
                0x00000000200063bc                __lock___sfp_recursive_mutex
                0x00000000200063c0                . = ALIGN (0x4)
 *fill*         0x00000000200063bd        0x3 
                0x00000000200063c0                _ebss = .
                0x00000000200063c0                __bss_end__ = _ebss

._user_heap_stack
                0x00000000200063c0      0x600
                0x00000000200063c0                . = ALIGN (0x8)
                0x00000000200063c0                PROVIDE (end = .)
                [!provide]                        PROVIDE (_end = .)
                0x00000000200065c0                . = (. + _Min_Heap_Size)
 *fill*         0x00000000200063c0      0x200 
                0x00000000200069c0                . = (. + _Min_Stack_Size)
 *fill*         0x00000000200065c0      0x400 
                0x00000000200069c0                . = ALIGN (0x8)

/DISCARD/
 libc.a(*)
 libm.a(*)
 libgcc.a(*)

.ARM.attributes
                0x0000000000000000       0x30
 *(.ARM.attributes)
 .ARM.attributes
                0x0000000000000000       0x1e /usr/local/gcc-arm-none-eabi-8-2018-q4-major/bin/../lib/gcc/arm-none-eabi/8.2.1/thumb/v7e-m+fp/hard/crti.o
 .ARM.attributes
                0x000000000000001e       0x34 /usr/local/gcc-arm-none-eabi-8-2018-q4-major/bin/../lib/gcc/arm-none-eabi/8.2.1/thumb/v7e-m+fp/hard/crtbegin.o
 .ARM.attributes
                0x0000000000000052       0x34 build/main.o
 .ARM.attributes
                0x0000000000000086       0x34 build/gpio.o
 .ARM.attributes
                0x00000000000000ba       0x34 build/usart.o
 .ARM.attributes
                0x00000000000000ee       0x34 build/stm32f3xx_it.o
 .ARM.attributes
                0x0000000000000122       0x34 build/system_stm32f3xx.o
 .ARM.attributes
                0x0000000000000156       0x34 build/stm32f3xx_hal_msp.o
 .ARM.attributes
                0x000000000000018a       0x34 build/stm32f3xx_hal_tim_ex.o
 .ARM.attributes
                0x00000000000001be       0x34 build/stm32f3xx_hal.o
 .ARM.attributes
                0x00000000000001f2       0x34 build/stm32f3xx_hal_cortex.o
 .ARM.attributes
                0x0000000000000226       0x34 build/stm32f3xx_hal_rcc.o
 .ARM.attributes
                0x000000000000025a       0x34 build/stm32f3xx_hal_dma.o
 .ARM.attributes
                0x000000000000028e       0x34 build/stm32f3xx_hal_tim.o
 .ARM.attributes
                0x00000000000002c2       0x34 build/stm32f3xx_hal_rcc_ex.o
 .ARM.attributes
                0x00000000000002f6       0x34 build/stm32f3xx_hal_gpio.o
 .ARM.attributes
                0x000000000000032a       0x34 build/stm32f3xx_hal_uart.o
 .ARM.attributes
                0x000000000000035e       0x34 build/adc.o
 .ARM.attributes
                0x0000000000000392       0x34 build/stm32f3xx_hal_adc.o
 .ARM.attributes
                0x00000000000003c6       0x34 build/stm32f3xx_hal_adc_ex.o
 .ARM.attributes
                0x00000000000003fa       0x34 build/dma.o
 .ARM.attributes
                0x000000000000042e       0x34 build/tim.o
 .ARM.attributes
                0x0000000000000462       0x34 build/opamp.o
 .ARM.attributes
                0x0000000000000496       0x34 build/stm32f3xx_hal_opamp.o
 .ARM.attributes
                0x00000000000004ca       0x21 build/startup_stm32f303xe.o
 .ARM.attributes
                0x00000000000004eb       0x32 /usr/local/gcc-arm-none-eabi-8-2018-q4-major/bin/../lib/gcc/arm-none-eabi/8.2.1/../../../../arm-none-eabi/lib/thumb/v7e-m+fp/hard/libc_nano.a(lib_a-impure.o)
 .ARM.attributes
                0x000000000000051d       0x34 /usr/local/gcc-arm-none-eabi-8-2018-q4-major/bin/../lib/gcc/arm-none-eabi/8.2.1/../../../../arm-none-eabi/lib/thumb/v7e-m+fp/hard/libc_nano.a(lib_a-init.o)
 .ARM.attributes
                0x0000000000000551       0x34 /usr/local/gcc-arm-none-eabi-8-2018-q4-major/bin/../lib/gcc/arm-none-eabi/8.2.1/../../../../arm-none-eabi/lib/thumb/v7e-m+fp/hard/libc_nano.a(lib_a-memset.o)
 .ARM.attributes
                0x0000000000000585       0x34 /usr/local/gcc-arm-none-eabi-8-2018-q4-major/bin/../lib/gcc/arm-none-eabi/8.2.1/../../../../arm-none-eabi/lib/thumb/v7e-m+fp/hard/libc_nano.a(lib_a-nano-vfprintf_float.o)
 .ARM.attributes
                0x00000000000005b9       0x34 /usr/local/gcc-arm-none-eabi-8-2018-q4-major/bin/../lib/gcc/arm-none-eabi/8.2.1/../../../../arm-none-eabi/lib/thumb/v7e-m+fp/hard/libc_nano.a(lib_a-nano-vfprintf_i.o)
 .ARM.attributes
                0x00000000000005ed       0x34 /usr/local/gcc-arm-none-eabi-8-2018-q4-major/bin/../lib/gcc/arm-none-eabi/8.2.1/../../../../arm-none-eabi/lib/thumb/v7e-m+fp/hard/libc_nano.a(lib_a-sprintf.o)
 .ARM.attributes
                0x0000000000000621       0x17 /usr/local/gcc-arm-none-eabi-8-2018-q4-major/bin/../lib/gcc/arm-none-eabi/8.2.1/../../../../arm-none-eabi/lib/thumb/v7e-m+fp/hard/libc_nano.a(lib_a-strlen.o)
 .ARM.attributes
                0x0000000000000638       0x34 /usr/local/gcc-arm-none-eabi-8-2018-q4-major/bin/../lib/gcc/arm-none-eabi/8.2.1/../../../../arm-none-eabi/lib/thumb/v7e-m+fp/hard/libc_nano.a(lib_a-dtoa.o)
 .ARM.attributes
                0x000000000000066c       0x34 /usr/local/gcc-arm-none-eabi-8-2018-q4-major/bin/../lib/gcc/arm-none-eabi/8.2.1/../../../../arm-none-eabi/lib/thumb/v7e-m+fp/hard/libc_nano.a(lib_a-localeconv.o)
 .ARM.attributes
                0x00000000000006a0       0x34 /usr/local/gcc-arm-none-eabi-8-2018-q4-major/bin/../lib/gcc/arm-none-eabi/8.2.1/../../../../arm-none-eabi/lib/thumb/v7e-m+fp/hard/libc_nano.a(lib_a-malloc.o)
 .ARM.attributes
                0x00000000000006d4       0x1c /usr/local/gcc-arm-none-eabi-8-2018-q4-major/bin/../lib/gcc/arm-none-eabi/8.2.1/../../../../arm-none-eabi/lib/thumb/v7e-m+fp/hard/libc_nano.a(lib_a-memchr.o)
 .ARM.attributes
                0x00000000000006f0       0x34 /usr/local/gcc-arm-none-eabi-8-2018-q4-major/bin/../lib/gcc/arm-none-eabi/8.2.1/../../../../arm-none-eabi/lib/thumb/v7e-m+fp/hard/libc_nano.a(lib_a-memcpy-stub.o)
 .ARM.attributes
                0x0000000000000724       0x34 /usr/local/gcc-arm-none-eabi-8-2018-q4-major/bin/../lib/gcc/arm-none-eabi/8.2.1/../../../../arm-none-eabi/lib/thumb/v7e-m+fp/hard/libc_nano.a(lib_a-mprec.o)
 .ARM.attributes
                0x0000000000000758       0x34 /usr/local/gcc-arm-none-eabi-8-2018-q4-major/bin/../lib/gcc/arm-none-eabi/8.2.1/../../../../arm-none-eabi/lib/thumb/v7e-m+fp/hard/libc_nano.a(lib_a-nano-callocr.o)
 .ARM.attributes
                0x000000000000078c       0x34 /usr/local/gcc-arm-none-eabi-8-2018-q4-major/bin/../lib/gcc/arm-none-eabi/8.2.1/../../../../arm-none-eabi/lib/thumb/v7e-m+fp/hard/libc_nano.a(lib_a-nano-freer.o)
 .ARM.attributes
                0x00000000000007c0       0x34 /usr/local/gcc-arm-none-eabi-8-2018-q4-major/bin/../lib/gcc/arm-none-eabi/8.2.1/../../../../arm-none-eabi/lib/thumb/v7e-m+fp/hard/libc_nano.a(lib_a-nano-mallocr.o)
 .ARM.attributes
                0x00000000000007f4       0x34 /usr/local/gcc-arm-none-eabi-8-2018-q4-major/bin/../lib/gcc/arm-none-eabi/8.2.1/../../../../arm-none-eabi/lib/thumb/v7e-m+fp/hard/libc_nano.a(lib_a-nano-svfprintf.o)
 .ARM.attributes
                0x0000000000000828       0x34 /usr/local/gcc-arm-none-eabi-8-2018-q4-major/bin/../lib/gcc/arm-none-eabi/8.2.1/../../../../arm-none-eabi/lib/thumb/v7e-m+fp/hard/libc_nano.a(lib_a-sbrkr.o)
 .ARM.attributes
                0x000000000000085c       0x34 /usr/local/gcc-arm-none-eabi-8-2018-q4-major/bin/../lib/gcc/arm-none-eabi/8.2.1/../../../../arm-none-eabi/lib/thumb/v7e-m+fp/hard/libc_nano.a(lib_a-locale.o)
 .ARM.attributes
                0x0000000000000890       0x34 /usr/local/gcc-arm-none-eabi-8-2018-q4-major/bin/../lib/gcc/arm-none-eabi/8.2.1/../../../../arm-none-eabi/lib/thumb/v7e-m+fp/hard/libc_nano.a(lib_a-mbtowc_r.o)
 .ARM.attributes
                0x00000000000008c4       0x34 /usr/local/gcc-arm-none-eabi-8-2018-q4-major/bin/../lib/gcc/arm-none-eabi/8.2.1/../../../../arm-none-eabi/lib/thumb/v7e-m+fp/hard/libc_nano.a(lib_a-memmove.o)
 .ARM.attributes
                0x00000000000008f8       0x34 /usr/local/gcc-arm-none-eabi-8-2018-q4-major/bin/../lib/gcc/arm-none-eabi/8.2.1/../../../../arm-none-eabi/lib/thumb/v7e-m+fp/hard/libc_nano.a(lib_a-mlock.o)
 .ARM.attributes
                0x000000000000092c       0x34 /usr/local/gcc-arm-none-eabi-8-2018-q4-major/bin/../lib/gcc/arm-none-eabi/8.2.1/../../../../arm-none-eabi/lib/thumb/v7e-m+fp/hard/libc_nano.a(lib_a-nano-reallocr.o)
 .ARM.attributes
                0x0000000000000960       0x34 /usr/local/gcc-arm-none-eabi-8-2018-q4-major/bin/../lib/gcc/arm-none-eabi/8.2.1/../../../../arm-none-eabi/lib/thumb/v7e-m+fp/hard/libc_nano.a(lib_a-reent.o)
 .ARM.attributes
                0x0000000000000994       0x34 /usr/local/gcc-arm-none-eabi-8-2018-q4-major/bin/../lib/gcc/arm-none-eabi/8.2.1/../../../../arm-none-eabi/lib/thumb/v7e-m+fp/hard/libc_nano.a(lib_a-wctomb_r.o)
 .ARM.attributes
                0x00000000000009c8       0x32 /usr/local/gcc-arm-none-eabi-8-2018-q4-major/bin/../lib/gcc/arm-none-eabi/8.2.1/../../../../arm-none-eabi/lib/thumb/v7e-m+fp/hard/libc_nano.a(lib_a-ctype_.o)
 .ARM.attributes
                0x00000000000009fa       0x34 /usr/local/gcc-arm-none-eabi-8-2018-q4-major/bin/../lib/gcc/arm-none-eabi/8.2.1/../../../../arm-none-eabi/lib/thumb/v7e-m+fp/hard/libc_nano.a(lib_a-lock.o)
 .ARM.attributes
                0x0000000000000a2e       0x34 /usr/local/gcc-arm-none-eabi-8-2018-q4-major/bin/../lib/gcc/arm-none-eabi/8.2.1/../../../../arm-none-eabi/lib/thumb/v7e-m+fp/hard/libc_nano.a(lib_a-nano-msizer.o)
 .ARM.attributes
                0x0000000000000a62       0x34 /usr/local/gcc-arm-none-eabi-8-2018-q4-major/bin/../lib/gcc/arm-none-eabi/8.2.1/../../../../arm-none-eabi/lib/thumb/v7e-m+fp/hard/libm.a(lib_a-w_sqrt.o)
 .ARM.attributes
                0x0000000000000a96       0x34 /usr/local/gcc-arm-none-eabi-8-2018-q4-major/bin/../lib/gcc/arm-none-eabi/8.2.1/../../../../arm-none-eabi/lib/thumb/v7e-m+fp/hard/libm.a(lib_a-e_sqrt.o)
 .ARM.attributes
                0x0000000000000aca       0x32 /usr/local/gcc-arm-none-eabi-8-2018-q4-major/bin/../lib/gcc/arm-none-eabi/8.2.1/../../../../arm-none-eabi/lib/thumb/v7e-m+fp/hard/libm.a(lib_a-s_lib_ver.o)
 .ARM.attributes
                0x0000000000000afc       0x34 /usr/local/gcc-arm-none-eabi-8-2018-q4-major/bin/../lib/gcc/arm-none-eabi/8.2.1/../../../../arm-none-eabi/lib/thumb/v7e-m+fp/hard/libm.a(lib_a-s_matherr.o)
 .ARM.attributes
                0x0000000000000b30       0x34 /usr/local/gcc-arm-none-eabi-8-2018-q4-major/bin/../lib/gcc/arm-none-eabi/8.2.1/../../../../arm-none-eabi/lib/thumb/v7e-m+fp/hard/libnosys.a(sbrk.o)
 .ARM.attributes
                0x0000000000000b64       0x1e /usr/local/gcc-arm-none-eabi-8-2018-q4-major/bin/../lib/gcc/arm-none-eabi/8.2.1/thumb/v7e-m+fp/hard/libgcc.a(_arm_addsubdf3.o)
 .ARM.attributes
                0x0000000000000b82       0x1e /usr/local/gcc-arm-none-eabi-8-2018-q4-major/bin/../lib/gcc/arm-none-eabi/8.2.1/thumb/v7e-m+fp/hard/libgcc.a(_arm_muldivdf3.o)
 .ARM.attributes
                0x0000000000000ba0       0x1e /usr/local/gcc-arm-none-eabi-8-2018-q4-major/bin/../lib/gcc/arm-none-eabi/8.2.1/thumb/v7e-m+fp/hard/libgcc.a(_arm_cmpdf2.o)
 .ARM.attributes
                0x0000000000000bbe       0x1e /usr/local/gcc-arm-none-eabi-8-2018-q4-major/bin/../lib/gcc/arm-none-eabi/8.2.1/thumb/v7e-m+fp/hard/libgcc.a(_arm_unorddf2.o)
 .ARM.attributes
                0x0000000000000bdc       0x1e /usr/local/gcc-arm-none-eabi-8-2018-q4-major/bin/../lib/gcc/arm-none-eabi/8.2.1/thumb/v7e-m+fp/hard/libgcc.a(_arm_fixdfsi.o)
 .ARM.attributes
                0x0000000000000bfa       0x34 /usr/local/gcc-arm-none-eabi-8-2018-q4-major/bin/../lib/gcc/arm-none-eabi/8.2.1/thumb/v7e-m+fp/hard/libgcc.a(_fixunsdfdi.o)
 .ARM.attributes
                0x0000000000000c2e       0x1e /usr/local/gcc-arm-none-eabi-8-2018-q4-major/bin/../lib/gcc/arm-none-eabi/8.2.1/thumb/v7e-m+fp/hard/libgcc.a(_arm_fixunsdfsi.o)
 .ARM.attributes
                0x0000000000000c4c       0x34 /usr/local/gcc-arm-none-eabi-8-2018-q4-major/bin/../lib/gcc/arm-none-eabi/8.2.1/../../../../arm-none-eabi/lib/thumb/v7e-m+fp/hard/libc_nano.a(lib_a-errno.o)
 .ARM.attributes
                0x0000000000000c80       0x1e /usr/local/gcc-arm-none-eabi-8-2018-q4-major/bin/../lib/gcc/arm-none-eabi/8.2.1/thumb/v7e-m+fp/hard/crtn.o
OUTPUT(build/Emon3CT.elf elf32-littlearm)

.debug_info     0x0000000000000000    0x22d45
 .debug_info    0x0000000000000000     0x27c5 build/main.o
 .debug_info    0x00000000000027c5      0xe8f build/gpio.o
 .debug_info    0x0000000000003654     0x14e8 build/usart.o
 .debug_info    0x0000000000004b3c      0xdc8 build/stm32f3xx_it.o
 .debug_info    0x0000000000005904      0xe24 build/system_stm32f3xx.o
 .debug_info    0x0000000000006728      0xecc build/stm32f3xx_hal_msp.o
 .debug_info    0x00000000000075f4     0x2436 build/stm32f3xx_hal_tim_ex.o
 .debug_info    0x0000000000009a2a     0x1339 build/stm32f3xx_hal.o
 .debug_info    0x000000000000ad63     0x1ae6 build/stm32f3xx_hal_cortex.o
 .debug_info    0x000000000000c849     0x220a build/stm32f3xx_hal_rcc.o
 .debug_info    0x000000000000ea53     0x130d build/stm32f3xx_hal_dma.o
 .debug_info    0x000000000000fd60     0x4152 build/stm32f3xx_hal_tim.o
 .debug_info    0x0000000000013eb2     0x12e8 build/stm32f3xx_hal_rcc_ex.o
 .debug_info    0x000000000001519a     0x1243 build/stm32f3xx_hal_gpio.o
 .debug_info    0x00000000000163dd     0x27bf build/stm32f3xx_hal_uart.o
 .debug_info    0x0000000000018b9c     0x1af0 build/adc.o
 .debug_info    0x000000000001a68c     0x16f0 build/stm32f3xx_hal_adc.o
 .debug_info    0x000000000001bd7c     0x2904 build/stm32f3xx_hal_adc_ex.o
 .debug_info    0x000000000001e680      0xe66 build/dma.o
 .debug_info    0x000000000001f4e6     0x17ce build/tim.o
 .debug_info    0x0000000000020cb4      0xf1a build/opamp.o
 .debug_info    0x0000000000021bce     0x1155 build/stm32f3xx_hal_opamp.o
 .debug_info    0x0000000000022d23       0x22 build/startup_stm32f303xe.o

.debug_abbrev   0x0000000000000000     0x411d
 .debug_abbrev  0x0000000000000000      0x38a build/main.o
 .debug_abbrev  0x000000000000038a      0x239 build/gpio.o
 .debug_abbrev  0x00000000000005c3      0x2ab build/usart.o
 .debug_abbrev  0x000000000000086e      0x204 build/stm32f3xx_it.o
 .debug_abbrev  0x0000000000000a72      0x21a build/system_stm32f3xx.o
 .debug_abbrev  0x0000000000000c8c      0x242 build/stm32f3xx_hal_msp.o
 .debug_abbrev  0x0000000000000ece      0x346 build/stm32f3xx_hal_tim_ex.o
 .debug_abbrev  0x0000000000001214      0x30c build/stm32f3xx_hal.o
 .debug_abbrev  0x0000000000001520      0x444 build/stm32f3xx_hal_cortex.o
 .debug_abbrev  0x0000000000001964      0x3c6 build/stm32f3xx_hal_rcc.o
 .debug_abbrev  0x0000000000001d2a      0x327 build/stm32f3xx_hal_dma.o
 .debug_abbrev  0x0000000000002051      0x360 build/stm32f3xx_hal_tim.o
 .debug_abbrev  0x00000000000023b1      0x385 build/stm32f3xx_hal_rcc_ex.o
 .debug_abbrev  0x0000000000002736      0x30a build/stm32f3xx_hal_gpio.o
 .debug_abbrev  0x0000000000002a40      0x358 build/stm32f3xx_hal_uart.o
 .debug_abbrev  0x0000000000002d98      0x2ea build/adc.o
 .debug_abbrev  0x0000000000003082      0x244 build/stm32f3xx_hal_adc.o
 .debug_abbrev  0x00000000000032c6      0x39f build/stm32f3xx_hal_adc_ex.o
 .debug_abbrev  0x0000000000003665      0x242 build/dma.o
 .debug_abbrev  0x00000000000038a7      0x305 build/tim.o
 .debug_abbrev  0x0000000000003bac      0x265 build/opamp.o
 .debug_abbrev  0x0000000000003e11      0x2fa build/stm32f3xx_hal_opamp.o
 .debug_abbrev  0x000000000000410b       0x12 build/startup_stm32f303xe.o

.debug_loc      0x0000000000000000     0xfe49
 .debug_loc     0x0000000000000000      0x3df build/main.o
 .debug_loc     0x00000000000003df       0x38 build/gpio.o
 .debug_loc     0x0000000000000417      0x131 build/usart.o
 .debug_loc     0x0000000000000548       0x60 build/stm32f3xx_it.o
 .debug_loc     0x00000000000005a8      0x124 build/system_stm32f3xx.o
 .debug_loc     0x00000000000006cc       0x38 build/stm32f3xx_hal_msp.o
 .debug_loc     0x0000000000000704     0x21a2 build/stm32f3xx_hal_tim_ex.o
 .debug_loc     0x00000000000028a6      0x1cc build/stm32f3xx_hal.o
 .debug_loc     0x0000000000002a72      0x790 build/stm32f3xx_hal_cortex.o
 .debug_loc     0x0000000000003202      0xe88 build/stm32f3xx_hal_rcc.o
 .debug_loc     0x000000000000408a      0xa1e build/stm32f3xx_hal_dma.o
 .debug_loc     0x0000000000004aa8     0x4b95 build/stm32f3xx_hal_tim.o
 .debug_loc     0x000000000000963d      0xdda build/stm32f3xx_hal_rcc_ex.o
 .debug_loc     0x000000000000a417      0x4c3 build/stm32f3xx_hal_gpio.o
 .debug_loc     0x000000000000a8da     0x1eb6 build/stm32f3xx_hal_uart.o
 .debug_loc     0x000000000000c790      0x2b0 build/adc.o
 .debug_loc     0x000000000000ca40      0x22b build/stm32f3xx_hal_adc.o
 .debug_loc     0x000000000000cc6b     0x26ab build/stm32f3xx_hal_adc_ex.o
 .debug_loc     0x000000000000f316       0x38 build/dma.o
 .debug_loc     0x000000000000f34e      0x14b build/tim.o
 .debug_loc     0x000000000000f499       0xdf build/opamp.o
 .debug_loc     0x000000000000f578      0x8d1 build/stm32f3xx_hal_opamp.o

.debug_aranges  0x0000000000000000      0xeb0
 .debug_aranges
                0x0000000000000000       0x38 build/main.o
 .debug_aranges
                0x0000000000000038       0x20 build/gpio.o
 .debug_aranges
                0x0000000000000058       0x38 build/usart.o
 .debug_aranges
                0x0000000000000090       0x30 build/stm32f3xx_it.o
 .debug_aranges
                0x00000000000000c0       0x28 build/system_stm32f3xx.o
 .debug_aranges
                0x00000000000000e8       0x20 build/stm32f3xx_hal_msp.o
 .debug_aranges
                0x0000000000000108      0x178 build/stm32f3xx_hal_tim_ex.o
 .debug_aranges
                0x0000000000000280       0xe0 build/stm32f3xx_hal.o
 .debug_aranges
                0x0000000000000360       0xa8 build/stm32f3xx_hal_cortex.o
 .debug_aranges
                0x0000000000000408       0x88 build/stm32f3xx_hal_rcc.o
 .debug_aranges
                0x0000000000000490       0x88 build/stm32f3xx_hal_dma.o
 .debug_aranges
                0x0000000000000518      0x378 build/stm32f3xx_hal_tim.o
 .debug_aranges
                0x0000000000000890       0x38 build/stm32f3xx_hal_rcc_ex.o
 .debug_aranges
                0x00000000000008c8       0x58 build/stm32f3xx_hal_gpio.o
 .debug_aranges
                0x0000000000000920      0x1f0 build/stm32f3xx_hal_uart.o
 .debug_aranges
                0x0000000000000b10       0x50 build/adc.o
 .debug_aranges
                0x0000000000000b60       0xc8 build/stm32f3xx_hal_adc.o
 .debug_aranges
                0x0000000000000c28      0x168 build/stm32f3xx_hal_adc_ex.o
 .debug_aranges
                0x0000000000000d90       0x20 build/dma.o
 .debug_aranges
                0x0000000000000db0       0x40 build/tim.o
 .debug_aranges
                0x0000000000000df0       0x30 build/opamp.o
 .debug_aranges
                0x0000000000000e20       0x68 build/stm32f3xx_hal_opamp.o
 .debug_aranges
                0x0000000000000e88       0x28 build/startup_stm32f303xe.o

.debug_ranges   0x0000000000000000      0xe10
 .debug_ranges  0x0000000000000000       0x70 build/main.o
 .debug_ranges  0x0000000000000070       0x10 build/gpio.o
 .debug_ranges  0x0000000000000080       0x28 build/usart.o
 .debug_ranges  0x00000000000000a8       0x20 build/stm32f3xx_it.o
 .debug_ranges  0x00000000000000c8       0x18 build/system_stm32f3xx.o
 .debug_ranges  0x00000000000000e0       0x10 build/stm32f3xx_hal_msp.o
 .debug_ranges  0x00000000000000f0      0x168 build/stm32f3xx_hal_tim_ex.o
 .debug_ranges  0x0000000000000258       0xd0 build/stm32f3xx_hal.o
 .debug_ranges  0x0000000000000328       0xe0 build/stm32f3xx_hal_cortex.o
 .debug_ranges  0x0000000000000408       0x98 build/stm32f3xx_hal_rcc.o
 .debug_ranges  0x00000000000004a0       0x78 build/stm32f3xx_hal_dma.o
 .debug_ranges  0x0000000000000518      0x368 build/stm32f3xx_hal_tim.o
 .debug_ranges  0x0000000000000880       0x40 build/stm32f3xx_hal_rcc_ex.o
 .debug_ranges  0x00000000000008c0       0x48 build/stm32f3xx_hal_gpio.o
 .debug_ranges  0x0000000000000908      0x1e0 build/stm32f3xx_hal_uart.o
 .debug_ranges  0x0000000000000ae8       0x40 build/adc.o
 .debug_ranges  0x0000000000000b28       0xb8 build/stm32f3xx_hal_adc.o
 .debug_ranges  0x0000000000000be0      0x158 build/stm32f3xx_hal_adc_ex.o
 .debug_ranges  0x0000000000000d38       0x10 build/dma.o
 .debug_ranges  0x0000000000000d48       0x30 build/tim.o
 .debug_ranges  0x0000000000000d78       0x20 build/opamp.o
 .debug_ranges  0x0000000000000d98       0x58 build/stm32f3xx_hal_opamp.o
 .debug_ranges  0x0000000000000df0       0x20 build/startup_stm32f303xe.o

.debug_line     0x0000000000000000     0xfee5
 .debug_line    0x0000000000000000      0x7b0 build/main.o
 .debug_line    0x00000000000007b0      0x2da build/gpio.o
 .debug_line    0x0000000000000a8a      0x38f build/usart.o
 .debug_line    0x0000000000000e19      0x2a0 build/stm32f3xx_it.o
 .debug_line    0x00000000000010b9      0x2f4 build/system_stm32f3xx.o
 .debug_line    0x00000000000013ad      0x23d build/stm32f3xx_hal_msp.o
 .debug_line    0x00000000000015ea     0x15ca build/stm32f3xx_hal_tim_ex.o
 .debug_line    0x0000000000002bb4      0x572 build/stm32f3xx_hal.o
 .debug_line    0x0000000000003126      0x758 build/stm32f3xx_hal_cortex.o
 .debug_line    0x000000000000387e     0x111c build/stm32f3xx_hal_rcc.o
 .debug_line    0x000000000000499a      0xa59 build/stm32f3xx_hal_dma.o
 .debug_line    0x00000000000053f3     0x30fd build/stm32f3xx_hal_tim.o
 .debug_line    0x00000000000084f0      0xe83 build/stm32f3xx_hal_rcc_ex.o
 .debug_line    0x0000000000009373      0x73a build/stm32f3xx_hal_gpio.o
 .debug_line    0x0000000000009aad     0x1d76 build/stm32f3xx_hal_uart.o
 .debug_line    0x000000000000b823      0x6d6 build/adc.o
 .debug_line    0x000000000000bef9      0x4cd build/stm32f3xx_hal_adc.o
 .debug_line    0x000000000000c3c6     0x2990 build/stm32f3xx_hal_adc_ex.o
 .debug_line    0x000000000000ed56      0x230 build/dma.o
 .debug_line    0x000000000000ef86      0x4a0 build/tim.o
 .debug_line    0x000000000000f426      0x30a build/opamp.o
 .debug_line    0x000000000000f730      0x741 build/stm32f3xx_hal_opamp.o
 .debug_line    0x000000000000fe71       0x74 build/startup_stm32f303xe.o

.debug_str      0x0000000000000000     0x4d1e
 .debug_str     0x0000000000000000     0x19b7 build/main.o
                                       0x1b26 (size before relaxing)
 .debug_str     0x00000000000019b7       0xa4 build/gpio.o
                                        0x701 (size before relaxing)
 .debug_str     0x0000000000001a5b       0x72 build/usart.o
                                        0xbdd (size before relaxing)
 .debug_str     0x0000000000001acd       0x9f build/stm32f3xx_it.o
                                        0x848 (size before relaxing)
 .debug_str     0x0000000000001b6c       0xab build/system_stm32f3xx.o
                                        0x6da (size before relaxing)
 .debug_str     0x0000000000001c17       0x41 build/stm32f3xx_hal_msp.o
                                        0xb1f (size before relaxing)
 .debug_str     0x0000000000001c58      0x837 build/stm32f3xx_hal_tim_ex.o
                                       0x1235 (size before relaxing)
 .debug_str     0x000000000000248f      0x2ca build/stm32f3xx_hal.o
                                        0xe41 (size before relaxing)
 .debug_str     0x0000000000002759      0x32d build/stm32f3xx_hal_cortex.o
                                        0xfde (size before relaxing)
 .debug_str     0x0000000000002a86      0x1c8 build/stm32f3xx_hal_rcc.o
                                        0xa55 (size before relaxing)
 .debug_str     0x0000000000002c4e      0x221 build/stm32f3xx_hal_dma.o
                                        0xa65 (size before relaxing)
 .debug_str     0x0000000000002e6f      0xb09 build/stm32f3xx_hal_tim.o
                                       0x17fa (size before relaxing)
 .debug_str     0x0000000000003978       0xbb build/stm32f3xx_hal_rcc_ex.o
                                        0x9e9 (size before relaxing)
 .debug_str     0x0000000000003a33      0x15d build/stm32f3xx_hal_gpio.o
                                        0x8f6 (size before relaxing)
 .debug_str     0x0000000000003b90      0x677 build/stm32f3xx_hal_uart.o
                                       0x1272 (size before relaxing)
 .debug_str     0x0000000000004207      0x156 build/adc.o
                                        0xd4d (size before relaxing)
 .debug_str     0x000000000000435d      0x1a5 build/stm32f3xx_hal_adc.o
                                        0xceb (size before relaxing)
 .debug_str     0x0000000000004502      0x5bb build/stm32f3xx_hal_adc_ex.o
                                       0x1306 (size before relaxing)
 .debug_str     0x0000000000004abd        0xa build/dma.o
                                        0xb07 (size before relaxing)
 .debug_str     0x0000000000004ac7       0xc3 build/tim.o
                                        0xdd2 (size before relaxing)
 .debug_str     0x0000000000004b8a       0x4d build/opamp.o
                                        0x8ce (size before relaxing)
 .debug_str     0x0000000000004bd7      0x122 build/stm32f3xx_hal_opamp.o
                                        0x9b7 (size before relaxing)
 .debug_str     0x0000000000004cf9       0x25 build/startup_stm32f303xe.o
                                         0x55 (size before relaxing)

.comment        0x0000000000000000       0x75
 .comment       0x0000000000000000       0x75 build/main.o
                                         0x76 (size before relaxing)
 .comment       0x0000000000000075       0x76 build/gpio.o
 .comment       0x0000000000000075       0x76 build/usart.o
 .comment       0x0000000000000075       0x76 build/stm32f3xx_it.o
 .comment       0x0000000000000075       0x76 build/system_stm32f3xx.o
 .comment       0x0000000000000075       0x76 build/stm32f3xx_hal_msp.o
 .comment       0x0000000000000075       0x76 build/stm32f3xx_hal_tim_ex.o
 .comment       0x0000000000000075       0x76 build/stm32f3xx_hal.o
 .comment       0x0000000000000075       0x76 build/stm32f3xx_hal_cortex.o
 .comment       0x0000000000000075       0x76 build/stm32f3xx_hal_rcc.o
 .comment       0x0000000000000075       0x76 build/stm32f3xx_hal_dma.o
 .comment       0x0000000000000075       0x76 build/stm32f3xx_hal_tim.o
 .comment       0x0000000000000075       0x76 build/stm32f3xx_hal_rcc_ex.o
 .comment       0x0000000000000075       0x76 build/stm32f3xx_hal_gpio.o
 .comment       0x0000000000000075       0x76 build/stm32f3xx_hal_uart.o
 .comment       0x0000000000000075       0x76 build/adc.o
 .comment       0x0000000000000075       0x76 build/stm32f3xx_hal_adc.o
 .comment       0x0000000000000075       0x76 build/stm32f3xx_hal_adc_ex.o
 .comment       0x0000000000000075       0x76 build/dma.o
 .comment       0x0000000000000075       0x76 build/tim.o
 .comment       0x0000000000000075       0x76 build/opamp.o
 .comment       0x0000000000000075       0x76 build/stm32f3xx_hal_opamp.o

.debug_frame    0x0000000000000000     0x367c
 .debug_frame   0x0000000000000000       0xb8 build/main.o
 .debug_frame   0x00000000000000b8       0x38 build/gpio.o
 .debug_frame   0x00000000000000f0       0x80 build/usart.o
 .debug_frame   0x0000000000000170       0x64 build/stm32f3xx_it.o
 .debug_frame   0x00000000000001d4       0x30 build/system_stm32f3xx.o
 .debug_frame   0x0000000000000204       0x2c build/stm32f3xx_hal_msp.o
 .debug_frame   0x0000000000000230      0x4dc build/stm32f3xx_hal_tim_ex.o
 .debug_frame   0x000000000000070c      0x1e0 build/stm32f3xx_hal.o
 .debug_frame   0x00000000000008ec      0x16c build/stm32f3xx_hal_cortex.o
 .debug_frame   0x0000000000000a58      0x174 build/stm32f3xx_hal_rcc.o
 .debug_frame   0x0000000000000bcc      0x190 build/stm32f3xx_hal_dma.o
 .debug_frame   0x0000000000000d5c      0xb54 build/stm32f3xx_hal_tim.o
 .debug_frame   0x00000000000018b0       0x8c build/stm32f3xx_hal_rcc_ex.o
 .debug_frame   0x000000000000193c      0x10c build/stm32f3xx_hal_gpio.o
 .debug_frame   0x0000000000001a48      0x5f8 build/stm32f3xx_hal_uart.o
 .debug_frame   0x0000000000002040       0xf0 build/adc.o
 .debug_frame   0x0000000000002130      0x170 build/stm32f3xx_hal_adc.o
 .debug_frame   0x00000000000022a0      0x578 build/stm32f3xx_hal_adc_ex.o
 .debug_frame   0x0000000000002818       0x2c build/dma.o
 .debug_frame   0x0000000000002844       0x98 build/tim.o
 .debug_frame   0x00000000000028dc       0x64 build/opamp.o
 .debug_frame   0x0000000000002940      0x140 build/stm32f3xx_hal_opamp.o
 .debug_frame   0x0000000000002a80       0x2c /usr/local/gcc-arm-none-eabi-8-2018-q4-major/bin/../lib/gcc/arm-none-eabi/8.2.1/../../../../arm-none-eabi/lib/thumb/v7e-m+fp/hard/libc_nano.a(lib_a-init.o)
 .debug_frame   0x0000000000002aac       0x20 /usr/local/gcc-arm-none-eabi-8-2018-q4-major/bin/../lib/gcc/arm-none-eabi/8.2.1/../../../../arm-none-eabi/lib/thumb/v7e-m+fp/hard/libc_nano.a(lib_a-memset.o)
 .debug_frame   0x0000000000002acc       0x90 /usr/local/gcc-arm-none-eabi-8-2018-q4-major/bin/../lib/gcc/arm-none-eabi/8.2.1/../../../../arm-none-eabi/lib/thumb/v7e-m+fp/hard/libc_nano.a(lib_a-nano-vfprintf_float.o)
 .debug_frame   0x0000000000002b5c       0x60 /usr/local/gcc-arm-none-eabi-8-2018-q4-major/bin/../lib/gcc/arm-none-eabi/8.2.1/../../../../arm-none-eabi/lib/thumb/v7e-m+fp/hard/libc_nano.a(lib_a-nano-vfprintf_i.o)
 .debug_frame   0x0000000000002bbc       0x6c /usr/local/gcc-arm-none-eabi-8-2018-q4-major/bin/../lib/gcc/arm-none-eabi/8.2.1/../../../../arm-none-eabi/lib/thumb/v7e-m+fp/hard/libc_nano.a(lib_a-sprintf.o)
 .debug_frame   0x0000000000002c28       0x6c /usr/local/gcc-arm-none-eabi-8-2018-q4-major/bin/../lib/gcc/arm-none-eabi/8.2.1/../../../../arm-none-eabi/lib/thumb/v7e-m+fp/hard/libc_nano.a(lib_a-dtoa.o)
 .debug_frame   0x0000000000002c94       0x40 /usr/local/gcc-arm-none-eabi-8-2018-q4-major/bin/../lib/gcc/arm-none-eabi/8.2.1/../../../../arm-none-eabi/lib/thumb/v7e-m+fp/hard/libc_nano.a(lib_a-localeconv.o)
 .debug_frame   0x0000000000002cd4       0x30 /usr/local/gcc-arm-none-eabi-8-2018-q4-major/bin/../lib/gcc/arm-none-eabi/8.2.1/../../../../arm-none-eabi/lib/thumb/v7e-m+fp/hard/libc_nano.a(lib_a-malloc.o)
 .debug_frame   0x0000000000002d04       0x28 /usr/local/gcc-arm-none-eabi-8-2018-q4-major/bin/../lib/gcc/arm-none-eabi/8.2.1/../../../../arm-none-eabi/lib/thumb/v7e-m+fp/hard/libc_nano.a(lib_a-memcpy-stub.o)
 .debug_frame   0x0000000000002d2c      0x244 /usr/local/gcc-arm-none-eabi-8-2018-q4-major/bin/../lib/gcc/arm-none-eabi/8.2.1/../../../../arm-none-eabi/lib/thumb/v7e-m+fp/hard/libc_nano.a(lib_a-mprec.o)
 .debug_frame   0x0000000000002f70       0x2c /usr/local/gcc-arm-none-eabi-8-2018-q4-major/bin/../lib/gcc/arm-none-eabi/8.2.1/../../../../arm-none-eabi/lib/thumb/v7e-m+fp/hard/libc_nano.a(lib_a-nano-callocr.o)
 .debug_frame   0x0000000000002f9c       0x38 /usr/local/gcc-arm-none-eabi-8-2018-q4-major/bin/../lib/gcc/arm-none-eabi/8.2.1/../../../../arm-none-eabi/lib/thumb/v7e-m+fp/hard/libc_nano.a(lib_a-nano-freer.o)
 .debug_frame   0x0000000000002fd4       0x30 /usr/local/gcc-arm-none-eabi-8-2018-q4-major/bin/../lib/gcc/arm-none-eabi/8.2.1/../../../../arm-none-eabi/lib/thumb/v7e-m+fp/hard/libc_nano.a(lib_a-nano-mallocr.o)
 .debug_frame   0x0000000000003004       0x90 /usr/local/gcc-arm-none-eabi-8-2018-q4-major/bin/../lib/gcc/arm-none-eabi/8.2.1/../../../../arm-none-eabi/lib/thumb/v7e-m+fp/hard/libc_nano.a(lib_a-nano-svfprintf.o)
 .debug_frame   0x0000000000003094       0x2c /usr/local/gcc-arm-none-eabi-8-2018-q4-major/bin/../lib/gcc/arm-none-eabi/8.2.1/../../../../arm-none-eabi/lib/thumb/v7e-m+fp/hard/libc_nano.a(lib_a-sbrkr.o)
 .debug_frame   0x00000000000030c0       0x48 /usr/local/gcc-arm-none-eabi-8-2018-q4-major/bin/../lib/gcc/arm-none-eabi/8.2.1/../../../../arm-none-eabi/lib/thumb/v7e-m+fp/hard/libc_nano.a(lib_a-locale.o)
 .debug_frame   0x0000000000003108       0x48 /usr/local/gcc-arm-none-eabi-8-2018-q4-major/bin/../lib/gcc/arm-none-eabi/8.2.1/../../../../arm-none-eabi/lib/thumb/v7e-m+fp/hard/libc_nano.a(lib_a-mbtowc_r.o)
 .debug_frame   0x0000000000003150       0x28 /usr/local/gcc-arm-none-eabi-8-2018-q4-major/bin/../lib/gcc/arm-none-eabi/8.2.1/../../../../arm-none-eabi/lib/thumb/v7e-m+fp/hard/libc_nano.a(lib_a-memmove.o)
 .debug_frame   0x0000000000003178       0x30 /usr/local/gcc-arm-none-eabi-8-2018-q4-major/bin/../lib/gcc/arm-none-eabi/8.2.1/../../../../arm-none-eabi/lib/thumb/v7e-m+fp/hard/libc_nano.a(lib_a-mlock.o)
 .debug_frame   0x00000000000031a8       0x3c /usr/local/gcc-arm-none-eabi-8-2018-q4-major/bin/../lib/gcc/arm-none-eabi/8.2.1/../../../../arm-none-eabi/lib/thumb/v7e-m+fp/hard/libc_nano.a(lib_a-nano-reallocr.o)
 .debug_frame   0x00000000000031e4       0x5c /usr/local/gcc-arm-none-eabi-8-2018-q4-major/bin/../lib/gcc/arm-none-eabi/8.2.1/../../../../arm-none-eabi/lib/thumb/v7e-m+fp/hard/libc_nano.a(lib_a-reent.o)
 .debug_frame   0x0000000000003240       0x3c /usr/local/gcc-arm-none-eabi-8-2018-q4-major/bin/../lib/gcc/arm-none-eabi/8.2.1/../../../../arm-none-eabi/lib/thumb/v7e-m+fp/hard/libc_nano.a(lib_a-wctomb_r.o)
 .debug_frame   0x000000000000327c       0xb0 /usr/local/gcc-arm-none-eabi-8-2018-q4-major/bin/../lib/gcc/arm-none-eabi/8.2.1/../../../../arm-none-eabi/lib/thumb/v7e-m+fp/hard/libc_nano.a(lib_a-lock.o)
 .debug_frame   0x000000000000332c       0x20 /usr/local/gcc-arm-none-eabi-8-2018-q4-major/bin/../lib/gcc/arm-none-eabi/8.2.1/../../../../arm-none-eabi/lib/thumb/v7e-m+fp/hard/libc_nano.a(lib_a-nano-msizer.o)
 .debug_frame   0x000000000000334c       0x4c /usr/local/gcc-arm-none-eabi-8-2018-q4-major/bin/../lib/gcc/arm-none-eabi/8.2.1/../../../../arm-none-eabi/lib/thumb/v7e-m+fp/hard/libm.a(lib_a-w_sqrt.o)
 .debug_frame   0x0000000000003398       0x30 /usr/local/gcc-arm-none-eabi-8-2018-q4-major/bin/../lib/gcc/arm-none-eabi/8.2.1/../../../../arm-none-eabi/lib/thumb/v7e-m+fp/hard/libm.a(lib_a-e_sqrt.o)
 .debug_frame   0x00000000000033c8       0x20 /usr/local/gcc-arm-none-eabi-8-2018-q4-major/bin/../lib/gcc/arm-none-eabi/8.2.1/../../../../arm-none-eabi/lib/thumb/v7e-m+fp/hard/libm.a(lib_a-s_matherr.o)
 .debug_frame   0x00000000000033e8       0x20 /usr/local/gcc-arm-none-eabi-8-2018-q4-major/bin/../lib/gcc/arm-none-eabi/8.2.1/../../../../arm-none-eabi/lib/thumb/v7e-m+fp/hard/libnosys.a(sbrk.o)
 .debug_frame   0x0000000000003408       0xac /usr/local/gcc-arm-none-eabi-8-2018-q4-major/bin/../lib/gcc/arm-none-eabi/8.2.1/thumb/v7e-m+fp/hard/libgcc.a(_arm_addsubdf3.o)
 .debug_frame   0x00000000000034b4       0x50 /usr/local/gcc-arm-none-eabi-8-2018-q4-major/bin/../lib/gcc/arm-none-eabi/8.2.1/thumb/v7e-m+fp/hard/libgcc.a(_arm_muldivdf3.o)
 .debug_frame   0x0000000000003504       0xc4 /usr/local/gcc-arm-none-eabi-8-2018-q4-major/bin/../lib/gcc/arm-none-eabi/8.2.1/thumb/v7e-m+fp/hard/libgcc.a(_arm_cmpdf2.o)
 .debug_frame   0x00000000000035c8       0x20 /usr/local/gcc-arm-none-eabi-8-2018-q4-major/bin/../lib/gcc/arm-none-eabi/8.2.1/thumb/v7e-m+fp/hard/libgcc.a(_arm_unorddf2.o)
 .debug_frame   0x00000000000035e8       0x24 /usr/local/gcc-arm-none-eabi-8-2018-q4-major/bin/../lib/gcc/arm-none-eabi/8.2.1/thumb/v7e-m+fp/hard/libgcc.a(_arm_fixdfsi.o)
 .debug_frame   0x000000000000360c       0x2c /usr/local/gcc-arm-none-eabi-8-2018-q4-major/bin/../lib/gcc/arm-none-eabi/8.2.1/thumb/v7e-m+fp/hard/libgcc.a(_fixunsdfdi.o)
 .debug_frame   0x0000000000003638       0x24 /usr/local/gcc-arm-none-eabi-8-2018-q4-major/bin/../lib/gcc/arm-none-eabi/8.2.1/thumb/v7e-m+fp/hard/libgcc.a(_arm_fixunsdfsi.o)
 .debug_frame   0x000000000000365c       0x20 /usr/local/gcc-arm-none-eabi-8-2018-q4-major/bin/../lib/gcc/arm-none-eabi/8.2.1/../../../../arm-none-eabi/lib/thumb/v7e-m+fp/hard/libc_nano.a(lib_a-errno.o)

Cross Reference Table

Symbol                                            File
ADC1_2_IRQHandler                                 build/startup_stm32f303xe.o
ADC3_IRQHandler                                   build/startup_stm32f303xe.o
ADC4_IRQHandler                                   build/startup_stm32f303xe.o
AHBPrescTable                                     build/system_stm32f3xx.o
                                                  build/stm32f3xx_hal_rcc.o
APBPrescTable                                     build/system_stm32f3xx.o
                                                  build/stm32f3xx_hal_rcc.o
BusFault_Handler                                  build/startup_stm32f303xe.o
CAN_RX1_IRQHandler                                build/startup_stm32f303xe.o
CAN_SCE_IRQHandler                                build/startup_stm32f303xe.o
COMP1_2_3_IRQHandler                              build/startup_stm32f303xe.o
COMP4_5_6_IRQHandler                              build/startup_stm32f303xe.o
COMP7_IRQHandler                                  build/startup_stm32f303xe.o
DMA1_Channel1_IRQHandler                          build/stm32f3xx_it.o
DMA1_Channel2_IRQHandler                          build/startup_stm32f303xe.o
DMA1_Channel3_IRQHandler                          build/startup_stm32f303xe.o
DMA1_Channel4_IRQHandler                          build/startup_stm32f303xe.o
DMA1_Channel5_IRQHandler                          build/startup_stm32f303xe.o
DMA1_Channel6_IRQHandler                          build/startup_stm32f303xe.o
DMA1_Channel7_IRQHandler                          build/startup_stm32f303xe.o
DMA2_Channel1_IRQHandler                          build/stm32f3xx_it.o
DMA2_Channel2_IRQHandler                          build/startup_stm32f303xe.o
DMA2_Channel3_IRQHandler                          build/startup_stm32f303xe.o
DMA2_Channel4_IRQHandler                          build/startup_stm32f303xe.o
DMA2_Channel5_IRQHandler                          build/startup_stm32f303xe.o
DebugMon_Handler                                  build/startup_stm32f303xe.o
Default_Handler                                   build/startup_stm32f303xe.o
EXTI0_IRQHandler                                  build/startup_stm32f303xe.o
EXTI15_10_IRQHandler                              build/startup_stm32f303xe.o
EXTI1_IRQHandler                                  build/startup_stm32f303xe.o
EXTI2_TSC_IRQHandler                              build/startup_stm32f303xe.o
EXTI3_IRQHandler                                  build/startup_stm32f303xe.o
EXTI4_IRQHandler                                  build/startup_stm32f303xe.o
EXTI9_5_IRQHandler                                build/startup_stm32f303xe.o
FLASH_IRQHandler                                  build/startup_stm32f303xe.o
FLASH_PageErase                                   build/stm32f3xx_hal_flash_ex.o
                                                  build/stm32f3xx_hal_flash.o
FLASH_WaitForLastOperation                        build/stm32f3xx_hal_flash.o
                                                  build/stm32f3xx_hal_flash_ex.o
FMC_IRQHandler                                    build/startup_stm32f303xe.o
FPU_IRQHandler                                    build/startup_stm32f303xe.o
HAL_ADCEx_Calibration_GetValue                    build/stm32f3xx_hal_adc_ex.o
HAL_ADCEx_Calibration_SetValue                    build/stm32f3xx_hal_adc_ex.o
HAL_ADCEx_Calibration_Start                       build/stm32f3xx_hal_adc_ex.o
HAL_ADCEx_InjectedConfigChannel                   build/stm32f3xx_hal_adc_ex.o
HAL_ADCEx_InjectedConvCpltCallback                build/stm32f3xx_hal_adc_ex.o
HAL_ADCEx_InjectedGetValue                        build/stm32f3xx_hal_adc_ex.o
HAL_ADCEx_InjectedPollForConversion               build/stm32f3xx_hal_adc_ex.o