Archive member included to satisfy reference by file (symbol)

/usr/local/opt/gcc-arm-none-eabi-8-2019-q3-update/bin/../lib/gcc/arm-none-eabi/8.3.1/../../../../arm-none-eabi/lib/thumb/v7e-m+fp/hard/libc_nano.a(lib_a-exit.o)
                              /usr/local/opt/gcc-arm-none-eabi-8-2019-q3-update/bin/../lib/gcc/arm-none-eabi/8.3.1/../../../../arm-none-eabi/lib/thumb/v7e-m+fp/hard/crt0.o (exit)
/usr/local/opt/gcc-arm-none-eabi-8-2019-q3-update/bin/../lib/gcc/arm-none-eabi/8.3.1/../../../../arm-none-eabi/lib/thumb/v7e-m+fp/hard/libc_nano.a(lib_a-impure.o)
                              /usr/local/opt/gcc-arm-none-eabi-8-2019-q3-update/bin/../lib/gcc/arm-none-eabi/8.3.1/../../../../arm-none-eabi/lib/thumb/v7e-m+fp/hard/libc_nano.a(lib_a-exit.o) (_global_impure_ptr)
/usr/local/opt/gcc-arm-none-eabi-8-2019-q3-update/bin/../lib/gcc/arm-none-eabi/8.3.1/../../../../arm-none-eabi/lib/thumb/v7e-m+fp/hard/libc_nano.a(lib_a-init.o)
                              /usr/local/opt/gcc-arm-none-eabi-8-2019-q3-update/bin/../lib/gcc/arm-none-eabi/8.3.1/../../../../arm-none-eabi/lib/thumb/v7e-m+fp/hard/crt0.o (__libc_init_array)
/usr/local/opt/gcc-arm-none-eabi-8-2019-q3-update/bin/../lib/gcc/arm-none-eabi/8.3.1/../../../../arm-none-eabi/lib/thumb/v7e-m+fp/hard/libc_nano.a(lib_a-memset.o)
                              /usr/local/opt/gcc-arm-none-eabi-8-2019-q3-update/bin/../lib/gcc/arm-none-eabi/8.3.1/../../../../arm-none-eabi/lib/thumb/v7e-m+fp/hard/crt0.o (memset)
/usr/local/opt/gcc-arm-none-eabi-8-2019-q3-update/bin/../lib/gcc/arm-none-eabi/8.3.1/../../../../arm-none-eabi/lib/thumb/v7e-m+fp/hard/libc_nano.a(lib_a-nano-vfprintf_float.o)
                              (_printf_float)
/usr/local/opt/gcc-arm-none-eabi-8-2019-q3-update/bin/../lib/gcc/arm-none-eabi/8.3.1/../../../../arm-none-eabi/lib/thumb/v7e-m+fp/hard/libc_nano.a(lib_a-nano-vfprintf_i.o)
                              /usr/local/opt/gcc-arm-none-eabi-8-2019-q3-update/bin/../lib/gcc/arm-none-eabi/8.3.1/../../../../arm-none-eabi/lib/thumb/v7e-m+fp/hard/libc_nano.a(lib_a-nano-vfprintf_float.o) (_printf_common)
/usr/local/opt/gcc-arm-none-eabi-8-2019-q3-update/bin/../lib/gcc/arm-none-eabi/8.3.1/../../../../arm-none-eabi/lib/thumb/v7e-m+fp/hard/libc_nano.a(lib_a-sprintf.o)
                              build/main.o (sprintf)
/usr/local/opt/gcc-arm-none-eabi-8-2019-q3-update/bin/../lib/gcc/arm-none-eabi/8.3.1/../../../../arm-none-eabi/lib/thumb/v7e-m+fp/hard/libc_nano.a(lib_a-strlen.o)
                              build/usart.o (strlen)
/usr/local/opt/gcc-arm-none-eabi-8-2019-q3-update/bin/../lib/gcc/arm-none-eabi/8.3.1/../../../../arm-none-eabi/lib/thumb/v7e-m+fp/hard/libc_nano.a(lib_a-dtoa.o)
                              /usr/local/opt/gcc-arm-none-eabi-8-2019-q3-update/bin/../lib/gcc/arm-none-eabi/8.3.1/../../../../arm-none-eabi/lib/thumb/v7e-m+fp/hard/libc_nano.a(lib_a-nano-vfprintf_float.o) (_dtoa_r)
/usr/local/opt/gcc-arm-none-eabi-8-2019-q3-update/bin/../lib/gcc/arm-none-eabi/8.3.1/../../../../arm-none-eabi/lib/thumb/v7e-m+fp/hard/libc_nano.a(lib_a-localeconv.o)
                              /usr/local/opt/gcc-arm-none-eabi-8-2019-q3-update/bin/../lib/gcc/arm-none-eabi/8.3.1/../../../../arm-none-eabi/lib/thumb/v7e-m+fp/hard/libc_nano.a(lib_a-nano-vfprintf_float.o) (_localeconv_r)
/usr/local/opt/gcc-arm-none-eabi-8-2019-q3-update/bin/../lib/gcc/arm-none-eabi/8.3.1/../../../../arm-none-eabi/lib/thumb/v7e-m+fp/hard/libc_nano.a(lib_a-malloc.o)
                              /usr/local/opt/gcc-arm-none-eabi-8-2019-q3-update/bin/../lib/gcc/arm-none-eabi/8.3.1/../../../../arm-none-eabi/lib/thumb/v7e-m+fp/hard/libc_nano.a(lib_a-dtoa.o) (malloc)
/usr/local/opt/gcc-arm-none-eabi-8-2019-q3-update/bin/../lib/gcc/arm-none-eabi/8.3.1/../../../../arm-none-eabi/lib/thumb/v7e-m+fp/hard/libc_nano.a(lib_a-memchr.o)
                              /usr/local/opt/gcc-arm-none-eabi-8-2019-q3-update/bin/../lib/gcc/arm-none-eabi/8.3.1/../../../../arm-none-eabi/lib/thumb/v7e-m+fp/hard/libc_nano.a(lib_a-nano-vfprintf_i.o) (memchr)
/usr/local/opt/gcc-arm-none-eabi-8-2019-q3-update/bin/../lib/gcc/arm-none-eabi/8.3.1/../../../../arm-none-eabi/lib/thumb/v7e-m+fp/hard/libc_nano.a(lib_a-memcpy-stub.o)
                              /usr/local/opt/gcc-arm-none-eabi-8-2019-q3-update/bin/../lib/gcc/arm-none-eabi/8.3.1/../../../../arm-none-eabi/lib/thumb/v7e-m+fp/hard/libc_nano.a(lib_a-dtoa.o) (memcpy)
/usr/local/opt/gcc-arm-none-eabi-8-2019-q3-update/bin/../lib/gcc/arm-none-eabi/8.3.1/../../../../arm-none-eabi/lib/thumb/v7e-m+fp/hard/libc_nano.a(lib_a-mprec.o)
                              /usr/local/opt/gcc-arm-none-eabi-8-2019-q3-update/bin/../lib/gcc/arm-none-eabi/8.3.1/../../../../arm-none-eabi/lib/thumb/v7e-m+fp/hard/libc_nano.a(lib_a-dtoa.o) (_Balloc)
/usr/local/opt/gcc-arm-none-eabi-8-2019-q3-update/bin/../lib/gcc/arm-none-eabi/8.3.1/../../../../arm-none-eabi/lib/thumb/v7e-m+fp/hard/libc_nano.a(lib_a-nano-callocr.o)
[...]
Memory Configuration

Name             Origin             Length             Attributes
RAM              0x0000000020000000 0x0000000000010000 xrw
CCMRAM           0x0000000010000000 0x0000000000004000 rw
FLASH            0x0000000008000000 0x0000000000080000 xr
*default*        0x0000000000000000 0xffffffffffffffff

Linker script and memory map

LOAD /usr/local/opt/gcc-arm-none-eabi-8-2019-q3-update/bin/../lib/gcc/arm-none-eabi/8.3.1/thumb/v7e-m+fp/hard/crti.o
LOAD /usr/local/opt/gcc-arm-none-eabi-8-2019-q3-update/bin/../lib/gcc/arm-none-eabi/8.3.1/thumb/v7e-m+fp/hard/crtbegin.o
LOAD /usr/local/opt/gcc-arm-none-eabi-8-2019-q3-update/bin/../lib/gcc/arm-none-eabi/8.3.1/../../../../arm-none-eabi/lib/thumb/v7e-m+fp/hard/crt0.o
LOAD build/main.o
LOAD build/gpio.o
LOAD build/usart.o
LOAD build/RFM69_ext.o
LOAD build/RFM69.o
LOAD build/stm32f3xx_it.o
LOAD build/system_stm32f3xx.o
LOAD build/stm32f3xx_hal_msp.o
LOAD build/stm32f3xx_hal_pwr.o
LOAD build/stm32f3xx_hal_tim_ex.o
LOAD build/stm32f3xx_hal_pwr_ex.o
LOAD build/stm32f3xx_hal_i2c_ex.o
LOAD build/stm32f3xx_hal.o
LOAD build/stm32f3xx_hal_flash.o
LOAD build/stm32f3xx_hal_cortex.o
LOAD build/stm32f3xx_hal_rcc.o
LOAD build/stm32f3xx_hal_dma.o
LOAD build/stm32f3xx_hal_flash_ex.o
LOAD build/stm32f3xx_hal_tim.o
LOAD build/stm32f3xx_hal_rcc_ex.o
LOAD build/stm32f3xx_hal_gpio.o
LOAD build/stm32f3xx_hal_i2c.o
LOAD build/stm32f3xx_hal_uart.o
LOAD build/adc.o
LOAD build/stm32f3xx_hal_uart_ex.o
LOAD build/stm32f3xx_hal_adc.o
LOAD build/stm32f3xx_hal_adc_ex.o
LOAD build/dma.o
LOAD build/tim.o
LOAD build/opamp.o
LOAD build/stm32f3xx_hal_opamp_ex.o
LOAD build/stm32f3xx_hal_opamp.o
LOAD build/spi.o
LOAD build/stm32f3xx_hal_spi_ex.o
LOAD build/stm32f3xx_hal_spi.o
LOAD build/startup_stm32f303xe.o
LOAD /usr/local/opt/gcc-arm-none-eabi-8-2019-q3-update/bin/../lib/gcc/arm-none-eabi/8.3.1/../../../../arm-none-eabi/lib/thumb/v7e-m+fp/hard/libc_nano.a
LOAD /usr/local/opt/gcc-arm-none-eabi-8-2019-q3-update/bin/../lib/gcc/arm-none-eabi/8.3.1/../../../../arm-none-eabi/lib/thumb/v7e-m+fp/hard/libm.a
LOAD /usr/local/opt/gcc-arm-none-eabi-8-2019-q3-update/bin/../lib/gcc/arm-none-eabi/8.3.1/../../../../arm-none-eabi/lib/thumb/v7e-m+fp/hard/libnosys.a
START GROUP
LOAD /usr/local/opt/gcc-arm-none-eabi-8-2019-q3-update/bin/../lib/gcc/arm-none-eabi/8.3.1/thumb/v7e-m+fp/hard/libgcc.a
LOAD /usr/local/opt/gcc-arm-none-eabi-8-2019-q3-update/bin/../lib/gcc/arm-none-eabi/8.3.1/../../../../arm-none-eabi/lib/thumb/v7e-m+fp/hard/libc_nano.a
END GROUP
START GROUP
LOAD /usr/local/opt/gcc-arm-none-eabi-8-2019-q3-update/bin/../lib/gcc/arm-none-eabi/8.3.1/thumb/v7e-m+fp/hard/libgcc.a
LOAD /usr/local/opt/gcc-arm-none-eabi-8-2019-q3-update/bin/../lib/gcc/arm-none-eabi/8.3.1/../../../../arm-none-eabi/lib/thumb/v7e-m+fp/hard/libc_nano.a
END GROUP
LOAD /usr/local/opt/gcc-arm-none-eabi-8-2019-q3-update/bin/../lib/gcc/arm-none-eabi/8.3.1/thumb/v7e-m+fp/hard/crtend.o
LOAD /usr/local/opt/gcc-arm-none-eabi-8-2019-q3-update/bin/../lib/gcc/arm-none-eabi/8.3.1/thumb/v7e-m+fp/hard/crtn.o
                0x0000000020010000                _estack = 0x20010000
                0x0000000000000200                _Min_Heap_Size = 0x200
                0x0000000000000400                _Min_Stack_Size = 0x400

.isr_vector     0x0000000008000000      0x194
                0x0000000008000000                . = ALIGN (0x4)
 *(.isr_vector)
 .isr_vector    0x0000000008000000      0x194 build/startup_stm32f303xe.o
                0x0000000008000000                g_pfnVectors
                0x0000000008000194                . = ALIGN (0x4)

.text           0x00000000080001a0     0x7380
                0x00000000080001a0                . = ALIGN (0x4)
 *(.text)
 .text          0x00000000080001a0       0x40 /usr/local/opt/gcc-arm-none-eabi-8-2019-q3-update/bin/../lib/gcc/arm-none-eabi/8.3.1/thumb/v7e-m+fp/hard/crtbegin.o
 .text          0x00000000080001e0       0x10 /usr/local/opt/gcc-arm-none-eabi-8-2019-q3-update/bin/../lib/gcc/arm-none-eabi/8.3.1/../../../../arm-none-eabi/lib/thumb/v7e-m+fp/hard/libc_nano.a(lib_a-strlen.o)
                0x00000000080001e0                strlen
 .text          0x00000000080001f0       0xa0 /usr/local/opt/gcc-arm-none-eabi-8-2019-q3-update/bin/../lib/gcc/arm-none-eabi/8.3.1/../../../../arm-none-eabi/lib/thumb/v7e-m+fp/hard/libc_nano.a(lib_a-memchr.o)
                0x00000000080001f0                memchr
 .text          0x0000000008000290      0x378 /usr/local/opt/gcc-arm-none-eabi-8-2019-q3-update/bin/../lib/gcc/arm-none-eabi/8.3.1/thumb/v7e-m+fp/hard/libgcc.a(_arm_addsubdf3.o)
                0x0000000008000290                __aeabi_drsub
                0x0000000008000298                __subdf3
                0x0000000008000298                __aeabi_dsub
                0x000000000800029c                __aeabi_dadd
                0x000000000800029c                __adddf3
                0x0000000008000514                __aeabi_ui2d
                0x0000000008000514                __floatunsidf
                0x0000000008000534                __floatsidf
                0x0000000008000534                __aeabi_i2d
                0x0000000008000558                __extendsfdf2
                0x0000000008000558                __aeabi_f2d
                0x000000000800059c                __aeabi_ul2d
                0x000000000800059c                __floatundidf
                0x00000000080005ac                __aeabi_l2d
                0x00000000080005ac                __floatdidf
 .text          0x0000000008000608      0x424 /usr/local/opt/gcc-arm-none-eabi-8-2019-q3-update/bin/../lib/gcc/arm-none-eabi/8.3.1/thumb/v7e-m+fp/hard/libgcc.a(_arm_muldivdf3.o)
                0x0000000008000608                __aeabi_dmul
                0x0000000008000608                __muldf3
                0x000000000800085c                __aeabi_ddiv
                0x000000000800085c                __divdf3
 .text          0x0000000008000a2c      0x110 /usr/local/opt/gcc-arm-none-eabi-8-2019-q3-update/bin/../lib/gcc/arm-none-eabi/8.3.1/thumb/v7e-m+fp/hard/libgcc.a(_arm_cmpdf2.o)
                0x0000000008000a2c                __gedf2
                0x0000000008000a2c                __gtdf2
                0x0000000008000a34                __ledf2
                0x0000000008000a34                __ltdf2
                0x0000000008000a3c                __cmpdf2
                0x0000000008000a3c                __eqdf2
                0x0000000008000a3c                __nedf2
                0x0000000008000ab8                __aeabi_cdrcmple
                0x0000000008000ac8                __aeabi_cdcmple
                0x0000000008000ac8                __aeabi_cdcmpeq
                0x0000000008000ad8                __aeabi_dcmpeq
                0x0000000008000aec                __aeabi_dcmplt
                0x0000000008000b00                __aeabi_dcmple
                0x0000000008000b14                __aeabi_dcmpge
                0x0000000008000b28                __aeabi_dcmpgt
 .text          0x0000000008000b3c       0x2c /usr/local/opt/gcc-arm-none-eabi-8-2019-q3-update/bin/../lib/gcc/arm-none-eabi/8.3.1/thumb/v7e-m+fp/hard/libgcc.a(_arm_unorddf2.o)
                0x0000000008000b3c                __aeabi_dcmpun
                0x0000000008000b3c                __unorddf2
 .text          0x0000000008000b68       0x50 /usr/local/opt/gcc-arm-none-eabi-8-2019-q3-update/bin/../lib/gcc/arm-none-eabi/8.3.1/thumb/v7e-m+fp/hard/libgcc.a(_arm_fixdfsi.o)
                0x0000000008000b68                __fixdfsi
                0x0000000008000b68                __aeabi_d2iz
 .text          0x0000000008000bb8       0x40 /usr/local/opt/gcc-arm-none-eabi-8-2019-q3-update/bin/../lib/gcc/arm-none-eabi/8.3.1/thumb/v7e-m+fp/hard/libgcc.a(_arm_fixunsdfsi.o)
                0x0000000008000bb8                __fixunsdfsi
                0x0000000008000bb8                __aeabi_d2uiz
 .text          0x0000000008000bf8       0x3c /usr/local/opt/gcc-arm-none-eabi-8-2019-q3-update/bin/../lib/gcc/arm-none-eabi/8.3.1/thumb/v7e-m+fp/hard/libgcc.a(_fixunsdfdi.o)
                0x0000000008000bf8                __aeabi_d2ulz
                0x0000000008000bf8                __fixunsdfdi
 *(.text*)
 .text.process_frame
                0x0000000008000c34      0x19c build/main.o
                0x0000000008000c34                process_frame
 .text._Error_Handler
                0x0000000008000dd0        0x2 build/main.o
                0x0000000008000dd0                _Error_Handler
 *fill*         0x0000000008000dd2        0x2 
 .text.SystemClock_Config
                0x0000000008000dd4       0xa8 build/main.o
                0x0000000008000dd4                SystemClock_Config
 *fill*         0x0000000008000e7c        0x4 
 .text.main     0x0000000008000e80      0x314 build/main.o
                0x0000000008000e80                main
 .text.MX_GPIO_Init
                0x0000000008001194      0x128 build/gpio.o
                0x0000000008001194                MX_GPIO_Init
 .text.MX_USART2_UART_Init
                0x00000000080012bc       0x40 build/usart.o
                0x00000000080012bc                MX_USART2_UART_Init
 .text.HAL_UART_MspInit
                0x00000000080012fc       0x4c build/usart.o
                0x00000000080012fc                HAL_UART_MspInit
 .text.debug_printf
                0x0000000008001348       0x1c build/usart.o
                0x0000000008001348                debug_printf
 .text.RFM69_RST
                0x0000000008001364       0x2c build/RFM69_ext.o
                0x0000000008001364                RFM69_RST
 .text.noInterrupts
                0x0000000008001390       0x10 build/RFM69_ext.o
                0x0000000008001390                noInterrupts
 .text.interrupts
                0x00000000080013a0        0xc build/RFM69_ext.o
                0x00000000080013a0                interrupts
 .text.RFM69_SetCSPin
                0x00000000080013ac       0x14 build/RFM69_ext.o
                0x00000000080013ac                RFM69_SetCSPin
 .text.RFM69_ReadDIO0Pin
                0x00000000080013c0       0x24 build/RFM69_ext.o
                0x00000000080013c0                RFM69_ReadDIO0Pin
 .text.Timeout_IsTimeout1
                0x00000000080013e4       0x34 build/RFM69_ext.o
                0x00000000080013e4                Timeout_IsTimeout1
 .text.Timeout_SetTimeout1
                0x0000000008001418       0x14 build/RFM69_ext.o
                0x0000000008001418                Timeout_SetTimeout1
 .text.RFM69_select
                0x000000000800142c        0xe build/RFM69.o
                0x000000000800142c                RFM69_select
 .text.RFM69_unselect
                0x000000000800143a        0xe build/RFM69.o
                0x000000000800143a                RFM69_unselect
 .text.RFM69_readReg
                0x0000000008001448       0x20 build/RFM69.o
                0x0000000008001448                RFM69_readReg
 .text.RFM69_writeReg
                0x0000000008001468       0x1e build/RFM69.o
                0x0000000008001468                RFM69_writeReg
 *fill*         0x0000000008001486        0x2 
 .text.RFM69_setMode
                0x0000000008001488       0xb8 build/RFM69.o
                0x0000000008001488                RFM69_setMode
 .text.RFM69_receiveBegin
                0x0000000008001540       0x6c build/RFM69.o
                0x0000000008001540                RFM69_receiveBegin
 .text.RFM69_receiveDone
                0x00000000080015ac       0x3c build/RFM69.o
                0x00000000080015ac                RFM69_receiveDone
 .text.RFM69_readRSSI
                0x00000000080015e8       0x2a build/RFM69.o
                0x00000000080015e8                RFM69_readRSSI
 .text.RFM69_setHighPower
                0x0000000008001612        0xc build/RFM69.o
                0x0000000008001612                RFM69_setHighPower
 .text.RFM69_encrypt
                0x000000000800161e       0x4a build/RFM69.o
                0x000000000800161e                RFM69_encrypt
 .text.RFM69_initialize
                0x0000000008001668      0x1ec build/RFM69.o
                0x0000000008001668                RFM69_initialize
 .text.RFM69_interruptHandler
                0x0000000008001854       0xf8 build/RFM69.o
                0x0000000008001854                RFM69_interruptHandler
 .text.PrintStruct
                0x000000000800194c       0x60 build/RFM69.o
                0x000000000800194c                PrintStruct
 .text.PrintByteByByte
                0x00000000080019ac       0x64 build/RFM69.o
                0x00000000080019ac                PrintByteByByte
 .text.PrintRawBytes
                0x0000000008001a10       0x38 build/RFM69.o
                0x0000000008001a10                PrintRawBytes
 .text.SysTick_Handler
                0x0000000008001a48        0xc build/stm32f3xx_it.o
                0x0000000008001a48                SysTick_Handler
 .text.DMA1_Channel1_IRQHandler
                0x0000000008001a54       0x10 build/stm32f3xx_it.o
                0x0000000008001a54                DMA1_Channel1_IRQHandler
 .text.DMA2_Channel1_IRQHandler
                0x0000000008001a64       0x10 build/stm32f3xx_it.o
                0x0000000008001a64                DMA2_Channel1_IRQHandler
 .text.SystemInit
                0x0000000008001a74       0x68 build/system_stm32f3xx.o
                0x0000000008001a74                SystemInit
 .text.HAL_MspInit
                0x0000000008001adc       0x7c build/stm32f3xx_hal_msp.o
                0x0000000008001adc                HAL_MspInit
 .text.TIM_OC5_SetConfig
                0x0000000008001b58       0x70 build/stm32f3xx_hal_tim_ex.o
 .text.TIM_OC6_SetConfig
                0x0000000008001bc8       0x74 build/stm32f3xx_hal_tim_ex.o
 .text.HAL_TIM_PWM_ConfigChannel
                0x0000000008001c3c      0x134 build/stm32f3xx_hal_tim_ex.o
                0x0000000008001c3c                HAL_TIM_PWM_ConfigChannel
 .text.HAL_TIMEx_MasterConfigSynchronization
                0x0000000008001d70       0x60 build/stm32f3xx_hal_tim_ex.o
                0x0000000008001d70                HAL_TIMEx_MasterConfigSynchronization
 .text.HAL_TIMEx_ConfigBreakDeadTime
                0x0000000008001dd0       0x9c build/stm32f3xx_hal_tim_ex.o
                0x0000000008001dd0                HAL_TIMEx_ConfigBreakDeadTime
 .text.HAL_InitTick
                0x0000000008001e6c       0x4c build/stm32f3xx_hal.o
                0x0000000008001e6c                HAL_InitTick
 .text.HAL_Init
                0x0000000008001eb8       0x24 build/stm32f3xx_hal.o
                0x0000000008001eb8                HAL_Init
 .text.HAL_IncTick
                0x0000000008001edc       0x18 build/stm32f3xx_hal.o
                0x0000000008001edc                HAL_IncTick
 .text.HAL_GetTick
                0x0000000008001ef4        0xc build/stm32f3xx_hal.o
                0x0000000008001ef4                HAL_GetTick
 .text.HAL_Delay
                0x0000000008001f00       0x28 build/stm32f3xx_hal.o
                0x0000000008001f00                HAL_Delay
 .text.HAL_NVIC_SetPriorityGrouping
                0x0000000008001f28       0x24 build/stm32f3xx_hal_cortex.o
                0x0000000008001f28                HAL_NVIC_SetPriorityGrouping
 .text.HAL_NVIC_SetPriority
                0x0000000008001f4c       0x68 build/stm32f3xx_hal_cortex.o
                0x0000000008001f4c                HAL_NVIC_SetPriority
 .text.HAL_NVIC_EnableIRQ
                0x0000000008001fb4       0x18 build/stm32f3xx_hal_cortex.o
                0x0000000008001fb4                HAL_NVIC_EnableIRQ
 .text.HAL_SYSTICK_Config
                0x0000000008001fcc       0x2c build/stm32f3xx_hal_cortex.o
                0x0000000008001fcc                HAL_SYSTICK_Config
 .text.HAL_SYSTICK_CLKSourceConfig
                0x0000000008001ff8       0x20 build/stm32f3xx_hal_cortex.o
                0x0000000008001ff8                HAL_SYSTICK_CLKSourceConfig
 .text.HAL_SYSTICK_Callback
                0x0000000008002018        0x2 build/stm32f3xx_hal_cortex.o
                0x0000000008002018                HAL_SYSTICK_Callback
 .text.HAL_SYSTICK_IRQHandler
                0x000000000800201a        0x8 build/stm32f3xx_hal_cortex.o
                0x000000000800201a                HAL_SYSTICK_IRQHandler
 *fill*         0x0000000008002022        0x2 
 .text.HAL_RCC_OscConfig
                0x0000000008002024      0x600 build/stm32f3xx_hal_rcc.o
                0x0000000008002024                HAL_RCC_OscConfig
 .text.HAL_RCC_GetSysClockFreq
                0x0000000008002624       0x70 build/stm32f3xx_hal_rcc.o
                0x0000000008002624                HAL_RCC_GetSysClockFreq
 .text.HAL_RCC_ClockConfig
                0x0000000008002694      0x1d8 build/stm32f3xx_hal_rcc.o
                0x0000000008002694                HAL_RCC_ClockConfig
 .text.HAL_RCC_GetHCLKFreq
                0x000000000800286c        0xc build/stm32f3xx_hal_rcc.o
                0x000000000800286c                HAL_RCC_GetHCLKFreq
 .text.HAL_RCC_GetPCLK1Freq
                0x0000000008002878       0x2c build/stm32f3xx_hal_rcc.o
                0x0000000008002878                HAL_RCC_GetPCLK1Freq
 .text.HAL_RCC_GetPCLK2Freq
                0x00000000080028a4       0x2c build/stm32f3xx_hal_rcc.o
                0x00000000080028a4                HAL_RCC_GetPCLK2Freq
 .text.DMA_SetConfig
                0x00000000080028d0       0x2c build/stm32f3xx_hal_dma.o
 .text.DMA_CalcBaseAndBitshift
                0x00000000080028fc       0x4c build/stm32f3xx_hal_dma.o
 .text.HAL_DMA_Init
                0x0000000008002948       0x58 build/stm32f3xx_hal_dma.o
                0x0000000008002948                HAL_DMA_Init
 .text.HAL_DMA_Start_IT
                0x00000000080029a0       0x74 build/stm32f3xx_hal_dma.o
                0x00000000080029a0                HAL_DMA_Start_IT
 .text.HAL_DMA_Abort
                0x0000000008002a14       0x2e build/stm32f3xx_hal_dma.o
                0x0000000008002a14                HAL_DMA_Abort
 .text.HAL_DMA_IRQHandler
                0x0000000008002a42       0xb4 build/stm32f3xx_hal_dma.o
                0x0000000008002a42                HAL_DMA_IRQHandler
 *fill*         0x0000000008002af6        0x2 
 .text.TIM_Base_SetConfig
                0x0000000008002af8       0xd0 build/stm32f3xx_hal_tim.o
                0x0000000008002af8                TIM_Base_SetConfig
 .text.HAL_TIM_PWM_Init
                0x0000000008002bc8       0x34 build/stm32f3xx_hal_tim.o
                0x0000000008002bc8                HAL_TIM_PWM_Init
 .text.TIM_OC1_SetConfig
                0x0000000008002bfc       0xac build/stm32f3xx_hal_tim.o
                0x0000000008002bfc                TIM_OC1_SetConfig
 .text.TIM_OC2_SetConfig
                0x0000000008002ca8       0x9c build/stm32f3xx_hal_tim.o
                0x0000000008002ca8                TIM_OC2_SetConfig
 .text.TIM_OC3_SetConfig
                0x0000000008002d44       0x9c build/stm32f3xx_hal_tim.o
                0x0000000008002d44                TIM_OC3_SetConfig
 .text.TIM_OC4_SetConfig
                0x0000000008002de0       0x74 build/stm32f3xx_hal_tim.o
                0x0000000008002de0                TIM_OC4_SetConfig
 .text.TIM_CCxChannelCmd
                0x0000000008002e54       0x1e build/stm32f3xx_hal_tim.o
                0x0000000008002e54                TIM_CCxChannelCmd
 *fill*         0x0000000008002e72        0x2 
 .text.HAL_TIM_PWM_Start
                0x0000000008002e74       0x58 build/stm32f3xx_hal_tim.o
                0x0000000008002e74                HAL_TIM_PWM_Start
 .text.HAL_TIM_PWM_Stop
                0x0000000008002ecc       0x84 build/stm32f3xx_hal_tim.o
                0x0000000008002ecc                HAL_TIM_PWM_Stop
 .text.HAL_RCCEx_PeriphCLKConfig
                0x0000000008002f50      0x2fc build/stm32f3xx_hal_rcc_ex.o
                0x0000000008002f50                HAL_RCCEx_PeriphCLKConfig
 .text.HAL_GPIO_Init
                0x000000000800324c      0x1ac build/stm32f3xx_hal_gpio.o
                0x000000000800324c                HAL_GPIO_Init
 .text.HAL_GPIO_ReadPin
                0x00000000080033f8        0xe build/stm32f3xx_hal_gpio.o
                0x00000000080033f8                HAL_GPIO_ReadPin
 .text.HAL_GPIO_WritePin
                0x0000000008003406        0xa build/stm32f3xx_hal_gpio.o
                0x0000000008003406                HAL_GPIO_WritePin
 .text.UART_SetConfig
                0x0000000008003410      0x2ac build/stm32f3xx_hal_uart.o
                0x0000000008003410                UART_SetConfig
 .text.UART_AdvFeatureConfig
                0x00000000080036bc       0xca build/stm32f3xx_hal_uart.o
                0x00000000080036bc                UART_AdvFeatureConfig
 .text.UART_WaitOnFlagUntilTimeout
                0x0000000008003786       0x62 build/stm32f3xx_hal_uart.o
                0x0000000008003786                UART_WaitOnFlagUntilTimeout
 .text.HAL_UART_Transmit
                0x00000000080037e8       0xce build/stm32f3xx_hal_uart.o
                0x00000000080037e8                HAL_UART_Transmit
 .text.UART_CheckIdleState
                0x00000000080038b6       0x70 build/stm32f3xx_hal_uart.o
                0x00000000080038b6                UART_CheckIdleState
 .text.HAL_UART_Init
                0x0000000008003926       0x66 build/stm32f3xx_hal_uart.o
                0x0000000008003926                HAL_UART_Init
 .text.RunReceive
                0x000000000800398c       0x58 build/adc.o
                0x000000000800398c                RunReceive
 .text.MX_ADC1_Init
                0x00000000080039e4       0x94 build/adc.o
                0x00000000080039e4                MX_ADC1_Init
 .text.MX_ADC2_Init
                0x0000000008003a78       0xb8 build/adc.o
                0x0000000008003a78                MX_ADC2_Init
 .text.HAL_ADC_MspInit
                0x0000000008003b30      0x134 build/adc.o
                0x0000000008003b30                HAL_ADC_MspInit
 .text.HAL_ADC_ConvHalfCpltCallback
                0x0000000008003c64       0x1c build/adc.o
                0x0000000008003c64                HAL_ADC_ConvHalfCpltCallback
 .text.HAL_ADC_ConvCpltCallback
                0x0000000008003c80       0x1c build/adc.o
                0x0000000008003c80                HAL_ADC_ConvCpltCallback
 .text.start_ADCs
                0x0000000008003c9c       0x50 build/adc.o
                0x0000000008003c9c                start_ADCs
 .text.HAL_ADC_ErrorCallback
                0x0000000008003cec        0x2 build/stm32f3xx_hal_adc.o
                0x0000000008003cec                HAL_ADC_ErrorCallback
 .text.ADC_Disable
                0x0000000008003cee       0x7e build/stm32f3xx_hal_adc_ex.o
 .text.ADC_ConversionStop
                0x0000000008003d6c       0xd8 build/stm32f3xx_hal_adc_ex.o
 .text.ADC_Enable
                0x0000000008003e44       0x78 build/stm32f3xx_hal_adc_ex.o
 .text.ADC_DMAError
                0x0000000008003ebc       0x1a build/stm32f3xx_hal_adc_ex.o
 .text.ADC_DMAHalfConvCplt
                0x0000000008003ed6        0xa build/stm32f3xx_hal_adc_ex.o
 .text.ADC_DMAConvCplt
                0x0000000008003ee0       0x4a build/stm32f3xx_hal_adc_ex.o
 *fill*         0x0000000008003f2a        0x2 
 .text.HAL_ADC_Init
                0x0000000008003f2c      0x2b4 build/stm32f3xx_hal_adc_ex.o
                0x0000000008003f2c                HAL_ADC_Init
 .text.HAL_ADC_Start_DMA
                0x00000000080041e0      0x184 build/stm32f3xx_hal_adc_ex.o
                0x00000000080041e0                HAL_ADC_Start_DMA
 .text.HAL_ADC_Stop_DMA
                0x0000000008004364       0x78 build/stm32f3xx_hal_adc_ex.o
                0x0000000008004364                HAL_ADC_Stop_DMA
 .text.HAL_ADC_ConfigChannel
                0x00000000080043dc      0x3a8 build/stm32f3xx_hal_adc_ex.o
                0x00000000080043dc                HAL_ADC_ConfigChannel
 .text.HAL_ADCEx_MultiModeConfigChannel
                0x0000000008004784      0x158 build/stm32f3xx_hal_adc_ex.o
                0x0000000008004784                HAL_ADCEx_MultiModeConfigChannel
 .text.MX_DMA_Init
                0x00000000080048dc       0x54 build/dma.o
                0x00000000080048dc                MX_DMA_Init
 .text.HAL_TIM_PWM_MspInit
                0x0000000008004930       0x2c build/tim.o
                0x0000000008004930                HAL_TIM_PWM_MspInit
 .text.HAL_TIM_MspPostInit
                0x000000000800495c       0x38 build/tim.o
                0x000000000800495c                HAL_TIM_MspPostInit
 .text.MX_TIM8_Init
                0x0000000008004994       0xc8 build/tim.o
                0x0000000008004994                MX_TIM8_Init
 .text.pulse_tim8_ch2
                0x0000000008004a5c       0x28 build/tim.o
                0x0000000008004a5c                pulse_tim8_ch2
 .text.MX_OPAMP2_Init
                0x0000000008004a84       0x34 build/opamp.o
                0x0000000008004a84                MX_OPAMP2_Init
 .text.HAL_OPAMP_MspInit
                0x0000000008004ab8       0x30 build/opamp.o
                0x0000000008004ab8                HAL_OPAMP_MspInit
 .text.HAL_OPAMP_Init
                0x0000000008004ae8       0xdc build/stm32f3xx_hal_opamp.o
                0x0000000008004ae8                HAL_OPAMP_Init
 .text.HAL_OPAMP_Start
                0x0000000008004bc4       0x36 build/stm32f3xx_hal_opamp.o
                0x0000000008004bc4                HAL_OPAMP_Start
 *fill*         0x0000000008004bfa        0x2 
 .text.MX_SPI2_Init
                0x0000000008004bfc       0x54 build/spi.o
                0x0000000008004bfc                MX_SPI2_Init
 .text.HAL_SPI_MspInit
                0x0000000008004c50       0x50 build/spi.o
                0x0000000008004c50                HAL_SPI_MspInit
 .text.SPI_transfer8
                0x0000000008004ca0       0x2c build/spi.o
                0x0000000008004ca0                SPI_transfer8
 .text.SPI_WaitFlagStateUntilTimeout
                0x0000000008004ccc       0x92 build/stm32f3xx_hal_spi.o
 .text.SPI_WaitFifoStateUntilTimeout
                0x0000000008004d5e       0xa4 build/stm32f3xx_hal_spi.o
 .text.SPI_EndRxTxTransaction
                0x0000000008004e02       0x66 build/stm32f3xx_hal_spi.o
 .text.HAL_SPI_Init
                0x0000000008004e68       0xba build/stm32f3xx_hal_spi.o
                0x0000000008004e68                HAL_SPI_Init
 .text.HAL_SPI_TransmitReceive
                0x0000000008004f22      0x2b0 build/stm32f3xx_hal_spi.o
                0x0000000008004f22                HAL_SPI_TransmitReceive
 *fill*         0x00000000080051d2        0x2 
 .text.Reset_Handler
                0x00000000080051d4       0x50 build/startup_stm32f303xe.o
                0x00000000080051d4                Reset_Handler
 .text.Default_Handler
                0x0000000008005224        0x2 build/startup_stm32f303xe.o
                0x0000000008005224                TIM1_BRK_TIM15_IRQHandler
                0x0000000008005224                TIM8_TRG_COM_IRQHandler
                0x0000000008005224                TIM8_CC_IRQHandler
                0x0000000008005224                DebugMon_Handler
                0x0000000008005224                SPI4_IRQHandler
                0x0000000008005224                TIM1_CC_IRQHandler
                0x0000000008005224                HardFault_Handler
                0x0000000008005224                USB_HP_IRQHandler
                0x0000000008005224                PVD_IRQHandler
                0x0000000008005224                TAMP_STAMP_IRQHandler
                0x0000000008005224                PendSV_Handler
                0x0000000008005224                NMI_Handler
                0x0000000008005224                EXTI3_IRQHandler
                0x0000000008005224                I2C3_ER_IRQHandler
                0x0000000008005224                USB_HP_CAN_TX_IRQHandler
                0x0000000008005224                EXTI0_IRQHandler
                0x0000000008005224                I2C2_EV_IRQHandler
                0x0000000008005224                FPU_IRQHandler
                0x0000000008005224                TIM1_UP_TIM16_IRQHandler
                0x0000000008005224                UsageFault_Handler
                0x0000000008005224                ADC1_2_IRQHandler
                0x0000000008005224                SPI1_IRQHandler
                0x0000000008005224                CAN_SCE_IRQHandler
                0x0000000008005224                TIM6_DAC_IRQHandler
                0x0000000008005224                TIM8_UP_IRQHandler
                0x0000000008005224                DMA2_Channel2_IRQHandler
                0x0000000008005224                DMA1_Channel4_IRQHandler
                0x0000000008005224                TIM20_TRG_COM_IRQHandler
                0x0000000008005224                USART3_IRQHandler
                0x0000000008005224                DMA1_Channel7_IRQHandler
                0x0000000008005224                UART5_IRQHandler
                0x0000000008005224                ADC3_IRQHandler
                0x0000000008005224                TIM4_IRQHandler
                0x0000000008005224                CAN_RX1_IRQHandler
                0x0000000008005224                I2C1_EV_IRQHandler
                0x0000000008005224                DMA1_Channel6_IRQHandler
                0x0000000008005224                UART4_IRQHandler
                0x0000000008005224                DMA2_Channel4_IRQHandler
                0x0000000008005224                TIM3_IRQHandler
                0x0000000008005224                RCC_IRQHandler
                0x0000000008005224                TIM20_UP_IRQHandler
                0x0000000008005224                Default_Handler
                0x0000000008005224                USBWakeUp_RMP_IRQHandler
                0x0000000008005224                EXTI15_10_IRQHandler
                0x0000000008005224                TIM7_IRQHandler
                0x0000000008005224                I2C3_EV_IRQHandler
                0x0000000008005224                EXTI9_5_IRQHandler
                0x0000000008005224                RTC_WKUP_IRQHandler
                0x0000000008005224                SPI2_IRQHandler
                0x0000000008005224                USB_LP_CAN_RX0_IRQHandler
                0x0000000008005224                MemManage_Handler
                0x0000000008005224                SVC_Handler
                0x0000000008005224                DMA2_Channel5_IRQHandler
                0x0000000008005224                DMA1_Channel5_IRQHandler
                0x0000000008005224                USB_LP_IRQHandler
                0x0000000008005224                EXTI4_IRQHandler
                0x0000000008005224                TIM1_TRG_COM_TIM17_IRQHandler
                0x0000000008005224                DMA1_Channel3_IRQHandler
                0x0000000008005224                ADC4_IRQHandler
                0x0000000008005224                WWDG_IRQHandler
                0x0000000008005224                TIM2_IRQHandler
                0x0000000008005224                COMP7_IRQHandler
                0x0000000008005224                COMP1_2_3_IRQHandler
                0x0000000008005224                EXTI1_IRQHandler
                0x0000000008005224                USART2_IRQHandler
                0x0000000008005224                COMP4_5_6_IRQHandler
                0x0000000008005224                TIM20_BRK_IRQHandler
                0x0000000008005224                I2C2_ER_IRQHandler
                0x0000000008005224                DMA1_Channel2_IRQHandler
                0x0000000008005224                TIM8_BRK_IRQHandler
                0x0000000008005224                FLASH_IRQHandler
                0x0000000008005224                TIM20_CC_IRQHandler
                0x0000000008005224                BusFault_Handler
                0x0000000008005224                USART1_IRQHandler
                0x0000000008005224                SPI3_IRQHandler
                0x0000000008005224                I2C1_ER_IRQHandler
                0x0000000008005224                FMC_IRQHandler
                0x0000000008005224                USBWakeUp_IRQHandler
                0x0000000008005224                DMA2_Channel3_IRQHandler
                0x0000000008005224                EXTI2_TSC_IRQHandler
                0x0000000008005224                RTC_Alarm_IRQHandler
 *fill*         0x0000000008005226        0x2 
 .text.__libc_init_array
                0x0000000008005228       0x48 /usr/local/opt/gcc-arm-none-eabi-8-2019-q3-update/bin/../lib/gcc/arm-none-eabi/8.3.1/../../../../arm-none-eabi/lib/thumb/v7e-m+fp/hard/libc_nano.a(lib_a-init.o)
                0x0000000008005228                __libc_init_array
 .text.memset   0x0000000008005270       0x10 /usr/local/opt/gcc-arm-none-eabi-8-2019-q3-update/bin/../lib/gcc/arm-none-eabi/8.3.1/../../../../arm-none-eabi/lib/thumb/v7e-m+fp/hard/libc_nano.a(lib_a-memset.o)
                0x0000000008005270                memset
 .text.__cvt    0x0000000008005280       0xba /usr/local/opt/gcc-arm-none-eabi-8-2019-q3-update/bin/../lib/gcc/arm-none-eabi/8.3.1/../../../../arm-none-eabi/lib/thumb/v7e-m+fp/hard/libc_nano.a(lib_a-nano-vfprintf_float.o)
                0x0000000008005280                __cvt
 .text.__exponent
                0x000000000800533a       0x64 /usr/local/opt/gcc-arm-none-eabi-8-2019-q3-update/bin/../lib/gcc/arm-none-eabi/8.3.1/../../../../arm-none-eabi/lib/thumb/v7e-m+fp/hard/libc_nano.a(lib_a-nano-vfprintf_float.o)
                0x000000000800533a                __exponent
 *fill*         0x000000000800539e        0x2 
 .text._printf_float
                0x00000000080053a0      0x454 /usr/local/opt/gcc-arm-none-eabi-8-2019-q3-update/bin/../lib/gcc/arm-none-eabi/8.3.1/../../../../arm-none-eabi/lib/thumb/v7e-m+fp/hard/libc_nano.a(lib_a-nano-vfprintf_float.o)
                0x00000000080053a0                _printf_float
 .text._printf_common
                0x00000000080057f4       0xea /usr/local/opt/gcc-arm-none-eabi-8-2019-q3-update/bin/../lib/gcc/arm-none-eabi/8.3.1/../../../../arm-none-eabi/lib/thumb/v7e-m+fp/hard/libc_nano.a(lib_a-nano-vfprintf_i.o)
                0x00000000080057f4                _printf_common
 *fill*         0x00000000080058de        0x2 
 .text._printf_i
                0x00000000080058e0      0x228 /usr/local/opt/gcc-arm-none-eabi-8-2019-q3-update/bin/../lib/gcc/arm-none-eabi/8.3.1/../../../../arm-none-eabi/lib/thumb/v7e-m+fp/hard/libc_nano.a(lib_a-nano-vfprintf_i.o)
                0x00000000080058e0                _printf_i
 .text.sprintf  0x0000000008005b08       0x40 /usr/local/opt/gcc-arm-none-eabi-8-2019-q3-update/bin/../lib/gcc/arm-none-eabi/8.3.1/../../../../arm-none-eabi/lib/thumb/v7e-m+fp/hard/libc_nano.a(lib_a-sprintf.o)
                0x0000000008005b08                sprintf
                0x0000000008005b08                siprintf
 .text.quorem   0x0000000008005b48      0x112 /usr/local/opt/gcc-arm-none-eabi-8-2019-q3-update/bin/../lib/gcc/arm-none-eabi/8.3.1/../../../../arm-none-eabi/lib/thumb/v7e-m+fp/hard/libc_nano.a(lib_a-dtoa.o)
 *fill*         0x0000000008005c5a        0x6 
 .text._dtoa_r  0x0000000008005c60      0xb74 /usr/local/opt/gcc-arm-none-eabi-8-2019-q3-update/bin/../lib/gcc/arm-none-eabi/8.3.1/../../../../arm-none-eabi/lib/thumb/v7e-m+fp/hard/libc_nano.a(lib_a-dtoa.o)
                0x0000000008005c60                _dtoa_r
 .text._localeconv_r
                0x00000000080067d4        0x8 /usr/local/opt/gcc-arm-none-eabi-8-2019-q3-update/bin/../lib/gcc/arm-none-eabi/8.3.1/../../../../arm-none-eabi/lib/thumb/v7e-m+fp/hard/libc_nano.a(lib_a-localeconv.o)
                0x00000000080067d4                _localeconv_r
 .text.malloc   0x00000000080067dc       0x10 /usr/local/opt/gcc-arm-none-eabi-8-2019-q3-update/bin/../lib/gcc/arm-none-eabi/8.3.1/../../../../arm-none-eabi/lib/thumb/v7e-m+fp/hard/libc_nano.a(lib_a-malloc.o)
                0x00000000080067dc                malloc
 .text.memcpy   0x00000000080067ec       0x1c /usr/local/opt/gcc-arm-none-eabi-8-2019-q3-update/bin/../lib/gcc/arm-none-eabi/8.3.1/../../../../arm-none-eabi/lib/thumb/v7e-m+fp/hard/libc_nano.a(lib_a-memcpy-stub.o)
                0x00000000080067ec                memcpy
 .text._Balloc  0x0000000008006808       0x68 /usr/local/opt/gcc-arm-none-eabi-8-2019-q3-update/bin/../lib/gcc/arm-none-eabi/8.3.1/../../../../arm-none-eabi/lib/thumb/v7e-m+fp/hard/libc_nano.a(lib_a-mprec.o)
                0x0000000008006808                _Balloc
 .text._Bfree   0x0000000008006870       0x2e /usr/local/opt/gcc-arm-none-eabi-8-2019-q3-update/bin/../lib/gcc/arm-none-eabi/8.3.1/../../../../arm-none-eabi/lib/thumb/v7e-m+fp/hard/libc_nano.a(lib_a-mprec.o)
                0x0000000008006870                _Bfree
 .text.__multadd
                0x000000000800689e       0x76 /usr/local/opt/gcc-arm-none-eabi-8-2019-q3-update/bin/../lib/gcc/arm-none-eabi/8.3.1/../../../../arm-none-eabi/lib/thumb/v7e-m+fp/hard/libc_nano.a(lib_a-mprec.o)
                0x000000000800689e                __multadd
 .text.__hi0bits
                0x0000000008006914       0x40 /usr/local/opt/gcc-arm-none-eabi-8-2019-q3-update/bin/../lib/gcc/arm-none-eabi/8.3.1/../../../../arm-none-eabi/lib/thumb/v7e-m+fp/hard/libc_nano.a(lib_a-mprec.o)
                0x0000000008006914                __hi0bits
 .text.__lo0bits
                0x0000000008006954       0x60 /usr/local/opt/gcc-arm-none-eabi-8-2019-q3-update/bin/../lib/gcc/arm-none-eabi/8.3.1/../../../../arm-none-eabi/lib/thumb/v7e-m+fp/hard/libc_nano.a(lib_a-mprec.o)
                0x0000000008006954                __lo0bits
 .text.__i2b    0x00000000080069b4       0x12 /usr/local/opt/gcc-arm-none-eabi-8-2019-q3-update/bin/../lib/gcc/arm-none-eabi/8.3.1/../../../../arm-none-eabi/lib/thumb/v7e-m+fp/hard/libc_nano.a(lib_a-mprec.o)
                0x00000000080069b4                __i2b
 .text.__multiply
                0x00000000080069c6      0x120 /usr/local/opt/gcc-arm-none-eabi-8-2019-q3-update/bin/../lib/gcc/arm-none-eabi/8.3.1/../../../../arm-none-eabi/lib/thumb/v7e-m+fp/hard/libc_nano.a(lib_a-mprec.o)
                0x00000000080069c6                __multiply
 *fill*         0x0000000008006ae6        0x2 
 .text.__pow5mult
                0x0000000008006ae8       0x9c /usr/local/opt/gcc-arm-none-eabi-8-2019-q3-update/bin/../lib/gcc/arm-none-eabi/8.3.1/../../../../arm-none-eabi/lib/thumb/v7e-m+fp/hard/libc_nano.a(lib_a-mprec.o)
                0x0000000008006ae8                __pow5mult
 .text.__lshift
                0x0000000008006b84       0xa6 /usr/local/opt/gcc-arm-none-eabi-8-2019-q3-update/bin/../lib/gcc/arm-none-eabi/8.3.1/../../../../arm-none-eabi/lib/thumb/v7e-m+fp/hard/libc_nano.a(lib_a-mprec.o)
                0x0000000008006b84                __lshift
 .text.__mcmp   0x0000000008006c2a       0x34 /usr/local/opt/gcc-arm-none-eabi-8-2019-q3-update/bin/../lib/gcc/arm-none-eabi/8.3.1/../../../../arm-none-eabi/lib/thumb/v7e-m+fp/hard/libc_nano.a(lib_a-mprec.o)
                0x0000000008006c2a                __mcmp
 .text.__mdiff  0x0000000008006c5e       0xba /usr/local/opt/gcc-arm-none-eabi-8-2019-q3-update/bin/../lib/gcc/arm-none-eabi/8.3.1/../../../../arm-none-eabi/lib/thumb/v7e-m+fp/hard/libc_nano.a(lib_a-mprec.o)
                0x0000000008006c5e                __mdiff
 .text.__d2b    0x0000000008006d18       0x9c /usr/local/opt/gcc-arm-none-eabi-8-2019-q3-update/bin/../lib/gcc/arm-none-eabi/8.3.1/../../../../arm-none-eabi/lib/thumb/v7e-m+fp/hard/libc_nano.a(lib_a-mprec.o)
                0x0000000008006d18                __d2b
 .text._calloc_r
                0x0000000008006db4       0x1c /usr/local/opt/gcc-arm-none-eabi-8-2019-q3-update/bin/../lib/gcc/arm-none-eabi/8.3.1/../../../../arm-none-eabi/lib/thumb/v7e-m+fp/hard/libc_nano.a(lib_a-nano-callocr.o)
                0x0000000008006db4                _calloc_r
 .text._free_r  0x0000000008006dd0       0x9c /usr/local/opt/gcc-arm-none-eabi-8-2019-q3-update/bin/../lib/gcc/arm-none-eabi/8.3.1/../../../../arm-none-eabi/lib/thumb/v7e-m+fp/hard/libc_nano.a(lib_a-nano-freer.o)
                0x0000000008006dd0                _free_r
 .text._malloc_r
                0x0000000008006e6c       0xb4 /usr/local/opt/gcc-arm-none-eabi-8-2019-q3-update/bin/../lib/gcc/arm-none-eabi/8.3.1/../../../../arm-none-eabi/lib/thumb/v7e-m+fp/hard/libc_nano.a(lib_a-nano-mallocr.o)
                0x0000000008006e6c                _malloc_r
 .text.__ssputs_r
                0x0000000008006f20       0xb6 /usr/local/opt/gcc-arm-none-eabi-8-2019-q3-update/bin/../lib/gcc/arm-none-eabi/8.3.1/../../../../arm-none-eabi/lib/thumb/v7e-m+fp/hard/libc_nano.a(lib_a-nano-svfprintf.o)
                0x0000000008006f20                __ssputs_r
 *fill*         0x0000000008006fd6        0x2 
 .text._svfprintf_r
                0x0000000008006fd8      0x1f0 /usr/local/opt/gcc-arm-none-eabi-8-2019-q3-update/bin/../lib/gcc/arm-none-eabi/8.3.1/../../../../arm-none-eabi/lib/thumb/v7e-m+fp/hard/libc_nano.a(lib_a-nano-svfprintf.o)
                0x0000000008006fd8                _svfprintf_r
                0x0000000008006fd8                _svfiprintf_r
 .text._sbrk_r  0x00000000080071c8       0x20 /usr/local/opt/gcc-arm-none-eabi-8-2019-q3-update/bin/../lib/gcc/arm-none-eabi/8.3.1/../../../../arm-none-eabi/lib/thumb/v7e-m+fp/hard/libc_nano.a(lib_a-sbrkr.o)
                0x00000000080071c8                _sbrk_r
 .text.__ascii_mbtowc
                0x00000000080071e8       0x24 /usr/local/opt/gcc-arm-none-eabi-8-2019-q3-update/bin/../lib/gcc/arm-none-eabi/8.3.1/../../../../arm-none-eabi/lib/thumb/v7e-m+fp/hard/libc_nano.a(lib_a-mbtowc_r.o)
                0x00000000080071e8                __ascii_mbtowc
 .text.memmove  0x000000000800720c       0x34 /usr/local/opt/gcc-arm-none-eabi-8-2019-q3-update/bin/../lib/gcc/arm-none-eabi/8.3.1/../../../../arm-none-eabi/lib/thumb/v7e-m+fp/hard/libc_nano.a(lib_a-memmove.o)
                0x000000000800720c                memmove
 .text.__malloc_lock
                0x0000000008007240        0xc /usr/local/opt/gcc-arm-none-eabi-8-2019-q3-update/bin/../lib/gcc/arm-none-eabi/8.3.1/../../../../arm-none-eabi/lib/thumb/v7e-m+fp/hard/libc_nano.a(lib_a-mlock.o)
                0x0000000008007240                __malloc_lock
 .text.__malloc_unlock
                0x000000000800724c        0xc /usr/local/opt/gcc-arm-none-eabi-8-2019-q3-update/bin/../lib/gcc/arm-none-eabi/8.3.1/../../../../arm-none-eabi/lib/thumb/v7e-m+fp/hard/libc_nano.a(lib_a-mlock.o)
                0x000000000800724c                __malloc_unlock
 .text._realloc_r
                0x0000000008007258       0x4c /usr/local/opt/gcc-arm-none-eabi-8-2019-q3-update/bin/../lib/gcc/arm-none-eabi/8.3.1/../../../../arm-none-eabi/lib/thumb/v7e-m+fp/hard/libc_nano.a(lib_a-nano-reallocr.o)
                0x0000000008007258                _realloc_r
 .text.__ascii_wctomb
                0x00000000080072a4       0x1a /usr/local/opt/gcc-arm-none-eabi-8-2019-q3-update/bin/../lib/gcc/arm-none-eabi/8.3.1/../../../../arm-none-eabi/lib/thumb/v7e-m+fp/hard/libc_nano.a(lib_a-wctomb_r.o)
                0x00000000080072a4                __ascii_wctomb
 .text.__retarget_lock_acquire_recursive
                0x00000000080072be        0x2 /usr/local/opt/gcc-arm-none-eabi-8-2019-q3-update/bin/../lib/gcc/arm-none-eabi/8.3.1/../../../../arm-none-eabi/lib/thumb/v7e-m+fp/hard/libc_nano.a(lib_a-lock.o)
                0x00000000080072be                __retarget_lock_acquire_recursive
 .text.__retarget_lock_release_recursive
                0x00000000080072c0        0x2 /usr/local/opt/gcc-arm-none-eabi-8-2019-q3-update/bin/../lib/gcc/arm-none-eabi/8.3.1/../../../../arm-none-eabi/lib/thumb/v7e-m+fp/hard/libc_nano.a(lib_a-lock.o)
                0x00000000080072c0                __retarget_lock_release_recursive
 .text._malloc_usable_size_r
                0x00000000080072c2       0x10 /usr/local/opt/gcc-arm-none-eabi-8-2019-q3-update/bin/../lib/gcc/arm-none-eabi/8.3.1/../../../../arm-none-eabi/lib/thumb/v7e-m+fp/hard/libc_nano.a(lib_a-nano-msizer.o)
                0x00000000080072c2                _malloc_usable_size_r
 *fill*         0x00000000080072d2        0x2 
 .text.sqrt     0x00000000080072d4       0x74 /usr/local/opt/gcc-arm-none-eabi-8-2019-q3-update/bin/../lib/gcc/arm-none-eabi/8.3.1/../../../../arm-none-eabi/lib/thumb/v7e-m+fp/hard/libm.a(lib_a-w_sqrt.o)
                0x00000000080072d4                sqrt
 .text.__ieee754_sqrt
                0x0000000008007348      0x198 /usr/local/opt/gcc-arm-none-eabi-8-2019-q3-update/bin/../lib/gcc/arm-none-eabi/8.3.1/../../../../arm-none-eabi/lib/thumb/v7e-m+fp/hard/libm.a(lib_a-e_sqrt.o)
                0x0000000008007348                __ieee754_sqrt
 .text._sbrk    0x00000000080074e0       0x1c /usr/local/opt/gcc-arm-none-eabi-8-2019-q3-update/bin/../lib/gcc/arm-none-eabi/8.3.1/../../../../arm-none-eabi/lib/thumb/v7e-m+fp/hard/libnosys.a(sbrk.o)
                0x00000000080074e0                _sbrk
 .text.__errno  0x00000000080074fc        0xc /usr/local/opt/gcc-arm-none-eabi-8-2019-q3-update/bin/../lib/gcc/arm-none-eabi/8.3.1/../../../../arm-none-eabi/lib/thumb/v7e-m+fp/hard/libc_nano.a(lib_a-errno.o)
                0x00000000080074fc                __errno
 *(.glue_7)
 .glue_7        0x0000000008007508        0x0 linker stubs
 *(.glue_7t)
 .glue_7t       0x0000000008007508        0x0 linker stubs
 *(.eh_frame)
 .eh_frame      0x0000000008007508        0x0 /usr/local/opt/gcc-arm-none-eabi-8-2019-q3-update/bin/../lib/gcc/arm-none-eabi/8.3.1/thumb/v7e-m+fp/hard/crtbegin.o
 *(.init)
 .init          0x0000000008007508        0x4 /usr/local/opt/gcc-arm-none-eabi-8-2019-q3-update/bin/../lib/gcc/arm-none-eabi/8.3.1/thumb/v7e-m+fp/hard/crti.o
                0x0000000008007508                _init
 .init          0x000000000800750c        0x8 /usr/local/opt/gcc-arm-none-eabi-8-2019-q3-update/bin/../lib/gcc/arm-none-eabi/8.3.1/thumb/v7e-m+fp/hard/crtn.o
 *(.fini)
 .fini          0x0000000008007514        0x4 /usr/local/opt/gcc-arm-none-eabi-8-2019-q3-update/bin/../lib/gcc/arm-none-eabi/8.3.1/thumb/v7e-m+fp/hard/crti.o
                0x0000000008007514                _fini
 .fini          0x0000000008007518        0x8 /usr/local/opt/gcc-arm-none-eabi-8-2019-q3-update/bin/../lib/gcc/arm-none-eabi/8.3.1/thumb/v7e-m+fp/hard/crtn.o
                0x0000000008007520                . = ALIGN (0x4)
                0x0000000008007520                _etext = .

.vfp11_veneer   0x0000000008007520        0x0
 .vfp11_veneer  0x0000000008007520        0x0 linker stubs

.v4_bx          0x0000000008007520        0x0
 .v4_bx         0x0000000008007520        0x0 linker stubs

.iplt           0x0000000008007520        0x0
 .iplt          0x0000000008007520        0x0 /usr/local/opt/gcc-arm-none-eabi-8-2019-q3-update/bin/../lib/gcc/arm-none-eabi/8.3.1/thumb/v7e-m+fp/hard/crtbegin.o

.rodata         0x0000000008007520      0x420
                0x0000000008007520                . = ALIGN (0x4)
 *(.rodata)
 *(.rodata*)
 .rodata.SystemClock_Config.str1.4
                0x0000000008007520        0xb build/main.o
 *fill*         0x000000000800752b        0x1 
 .rodata.main.str1.4
                0x000000000800752c       0x90 build/main.o
                                         0x93 (size before relaxing)
 .rodata.MX_USART2_UART_Init.str1.4
                0x00000000080075bc        0xc build/usart.o
 .rodata.Timeout_IsTimeout1.str1.4
                0x00000000080075c8        0xc build/RFM69_ext.o
 .rodata.PrintByteByByte.str1.4
                0x00000000080075d4       0x27 build/RFM69.o
 *fill*         0x00000000080075fb        0x1 
 .rodata.PrintRawBytes.str1.4
                0x00000000080075fc       0x13 build/RFM69.o
 *fill*         0x000000000800760f        0x1 
 .rodata.PrintStruct.str1.4
                0x0000000008007610       0x56 build/RFM69.o
 *fill*         0x0000000008007666        0x2 
 .rodata.AHBPrescTable
                0x0000000008007668       0x10 build/system_stm32f3xx.o
                0x0000000008007668                AHBPrescTable
 .rodata.APBPrescTable
                0x0000000008007678        0x8 build/system_stm32f3xx.o
                0x0000000008007678                APBPrescTable
 .rodata.aPLLMULFactorTable
                0x0000000008007680       0x10 build/stm32f3xx_hal_rcc.o
                0x0000000008007680                aPLLMULFactorTable
 .rodata.aPredivFactorTable
                0x0000000008007690       0x10 build/stm32f3xx_hal_rcc.o
                0x0000000008007690                aPredivFactorTable
 .rodata.MX_ADC1_Init.str1.4
                0x00000000080076a0        0xa build/adc.o
 *fill*         0x00000000080076aa        0x2 
 .rodata.RunReceive.str1.4
                0x00000000080076ac       0x14 build/adc.o
                                         0x18 (size before relaxing)
 .rodata.MX_TIM8_Init.str1.4
                0x00000000080076c0        0xa build/tim.o
 *fill*         0x00000000080076ca        0x2 
 .rodata.MX_OPAMP2_Init.str1.4
                0x00000000080076cc        0xc build/opamp.o
 .rodata.MX_SPI2_Init.str1.4
                0x00000000080076d8        0xc build/spi.o
                                          0xa (size before relaxing)
 .rodata._printf_float.str1.1
                0x00000000080076e4       0x12 /usr/local/opt/gcc-arm-none-eabi-8-2019-q3-update/bin/../lib/gcc/arm-none-eabi/8.3.1/../../../../arm-none-eabi/lib/thumb/v7e-m+fp/hard/libc_nano.a(lib_a-nano-vfprintf_float.o)
 .rodata._printf_i.str1.1
                0x00000000080076f6       0x22 /usr/local/opt/gcc-arm-none-eabi-8-2019-q3-update/bin/../lib/gcc/arm-none-eabi/8.3.1/../../../../arm-none-eabi/lib/thumb/v7e-m+fp/hard/libc_nano.a(lib_a-nano-vfprintf_i.o)
 .rodata._dtoa_r.str1.1
                0x0000000008007718        0xd /usr/local/opt/gcc-arm-none-eabi-8-2019-q3-update/bin/../lib/gcc/arm-none-eabi/8.3.1/../../../../arm-none-eabi/lib/thumb/v7e-m+fp/hard/libc_nano.a(lib_a-dtoa.o)
                                          0xf (size before relaxing)
 *fill*         0x0000000008007725        0x3 
 .rodata.__mprec_bigtens
                0x0000000008007728       0x28 /usr/local/opt/gcc-arm-none-eabi-8-2019-q3-update/bin/../lib/gcc/arm-none-eabi/8.3.1/../../../../arm-none-eabi/lib/thumb/v7e-m+fp/hard/libc_nano.a(lib_a-mprec.o)
                0x0000000008007728                __mprec_bigtens
 .rodata.__mprec_tens
                0x0000000008007750       0xc8 /usr/local/opt/gcc-arm-none-eabi-8-2019-q3-update/bin/../lib/gcc/arm-none-eabi/8.3.1/../../../../arm-none-eabi/lib/thumb/v7e-m+fp/hard/libc_nano.a(lib_a-mprec.o)
                0x0000000008007750                __mprec_tens
 .rodata.p05.7444
                0x0000000008007818        0xc /usr/local/opt/gcc-arm-none-eabi-8-2019-q3-update/bin/../lib/gcc/arm-none-eabi/8.3.1/../../../../arm-none-eabi/lib/thumb/v7e-m+fp/hard/libc_nano.a(lib_a-mprec.o)
 .rodata._svfprintf_r.str1.1
                0x0000000008007824       0x11 /usr/local/opt/gcc-arm-none-eabi-8-2019-q3-update/bin/../lib/gcc/arm-none-eabi/8.3.1/../../../../arm-none-eabi/lib/thumb/v7e-m+fp/hard/libc_nano.a(lib_a-nano-svfprintf.o)
 .rodata._setlocale_r.str1.1
                0x0000000008007835        0x8 /usr/local/opt/gcc-arm-none-eabi-8-2019-q3-update/bin/../lib/gcc/arm-none-eabi/8.3.1/../../../../arm-none-eabi/lib/thumb/v7e-m+fp/hard/libc_nano.a(lib_a-locale.o)
                                          0x9 (size before relaxing)
 .rodata.str1.1
                0x000000000800783d        0x2 /usr/local/opt/gcc-arm-none-eabi-8-2019-q3-update/bin/../lib/gcc/arm-none-eabi/8.3.1/../../../../arm-none-eabi/lib/thumb/v7e-m+fp/hard/libc_nano.a(lib_a-locale.o)
 .rodata._ctype_
                0x000000000800783f      0x101 /usr/local/opt/gcc-arm-none-eabi-8-2019-q3-update/bin/../lib/gcc/arm-none-eabi/8.3.1/../../../../arm-none-eabi/lib/thumb/v7e-m+fp/hard/libc_nano.a(lib_a-ctype_.o)
                0x000000000800783f                _ctype_
                0x0000000008007940                . = ALIGN (0x4)

.rel.dyn        0x0000000008007940        0x0
 .rel.iplt      0x0000000008007940        0x0 /usr/local/opt/gcc-arm-none-eabi-8-2019-q3-update/bin/../lib/gcc/arm-none-eabi/8.3.1/thumb/v7e-m+fp/hard/crtbegin.o

.ARM.extab
 *(.ARM.extab* .gnu.linkonce.armextab.*)

.ARM            0x0000000008007940        0x0
                0x0000000008007940                __exidx_start = .
 *(.ARM.exidx*)
                0x0000000008007940                __exidx_end = .

.preinit_array  0x0000000008007940        0x0
                0x0000000008007940                PROVIDE (__preinit_array_start = .)
 *(.preinit_array*)
                0x0000000008007940                PROVIDE (__preinit_array_end = .)

.init_array     0x0000000008007940        0x4
                0x0000000008007940                PROVIDE (__init_array_start = .)
 *(SORT_BY_NAME(.init_array.*))
 *(.init_array*)
 .init_array    0x0000000008007940        0x4 /usr/local/opt/gcc-arm-none-eabi-8-2019-q3-update/bin/../lib/gcc/arm-none-eabi/8.3.1/thumb/v7e-m+fp/hard/crtbegin.o
                0x0000000008007944                PROVIDE (__init_array_end = .)

.fini_array     0x0000000008007944        0x4
                [!provide]                        PROVIDE (__fini_array_start = .)
 *(SORT_BY_NAME(.fini_array.*))
 *(.fini_array*)
 .fini_array    0x0000000008007944        0x4 /usr/local/opt/gcc-arm-none-eabi-8-2019-q3-update/bin/../lib/gcc/arm-none-eabi/8.3.1/thumb/v7e-m+fp/hard/crtbegin.o
                [!provide]                        PROVIDE (__fini_array_end = .)
                0x0000000008007948                _sidata = LOADADDR (.data)

.data           0x0000000020000000      0x1f8 load address 0x0000000008007948
                0x0000000020000000                . = ALIGN (0x4)
                0x0000000020000000                _sdata = .
 *(.data)
 *(.data*)
 .data.ICAL     0x0000000020000000        0x8 build/main.o
                0x0000000020000000                ICAL
 .data.VCAL     0x0000000020000008        0x8 build/main.o
                0x0000000020000008                VCAL
 .data.freqBand
                0x0000000020000010        0x2 build/main.o
                0x0000000020000010                freqBand
 .data.networkID
                0x0000000020000012        0x2 build/main.o
                0x0000000020000012                networkID
 .data.nodeID   0x0000000020000014        0x1 build/main.o
                0x0000000020000014                nodeID
 .data._mode    0x0000000020000015        0x1 build/RFM69.o
                0x0000000020000015                _mode
 *fill*         0x0000000020000016        0x2 
 .data.SystemCoreClock
                0x0000000020000018        0x4 build/system_stm32f3xx.o
                0x0000000020000018                SystemCoreClock
 .data.uwTickFreq
                0x000000002000001c        0x1 build/stm32f3xx_hal.o
                0x000000002000001c                uwTickFreq
 *fill*         0x000000002000001d        0x3 
 .data.uwTickPrio
                0x0000000020000020        0x4 build/stm32f3xx_hal.o
                0x0000000020000020                uwTickPrio
 .data._impure_ptr
                0x0000000020000024        0x4 /usr/local/opt/gcc-arm-none-eabi-8-2019-q3-update/bin/../lib/gcc/arm-none-eabi/8.3.1/../../../../arm-none-eabi/lib/thumb/v7e-m+fp/hard/libc_nano.a(lib_a-impure.o)
                0x0000000020000024                _impure_ptr
 .data.impure_data
                0x0000000020000028       0x60 /usr/local/opt/gcc-arm-none-eabi-8-2019-q3-update/bin/../lib/gcc/arm-none-eabi/8.3.1/../../../../arm-none-eabi/lib/thumb/v7e-m+fp/hard/libc_nano.a(lib_a-impure.o)
 .data.__global_locale
                0x0000000020000088      0x16c /usr/local/opt/gcc-arm-none-eabi-8-2019-q3-update/bin/../lib/gcc/arm-none-eabi/8.3.1/../../../../arm-none-eabi/lib/thumb/v7e-m+fp/hard/libc_nano.a(lib_a-locale.o)
                0x0000000020000088                __global_locale
 .data.__fdlib_version
                0x00000000200001f4        0x1 /usr/local/opt/gcc-arm-none-eabi-8-2019-q3-update/bin/../lib/gcc/arm-none-eabi/8.3.1/../../../../arm-none-eabi/lib/thumb/v7e-m+fp/hard/libm.a(lib_a-s_lib_ver.o)
                0x00000000200001f4                __fdlib_version
                0x00000000200001f8                . = ALIGN (0x4)
 *fill*         0x00000000200001f5        0x3 
                0x00000000200001f8                _edata = .
                0x0000000008007b40                _siccmram = LOADADDR (.ccmram)

.igot.plt       0x00000000200001f8        0x0 load address 0x0000000008007b40
 .igot.plt      0x00000000200001f8        0x0 /usr/local/opt/gcc-arm-none-eabi-8-2019-q3-update/bin/../lib/gcc/arm-none-eabi/8.3.1/thumb/v7e-m+fp/hard/crtbegin.o

.ccmram         0x0000000010000000        0x0 load address 0x0000000008007b40
                0x0000000010000000                . = ALIGN (0x4)
                0x0000000010000000                _sccmram = .
 *(.ccmram)
 *(.ccmram*)
                0x0000000010000000                . = ALIGN (0x4)
                0x0000000010000000                _eccmram = .
                0x0000000010000000                . = ALIGN (0x4)

.bss            0x00000000200001f8     0x62cc
                0x00000000200001f8                _sbss = .
                0x00000000200001f8                __bss_start__ = _sbss
 *(.bss)
 .bss           0x00000000200001f8       0x1c /usr/local/opt/gcc-arm-none-eabi-8-2019-q3-update/bin/../lib/gcc/arm-none-eabi/8.3.1/thumb/v7e-m+fp/hard/crtbegin.o
 *(.bss*)
 *fill*         0x0000000020000214        0x4 
 .bss.channels  0x0000000020000218       0xa8 build/main.o
 .bss.channels_copy
                0x00000000200002c0       0xa8 build/main.o
 .bss.readings_ready
                0x0000000020000368        0x1 build/main.o
                0x0000000020000368                readings_ready
 *fill*         0x0000000020000369        0x3 
 .bss.thistimeout1
                0x000000002000036c        0x4 build/RFM69_ext.o
 .bss._promiscuousMode
                0x0000000020000370        0x1 build/RFM69.o
                0x0000000020000370                _promiscuousMode
 *fill*         0x0000000020000371        0x1 
 .bss.firstdata
                0x0000000020000372        0x2 build/RFM69.o
                0x0000000020000372                firstdata
 .bss.seconddata
                0x0000000020000374        0x4 build/RFM69.o
                0x0000000020000374                seconddata
 .bss.HAL_RCC_ADC12_CLK_ENABLED
                0x0000000020000378        0x4 build/adc.o
 .bss.__malloc_free_list
                0x000000002000037c        0x4 /usr/local/opt/gcc-arm-none-eabi-8-2019-q3-update/bin/../lib/gcc/arm-none-eabi/8.3.1/../../../../arm-none-eabi/lib/thumb/v7e-m+fp/hard/libc_nano.a(lib_a-nano-mallocr.o)
                0x000000002000037c                __malloc_free_list
 .bss.__malloc_sbrk_start
                0x0000000020000380        0x4 /usr/local/opt/gcc-arm-none-eabi-8-2019-q3-update/bin/../lib/gcc/arm-none-eabi/8.3.1/../../../../arm-none-eabi/lib/thumb/v7e-m+fp/hard/libc_nano.a(lib_a-nano-mallocr.o)
                0x0000000020000380                __malloc_sbrk_start
 .bss.heap_end.5501
                0x0000000020000384        0x4 /usr/local/opt/gcc-arm-none-eabi-8-2019-q3-update/bin/../lib/gcc/arm-none-eabi/8.3.1/../../../../arm-none-eabi/lib/thumb/v7e-m+fp/hard/libnosys.a(sbrk.o)
 *(COMMON)
 COMMON         0x0000000020000388     0x5dc0 build/main.o
                0x0000000020000388                adc2_dma_buff
                0x0000000020003268                adc1_dma_buff
 COMMON         0x0000000020006148       0x70 build/usart.o
                0x0000000020006148                huart2
 COMMON         0x00000000200061b8        0x2 build/RFM69_ext.o
                0x00000000200061b8                GO_AHEAD_READ_RFM69
                0x00000000200061b9                rststate
 *fill*         0x00000000200061ba        0x2 
 COMMON         0x00000000200061bc       0xea build/RFM69.o
                0x00000000200061bc                targetID
                0x00000000200061bd                ACK_Requested
                0x00000000200061be                datalen
                0x00000000200061bf                _address
                0x00000000200061c0                senderID
                0x00000000200061c1                ACK_RECEIVED
                0x00000000200061c4                data
                0x0000000020006204                theData
                0x000000002000620c                rssi
                0x000000002000620e                payloadLen
                0x0000000020006210                log_buffer
 *fill*         0x00000000200062a6        0x2 
 COMMON         0x00000000200062a8        0x4 build/stm32f3xx_hal.o
                0x00000000200062a8                uwTick
 COMMON         0x00000000200062ac      0x130 build/adc.o
                0x00000000200062ac                hadc2
                0x0000000020006300                hadc1
                0x0000000020006354                hdma_adc1
                0x0000000020006398                hdma_adc2
 COMMON         0x00000000200063dc       0x40 build/tim.o
                0x00000000200063dc                htim8
 COMMON         0x000000002000641c       0x34 build/opamp.o
                0x000000002000641c                hopamp2
 COMMON         0x0000000020006450       0x64 build/spi.o
                0x0000000020006450                hspi2
 COMMON         0x00000000200064b4        0x4 /usr/local/opt/gcc-arm-none-eabi-8-2019-q3-update/bin/../lib/gcc/arm-none-eabi/8.3.1/../../../../arm-none-eabi/lib/thumb/v7e-m+fp/hard/libc_nano.a(lib_a-reent.o)
                0x00000000200064b4                errno
 COMMON         0x00000000200064b8        0x9 /usr/local/opt/gcc-arm-none-eabi-8-2019-q3-update/bin/../lib/gcc/arm-none-eabi/8.3.1/../../../../arm-none-eabi/lib/thumb/v7e-m+fp/hard/libc_nano.a(lib_a-lock.o)
                0x00000000200064b8                __lock___atexit_recursive_mutex
                0x00000000200064b9                __lock___arc4random_mutex
                0x00000000200064ba                __lock___env_recursive_mutex
                0x00000000200064bb                __lock___sinit_recursive_mutex
                0x00000000200064bc                __lock___malloc_recursive_mutex
                0x00000000200064bd                __lock___at_quick_exit_mutex
                0x00000000200064be                __lock___dd_hash_mutex
                0x00000000200064bf                __lock___tz_mutex
                0x00000000200064c0                __lock___sfp_recursive_mutex
                0x00000000200064c4                . = ALIGN (0x4)
 *fill*         0x00000000200064c1        0x3 
                0x00000000200064c4                _ebss = .
                0x00000000200064c4                __bss_end__ = _ebss

._user_heap_stack
                0x00000000200064c4      0x604
                0x00000000200064c8                . = ALIGN (0x8)
 *fill*         0x00000000200064c4        0x4 
                0x00000000200064c8                PROVIDE (end = .)
                [!provide]                        PROVIDE (_end = .)
                0x00000000200066c8                . = (. + _Min_Heap_Size)
 *fill*         0x00000000200064c8      0x200 
                0x0000000020006ac8                . = (. + _Min_Stack_Size)
 *fill*         0x00000000200066c8      0x400 
                0x0000000020006ac8                . = ALIGN (0x8)

/DISCARD/
 libc.a(*)
 libm.a(*)
 libgcc.a(*)

.ARM.attributes
                0x0000000000000000       0x30
 *(.ARM.attributes)
 .ARM.attributes
                0x0000000000000000       0x1e /usr/local/opt/gcc-arm-none-eabi-8-2019-q3-update/bin/../lib/gcc/arm-none-eabi/8.3.1/thumb/v7e-m+fp/hard/crti.o
 .ARM.attributes
                0x000000000000001e       0x34 /usr/local/opt/gcc-arm-none-eabi-8-2019-q3-update/bin/../lib/gcc/arm-none-eabi/8.3.1/thumb/v7e-m+fp/hard/crtbegin.o
 .ARM.attributes
                0x0000000000000052       0x34 build/main.o
 .ARM.attributes
                0x0000000000000086       0x34 build/gpio.o
 .ARM.attributes
                0x00000000000000ba       0x34 build/usart.o
 .ARM.attributes
                0x00000000000000ee       0x34 build/RFM69_ext.o
 .ARM.attributes
                0x0000000000000122       0x34 build/RFM69.o
 .ARM.attributes
                0x0000000000000156       0x34 build/stm32f3xx_it.o
 .ARM.attributes
                0x000000000000018a       0x34 build/system_stm32f3xx.o
 .ARM.attributes
                0x00000000000001be       0x34 build/stm32f3xx_hal_msp.o
 .ARM.attributes
                0x00000000000001f2       0x34 build/stm32f3xx_hal_tim_ex.o
 .ARM.attributes
                0x0000000000000226       0x34 build/stm32f3xx_hal.o
 .ARM.attributes
                0x000000000000025a       0x34 build/stm32f3xx_hal_cortex.o
 .ARM.attributes
                0x000000000000028e       0x34 build/stm32f3xx_hal_rcc.o
 .ARM.attributes
                0x00000000000002c2       0x34 build/stm32f3xx_hal_dma.o
 .ARM.attributes
                0x00000000000002f6       0x34 build/stm32f3xx_hal_tim.o
 .ARM.attributes
                0x000000000000032a       0x34 build/stm32f3xx_hal_rcc_ex.o
 .ARM.attributes
                0x000000000000035e       0x34 build/stm32f3xx_hal_gpio.o
 .ARM.attributes
                0x0000000000000392       0x34 build/stm32f3xx_hal_uart.o
 .ARM.attributes
                0x00000000000003c6       0x34 build/adc.o
 .ARM.attributes
                0x00000000000003fa       0x34 build/stm32f3xx_hal_adc.o
 .ARM.attributes
                0x000000000000042e       0x34 build/stm32f3xx_hal_adc_ex.o
 .ARM.attributes
                0x0000000000000462       0x34 build/dma.o
 .ARM.attributes
                0x0000000000000496       0x34 build/tim.o
 .ARM.attributes
                0x00000000000004ca       0x34 build/opamp.o
 .ARM.attributes
                0x00000000000004fe       0x34 build/stm32f3xx_hal_opamp.o
 .ARM.attributes
                0x0000000000000532       0x34 build/spi.o
 .ARM.attributes
                0x0000000000000566       0x34 build/stm32f3xx_hal_spi.o
 .ARM.attributes
                0x000000000000059a       0x21 build/startup_stm32f303xe.o
 .ARM.attributes
                0x00000000000005bb       0x32 /usr/local/opt/gcc-arm-none-eabi-8-2019-q3-update/bin/../lib/gcc/arm-none-eabi/8.3.1/../../../../arm-none-eabi/lib/thumb/v7e-m+fp/hard/libc_nano.a(lib_a-impure.o)
 .ARM.attributes
                0x00000000000005ed       0x34 /usr/local/opt/gcc-arm-none-eabi-8-2019-q3-update/bin/../lib/gcc/arm-none-eabi/8.3.1/../../../../arm-none-eabi/lib/thumb/v7e-m+fp/hard/libc_nano.a(lib_a-init.o)
 .ARM.attributes
                0x0000000000000621       0x34 /usr/local/opt/gcc-arm-none-eabi-8-2019-q3-update/bin/../lib/gcc/arm-none-eabi/8.3.1/../../../../arm-none-eabi/lib/thumb/v7e-m+fp/hard/libc_nano.a(lib_a-memset.o)
 .ARM.attributes
                0x0000000000000655       0x34 /usr/local/opt/gcc-arm-none-eabi-8-2019-q3-update/bin/../lib/gcc/arm-none-eabi/8.3.1/../../../../arm-none-eabi/lib/thumb/v7e-m+fp/hard/libc_nano.a(lib_a-nano-vfprintf_float.o)
 .ARM.attributes
                0x0000000000000689       0x34 /usr/local/opt/gcc-arm-none-eabi-8-2019-q3-update/bin/../lib/gcc/arm-none-eabi/8.3.1/../../../../arm-none-eabi/lib/thumb/v7e-m+fp/hard/libc_nano.a(lib_a-nano-vfprintf_i.o)
 .ARM.attributes
                0x00000000000006bd       0x34 /usr/local/opt/gcc-arm-none-eabi-8-2019-q3-update/bin/../lib/gcc/arm-none-eabi/8.3.1/../../../../arm-none-eabi/lib/thumb/v7e-m+fp/hard/libc_nano.a(lib_a-sprintf.o)
 .ARM.attributes
                0x00000000000006f1       0x17 /usr/local/opt/gcc-arm-none-eabi-8-2019-q3-update/bin/../lib/gcc/arm-none-eabi/8.3.1/../../../../arm-none-eabi/lib/thumb/v7e-m+fp/hard/libc_nano.a(lib_a-strlen.o)
 .ARM.attributes
                0x0000000000000708       0x34 /usr/local/opt/gcc-arm-none-eabi-8-2019-q3-update/bin/../lib/gcc/arm-none-eabi/8.3.1/../../../../arm-none-eabi/lib/thumb/v7e-m+fp/hard/libc_nano.a(lib_a-dtoa.o)
 .ARM.attributes
                0x000000000000073c       0x34 /usr/local/opt/gcc-arm-none-eabi-8-2019-q3-update/bin/../lib/gcc/arm-none-eabi/8.3.1/../../../../arm-none-eabi/lib/thumb/v7e-m+fp/hard/libc_nano.a(lib_a-localeconv.o)
 .ARM.attributes
                0x0000000000000770       0x34 /usr/local/opt/gcc-arm-none-eabi-8-2019-q3-update/bin/../lib/gcc/arm-none-eabi/8.3.1/../../../../arm-none-eabi/lib/thumb/v7e-m+fp/hard/libc_nano.a(lib_a-malloc.o)
 .ARM.attributes
                0x00000000000007a4       0x1c /usr/local/opt/gcc-arm-none-eabi-8-2019-q3-update/bin/../lib/gcc/arm-none-eabi/8.3.1/../../../../arm-none-eabi/lib/thumb/v7e-m+fp/hard/libc_nano.a(lib_a-memchr.o)
 .ARM.attributes
                0x00000000000007c0       0x34 /usr/local/opt/gcc-arm-none-eabi-8-2019-q3-update/bin/../lib/gcc/arm-none-eabi/8.3.1/../../../../arm-none-eabi/lib/thumb/v7e-m+fp/hard/libc_nano.a(lib_a-memcpy-stub.o)
 .ARM.attributes
                0x00000000000007f4       0x34 /usr/local/opt/gcc-arm-none-eabi-8-2019-q3-update/bin/../lib/gcc/arm-none-eabi/8.3.1/../../../../arm-none-eabi/lib/thumb/v7e-m+fp/hard/libc_nano.a(lib_a-mprec.o)
 .ARM.attributes
                0x0000000000000828       0x34 /usr/local/opt/gcc-arm-none-eabi-8-2019-q3-update/bin/../lib/gcc/arm-none-eabi/8.3.1/../../../../arm-none-eabi/lib/thumb/v7e-m+fp/hard/libc_nano.a(lib_a-nano-callocr.o)
 .ARM.attributes
                0x000000000000085c       0x34 /usr/local/opt/gcc-arm-none-eabi-8-2019-q3-update/bin/../lib/gcc/arm-none-eabi/8.3.1/../../../../arm-none-eabi/lib/thumb/v7e-m+fp/hard/libc_nano.a(lib_a-nano-freer.o)
 .ARM.attributes
                0x0000000000000890       0x34 /usr/local/opt/gcc-arm-none-eabi-8-2019-q3-update/bin/../lib/gcc/arm-none-eabi/8.3.1/../../../../arm-none-eabi/lib/thumb/v7e-m+fp/hard/libc_nano.a(lib_a-nano-mallocr.o)
 .ARM.attributes
                0x00000000000008c4       0x34 /usr/local/opt/gcc-arm-none-eabi-8-2019-q3-update/bin/../lib/gcc/arm-none-eabi/8.3.1/../../../../arm-none-eabi/lib/thumb/v7e-m+fp/hard/libc_nano.a(lib_a-nano-svfprintf.o)
 .ARM.attributes
                0x00000000000008f8       0x34 /usr/local/opt/gcc-arm-none-eabi-8-2019-q3-update/bin/../lib/gcc/arm-none-eabi/8.3.1/../../../../arm-none-eabi/lib/thumb/v7e-m+fp/hard/libc_nano.a(lib_a-sbrkr.o)
 .ARM.attributes
                0x000000000000092c       0x34 /usr/local/opt/gcc-arm-none-eabi-8-2019-q3-update/bin/../lib/gcc/arm-none-eabi/8.3.1/../../../../arm-none-eabi/lib/thumb/v7e-m+fp/hard/libc_nano.a(lib_a-locale.o)
 .ARM.attributes
                0x0000000000000960       0x34 /usr/local/opt/gcc-arm-none-eabi-8-2019-q3-update/bin/../lib/gcc/arm-none-eabi/8.3.1/../../../../arm-none-eabi/lib/thumb/v7e-m+fp/hard/libc_nano.a(lib_a-mbtowc_r.o)
 .ARM.attributes
                0x0000000000000994       0x34 /usr/local/opt/gcc-arm-none-eabi-8-2019-q3-update/bin/../lib/gcc/arm-none-eabi/8.3.1/../../../../arm-none-eabi/lib/thumb/v7e-m+fp/hard/libc_nano.a(lib_a-memmove.o)
 .ARM.attributes
                0x00000000000009c8       0x34 /usr/local/opt/gcc-arm-none-eabi-8-2019-q3-update/bin/../lib/gcc/arm-none-eabi/8.3.1/../../../../arm-none-eabi/lib/thumb/v7e-m+fp/hard/libc_nano.a(lib_a-mlock.o)
 .ARM.attributes
                0x00000000000009fc       0x34 /usr/local/opt/gcc-arm-none-eabi-8-2019-q3-update/bin/../lib/gcc/arm-none-eabi/8.3.1/../../../../arm-none-eabi/lib/thumb/v7e-m+fp/hard/libc_nano.a(lib_a-nano-reallocr.o)
 .ARM.attributes
                0x0000000000000a30       0x34 /usr/local/opt/gcc-arm-none-eabi-8-2019-q3-update/bin/../lib/gcc/arm-none-eabi/8.3.1/../../../../arm-none-eabi/lib/thumb/v7e-m+fp/hard/libc_nano.a(lib_a-reent.o)
 .ARM.attributes
                0x0000000000000a64       0x34 /usr/local/opt/gcc-arm-none-eabi-8-2019-q3-update/bin/../lib/gcc/arm-none-eabi/8.3.1/../../../../arm-none-eabi/lib/thumb/v7e-m+fp/hard/libc_nano.a(lib_a-wctomb_r.o)
 .ARM.attributes
                0x0000000000000a98       0x32 /usr/local/opt/gcc-arm-none-eabi-8-2019-q3-update/bin/../lib/gcc/arm-none-eabi/8.3.1/../../../../arm-none-eabi/lib/thumb/v7e-m+fp/hard/libc_nano.a(lib_a-ctype_.o)
 .ARM.attributes
                0x0000000000000aca       0x34 /usr/local/opt/gcc-arm-none-eabi-8-2019-q3-update/bin/../lib/gcc/arm-none-eabi/8.3.1/../../../../arm-none-eabi/lib/thumb/v7e-m+fp/hard/libc_nano.a(lib_a-lock.o)
 .ARM.attributes
                0x0000000000000afe       0x34 /usr/local/opt/gcc-arm-none-eabi-8-2019-q3-update/bin/../lib/gcc/arm-none-eabi/8.3.1/../../../../arm-none-eabi/lib/thumb/v7e-m+fp/hard/libc_nano.a(lib_a-nano-msizer.o)
 .ARM.attributes
                0x0000000000000b32       0x34 /usr/local/opt/gcc-arm-none-eabi-8-2019-q3-update/bin/../lib/gcc/arm-none-eabi/8.3.1/../../../../arm-none-eabi/lib/thumb/v7e-m+fp/hard/libm.a(lib_a-w_sqrt.o)
 .ARM.attributes
                0x0000000000000b66       0x34 /usr/local/opt/gcc-arm-none-eabi-8-2019-q3-update/bin/../lib/gcc/arm-none-eabi/8.3.1/../../../../arm-none-eabi/lib/thumb/v7e-m+fp/hard/libm.a(lib_a-e_sqrt.o)
 .ARM.attributes
                0x0000000000000b9a       0x32 /usr/local/opt/gcc-arm-none-eabi-8-2019-q3-update/bin/../lib/gcc/arm-none-eabi/8.3.1/../../../../arm-none-eabi/lib/thumb/v7e-m+fp/hard/libm.a(lib_a-s_lib_ver.o)
 .ARM.attributes
                0x0000000000000bcc       0x34 /usr/local/opt/gcc-arm-none-eabi-8-2019-q3-update/bin/../lib/gcc/arm-none-eabi/8.3.1/../../../../arm-none-eabi/lib/thumb/v7e-m+fp/hard/libnosys.a(sbrk.o)
 .ARM.attributes
                0x0000000000000c00       0x1e /usr/local/opt/gcc-arm-none-eabi-8-2019-q3-update/bin/../lib/gcc/arm-none-eabi/8.3.1/thumb/v7e-m+fp/hard/libgcc.a(_arm_addsubdf3.o)
 .ARM.attributes
                0x0000000000000c1e       0x1e /usr/local/opt/gcc-arm-none-eabi-8-2019-q3-update/bin/../lib/gcc/arm-none-eabi/8.3.1/thumb/v7e-m+fp/hard/libgcc.a(_arm_muldivdf3.o)
 .ARM.attributes
                0x0000000000000c3c       0x1e /usr/local/opt/gcc-arm-none-eabi-8-2019-q3-update/bin/../lib/gcc/arm-none-eabi/8.3.1/thumb/v7e-m+fp/hard/libgcc.a(_arm_cmpdf2.o)
 .ARM.attributes
                0x0000000000000c5a       0x1e /usr/local/opt/gcc-arm-none-eabi-8-2019-q3-update/bin/../lib/gcc/arm-none-eabi/8.3.1/thumb/v7e-m+fp/hard/libgcc.a(_arm_unorddf2.o)
 .ARM.attributes
                0x0000000000000c78       0x1e /usr/local/opt/gcc-arm-none-eabi-8-2019-q3-update/bin/../lib/gcc/arm-none-eabi/8.3.1/thumb/v7e-m+fp/hard/libgcc.a(_arm_fixdfsi.o)
 .ARM.attributes
                0x0000000000000c96       0x1e /usr/local/opt/gcc-arm-none-eabi-8-2019-q3-update/bin/../lib/gcc/arm-none-eabi/8.3.1/thumb/v7e-m+fp/hard/libgcc.a(_arm_fixunsdfsi.o)
 .ARM.attributes
                0x0000000000000cb4       0x34 /usr/local/opt/gcc-arm-none-eabi-8-2019-q3-update/bin/../lib/gcc/arm-none-eabi/8.3.1/thumb/v7e-m+fp/hard/libgcc.a(_fixunsdfdi.o)
 .ARM.attributes
                0x0000000000000ce8       0x34 /usr/local/opt/gcc-arm-none-eabi-8-2019-q3-update/bin/../lib/gcc/arm-none-eabi/8.3.1/../../../../arm-none-eabi/lib/thumb/v7e-m+fp/hard/libc_nano.a(lib_a-errno.o)
 .ARM.attributes
                0x0000000000000d1c       0x1e /usr/local/opt/gcc-arm-none-eabi-8-2019-q3-update/bin/../lib/gcc/arm-none-eabi/8.3.1/thumb/v7e-m+fp/hard/crtn.o
OUTPUT(build/Emon3CT.elf elf32-littlearm)

.debug_info     0x0000000000000000    0x2b972
 .debug_info    0x0000000000000000     0x2b8e build/main.o
 .debug_info    0x0000000000002b8e      0xee5 build/gpio.o
 .debug_info    0x0000000000003a73     0x14d1 build/usart.o
 .debug_info    0x0000000000004f44     0x13e0 build/RFM69_ext.o
 .debug_info    0x0000000000006324     0x2e26 build/RFM69.o
 .debug_info    0x000000000000914a      0xdc8 build/stm32f3xx_it.o
 .debug_info    0x0000000000009f12      0xe24 build/system_stm32f3xx.o
 .debug_info    0x000000000000ad36      0xecc build/stm32f3xx_hal_msp.o
 .debug_info    0x000000000000bc02     0x2436 build/stm32f3xx_hal_tim_ex.o
 .debug_info    0x000000000000e038     0x1339 build/stm32f3xx_hal.o
 .debug_info    0x000000000000f371     0x1ae6 build/stm32f3xx_hal_cortex.o
 .debug_info    0x0000000000010e57     0x220a build/stm32f3xx_hal_rcc.o
 .debug_info    0x0000000000013061     0x130d build/stm32f3xx_hal_dma.o
 .debug_info    0x000000000001436e     0x4152 build/stm32f3xx_hal_tim.o
 .debug_info    0x00000000000184c0     0x12e8 build/stm32f3xx_hal_rcc_ex.o
 .debug_info    0x00000000000197a8     0x1243 build/stm32f3xx_hal_gpio.o
 .debug_info    0x000000000001a9eb     0x27bf build/stm32f3xx_hal_uart.o
 .debug_info    0x000000000001d1aa     0x212c build/adc.o
 .debug_info    0x000000000001f2d6     0x16f0 build/stm32f3xx_hal_adc.o
 .debug_info    0x00000000000209c6     0x2904 build/stm32f3xx_hal_adc_ex.o
 .debug_info    0x00000000000232ca      0xe66 build/dma.o
 .debug_info    0x0000000000024130     0x17ce build/tim.o
 .debug_info    0x00000000000258fe      0xf1a build/opamp.o
 .debug_info    0x0000000000026818     0x1155 build/stm32f3xx_hal_opamp.o
 .debug_info    0x000000000002796d     0x1447 build/spi.o
 .debug_info    0x0000000000028db4     0x2b9c build/stm32f3xx_hal_spi.o
 .debug_info    0x000000000002b950       0x22 build/startup_stm32f303xe.o

.debug_abbrev   0x0000000000000000     0x4dd0
 .debug_abbrev  0x0000000000000000      0x3b5 build/main.o
 .debug_abbrev  0x00000000000003b5      0x239 build/gpio.o
 .debug_abbrev  0x00000000000005ee      0x284 build/usart.o
 .debug_abbrev  0x0000000000000872      0x2ac build/RFM69_ext.o
 .debug_abbrev  0x0000000000000b1e      0x42b build/RFM69.o
 .debug_abbrev  0x0000000000000f49      0x204 build/stm32f3xx_it.o
 .debug_abbrev  0x000000000000114d      0x21a build/system_stm32f3xx.o
 .debug_abbrev  0x0000000000001367      0x242 build/stm32f3xx_hal_msp.o
 .debug_abbrev  0x00000000000015a9      0x346 build/stm32f3xx_hal_tim_ex.o
 .debug_abbrev  0x00000000000018ef      0x30c build/stm32f3xx_hal.o
 .debug_abbrev  0x0000000000001bfb      0x444 build/stm32f3xx_hal_cortex.o
 .debug_abbrev  0x000000000000203f      0x3c6 build/stm32f3xx_hal_rcc.o
 .debug_abbrev  0x0000000000002405      0x327 build/stm32f3xx_hal_dma.o
 .debug_abbrev  0x000000000000272c      0x360 build/stm32f3xx_hal_tim.o
 .debug_abbrev  0x0000000000002a8c      0x385 build/stm32f3xx_hal_rcc_ex.o
 .debug_abbrev  0x0000000000002e11      0x30a build/stm32f3xx_hal_gpio.o
 .debug_abbrev  0x000000000000311b      0x358 build/stm32f3xx_hal_uart.o
 .debug_abbrev  0x0000000000003473      0x2f2 build/adc.o
 .debug_abbrev  0x0000000000003765      0x244 build/stm32f3xx_hal_adc.o
 .debug_abbrev  0x00000000000039a9      0x39f build/stm32f3xx_hal_adc_ex.o
 .debug_abbrev  0x0000000000003d48      0x242 build/dma.o
 .debug_abbrev  0x0000000000003f8a      0x305 build/tim.o
 .debug_abbrev  0x000000000000428f      0x265 build/opamp.o
 .debug_abbrev  0x00000000000044f4      0x2fa build/stm32f3xx_hal_opamp.o
 .debug_abbrev  0x00000000000047ee      0x28e build/spi.o
 .debug_abbrev  0x0000000000004a7c      0x342 build/stm32f3xx_hal_spi.o
 .debug_abbrev  0x0000000000004dbe       0x12 build/startup_stm32f303xe.o

.debug_loc      0x0000000000000000    0x135f1
 .debug_loc     0x0000000000000000      0x3df build/main.o
 .debug_loc     0x00000000000003df       0x39 build/gpio.o
 .debug_loc     0x0000000000000418      0x131 build/usart.o
 .debug_loc     0x0000000000000549       0xea build/RFM69_ext.o
 .debug_loc     0x0000000000000633     0x125e build/RFM69.o
 .debug_loc     0x0000000000001891       0x60 build/stm32f3xx_it.o
 .debug_loc     0x00000000000018f1      0x124 build/system_stm32f3xx.o
 .debug_loc     0x0000000000001a15       0x38 build/stm32f3xx_hal_msp.o
 .debug_loc     0x0000000000001a4d     0x20b3 build/stm32f3xx_hal_tim_ex.o
 .debug_loc     0x0000000000003b00      0x1cc build/stm32f3xx_hal.o
 .debug_loc     0x0000000000003ccc      0x790 build/stm32f3xx_hal_cortex.o
 .debug_loc     0x000000000000445c      0xe88 build/stm32f3xx_hal_rcc.o
 .debug_loc     0x00000000000052e4      0x982 build/stm32f3xx_hal_dma.o
 .debug_loc     0x0000000000005c66     0x4952 build/stm32f3xx_hal_tim.o
 .debug_loc     0x000000000000a5b8      0xdcc build/stm32f3xx_hal_rcc_ex.o
 .debug_loc     0x000000000000b384      0x4c3 build/stm32f3xx_hal_gpio.o
 .debug_loc     0x000000000000b847     0x1ea9 build/stm32f3xx_hal_uart.o
 .debug_loc     0x000000000000d6f0      0x2f0 build/adc.o
 .debug_loc     0x000000000000d9e0      0x22b build/stm32f3xx_hal_adc.o
 .debug_loc     0x000000000000dc0b     0x26ab build/stm32f3xx_hal_adc_ex.o
 .debug_loc     0x00000000000102b6       0x38 build/dma.o
 .debug_loc     0x00000000000102ee      0x14b build/tim.o
 .debug_loc     0x0000000000010439       0xdf build/opamp.o
 .debug_loc     0x0000000000010518      0x871 build/stm32f3xx_hal_opamp.o
 .debug_loc     0x0000000000010d89      0x13a build/spi.o
 .debug_loc     0x0000000000010ec3     0x272e build/stm32f3xx_hal_spi.o

.debug_aranges  0x0000000000000000     0x1240
 .debug_aranges
                0x0000000000000000       0x38 build/main.o
 .debug_aranges
                0x0000000000000038       0x20 build/gpio.o
 .debug_aranges
                0x0000000000000058       0x38 build/usart.o
 .debug_aranges
                0x0000000000000090       0x50 build/RFM69_ext.o
 .debug_aranges
                0x00000000000000e0      0x120 build/RFM69.o
 .debug_aranges
                0x0000000000000200       0x30 build/stm32f3xx_it.o
 .debug_aranges
                0x0000000000000230       0x28 build/system_stm32f3xx.o
 .debug_aranges
                0x0000000000000258       0x20 build/stm32f3xx_hal_msp.o
 .debug_aranges
                0x0000000000000278      0x178 build/stm32f3xx_hal_tim_ex.o
 .debug_aranges
                0x00000000000003f0       0xe0 build/stm32f3xx_hal.o
 .debug_aranges
                0x00000000000004d0       0xa8 build/stm32f3xx_hal_cortex.o
 .debug_aranges
                0x0000000000000578       0x88 build/stm32f3xx_hal_rcc.o
 .debug_aranges
                0x0000000000000600       0x88 build/stm32f3xx_hal_dma.o
 .debug_aranges
                0x0000000000000688      0x378 build/stm32f3xx_hal_tim.o
 .debug_aranges
                0x0000000000000a00       0x38 build/stm32f3xx_hal_rcc_ex.o
 .debug_aranges
                0x0000000000000a38       0x58 build/stm32f3xx_hal_gpio.o
 .debug_aranges
                0x0000000000000a90      0x1f0 build/stm32f3xx_hal_uart.o
 .debug_aranges
                0x0000000000000c80       0x60 build/adc.o
 .debug_aranges
                0x0000000000000ce0       0xc8 build/stm32f3xx_hal_adc.o
 .debug_aranges
                0x0000000000000da8      0x168 build/stm32f3xx_hal_adc_ex.o
 .debug_aranges
                0x0000000000000f10       0x20 build/dma.o
 .debug_aranges
                0x0000000000000f30       0x40 build/tim.o
 .debug_aranges
                0x0000000000000f70       0x30 build/opamp.o
 .debug_aranges
                0x0000000000000fa0       0x68 build/stm32f3xx_hal_opamp.o
 .debug_aranges
                0x0000000000001008       0x38 build/spi.o
 .debug_aranges
                0x0000000000001040      0x1d8 build/stm32f3xx_hal_spi.o
 .debug_aranges
                0x0000000000001218       0x28 build/startup_stm32f303xe.o

.debug_ranges   0x0000000000000000     0x1178
 .debug_ranges  0x0000000000000000       0x70 build/main.o
 .debug_ranges  0x0000000000000070       0x10 build/gpio.o
 .debug_ranges  0x0000000000000080       0x28 build/usart.o
 .debug_ranges  0x00000000000000a8       0x40 build/RFM69_ext.o
 .debug_ranges  0x00000000000000e8      0x128 build/RFM69.o
 .debug_ranges  0x0000000000000210       0x20 build/stm32f3xx_it.o
 .debug_ranges  0x0000000000000230       0x18 build/system_stm32f3xx.o
 .debug_ranges  0x0000000000000248       0x10 build/stm32f3xx_hal_msp.o
 .debug_ranges  0x0000000000000258      0x168 build/stm32f3xx_hal_tim_ex.o
 .debug_ranges  0x00000000000003c0       0xd0 build/stm32f3xx_hal.o
 .debug_ranges  0x0000000000000490       0xe0 build/stm32f3xx_hal_cortex.o
 .debug_ranges  0x0000000000000570       0x98 build/stm32f3xx_hal_rcc.o
 .debug_ranges  0x0000000000000608       0x78 build/stm32f3xx_hal_dma.o
 .debug_ranges  0x0000000000000680      0x368 build/stm32f3xx_hal_tim.o
 .debug_ranges  0x00000000000009e8       0x40 build/stm32f3xx_hal_rcc_ex.o
 .debug_ranges  0x0000000000000a28       0x48 build/stm32f3xx_hal_gpio.o
 .debug_ranges  0x0000000000000a70      0x1e0 build/stm32f3xx_hal_uart.o
 .debug_ranges  0x0000000000000c50       0x50 build/adc.o
 .debug_ranges  0x0000000000000ca0       0xb8 build/stm32f3xx_hal_adc.o
 .debug_ranges  0x0000000000000d58      0x158 build/stm32f3xx_hal_adc_ex.o
 .debug_ranges  0x0000000000000eb0       0x10 build/dma.o
 .debug_ranges  0x0000000000000ec0       0x30 build/tim.o
 .debug_ranges  0x0000000000000ef0       0x20 build/opamp.o
 .debug_ranges  0x0000000000000f10       0x58 build/stm32f3xx_hal_opamp.o
 .debug_ranges  0x0000000000000f68       0x28 build/spi.o
 .debug_ranges  0x0000000000000f90      0x1c8 build/stm32f3xx_hal_spi.o
 .debug_ranges  0x0000000000001158       0x20 build/startup_stm32f303xe.o

.debug_line     0x0000000000000000    0x13eb4
 .debug_line    0x0000000000000000      0x7f8 build/main.o
 .debug_line    0x00000000000007f8      0x324 build/gpio.o
 .debug_line    0x0000000000000b1c      0x3e4 build/usart.o
 .debug_line    0x0000000000000f00      0x37d build/RFM69_ext.o
 .debug_line    0x000000000000127d     0x1023 build/RFM69.o
 .debug_line    0x00000000000022a0      0x2af build/stm32f3xx_it.o
 .debug_line    0x000000000000254f      0x303 build/system_stm32f3xx.o
 .debug_line    0x0000000000002852      0x24c build/stm32f3xx_hal_msp.o
 .debug_line    0x0000000000002a9e     0x15b7 build/stm32f3xx_hal_tim_ex.o
 .debug_line    0x0000000000004055      0x581 build/stm32f3xx_hal.o
 .debug_line    0x00000000000045d6      0x767 build/stm32f3xx_hal_cortex.o
 .debug_line    0x0000000000004d3d     0x112b build/stm32f3xx_hal_rcc.o
 .debug_line    0x0000000000005e68      0xa68 build/stm32f3xx_hal_dma.o
 .debug_line    0x00000000000068d0     0x30bf build/stm32f3xx_hal_tim.o
 .debug_line    0x000000000000998f      0xe43 build/stm32f3xx_hal_rcc_ex.o
 .debug_line    0x000000000000a7d2      0x749 build/stm32f3xx_hal_gpio.o
 .debug_line    0x000000000000af1b     0x1d65 build/stm32f3xx_hal_uart.o
 .debug_line    0x000000000000cc80      0x7ad build/adc.o
 .debug_line    0x000000000000d42d      0x4dc build/stm32f3xx_hal_adc.o
 .debug_line    0x000000000000d909     0x299f build/stm32f3xx_hal_adc_ex.o
 .debug_line    0x00000000000102a8      0x23f build/dma.o
 .debug_line    0x00000000000104e7      0x4af build/tim.o
 .debug_line    0x0000000000010996      0x319 build/opamp.o
 .debug_line    0x0000000000010caf      0x749 build/stm32f3xx_hal_opamp.o
 .debug_line    0x00000000000113f8      0x3a9 build/spi.o
 .debug_line    0x00000000000117a1     0x269f build/stm32f3xx_hal_spi.o
 .debug_line    0x0000000000013e40       0x74 build/startup_stm32f303xe.o

.debug_str      0x0000000000000000     0x592d
 .debug_str     0x0000000000000000     0x1bea build/main.o
                                       0x1d6b (size before relaxing)
 .debug_str     0x0000000000001bea       0xa4 build/gpio.o
                                        0x712 (size before relaxing)
 .debug_str     0x0000000000001c8e       0x72 build/usart.o
                                        0xbee (size before relaxing)
 .debug_str     0x0000000000001d00       0xd8 build/RFM69_ext.o
                                        0xb9e (size before relaxing)
 .debug_str     0x0000000000001dd8      0x3c2 build/RFM69.o
                                        0xf0f (size before relaxing)
 .debug_str     0x000000000000219a       0x9f build/stm32f3xx_it.o
                                        0x859 (size before relaxing)
 .debug_str     0x0000000000002239       0xab build/system_stm32f3xx.o
                                        0x6eb (size before relaxing)
 .debug_str     0x00000000000022e4       0x41 build/stm32f3xx_hal_msp.o
                                        0xb30 (size before relaxing)
 .debug_str     0x0000000000002325      0x837 build/stm32f3xx_hal_tim_ex.o
                                       0x1246 (size before relaxing)
 .debug_str     0x0000000000002b5c      0x2b4 build/stm32f3xx_hal.o
                                        0xe52 (size before relaxing)
 .debug_str     0x0000000000002e10      0x32d build/stm32f3xx_hal_cortex.o
                                        0xfef (size before relaxing)
 .debug_str     0x000000000000313d      0x1c8 build/stm32f3xx_hal_rcc.o
                                        0xa66 (size before relaxing)
 .debug_str     0x0000000000003305      0x221 build/stm32f3xx_hal_dma.o
                                        0xa76 (size before relaxing)
 .debug_str     0x0000000000003526      0xb09 build/stm32f3xx_hal_tim.o
                                       0x180b (size before relaxing)
 .debug_str     0x000000000000402f       0xbb build/stm32f3xx_hal_rcc_ex.o
                                        0x9fa (size before relaxing)
 .debug_str     0x00000000000040ea      0x14c build/stm32f3xx_hal_gpio.o
                                        0x907 (size before relaxing)
 .debug_str     0x0000000000004236      0x677 build/stm32f3xx_hal_uart.o
                                       0x1283 (size before relaxing)
 .debug_str     0x00000000000048ad      0x175 build/adc.o
                                       0x10bd (size before relaxing)
 .debug_str     0x0000000000004a22      0x1a5 build/stm32f3xx_hal_adc.o
                                        0xcfc (size before relaxing)
 .debug_str     0x0000000000004bc7      0x5bb build/stm32f3xx_hal_adc_ex.o
                                       0x1317 (size before relaxing)
 .debug_str     0x0000000000005182        0xa build/dma.o
                                        0xb18 (size before relaxing)
 .debug_str     0x000000000000518c       0xc3 build/tim.o
                                        0xde3 (size before relaxing)
 .debug_str     0x000000000000524f       0x4d build/opamp.o
                                        0x8df (size before relaxing)
 .debug_str     0x000000000000529c      0x122 build/stm32f3xx_hal_opamp.o
                                        0x9c8 (size before relaxing)
 .debug_str     0x00000000000053be       0x6b build/spi.o
                                        0xb66 (size before relaxing)
 .debug_str     0x0000000000005429      0x4e0 build/stm32f3xx_hal_spi.o
                                        0xfb4 (size before relaxing)
 .debug_str     0x0000000000005909       0x24 build/startup_stm32f303xe.o
                                         0x5a (size before relaxing)

.comment        0x0000000000000000       0x76
 .comment       0x0000000000000000       0x76 build/main.o
                                         0x77 (size before relaxing)
 .comment       0x0000000000000076       0x77 build/gpio.o
 .comment       0x0000000000000076       0x77 build/usart.o
 .comment       0x0000000000000076       0x77 build/RFM69_ext.o
 .comment       0x0000000000000076       0x77 build/RFM69.o
 .comment       0x0000000000000076       0x77 build/stm32f3xx_it.o
 .comment       0x0000000000000076       0x77 build/system_stm32f3xx.o
 .comment       0x0000000000000076       0x77 build/stm32f3xx_hal_msp.o
 .comment       0x0000000000000076       0x77 build/stm32f3xx_hal_tim_ex.o
 .comment       0x0000000000000076       0x77 build/stm32f3xx_hal.o
 .comment       0x0000000000000076       0x77 build/stm32f3xx_hal_cortex.o
 .comment       0x0000000000000076       0x77 build/stm32f3xx_hal_rcc.o
 .comment       0x0000000000000076       0x77 build/stm32f3xx_hal_dma.o
 .comment       0x0000000000000076       0x77 build/stm32f3xx_hal_tim.o
 .comment       0x0000000000000076       0x77 build/stm32f3xx_hal_rcc_ex.o
 .comment       0x0000000000000076       0x77 build/stm32f3xx_hal_gpio.o
 .comment       0x0000000000000076       0x77 build/stm32f3xx_hal_uart.o
 .comment       0x0000000000000076       0x77 build/adc.o
 .comment       0x0000000000000076       0x77 build/stm32f3xx_hal_adc.o
 .comment       0x0000000000000076       0x77 build/stm32f3xx_hal_adc_ex.o
 .comment       0x0000000000000076       0x77 build/dma.o
 .comment       0x0000000000000076       0x77 build/tim.o
 .comment       0x0000000000000076       0x77 build/opamp.o
 .comment       0x0000000000000076       0x77 build/stm32f3xx_hal_opamp.o
 .comment       0x0000000000000076       0x77 build/spi.o
 .comment       0x0000000000000076       0x77 build/stm32f3xx_hal_spi.o

.debug_frame    0x0000000000000000     0x4258
 .debug_frame   0x0000000000000000       0xb8 build/main.o
 .debug_frame   0x00000000000000b8       0x3c build/gpio.o
 .debug_frame   0x00000000000000f4       0x80 build/usart.o
 .debug_frame   0x0000000000000174       0xbc build/RFM69_ext.o
 .debug_frame   0x0000000000000230      0x410 build/RFM69.o
 .debug_frame   0x0000000000000640       0x64 build/stm32f3xx_it.o
 .debug_frame   0x00000000000006a4       0x30 build/system_stm32f3xx.o
 .debug_frame   0x00000000000006d4       0x2c build/stm32f3xx_hal_msp.o
 .debug_frame   0x0000000000000700      0x4dc build/stm32f3xx_hal_tim_ex.o
 .debug_frame   0x0000000000000bdc      0x1e0 build/stm32f3xx_hal.o
 .debug_frame   0x0000000000000dbc      0x16c build/stm32f3xx_hal_cortex.o
 .debug_frame   0x0000000000000f28      0x174 build/stm32f3xx_hal_rcc.o
 .debug_frame   0x000000000000109c      0x190 build/stm32f3xx_hal_dma.o
 .debug_frame   0x000000000000122c      0xb58 build/stm32f3xx_hal_tim.o
 .debug_frame   0x0000000000001d84       0x8c build/stm32f3xx_hal_rcc_ex.o
 .debug_frame   0x0000000000001e10      0x10c build/stm32f3xx_hal_gpio.o
 .debug_frame   0x0000000000001f1c      0x5fc build/stm32f3xx_hal_uart.o
 .debug_frame   0x0000000000002518      0x128 build/adc.o
 .debug_frame   0x0000000000002640      0x170 build/stm32f3xx_hal_adc.o
 .debug_frame   0x00000000000027b0      0x578 build/stm32f3xx_hal_adc_ex.o
 .debug_frame   0x0000000000002d28       0x2c build/dma.o
 .debug_frame   0x0000000000002d54       0x98 build/tim.o
 .debug_frame   0x0000000000002dec       0x64 build/opamp.o
 .debug_frame   0x0000000000002e50      0x140 build/stm32f3xx_hal_opamp.o
 .debug_frame   0x0000000000002f90       0x80 build/spi.o
 .debug_frame   0x0000000000003010      0x670 build/stm32f3xx_hal_spi.o
 .debug_frame   0x0000000000003680       0x2c /usr/local/opt/gcc-arm-none-eabi-8-2019-q3-update/bin/../lib/gcc/arm-none-eabi/8.3.1/../../../../arm-none-eabi/lib/thumb/v7e-m+fp/hard/libc_nano.a(lib_a-init.o)