Archive member included to satisfy reference by file (symbol)

/usr/local/opt/gcc-arm-none-eabi-8-2019-q3-update/bin/../lib/gcc/arm-none-eabi/8.3.1/../../../../arm-none-eabi/lib/thumb/v7e-m+fp/hard/libc_nano.a(lib_a-exit.o)
                              /usr/local/opt/gcc-arm-none-eabi-8-2019-q3-update/bin/../lib/gcc/arm-none-eabi/8.3.1/../../../../arm-none-eabi/lib/thumb/v7e-m+fp/hard/crt0.o (exit)
/usr/local/opt/gcc-arm-none-eabi-8-2019-q3-update/bin/../lib/gcc/arm-none-eabi/8.3.1/../../../../arm-none-eabi/lib/thumb/v7e-m+fp/hard/libc_nano.a(lib_a-impure.o)
                              /usr/local/opt/gcc-arm-none-eabi-8-2019-q3-update/bin/../lib/gcc/arm-none-eabi/8.3.1/../../../../arm-none-eabi/lib/thumb/v7e-m+fp/hard/libc_nano.a(lib_a-exit.o) (_global_impure_ptr)
/usr/local/opt/gcc-arm-none-eabi-8-2019-q3-update/bin/../lib/gcc/arm-none-eabi/8.3.1/../../../../arm-none-eabi/lib/thumb/v7e-m+fp/hard/libc_nano.a(lib_a-init.o)
                              /usr/local/opt/gcc-arm-none-eabi-8-2019-q3-update/bin/../lib/gcc/arm-none-eabi/8.3.1/../../../../arm-none-eabi/lib/thumb/v7e-m+fp/hard/crt0.o (__libc_init_array)
/usr/local/opt/gcc-arm-none-eabi-8-2019-q3-update/bin/../lib/gcc/arm-none-eabi/8.3.1/../../../../arm-none-eabi/lib/thumb/v7e-m+fp/hard/libc_nano.a(lib_a-memset.o)
                              /usr/local/opt/gcc-arm-none-eabi-8-2019-q3-update/bin/../lib/gcc/arm-none-eabi/8.3.1/../../../../arm-none-eabi/lib/thumb/v7e-m+fp/hard/crt0.o (memset)
/usr/local/opt/gcc-arm-none-eabi-8-2019-q3-update/bin/../lib/gcc/arm-none-eabi/8.3.1/../../../../arm-none-eabi/lib/thumb/v7e-m+fp/hard/libc_nano.a(lib_a-strlen.o)
                              build/usart.o (strlen)
/usr/local/opt/gcc-arm-none-eabi-8-2019-q3-update/bin/../lib/gcc/arm-none-eabi/8.3.1/../../../../arm-none-eabi/lib/thumb/v7e-m+fp/hard/libnosys.a(_exit.o)
                              /usr/local/opt/gcc-arm-none-eabi-8-2019-q3-update/bin/../lib/gcc/arm-none-eabi/8.3.1/../../../../arm-none-eabi/lib/thumb/v7e-m+fp/hard/libc_nano.a(lib_a-exit.o) (_exit)

Allocating common symbols
Common symbol       size              file

hUsbDeviceFS        0x224             build/usb_device.o
huart3              0x70              build/usart.o
hadc2               0x54              build/adc.o
hi2c1               0x4c              build/i2c.o
uwTick              0x4               build/stm32f3xx_hal.o
pFlash              0x20              build/stm32f3xx_hal_flash.o
hspi3               0x64              build/spi.o
hadc1               0x54              build/adc.o
hadc3               0x54              build/adc.o
huart1              0x70              build/usart.o
huart2              0x70              build/usart.o
hadc4               0x54              build/adc.o
hopamp4             0x34              build/opamp.o
hpcd_USB_FS         0x3a8             build/usbd_conf.o
USBD_StrDesc        0x200             build/usbd_desc.o
log_buffer          0x64              build/main.o

Discarded input sections

 .text          0x0000000000000000        0x0 /usr/local/opt/gcc-arm-none-eabi-8-2019-q3-update/bin/../lib/gcc/arm-none-eabi/8.3.1/thumb/v7e-m+fp/hard/crti.o
 .data          0x0000000000000000        0x0 /usr/local/opt/gcc-arm-none-eabi-8-2019-q3-update/bin/../lib/gcc/arm-none-eabi/8.3.1/thumb/v7e-m+fp/hard/crti.o
 .bss           0x0000000000000000        0x0 /usr/local/opt/gcc-arm-none-eabi-8-2019-q3-update/bin/../lib/gcc/arm-none-eabi/8.3.1/thumb/v7e-m+fp/hard/crti.o
 .data          0x0000000000000000        0x4 /usr/local/opt/gcc-arm-none-eabi-8-2019-q3-update/bin/../lib/gcc/arm-none-eabi/8.3.1/thumb/v7e-m+fp/hard/crtbegin.o
 .text          0x0000000000000000       0x74 /usr/local/opt/gcc-arm-none-eabi-8-2019-q3-update/bin/../lib/gcc/arm-none-eabi/8.3.1/../../../../arm-none-eabi/lib/thumb/v7e-m+fp/hard/crt0.o
 .data          0x0000000000000000        0x0 /usr/local/opt/gcc-arm-none-eabi-8-2019-q3-update/bin/../lib/gcc/arm-none-eabi/8.3.1/../../../../arm-none-eabi/lib/thumb/v7e-m+fp/hard/crt0.o
 .bss           0x0000000000000000        0x0 /usr/local/opt/gcc-arm-none-eabi-8-2019-q3-update/bin/../lib/gcc/arm-none-eabi/8.3.1/../../../../arm-none-eabi/lib/thumb/v7e-m+fp/hard/crt0.o
 .ARM.extab     0x0000000000000000        0x0 /usr/local/opt/gcc-arm-none-eabi-8-2019-q3-update/bin/../lib/gcc/arm-none-eabi/8.3.1/../../../../arm-none-eabi/lib/thumb/v7e-m+fp/hard/crt0.o
 .ARM.exidx     0x0000000000000000        0x8 /usr/local/opt/gcc-arm-none-eabi-8-2019-q3-update/bin/../lib/gcc/arm-none-eabi/8.3.1/../../../../arm-none-eabi/lib/thumb/v7e-m+fp/hard/crt0.o
 .ARM.attributes
                0x0000000000000000       0x1c /usr/local/opt/gcc-arm-none-eabi-8-2019-q3-update/bin/../lib/gcc/arm-none-eabi/8.3.1/../../../../arm-none-eabi/lib/thumb/v7e-m+fp/hard/crt0.o
 .text          0x0000000000000000        0x0 build/main.o
 .data          0x0000000000000000        0x0 build/main.o
 .bss           0x0000000000000000        0x0 build/main.o
[...]
Memory Configuration

Name             Origin             Length             Attributes
RAM              0x0000000020000000 0x000000000000a000 xrw
CCMRAM           0x0000000010000000 0x0000000000002000 rw
FLASH            0x0000000008000000 0x0000000000040000 xr
*default*        0x0000000000000000 0xffffffffffffffff

Linker script and memory map

LOAD /usr/local/opt/gcc-arm-none-eabi-8-2019-q3-update/bin/../lib/gcc/arm-none-eabi/8.3.1/thumb/v7e-m+fp/hard/crti.o
LOAD /usr/local/opt/gcc-arm-none-eabi-8-2019-q3-update/bin/../lib/gcc/arm-none-eabi/8.3.1/thumb/v7e-m+fp/hard/crtbegin.o
LOAD /usr/local/opt/gcc-arm-none-eabi-8-2019-q3-update/bin/../lib/gcc/arm-none-eabi/8.3.1/../../../../arm-none-eabi/lib/thumb/v7e-m+fp/hard/crt0.o
LOAD build/main.o
LOAD build/gpio.o
LOAD build/adc.o
LOAD build/i2c.o
LOAD build/opamp.o
LOAD build/spi.o
LOAD build/usart.o
LOAD build/usb_device.o
LOAD build/usbd_conf.o
LOAD build/usbd_desc.o
LOAD build/usbd_dfu_if.o
LOAD build/stm32f3xx_it.o
LOAD build/stm32f3xx_hal_msp.o
LOAD build/stm32f3xx_hal_pcd.o
LOAD build/stm32f3xx_hal_pcd_ex.o
LOAD build/stm32f3xx_hal_adc.o
LOAD build/stm32f3xx_hal_adc_ex.o
LOAD build/stm32f3xx_hal_i2c.o
LOAD build/stm32f3xx_hal_i2c_ex.o
LOAD build/stm32f3xx_hal_opamp.o
LOAD build/stm32f3xx_hal_opamp_ex.o
LOAD build/stm32f3xx_hal_spi.o
LOAD build/stm32f3xx_hal_spi_ex.o
LOAD build/stm32f3xx_hal_tim.o
LOAD build/stm32f3xx_hal_tim_ex.o
LOAD build/stm32f3xx_hal_uart.o
LOAD build/stm32f3xx_hal_uart_ex.o
LOAD build/stm32f3xx_hal.o
LOAD build/stm32f3xx_hal_rcc.o
LOAD build/stm32f3xx_hal_rcc_ex.o
LOAD build/stm32f3xx_hal_gpio.o
LOAD build/stm32f3xx_hal_dma.o
LOAD build/stm32f3xx_hal_cortex.o
LOAD build/stm32f3xx_hal_pwr.o
LOAD build/stm32f3xx_hal_pwr_ex.o
LOAD build/stm32f3xx_hal_flash.o
LOAD build/stm32f3xx_hal_flash_ex.o
LOAD build/system_stm32f3xx.o
LOAD build/usbd_core.o
LOAD build/usbd_ctlreq.o
LOAD build/usbd_ioreq.o
LOAD build/usbd_dfu.o
LOAD build/startup_stm32f303xc.o
LOAD /usr/local/opt/gcc-arm-none-eabi-8-2019-q3-update/bin/../lib/gcc/arm-none-eabi/8.3.1/../../../../arm-none-eabi/lib/thumb/v7e-m+fp/hard/libc_nano.a
LOAD /usr/local/opt/gcc-arm-none-eabi-8-2019-q3-update/bin/../lib/gcc/arm-none-eabi/8.3.1/../../../../arm-none-eabi/lib/thumb/v7e-m+fp/hard/libm.a
LOAD /usr/local/opt/gcc-arm-none-eabi-8-2019-q3-update/bin/../lib/gcc/arm-none-eabi/8.3.1/../../../../arm-none-eabi/lib/thumb/v7e-m+fp/hard/libnosys.a
START GROUP
LOAD /usr/local/opt/gcc-arm-none-eabi-8-2019-q3-update/bin/../lib/gcc/arm-none-eabi/8.3.1/thumb/v7e-m+fp/hard/libgcc.a
LOAD /usr/local/opt/gcc-arm-none-eabi-8-2019-q3-update/bin/../lib/gcc/arm-none-eabi/8.3.1/../../../../arm-none-eabi/lib/thumb/v7e-m+fp/hard/libc_nano.a
END GROUP
START GROUP
LOAD /usr/local/opt/gcc-arm-none-eabi-8-2019-q3-update/bin/../lib/gcc/arm-none-eabi/8.3.1/thumb/v7e-m+fp/hard/libgcc.a
LOAD /usr/local/opt/gcc-arm-none-eabi-8-2019-q3-update/bin/../lib/gcc/arm-none-eabi/8.3.1/../../../../arm-none-eabi/lib/thumb/v7e-m+fp/hard/libc_nano.a
END GROUP
LOAD /usr/local/opt/gcc-arm-none-eabi-8-2019-q3-update/bin/../lib/gcc/arm-none-eabi/8.3.1/thumb/v7e-m+fp/hard/crtend.o
LOAD /usr/local/opt/gcc-arm-none-eabi-8-2019-q3-update/bin/../lib/gcc/arm-none-eabi/8.3.1/thumb/v7e-m+fp/hard/crtn.o
                0x000000002000a000                _estack = 0x2000a000
                0x0000000000000200                _Min_Heap_Size = 0x200
                0x0000000000000400                _Min_Stack_Size = 0x400

.isr_vector     0x0000000008000000      0x188
                0x0000000008000000                . = ALIGN (0x4)
 *(.isr_vector)
 .isr_vector    0x0000000008000000      0x188 build/startup_stm32f303xc.o
                0x0000000008000000                g_pfnVectors
                0x0000000008000188                . = ALIGN (0x4)

.text           0x0000000008000188     0x4dc0
                0x0000000008000188                . = ALIGN (0x4)
 *(.text)
 .text          0x0000000008000188       0x40 /usr/local/opt/gcc-arm-none-eabi-8-2019-q3-update/bin/../lib/gcc/arm-none-eabi/8.3.1/thumb/v7e-m+fp/hard/crtbegin.o
 *(.text*)
 .text.SystemClock_Config
                0x00000000080001c8       0x8c build/main.o
                0x00000000080001c8                SystemClock_Config
 .text.main     0x0000000008000254       0xa4 build/main.o
                0x0000000008000254                main
 .text.Error_Handler
                0x00000000080002f8        0x2 build/main.o
                0x00000000080002f8                Error_Handler
 *fill*         0x00000000080002fa        0x2 
 .text.MX_GPIO_Init
                0x00000000080002fc      0x1b8 build/gpio.o
                0x00000000080002fc                MX_GPIO_Init
 .text.MX_ADC1_Init
                0x00000000080004b4       0x88 build/adc.o
                0x00000000080004b4                MX_ADC1_Init
 .text.MX_ADC2_Init
                0x000000000800053c       0x70 build/adc.o
                0x000000000800053c                MX_ADC2_Init
 .text.MX_ADC3_Init
                0x00000000080005ac       0x8c build/adc.o
                0x00000000080005ac                MX_ADC3_Init
 .text.MX_ADC4_Init
                0x0000000008000638       0x74 build/adc.o
                0x0000000008000638                MX_ADC4_Init
 .text.HAL_ADC_MspInit
                0x00000000080006ac      0x1e4 build/adc.o
                0x00000000080006ac                HAL_ADC_MspInit
 .text.MX_I2C1_Init
                0x0000000008000890       0x58 build/i2c.o
                0x0000000008000890                MX_I2C1_Init
 .text.HAL_I2C_MspInit
                0x00000000080008e8       0x6c build/i2c.o
                0x00000000080008e8                HAL_I2C_MspInit
 .text.MX_OPAMP4_Init
                0x0000000008000954       0x2c build/opamp.o
                0x0000000008000954                MX_OPAMP4_Init
 .text.HAL_OPAMP_MspInit
                0x0000000008000980       0x7c build/opamp.o
                0x0000000008000980                HAL_OPAMP_MspInit
 .text.MX_SPI3_Init
                0x00000000080009fc       0x44 build/spi.o
                0x00000000080009fc                MX_SPI3_Init
 .text.HAL_SPI_MspInit
                0x0000000008000a40       0x6c build/spi.o
                0x0000000008000a40                HAL_SPI_MspInit
 .text.MX_USART1_UART_Init
                0x0000000008000aac       0x38 build/usart.o
                0x0000000008000aac                MX_USART1_UART_Init
 .text.MX_USART2_UART_Init
                0x0000000008000ae4       0x38 build/usart.o
                0x0000000008000ae4                MX_USART2_UART_Init
 .text.MX_USART3_UART_Init
                0x0000000008000b1c       0x38 build/usart.o
                0x0000000008000b1c                MX_USART3_UART_Init
 .text.HAL_UART_MspInit
                0x0000000008000b54      0x130 build/usart.o
                0x0000000008000b54                HAL_UART_MspInit
 .text.MX_USB_DEVICE_Init
                0x0000000008000c84       0x54 build/usb_device.o
                0x0000000008000c84                MX_USB_DEVICE_Init
 .text.USBD_Get_USB_Status
                0x0000000008000cd8       0x14 build/usbd_conf.o
 .text.HAL_PCD_MspInit
                0x0000000008000cec       0x94 build/usbd_conf.o
                0x0000000008000cec                HAL_PCD_MspInit
 .text.HAL_PCD_SetupStageCallback
                0x0000000008000d80       0x10 build/usbd_conf.o
                0x0000000008000d80                HAL_PCD_SetupStageCallback
 .text.HAL_PCD_DataOutStageCallback
                0x0000000008000d90       0x18 build/usbd_conf.o
                0x0000000008000d90                HAL_PCD_DataOutStageCallback
 .text.HAL_PCD_DataInStageCallback
                0x0000000008000da8       0x16 build/usbd_conf.o
                0x0000000008000da8                HAL_PCD_DataInStageCallback
 .text.HAL_PCD_SOFCallback
                0x0000000008000dbe        0xc build/usbd_conf.o
                0x0000000008000dbe                HAL_PCD_SOFCallback
 .text.HAL_PCD_ResetCallback
                0x0000000008000dca       0x24 build/usbd_conf.o
                0x0000000008000dca                HAL_PCD_ResetCallback
 *fill*         0x0000000008000dee        0x2 
 .text.HAL_PCD_SuspendCallback
                0x0000000008000df0       0x20 build/usbd_conf.o
                0x0000000008000df0                HAL_PCD_SuspendCallback
 .text.HAL_PCD_ResumeCallback
                0x0000000008000e10        0xc build/usbd_conf.o
                0x0000000008000e10                HAL_PCD_ResumeCallback
 .text.USBD_LL_Init
                0x0000000008000e1c       0x58 build/usbd_conf.o
                0x0000000008000e1c                USBD_LL_Init
 .text.USBD_LL_Start
                0x0000000008000e74       0x10 build/usbd_conf.o
                0x0000000008000e74                USBD_LL_Start
 .text.USBD_LL_Stop
                0x0000000008000e84       0x10 build/usbd_conf.o
                0x0000000008000e84                USBD_LL_Stop
 .text.USBD_LL_OpenEP
                0x0000000008000e94       0x16 build/usbd_conf.o
                0x0000000008000e94                USBD_LL_OpenEP
 .text.USBD_LL_StallEP
                0x0000000008000eaa       0x10 build/usbd_conf.o
                0x0000000008000eaa                USBD_LL_StallEP
 .text.USBD_LL_ClearStallEP
                0x0000000008000eba       0x10 build/usbd_conf.o
                0x0000000008000eba                USBD_LL_ClearStallEP
 .text.USBD_LL_IsStallEP
                0x0000000008000eca       0x2e build/usbd_conf.o
                0x0000000008000eca                USBD_LL_IsStallEP
 .text.USBD_LL_SetUSBAddress
                0x0000000008000ef8       0x10 build/usbd_conf.o
                0x0000000008000ef8                USBD_LL_SetUSBAddress
 .text.USBD_LL_Transmit
                0x0000000008000f08       0x10 build/usbd_conf.o
                0x0000000008000f08                USBD_LL_Transmit
 .text.USBD_LL_PrepareReceive
                0x0000000008000f18       0x10 build/usbd_conf.o
                0x0000000008000f18                USBD_LL_PrepareReceive
 .text.USBD_static_malloc
                0x0000000008000f28        0x8 build/usbd_conf.o
                0x0000000008000f28                USBD_static_malloc
 .text.USBD_static_free
                0x0000000008000f30        0x2 build/usbd_conf.o
                0x0000000008000f30                USBD_static_free
 .text.HAL_PCDEx_SetConnectionState
                0x0000000008000f32        0x2 build/usbd_conf.o
                0x0000000008000f32                HAL_PCDEx_SetConnectionState
 .text.USBD_FS_DeviceDescriptor
                0x0000000008000f34        0xc build/usbd_desc.o
                0x0000000008000f34                USBD_FS_DeviceDescriptor
 .text.USBD_FS_LangIDStrDescriptor
                0x0000000008000f40        0xc build/usbd_desc.o
                0x0000000008000f40                USBD_FS_LangIDStrDescriptor
 .text.IntToUnicode
                0x0000000008000f4c       0x36 build/usbd_desc.o
 *fill*         0x0000000008000f82        0x2 
 .text.Get_SerialNum
                0x0000000008000f84       0x34 build/usbd_desc.o
 .text.USBD_FS_SerialStrDescriptor
                0x0000000008000fb8       0x14 build/usbd_desc.o
                0x0000000008000fb8                USBD_FS_SerialStrDescriptor
 .text.USBD_FS_ProductStrDescriptor
                0x0000000008000fcc       0x24 build/usbd_desc.o
                0x0000000008000fcc                USBD_FS_ProductStrDescriptor
 .text.USBD_FS_ManufacturerStrDescriptor
                0x0000000008000ff0       0x1c build/usbd_desc.o
                0x0000000008000ff0                USBD_FS_ManufacturerStrDescriptor
 .text.USBD_FS_ConfigStrDescriptor
                0x000000000800100c       0x24 build/usbd_desc.o
                0x000000000800100c                USBD_FS_ConfigStrDescriptor
 .text.USBD_FS_InterfaceStrDescriptor
                0x0000000008001030       0x24 build/usbd_desc.o
                0x0000000008001030                USBD_FS_InterfaceStrDescriptor
 .text.MEM_If_Init_FS
                0x0000000008001054        0x4 build/usbd_dfu_if.o
 .text.MEM_If_DeInit_FS
                0x0000000008001058        0x4 build/usbd_dfu_if.o
 .text.MEM_If_Erase_FS
                0x000000000800105c        0x4 build/usbd_dfu_if.o
 .text.MEM_If_Write_FS
                0x0000000008001060        0x4 build/usbd_dfu_if.o
 .text.MEM_If_Read_FS
                0x0000000008001064        0x4 build/usbd_dfu_if.o
 .text.MEM_If_GetStatus_FS
                0x0000000008001068        0x4 build/usbd_dfu_if.o
 .text.NMI_Handler
                0x000000000800106c        0x2 build/stm32f3xx_it.o
                0x000000000800106c                NMI_Handler
 .text.HardFault_Handler
                0x000000000800106e        0x2 build/stm32f3xx_it.o
                0x000000000800106e                HardFault_Handler
 .text.MemManage_Handler
                0x0000000008001070        0x2 build/stm32f3xx_it.o
                0x0000000008001070                MemManage_Handler
 .text.BusFault_Handler
                0x0000000008001072        0x2 build/stm32f3xx_it.o
                0x0000000008001072                BusFault_Handler
 .text.UsageFault_Handler
                0x0000000008001074        0x2 build/stm32f3xx_it.o
                0x0000000008001074                UsageFault_Handler
 .text.SVC_Handler
                0x0000000008001076        0x2 build/stm32f3xx_it.o
                0x0000000008001076                SVC_Handler
 .text.DebugMon_Handler
                0x0000000008001078        0x2 build/stm32f3xx_it.o
                0x0000000008001078                DebugMon_Handler
 .text.PendSV_Handler
                0x000000000800107a        0x2 build/stm32f3xx_it.o
                0x000000000800107a                PendSV_Handler
 .text.SysTick_Handler
                0x000000000800107c        0x8 build/stm32f3xx_it.o
                0x000000000800107c                SysTick_Handler
 .text.USB_LP_CAN_RX0_IRQHandler
                0x0000000008001084       0x10 build/stm32f3xx_it.o
                0x0000000008001084                USB_LP_CAN_RX0_IRQHandler
 .text.HAL_MspInit
                0x0000000008001094       0x30 build/stm32f3xx_hal_msp.o
                0x0000000008001094                HAL_MspInit
 .text.HAL_PCD_Init
                0x00000000080010c4       0xa8 build/stm32f3xx_hal_pcd.o
                0x00000000080010c4                HAL_PCD_Init
 .text.HAL_PCD_Start
                0x000000000800116c        0xc build/stm32f3xx_hal_pcd.o
                0x000000000800116c                HAL_PCD_Start
 .text.HAL_PCD_Stop
                0x0000000008001178       0x2c build/stm32f3xx_hal_pcd.o
                0x0000000008001178                HAL_PCD_Stop
 .text.HAL_PCD_SetAddress
                0x00000000080011a4       0x2c build/stm32f3xx_hal_pcd.o
                0x00000000080011a4                HAL_PCD_SetAddress
 .text.HAL_PCD_EP_Open
                0x00000000080011d0      0x3a6 build/stm32f3xx_hal_pcd.o
                0x00000000080011d0                HAL_PCD_EP_Open
 .text.HAL_PCD_EP_Receive
                0x0000000008001576      0x164 build/stm32f3xx_hal_pcd.o
                0x0000000008001576                HAL_PCD_EP_Receive
 .text.HAL_PCD_EP_Transmit
                0x00000000080016da      0x136 build/stm32f3xx_hal_pcd.o
                0x00000000080016da                HAL_PCD_EP_Transmit
 .text.PCD_EP_ISR_Handler
                0x0000000008001810      0x484 build/stm32f3xx_hal_pcd.o
 .text.HAL_PCD_IRQHandler
                0x0000000008001c94      0x118 build/stm32f3xx_hal_pcd.o
                0x0000000008001c94                HAL_PCD_IRQHandler
 .text.HAL_PCD_EP_SetStall
                0x0000000008001dac       0xc0 build/stm32f3xx_hal_pcd.o
                0x0000000008001dac                HAL_PCD_EP_SetStall
 .text.HAL_PCD_EP_ClrStall
                0x0000000008001e6c       0xea build/stm32f3xx_hal_pcd.o
                0x0000000008001e6c                HAL_PCD_EP_ClrStall
 .text.HAL_PCDEx_PMAConfig
                0x0000000008001f56       0x40 build/stm32f3xx_hal_pcd_ex.o
                0x0000000008001f56                HAL_PCDEx_PMAConfig
 .text.PCD_WritePMA
                0x0000000008001f96       0x2c build/stm32f3xx_hal_pcd_ex.o
                0x0000000008001f96                PCD_WritePMA
 .text.PCD_ReadPMA
                0x0000000008001fc2       0x30 build/stm32f3xx_hal_pcd_ex.o
                0x0000000008001fc2                PCD_ReadPMA
 .text.ADC_Disable
                0x0000000008001ff2       0x7e build/stm32f3xx_hal_adc_ex.o
 .text.HAL_ADC_Init
                0x0000000008002070      0x28c build/stm32f3xx_hal_adc_ex.o
                0x0000000008002070                HAL_ADC_Init
 .text.HAL_ADC_ConfigChannel
                0x00000000080022fc      0x3a8 build/stm32f3xx_hal_adc_ex.o
                0x00000000080022fc                HAL_ADC_ConfigChannel
 .text.HAL_ADCEx_MultiModeConfigChannel
                0x00000000080026a4      0x158 build/stm32f3xx_hal_adc_ex.o
                0x00000000080026a4                HAL_ADCEx_MultiModeConfigChannel
 .text.HAL_I2C_Init
                0x00000000080027fc       0xbc build/stm32f3xx_hal_i2c.o
                0x00000000080027fc                HAL_I2C_Init
 .text.HAL_I2CEx_ConfigAnalogFilter
                0x00000000080028b8       0x62 build/stm32f3xx_hal_i2c_ex.o
                0x00000000080028b8                HAL_I2CEx_ConfigAnalogFilter
 .text.HAL_I2CEx_ConfigDigitalFilter
                0x000000000800291a       0x5e build/stm32f3xx_hal_i2c_ex.o
                0x000000000800291a                HAL_I2CEx_ConfigDigitalFilter
 .text.HAL_OPAMP_Init
                0x0000000008002978       0xdc build/stm32f3xx_hal_opamp.o
                0x0000000008002978                HAL_OPAMP_Init
 .text.HAL_SPI_Init
                0x0000000008002a54       0xba build/stm32f3xx_hal_spi.o
                0x0000000008002a54                HAL_SPI_Init
 *fill*         0x0000000008002b0e        0x2 
 .text.UART_SetConfig
                0x0000000008002b10      0x2ac build/stm32f3xx_hal_uart.o
                0x0000000008002b10                UART_SetConfig
 .text.UART_AdvFeatureConfig
                0x0000000008002dbc       0xca build/stm32f3xx_hal_uart.o
                0x0000000008002dbc                UART_AdvFeatureConfig
 .text.UART_WaitOnFlagUntilTimeout
                0x0000000008002e86       0x62 build/stm32f3xx_hal_uart.o
                0x0000000008002e86                UART_WaitOnFlagUntilTimeout
 .text.HAL_UART_Transmit
                0x0000000008002ee8       0xce build/stm32f3xx_hal_uart.o
                0x0000000008002ee8                HAL_UART_Transmit
 .text.HAL_UART_Receive
                0x0000000008002fb6       0xf2 build/stm32f3xx_hal_uart.o
                0x0000000008002fb6                HAL_UART_Receive
 .text.UART_CheckIdleState
                0x00000000080030a8       0x70 build/stm32f3xx_hal_uart.o
                0x00000000080030a8                UART_CheckIdleState
 .text.HAL_UART_Init
                0x0000000008003118       0x66 build/stm32f3xx_hal_uart.o
                0x0000000008003118                HAL_UART_Init
 *fill*         0x000000000800317e        0x2 
 .text.HAL_InitTick
                0x0000000008003180       0x4c build/stm32f3xx_hal.o
                0x0000000008003180                HAL_InitTick
 .text.HAL_Init
                0x00000000080031cc       0x24 build/stm32f3xx_hal.o
                0x00000000080031cc                HAL_Init
 .text.HAL_IncTick
                0x00000000080031f0       0x18 build/stm32f3xx_hal.o
                0x00000000080031f0                HAL_IncTick
 .text.HAL_GetTick
                0x0000000008003208        0xc build/stm32f3xx_hal.o
                0x0000000008003208                HAL_GetTick
 .text.HAL_Delay
                0x0000000008003214       0x28 build/stm32f3xx_hal.o
                0x0000000008003214                HAL_Delay
 .text.HAL_RCC_OscConfig
                0x000000000800323c      0x608 build/stm32f3xx_hal_rcc.o
                0x000000000800323c                HAL_RCC_OscConfig
 .text.HAL_RCC_GetSysClockFreq
                0x0000000008003844       0x70 build/stm32f3xx_hal_rcc.o
                0x0000000008003844                HAL_RCC_GetSysClockFreq
 .text.HAL_RCC_ClockConfig
                0x00000000080038b4      0x1a0 build/stm32f3xx_hal_rcc.o
                0x00000000080038b4                HAL_RCC_ClockConfig
 .text.HAL_RCC_GetHCLKFreq
                0x0000000008003a54        0xc build/stm32f3xx_hal_rcc.o
                0x0000000008003a54                HAL_RCC_GetHCLKFreq
 .text.HAL_RCC_GetPCLK1Freq
                0x0000000008003a60       0x2c build/stm32f3xx_hal_rcc.o
                0x0000000008003a60                HAL_RCC_GetPCLK1Freq
 .text.HAL_RCC_GetPCLK2Freq
                0x0000000008003a8c       0x2c build/stm32f3xx_hal_rcc.o
                0x0000000008003a8c                HAL_RCC_GetPCLK2Freq
 .text.HAL_RCCEx_PeriphCLKConfig
                0x0000000008003ab8      0x260 build/stm32f3xx_hal_rcc_ex.o
                0x0000000008003ab8                HAL_RCCEx_PeriphCLKConfig
 .text.HAL_GPIO_Init
                0x0000000008003d18      0x194 build/stm32f3xx_hal_gpio.o
                0x0000000008003d18                HAL_GPIO_Init
 .text.HAL_GPIO_WritePin
                0x0000000008003eac        0xa build/stm32f3xx_hal_gpio.o
                0x0000000008003eac                HAL_GPIO_WritePin
 .text.HAL_GPIO_TogglePin
                0x0000000008003eb6        0x8 build/stm32f3xx_hal_gpio.o
                0x0000000008003eb6                HAL_GPIO_TogglePin
 *fill*         0x0000000008003ebe        0x2 
 .text.HAL_NVIC_SetPriorityGrouping
                0x0000000008003ec0       0x24 build/stm32f3xx_hal_cortex.o
                0x0000000008003ec0                HAL_NVIC_SetPriorityGrouping
 .text.HAL_NVIC_SetPriority
                0x0000000008003ee4       0x68 build/stm32f3xx_hal_cortex.o
                0x0000000008003ee4                HAL_NVIC_SetPriority
 .text.HAL_NVIC_EnableIRQ
                0x0000000008003f4c       0x18 build/stm32f3xx_hal_cortex.o
                0x0000000008003f4c                HAL_NVIC_EnableIRQ
 .text.HAL_SYSTICK_Config
                0x0000000008003f64       0x2c build/stm32f3xx_hal_cortex.o
                0x0000000008003f64                HAL_SYSTICK_Config
 .text.SystemInit
                0x0000000008003f90       0x68 build/system_stm32f3xx.o
                0x0000000008003f90                SystemInit
 .text.USBD_Init
                0x0000000008003ff8       0x2e build/usbd_core.o
                0x0000000008003ff8                USBD_Init
 .text.USBD_RegisterClass
                0x0000000008004026        0xe build/usbd_core.o
                0x0000000008004026                USBD_RegisterClass
 .text.USBD_Start
                0x0000000008004034        0xa build/usbd_core.o
                0x0000000008004034                USBD_Start
 .text.USBD_Stop
                0x000000000800403e       0x18 build/usbd_core.o
                0x000000000800403e                USBD_Stop
 .text.USBD_SetClassConfig
                0x0000000008004056       0x1c build/usbd_core.o
                0x0000000008004056                USBD_SetClassConfig
 .text.USBD_ClrClassConfig
                0x0000000008004072        0xe build/usbd_core.o
                0x0000000008004072                USBD_ClrClassConfig
 .text.USBD_LL_SetupStage
                0x0000000008004080       0x5c build/usbd_core.o
                0x0000000008004080                USBD_LL_SetupStage
 .text.USBD_LL_DataOutStage
                0x00000000080040dc       0x6c build/usbd_core.o
                0x00000000080040dc                USBD_LL_DataOutStage
 .text.USBD_LL_DataInStage
                0x0000000008004148       0xb2 build/usbd_core.o
                0x0000000008004148                USBD_LL_DataInStage
 .text.USBD_LL_Reset
                0x00000000080041fa       0x3e build/usbd_core.o
                0x00000000080041fa                USBD_LL_Reset
 .text.USBD_LL_SetSpeed
                0x0000000008004238        0x6 build/usbd_core.o
                0x0000000008004238                USBD_LL_SetSpeed
 .text.USBD_LL_Suspend
                0x000000000800423e       0x12 build/usbd_core.o
                0x000000000800423e                USBD_LL_Suspend
 .text.USBD_LL_Resume
                0x0000000008004250        0xc build/usbd_core.o
                0x0000000008004250                USBD_LL_Resume
 .text.USBD_LL_SOF
                0x000000000800425c       0x1c build/usbd_core.o
                0x000000000800425c                USBD_LL_SOF
 .text.USBD_GetLen
                0x0000000008004278       0x12 build/usbd_ctlreq.o
 .text.USBD_SetFeature
                0x000000000800428a       0x20 build/usbd_ctlreq.o
 .text.USBD_ParseSetupRequest
                0x00000000080042aa       0x28 build/usbd_ctlreq.o
                0x00000000080042aa                USBD_ParseSetupRequest
 .text.USBD_CtlError
                0x00000000080042d2       0x14 build/usbd_ctlreq.o
                0x00000000080042d2                USBD_CtlError
 .text.USBD_GetDescriptor
                0x00000000080042e6      0x138 build/usbd_ctlreq.o
 .text.USBD_SetAddress
                0x000000000800441e       0x4a build/usbd_ctlreq.o
 .text.USBD_SetConfig
                0x0000000008004468       0xa4 build/usbd_ctlreq.o
 .text.USBD_GetConfig
                0x000000000800450c       0x3a build/usbd_ctlreq.o
 .text.USBD_GetStatus
                0x0000000008004546       0x2c build/usbd_ctlreq.o
 .text.USBD_ClrFeature
                0x0000000008004572       0x30 build/usbd_ctlreq.o
 .text.USBD_StdDevReq
                0x00000000080045a2       0x48 build/usbd_ctlreq.o
                0x00000000080045a2                USBD_StdDevReq
 .text.USBD_StdItfReq
                0x00000000080045ea       0x36 build/usbd_ctlreq.o
                0x00000000080045ea                USBD_StdItfReq
 .text.USBD_StdEPReq
                0x0000000008004620      0x126 build/usbd_ctlreq.o
                0x0000000008004620                USBD_StdEPReq
 .text.USBD_GetString
                0x0000000008004746       0x38 build/usbd_ctlreq.o
                0x0000000008004746                USBD_GetString
 .text.USBD_CtlSendData
                0x000000000800477e       0x1a build/usbd_ioreq.o
                0x000000000800477e                USBD_CtlSendData
 .text.USBD_CtlContinueSendData
                0x0000000008004798       0x10 build/usbd_ioreq.o
                0x0000000008004798                USBD_CtlContinueSendData
 .text.USBD_CtlPrepareRx
                0x00000000080047a8       0x1e build/usbd_ioreq.o
                0x00000000080047a8                USBD_CtlPrepareRx
 .text.USBD_CtlContinueRx
                0x00000000080047c6       0x10 build/usbd_ioreq.o
                0x00000000080047c6                USBD_CtlContinueRx
 .text.USBD_CtlSendStatus
                0x00000000080047d6       0x16 build/usbd_ioreq.o
                0x00000000080047d6                USBD_CtlSendStatus
 .text.USBD_CtlReceiveStatus
                0x00000000080047ec       0x16 build/usbd_ioreq.o
                0x00000000080047ec                USBD_CtlReceiveStatus
 *fill*         0x0000000008004802        0x2 
 .text.USBD_DFU_GetCfgDesc
                0x0000000008004804        0xc build/usbd_dfu.o
 .text.USBD_DFU_DataIn
                0x0000000008004810        0x4 build/usbd_dfu.o
 .text.USBD_DFU_EP0_RxReady
                0x0000000008004814        0x4 build/usbd_dfu.o
 .text.USBD_DFU_SOF
                0x0000000008004818        0x4 build/usbd_dfu.o
 .text.USBD_DFU_IsoINIncomplete
                0x000000000800481c        0x4 build/usbd_dfu.o
 .text.USBD_DFU_IsoOutIncomplete
                0x0000000008004820        0x4 build/usbd_dfu.o
 .text.USBD_DFU_DataOut
                0x0000000008004824        0x4 build/usbd_dfu.o
 .text.USBD_DFU_GetDeviceQualifierDesc
                0x0000000008004828        0xc build/usbd_dfu.o
 .text.DFU_ClearStatus
                0x0000000008004834       0x52 build/usbd_dfu.o
 .text.DFU_Abort
                0x0000000008004886       0x46 build/usbd_dfu.o
 .text.USBD_DFU_GetUsrStringDesc
                0x00000000080048cc       0x20 build/usbd_dfu.o
 .text.DFU_Leave
                0x00000000080048ec       0x7c build/usbd_dfu.o
 .text.USBD_DFU_EP0_TxReady
                0x0000000008004968       0xf8 build/usbd_dfu.o
 .text.DFU_Upload
                0x0000000008004a60       0xec build/usbd_dfu.o
 .text.DFU_GetStatus
                0x0000000008004b4c       0xe0 build/usbd_dfu.o
 .text.DFU_GetState
                0x0000000008004c2c       0x12 build/usbd_dfu.o
 .text.DFU_Download
                0x0000000008004c3e       0x6c build/usbd_dfu.o
 *fill*         0x0000000008004caa        0x2 
 .text.DFU_Detach
                0x0000000008004cac       0x6c build/usbd_dfu.o
 .text.USBD_DFU_Setup
                0x0000000008004d18       0xc0 build/usbd_dfu.o
 .text.USBD_DFU_DeInit
                0x0000000008004dd8       0x44 build/usbd_dfu.o
 .text.USBD_DFU_Init
                0x0000000008004e1c       0x5e build/usbd_dfu.o
 .text.USBD_DFU_RegisterMedia
                0x0000000008004e7a        0xa build/usbd_dfu.o
                0x0000000008004e7a                USBD_DFU_RegisterMedia
 .text.Reset_Handler
                0x0000000008004e84       0x50 build/startup_stm32f303xc.o
                0x0000000008004e84                Reset_Handler
 .text.Default_Handler
                0x0000000008004ed4        0x2 build/startup_stm32f303xc.o
                0x0000000008004ed4                TIM1_BRK_TIM15_IRQHandler
                0x0000000008004ed4                TIM8_TRG_COM_IRQHandler
                0x0000000008004ed4                TIM8_CC_IRQHandler
                0x0000000008004ed4                TIM1_CC_IRQHandler
                0x0000000008004ed4                USB_HP_IRQHandler
                0x0000000008004ed4                PVD_IRQHandler
                0x0000000008004ed4                TAMP_STAMP_IRQHandler
                0x0000000008004ed4                EXTI3_IRQHandler
                0x0000000008004ed4                USB_HP_CAN_TX_IRQHandler
                0x0000000008004ed4                EXTI0_IRQHandler
                0x0000000008004ed4                I2C2_EV_IRQHandler
                0x0000000008004ed4                FPU_IRQHandler
                0x0000000008004ed4                TIM1_UP_TIM16_IRQHandler
                0x0000000008004ed4                ADC1_2_IRQHandler
                0x0000000008004ed4                SPI1_IRQHandler
                0x0000000008004ed4                CAN_SCE_IRQHandler
                0x0000000008004ed4                TIM6_DAC_IRQHandler
                0x0000000008004ed4                TIM8_UP_IRQHandler
                0x0000000008004ed4                DMA2_Channel2_IRQHandler
                0x0000000008004ed4                DMA1_Channel4_IRQHandler
                0x0000000008004ed4                USART3_IRQHandler
                0x0000000008004ed4                DMA1_Channel7_IRQHandler
                0x0000000008004ed4                UART5_IRQHandler
                0x0000000008004ed4                ADC3_IRQHandler
                0x0000000008004ed4                TIM4_IRQHandler
                0x0000000008004ed4                CAN_RX1_IRQHandler
                0x0000000008004ed4                DMA2_Channel1_IRQHandler
                0x0000000008004ed4                I2C1_EV_IRQHandler
                0x0000000008004ed4                DMA1_Channel6_IRQHandler
                0x0000000008004ed4                UART4_IRQHandler
                0x0000000008004ed4                DMA2_Channel4_IRQHandler
                0x0000000008004ed4                TIM3_IRQHandler
                0x0000000008004ed4                RCC_IRQHandler
                0x0000000008004ed4                DMA1_Channel1_IRQHandler
                0x0000000008004ed4                Default_Handler
                0x0000000008004ed4                USBWakeUp_RMP_IRQHandler
                0x0000000008004ed4                EXTI15_10_IRQHandler
                0x0000000008004ed4                TIM7_IRQHandler
                0x0000000008004ed4                EXTI9_5_IRQHandler
                0x0000000008004ed4                RTC_WKUP_IRQHandler
                0x0000000008004ed4                SPI2_IRQHandler
                0x0000000008004ed4                DMA2_Channel5_IRQHandler
                0x0000000008004ed4                DMA1_Channel5_IRQHandler
                0x0000000008004ed4                USB_LP_IRQHandler
                0x0000000008004ed4                EXTI4_IRQHandler
                0x0000000008004ed4                TIM1_TRG_COM_TIM17_IRQHandler
                0x0000000008004ed4                DMA1_Channel3_IRQHandler
                0x0000000008004ed4                ADC4_IRQHandler
                0x0000000008004ed4                WWDG_IRQHandler
                0x0000000008004ed4                TIM2_IRQHandler
                0x0000000008004ed4                COMP7_IRQHandler
                0x0000000008004ed4                COMP1_2_3_IRQHandler
                0x0000000008004ed4                EXTI1_IRQHandler
                0x0000000008004ed4                USART2_IRQHandler
                0x0000000008004ed4                COMP4_5_6_IRQHandler
                0x0000000008004ed4                I2C2_ER_IRQHandler
                0x0000000008004ed4                DMA1_Channel2_IRQHandler
                0x0000000008004ed4                TIM8_BRK_IRQHandler
                0x0000000008004ed4                FLASH_IRQHandler
                0x0000000008004ed4                USART1_IRQHandler
                0x0000000008004ed4                SPI3_IRQHandler
                0x0000000008004ed4                I2C1_ER_IRQHandler
                0x0000000008004ed4                USBWakeUp_IRQHandler
                0x0000000008004ed4                DMA2_Channel3_IRQHandler
                0x0000000008004ed4                EXTI2_TSC_IRQHandler
                0x0000000008004ed4                RTC_Alarm_IRQHandler
 *fill*         0x0000000008004ed6        0x2 
 .text.__libc_init_array
                0x0000000008004ed8       0x48 /usr/local/opt/gcc-arm-none-eabi-8-2019-q3-update/bin/../lib/gcc/arm-none-eabi/8.3.1/../../../../arm-none-eabi/lib/thumb/v7e-m+fp/hard/libc_nano.a(lib_a-init.o)
                0x0000000008004ed8                __libc_init_array
 .text.memset   0x0000000008004f20       0x10 /usr/local/opt/gcc-arm-none-eabi-8-2019-q3-update/bin/../lib/gcc/arm-none-eabi/8.3.1/../../../../arm-none-eabi/lib/thumb/v7e-m+fp/hard/libc_nano.a(lib_a-memset.o)
                0x0000000008004f20                memset
 *(.glue_7)
 .glue_7        0x0000000008004f30        0x0 linker stubs
 *(.glue_7t)
 .glue_7t       0x0000000008004f30        0x0 linker stubs
 *(.eh_frame)
 .eh_frame      0x0000000008004f30        0x0 /usr/local/opt/gcc-arm-none-eabi-8-2019-q3-update/bin/../lib/gcc/arm-none-eabi/8.3.1/thumb/v7e-m+fp/hard/crtbegin.o
 *(.init)
 .init          0x0000000008004f30        0x4 /usr/local/opt/gcc-arm-none-eabi-8-2019-q3-update/bin/../lib/gcc/arm-none-eabi/8.3.1/thumb/v7e-m+fp/hard/crti.o
                0x0000000008004f30                _init
 .init          0x0000000008004f34        0x8 /usr/local/opt/gcc-arm-none-eabi-8-2019-q3-update/bin/../lib/gcc/arm-none-eabi/8.3.1/thumb/v7e-m+fp/hard/crtn.o
 *(.fini)
 .fini          0x0000000008004f3c        0x4 /usr/local/opt/gcc-arm-none-eabi-8-2019-q3-update/bin/../lib/gcc/arm-none-eabi/8.3.1/thumb/v7e-m+fp/hard/crti.o
                0x0000000008004f3c                _fini
 .fini          0x0000000008004f40        0x8 /usr/local/opt/gcc-arm-none-eabi-8-2019-q3-update/bin/../lib/gcc/arm-none-eabi/8.3.1/thumb/v7e-m+fp/hard/crtn.o
                0x0000000008004f48                . = ALIGN (0x4)
                0x0000000008004f48                _etext = .

.vfp11_veneer   0x0000000008004f48        0x0
 .vfp11_veneer  0x0000000008004f48        0x0 linker stubs

.v4_bx          0x0000000008004f48        0x0
 .v4_bx         0x0000000008004f48        0x0 linker stubs

.iplt           0x0000000008004f48        0x0
 .iplt          0x0000000008004f48        0x0 /usr/local/opt/gcc-arm-none-eabi-8-2019-q3-update/bin/../lib/gcc/arm-none-eabi/8.3.1/thumb/v7e-m+fp/hard/crtbegin.o

.rodata         0x0000000008004f48       0xe8
                0x0000000008004f48                . = ALIGN (0x4)
 *(.rodata)
 *(.rodata*)
 .rodata.USBD_FS_ConfigStrDescriptor.str1.4
                0x0000000008004f48        0xb build/usbd_desc.o
 *fill*         0x0000000008004f53        0x1 
 .rodata.USBD_FS_InterfaceStrDescriptor.str1.4
                0x0000000008004f54        0xe build/usbd_desc.o
 *fill*         0x0000000008004f62        0x2 
 .rodata.USBD_FS_ManufacturerStrDescriptor.str1.4
                0x0000000008004f64       0x13 build/usbd_desc.o
 *fill*         0x0000000008004f77        0x1 
 .rodata.USBD_FS_ProductStrDescriptor.str1.4
                0x0000000008004f78       0x1f build/usbd_desc.o
 *fill*         0x0000000008004f97        0x1 
 .rodata.str1.4
                0x0000000008004f98       0x60 build/usbd_dfu_if.o
                                         0x5d (size before relaxing)
 .rodata.aPLLMULFactorTable
                0x0000000008004ff8       0x10 build/stm32f3xx_hal_rcc.o
                0x0000000008004ff8                aPLLMULFactorTable
 .rodata.aPredivFactorTable
                0x0000000008005008       0x10 build/stm32f3xx_hal_rcc.o
                0x0000000008005008                aPredivFactorTable
 .rodata.AHBPrescTable
                0x0000000008005018       0x10 build/system_stm32f3xx.o
                0x0000000008005018                AHBPrescTable
 .rodata.APBPrescTable
                0x0000000008005028        0x8 build/system_stm32f3xx.o
                0x0000000008005028                APBPrescTable
                0x0000000008005030                . = ALIGN (0x4)

.rel.dyn        0x0000000008005030        0x0
 .rel.iplt      0x0000000008005030        0x0 /usr/local/opt/gcc-arm-none-eabi-8-2019-q3-update/bin/../lib/gcc/arm-none-eabi/8.3.1/thumb/v7e-m+fp/hard/crtbegin.o

.ARM.extab
 *(.ARM.extab* .gnu.linkonce.armextab.*)

.ARM            0x0000000008005030        0x0
                0x0000000008005030                __exidx_start = .
 *(.ARM.exidx*)
                0x0000000008005030                __exidx_end = .

.preinit_array  0x0000000008005030        0x0
                0x0000000008005030                PROVIDE (__preinit_array_start = .)
 *(.preinit_array*)
                0x0000000008005030                PROVIDE (__preinit_array_end = .)

.init_array     0x0000000008005030        0x4
                0x0000000008005030                PROVIDE (__init_array_start = .)
 *(SORT_BY_NAME(.init_array.*))
 *(.init_array*)
 .init_array    0x0000000008005030        0x4 /usr/local/opt/gcc-arm-none-eabi-8-2019-q3-update/bin/../lib/gcc/arm-none-eabi/8.3.1/thumb/v7e-m+fp/hard/crtbegin.o
                0x0000000008005034                PROVIDE (__init_array_end = .)

.fini_array     0x0000000008005034        0x4
                [!provide]                        PROVIDE (__fini_array_start = .)
 *(SORT_BY_NAME(.fini_array.*))
 *(.fini_array*)
 .fini_array    0x0000000008005034        0x4 /usr/local/opt/gcc-arm-none-eabi-8-2019-q3-update/bin/../lib/gcc/arm-none-eabi/8.3.1/thumb/v7e-m+fp/hard/crtbegin.o
                [!provide]                        PROVIDE (__fini_array_end = .)
                0x0000000008005038                _sidata = LOADADDR (.data)

.data           0x0000000020000000       0xdc load address 0x0000000008005038
                0x0000000020000000                . = ALIGN (0x4)
                0x0000000020000000                _sdata = .
 *(.data)
 *(.data*)
 .data.FS_Desc  0x0000000020000000       0x1c build/usbd_desc.o
                0x0000000020000000                FS_Desc
 .data.USBD_FS_DeviceDesc
                0x000000002000001c       0x12 build/usbd_desc.o
                0x000000002000001c                USBD_FS_DeviceDesc
 *fill*         0x000000002000002e        0x2 
 .data.USBD_LangIDDesc
                0x0000000020000030        0x4 build/usbd_desc.o
                0x0000000020000030                USBD_LangIDDesc
 .data.USBD_StringSerial
                0x0000000020000034       0x1a build/usbd_desc.o
                0x0000000020000034                USBD_StringSerial
 *fill*         0x000000002000004e        0x2 
 .data.USBD_DFU_fops_FS
                0x0000000020000050       0x1c build/usbd_dfu_if.o
                0x0000000020000050                USBD_DFU_fops_FS
 .data.uwTickFreq
                0x000000002000006c        0x1 build/stm32f3xx_hal.o
                0x000000002000006c                uwTickFreq
 *fill*         0x000000002000006d        0x3 
 .data.uwTickPrio
                0x0000000020000070        0x4 build/stm32f3xx_hal.o
                0x0000000020000070                uwTickPrio
 .data.SystemCoreClock
                0x0000000020000074        0x4 build/system_stm32f3xx.o
                0x0000000020000074                SystemCoreClock
 .data.USBD_DFU
                0x0000000020000078       0x3c build/usbd_dfu.o
                0x0000000020000078                USBD_DFU
 .data.USBD_DFU_CfgDesc
                0x00000000200000b4       0x1b build/usbd_dfu.o
 *fill*         0x00000000200000cf        0x1 
 .data.USBD_DFU_DeviceQualifierDesc
                0x00000000200000d0        0xa build/usbd_dfu.o
                0x00000000200000dc                . = ALIGN (0x4)
 *fill*         0x00000000200000da        0x2 
                0x00000000200000dc                _edata = .
                0x0000000008005114                _siccmram = LOADADDR (.ccmram)

.igot.plt       0x00000000200000dc        0x0 load address 0x0000000008005114
 .igot.plt      0x00000000200000dc        0x0 /usr/local/opt/gcc-arm-none-eabi-8-2019-q3-update/bin/../lib/gcc/arm-none-eabi/8.3.1/thumb/v7e-m+fp/hard/crtbegin.o

.ccmram         0x0000000010000000        0x0 load address 0x0000000008005114
                0x0000000010000000                . = ALIGN (0x4)
                0x0000000010000000                _sccmram = .
 *(.ccmram)
 *(.ccmram*)
                0x0000000010000000                . = ALIGN (0x4)
                0x0000000010000000                _eccmram = .
                0x0000000010000000                . = ALIGN (0x4)

.bss            0x00000000200000dc     0x1098
                0x00000000200000dc                _sbss = .
                0x00000000200000dc                __bss_start__ = _sbss
 *(.bss)
 .bss           0x00000000200000dc       0x1c /usr/local/opt/gcc-arm-none-eabi-8-2019-q3-update/bin/../lib/gcc/arm-none-eabi/8.3.1/thumb/v7e-m+fp/hard/crtbegin.o
 *(.bss*)
 .bss.HAL_RCC_ADC12_CLK_ENABLED
                0x00000000200000f8        0x4 build/adc.o
 .bss.HAL_RCC_ADC34_CLK_ENABLED
                0x00000000200000fc        0x4 build/adc.o
 .bss.mem.10295
                0x0000000020000100      0x41c build/usbd_conf.o
 .bss.cfgidx.10206
                0x000000002000051c        0x1 build/usbd_ctlreq.o
 *fill*         0x000000002000051d        0x3 
 .bss.USBD_StrDesc.10288
                0x0000000020000520       0xff build/usbd_dfu.o
 *(COMMON)
 *fill*         0x000000002000061f        0x1 
 COMMON         0x0000000020000620      0x150 build/adc.o
                0x0000000020000620                hadc2
                0x0000000020000674                hadc1
                0x00000000200006c8                hadc3
                0x000000002000071c                hadc4
 COMMON         0x0000000020000770       0x4c build/i2c.o
                0x0000000020000770                hi2c1
 COMMON         0x00000000200007bc       0x34 build/opamp.o
                0x00000000200007bc                hopamp4
 COMMON         0x00000000200007f0       0x64 build/spi.o
                0x00000000200007f0                hspi3
 COMMON         0x0000000020000854      0x150 build/usart.o
                0x0000000020000854                huart3
                0x00000000200008c4                huart1
                0x0000000020000934                huart2
 COMMON         0x00000000200009a4      0x224 build/usb_device.o
                0x00000000200009a4                hUsbDeviceFS
 COMMON         0x0000000020000bc8      0x3a8 build/usbd_conf.o
                0x0000000020000bc8                hpcd_USB_FS
 COMMON         0x0000000020000f70      0x200 build/usbd_desc.o
                0x0000000020000f70                USBD_StrDesc
 COMMON         0x0000000020001170        0x4 build/stm32f3xx_hal.o
                0x0000000020001170                uwTick
                0x0000000020001174                . = ALIGN (0x4)
                0x0000000020001174                _ebss = .
                0x0000000020001174                __bss_end__ = _ebss

._user_heap_stack
                0x0000000020001174      0x604
                0x0000000020001178                . = ALIGN (0x8)
 *fill*         0x0000000020001174        0x4 
                [!provide]                        PROVIDE (end = .)
                [!provide]                        PROVIDE (_end = .)
                0x0000000020001378                . = (. + _Min_Heap_Size)
 *fill*         0x0000000020001178      0x200 
                0x0000000020001778                . = (. + _Min_Stack_Size)
 *fill*         0x0000000020001378      0x400 
                0x0000000020001778                . = ALIGN (0x8)

/DISCARD/
 libc.a(*)
 libm.a(*)
 libgcc.a(*)

.ARM.attributes
                0x0000000000000000       0x30
 *(.ARM.attributes)
 .ARM.attributes
                0x0000000000000000       0x1e /usr/local/opt/gcc-arm-none-eabi-8-2019-q3-update/bin/../lib/gcc/arm-none-eabi/8.3.1/thumb/v7e-m+fp/hard/crti.o
 .ARM.attributes
                0x000000000000001e       0x34 /usr/local/opt/gcc-arm-none-eabi-8-2019-q3-update/bin/../lib/gcc/arm-none-eabi/8.3.1/thumb/v7e-m+fp/hard/crtbegin.o
 .ARM.attributes
                0x0000000000000052       0x34 build/main.o
 .ARM.attributes
                0x0000000000000086       0x34 build/gpio.o
 .ARM.attributes
                0x00000000000000ba       0x34 build/adc.o
 .ARM.attributes
                0x00000000000000ee       0x34 build/i2c.o
 .ARM.attributes
                0x0000000000000122       0x34 build/opamp.o
 .ARM.attributes
                0x0000000000000156       0x34 build/spi.o
 .ARM.attributes
                0x000000000000018a       0x34 build/usart.o
 .ARM.attributes
                0x00000000000001be       0x34 build/usb_device.o
 .ARM.attributes
                0x00000000000001f2       0x34 build/usbd_conf.o
 .ARM.attributes
                0x0000000000000226       0x34 build/usbd_desc.o
 .ARM.attributes
                0x000000000000025a       0x34 build/usbd_dfu_if.o
 .ARM.attributes
                0x000000000000028e       0x34 build/stm32f3xx_it.o
 .ARM.attributes
                0x00000000000002c2       0x34 build/stm32f3xx_hal_msp.o
 .ARM.attributes
                0x00000000000002f6       0x34 build/stm32f3xx_hal_pcd.o
 .ARM.attributes
                0x000000000000032a       0x34 build/stm32f3xx_hal_pcd_ex.o
 .ARM.attributes
                0x000000000000035e       0x34 build/stm32f3xx_hal_adc_ex.o
 .ARM.attributes
                0x0000000000000392       0x34 build/stm32f3xx_hal_i2c.o
 .ARM.attributes
                0x00000000000003c6       0x34 build/stm32f3xx_hal_i2c_ex.o
 .ARM.attributes
                0x00000000000003fa       0x34 build/stm32f3xx_hal_opamp.o
 .ARM.attributes
                0x000000000000042e       0x34 build/stm32f3xx_hal_spi.o
 .ARM.attributes
                0x0000000000000462       0x34 build/stm32f3xx_hal_uart.o
 .ARM.attributes
                0x0000000000000496       0x34 build/stm32f3xx_hal.o
 .ARM.attributes
                0x00000000000004ca       0x34 build/stm32f3xx_hal_rcc.o
 .ARM.attributes
                0x00000000000004fe       0x34 build/stm32f3xx_hal_rcc_ex.o
 .ARM.attributes
                0x0000000000000532       0x34 build/stm32f3xx_hal_gpio.o
 .ARM.attributes
                0x0000000000000566       0x34 build/stm32f3xx_hal_cortex.o
 .ARM.attributes
                0x000000000000059a       0x34 build/system_stm32f3xx.o
 .ARM.attributes
                0x00000000000005ce       0x34 build/usbd_core.o
 .ARM.attributes
                0x0000000000000602       0x34 build/usbd_ctlreq.o
 .ARM.attributes
                0x0000000000000636       0x34 build/usbd_ioreq.o
 .ARM.attributes
                0x000000000000066a       0x34 build/usbd_dfu.o
 .ARM.attributes
                0x000000000000069e       0x21 build/startup_stm32f303xc.o
 .ARM.attributes
                0x00000000000006bf       0x34 /usr/local/opt/gcc-arm-none-eabi-8-2019-q3-update/bin/../lib/gcc/arm-none-eabi/8.3.1/../../../../arm-none-eabi/lib/thumb/v7e-m+fp/hard/libc_nano.a(lib_a-init.o)
 .ARM.attributes
                0x00000000000006f3       0x34 /usr/local/opt/gcc-arm-none-eabi-8-2019-q3-update/bin/../lib/gcc/arm-none-eabi/8.3.1/../../../../arm-none-eabi/lib/thumb/v7e-m+fp/hard/libc_nano.a(lib_a-memset.o)
 .ARM.attributes
                0x0000000000000727       0x1e /usr/local/opt/gcc-arm-none-eabi-8-2019-q3-update/bin/../lib/gcc/arm-none-eabi/8.3.1/thumb/v7e-m+fp/hard/crtn.o
OUTPUT(build/cube_emonSTM32_db.elf elf32-littlearm)

.debug_info     0x0000000000000000    0x31bfd
 .debug_info    0x0000000000000000     0x24bc build/main.o
 .debug_info    0x00000000000024bc      0xfe6 build/gpio.o
 .debug_info    0x00000000000034a2     0x1afa build/adc.o
 .debug_info    0x0000000000004f9c     0x14d0 build/i2c.o
 .debug_info    0x000000000000646c     0x10d2 build/opamp.o
 .debug_info    0x000000000000753e     0x14bb build/spi.o
 .debug_info    0x00000000000089f9     0x1749 build/usart.o
 .debug_info    0x000000000000a142     0x1218 build/usb_device.o
 .debug_info    0x000000000000b35a     0x2978 build/usbd_conf.o
 .debug_info    0x000000000000dcd2     0x10a2 build/usbd_desc.o
 .debug_info    0x000000000000ed74     0x127a build/usbd_dfu_if.o
 .debug_info    0x000000000000ffee     0x10c0 build/stm32f3xx_it.o
 .debug_info    0x00000000000110ae      0xc48 build/stm32f3xx_hal_msp.o
 .debug_info    0x0000000000011cf6     0x1eb0 build/stm32f3xx_hal_pcd.o
 .debug_info    0x0000000000013ba6     0x1220 build/stm32f3xx_hal_pcd_ex.o
 .debug_info    0x0000000000014dc6     0x296b build/stm32f3xx_hal_adc_ex.o
 .debug_info    0x0000000000017731     0x4257 build/stm32f3xx_hal_i2c.o
 .debug_info    0x000000000001b988     0x13cd build/stm32f3xx_hal_i2c_ex.o
 .debug_info    0x000000000001cd55     0x11bc build/stm32f3xx_hal_opamp.o
 .debug_info    0x000000000001df11     0x2c03 build/stm32f3xx_hal_spi.o
 .debug_info    0x0000000000020b14     0x2826 build/stm32f3xx_hal_uart.o
 .debug_info    0x000000000002333a     0x132e build/stm32f3xx_hal.o
 .debug_info    0x0000000000024668     0x2306 build/stm32f3xx_hal_rcc.o
 .debug_info    0x000000000002696e     0x12a0 build/stm32f3xx_hal_rcc_ex.o
 .debug_info    0x0000000000027c0e     0x11ca build/stm32f3xx_hal_gpio.o
 .debug_info    0x0000000000028dd8     0x1b1d build/stm32f3xx_hal_cortex.o
 .debug_info    0x000000000002a8f5      0xe8b build/system_stm32f3xx.o
 .debug_info    0x000000000002b780     0x1898 build/usbd_core.o
 .debug_info    0x000000000002d018     0x1a40 build/usbd_ctlreq.o
 .debug_info    0x000000000002ea58     0x130e build/usbd_ioreq.o
 .debug_info    0x000000000002fd66     0x1e75 build/usbd_dfu.o
 .debug_info    0x0000000000031bdb       0x22 build/startup_stm32f303xc.o

.debug_abbrev   0x0000000000000000     0x5c65
 .debug_abbrev  0x0000000000000000      0x2f2 build/main.o
 .debug_abbrev  0x00000000000002f2      0x239 build/gpio.o
 .debug_abbrev  0x000000000000052b      0x2bc build/adc.o
 .debug_abbrev  0x00000000000007e7      0x27b build/i2c.o
 .debug_abbrev  0x0000000000000a62      0x27b build/opamp.o
 .debug_abbrev  0x0000000000000cdd      0x299 build/spi.o
 .debug_abbrev  0x0000000000000f76      0x2b6 build/usart.o
 .debug_abbrev  0x000000000000122c      0x228 build/usb_device.o
 .debug_abbrev  0x0000000000001454      0x39c build/usbd_conf.o
 .debug_abbrev  0x00000000000017f0      0x320 build/usbd_desc.o
 .debug_abbrev  0x0000000000001b10      0x23c build/usbd_dfu_if.o
 .debug_abbrev  0x0000000000001d4c      0x22d build/stm32f3xx_it.o
 .debug_abbrev  0x0000000000001f79      0x208 build/stm32f3xx_hal_msp.o
 .debug_abbrev  0x0000000000002181      0x3ed build/stm32f3xx_hal_pcd.o
 .debug_abbrev  0x000000000000256e      0x28c build/stm32f3xx_hal_pcd_ex.o
 .debug_abbrev  0x00000000000027fa      0x39f build/stm32f3xx_hal_adc_ex.o
 .debug_abbrev  0x0000000000002b99      0x376 build/stm32f3xx_hal_i2c.o
 .debug_abbrev  0x0000000000002f0f      0x2a4 build/stm32f3xx_hal_i2c_ex.o
 .debug_abbrev  0x00000000000031b3      0x2fa build/stm32f3xx_hal_opamp.o
 .debug_abbrev  0x00000000000034ad      0x342 build/stm32f3xx_hal_spi.o
 .debug_abbrev  0x00000000000037ef      0x358 build/stm32f3xx_hal_uart.o
 .debug_abbrev  0x0000000000003b47      0x308 build/stm32f3xx_hal.o
 .debug_abbrev  0x0000000000003e4f      0x3eb build/stm32f3xx_hal_rcc.o
 .debug_abbrev  0x000000000000423a      0x385 build/stm32f3xx_hal_rcc_ex.o
 .debug_abbrev  0x00000000000045bf      0x30a build/stm32f3xx_hal_gpio.o
 .debug_abbrev  0x00000000000048c9      0x444 build/stm32f3xx_hal_cortex.o
 .debug_abbrev  0x0000000000004d0d      0x236 build/system_stm32f3xx.o
 .debug_abbrev  0x0000000000004f43      0x334 build/usbd_core.o
 .debug_abbrev  0x0000000000005277      0x387 build/usbd_ctlreq.o
 .debug_abbrev  0x00000000000055fe      0x229 build/usbd_ioreq.o
 .debug_abbrev  0x0000000000005827      0x42c build/usbd_dfu.o
 .debug_abbrev  0x0000000000005c53       0x12 build/startup_stm32f303xc.o

.debug_loc      0x0000000000000000    0x14b99
 .debug_loc     0x0000000000000000       0xdf build/main.o
 .debug_loc     0x00000000000000df       0x39 build/gpio.o
 .debug_loc     0x0000000000000118      0x241 build/adc.o
 .debug_loc     0x0000000000000359      0x108 build/i2c.o
 .debug_loc     0x0000000000000461      0x108 build/opamp.o
 .debug_loc     0x0000000000000569      0x163 build/spi.o
 .debug_loc     0x00000000000006cc      0x210 build/usart.o
 .debug_loc     0x00000000000008dc       0x20 build/usb_device.o
 .debug_loc     0x00000000000008fc      0xf25 build/usbd_conf.o
 .debug_loc     0x0000000000001821      0x47b build/usbd_desc.o
 .debug_loc     0x0000000000001c9c       0x94 build/usbd_dfu_if.o
 .debug_loc     0x0000000000001d30       0x40 build/stm32f3xx_it.o
 .debug_loc     0x0000000000001d70       0x2c build/stm32f3xx_hal_msp.o
 .debug_loc     0x0000000000001d9c     0x1239 build/stm32f3xx_hal_pcd.o
 .debug_loc     0x0000000000002fd5      0x465 build/stm32f3xx_hal_pcd_ex.o
 .debug_loc     0x000000000000343a     0x26ab build/stm32f3xx_hal_adc_ex.o
 .debug_loc     0x0000000000005ae5     0x4ca5 build/stm32f3xx_hal_i2c.o
 .debug_loc     0x000000000000a78a      0x2a7 build/stm32f3xx_hal_i2c_ex.o
 .debug_loc     0x000000000000aa31      0x871 build/stm32f3xx_hal_opamp.o
 .debug_loc     0x000000000000b2a2     0x2749 build/stm32f3xx_hal_spi.o
 .debug_loc     0x000000000000d9eb     0x1f1c build/stm32f3xx_hal_uart.o
 .debug_loc     0x000000000000f907      0x1cc build/stm32f3xx_hal.o
 .debug_loc     0x000000000000fad3      0xf1f build/stm32f3xx_hal_rcc.o
 .debug_loc     0x00000000000109f2      0xabe build/stm32f3xx_hal_rcc_ex.o
 .debug_loc     0x00000000000114b0      0x4c3 build/stm32f3xx_hal_gpio.o
 .debug_loc     0x0000000000011973      0x790 build/stm32f3xx_hal_cortex.o
 .debug_loc     0x0000000000012103      0x123 build/system_stm32f3xx.o
 .debug_loc     0x0000000000012226      0x9e0 build/usbd_core.o
 .debug_loc     0x0000000000012c06      0xe1f build/usbd_ctlreq.o
 .debug_loc     0x0000000000013a25      0x364 build/usbd_ioreq.o
 .debug_loc     0x0000000000013d89      0xe10 build/usbd_dfu.o

.debug_aranges  0x0000000000000000     0x12c0
 .debug_aranges
                0x0000000000000000       0x30 build/main.o
 .debug_aranges
                0x0000000000000030       0x20 build/gpio.o
 .debug_aranges
                0x0000000000000050       0x48 build/adc.o
 .debug_aranges
                0x0000000000000098       0x30 build/i2c.o
 .debug_aranges
                0x00000000000000c8       0x30 build/opamp.o
 .debug_aranges
                0x00000000000000f8       0x38 build/spi.o
 .debug_aranges
                0x0000000000000130       0x48 build/usart.o
 .debug_aranges
                0x0000000000000178       0x20 build/usb_device.o
 .debug_aranges
                0x0000000000000198      0x118 build/usbd_conf.o
 .debug_aranges
                0x00000000000002b0       0x60 build/usbd_desc.o
 .debug_aranges
                0x0000000000000310       0x48 build/usbd_dfu_if.o
 .debug_aranges
                0x0000000000000358       0x68 build/stm32f3xx_it.o
 .debug_aranges
                0x00000000000003c0       0x20 build/stm32f3xx_hal_msp.o
 .debug_aranges
                0x00000000000003e0      0x120 build/stm32f3xx_hal_pcd.o
 .debug_aranges
                0x0000000000000500       0x38 build/stm32f3xx_hal_pcd_ex.o
 .debug_aranges
                0x0000000000000538      0x168 build/stm32f3xx_hal_adc_ex.o
 .debug_aranges
                0x00000000000006a0      0x260 build/stm32f3xx_hal_i2c.o
 .debug_aranges
                0x0000000000000900       0x48 build/stm32f3xx_hal_i2c_ex.o
 .debug_aranges
                0x0000000000000948       0x68 build/stm32f3xx_hal_opamp.o
 .debug_aranges
                0x00000000000009b0      0x1d8 build/stm32f3xx_hal_spi.o
 .debug_aranges
                0x0000000000000b88      0x1f0 build/stm32f3xx_hal_uart.o
 .debug_aranges
                0x0000000000000d78       0xe0 build/stm32f3xx_hal.o
 .debug_aranges
                0x0000000000000e58       0x88 build/stm32f3xx_hal_rcc.o
 .debug_aranges
                0x0000000000000ee0       0x38 build/stm32f3xx_hal_rcc_ex.o
 .debug_aranges
                0x0000000000000f18       0x58 build/stm32f3xx_hal_gpio.o
 .debug_aranges
                0x0000000000000f70       0xa8 build/stm32f3xx_hal_cortex.o
 .debug_aranges
                0x0000000000001018       0x28 build/system_stm32f3xx.o
 .debug_aranges
                0x0000000000001040       0xb8 build/usbd_core.o
 .debug_aranges
                0x00000000000010f8       0x88 build/usbd_ctlreq.o
 .debug_aranges
                0x0000000000001180       0x50 build/usbd_ioreq.o
 .debug_aranges
                0x00000000000011d0       0xc8 build/usbd_dfu.o
 .debug_aranges
                0x0000000000001298       0x28 build/startup_stm32f303xc.o

.debug_ranges   0x0000000000000000     0x11f0
 .debug_ranges  0x0000000000000000       0x38 build/main.o
 .debug_ranges  0x0000000000000038       0x10 build/gpio.o
 .debug_ranges  0x0000000000000048       0x38 build/adc.o
 .debug_ranges  0x0000000000000080       0x20 build/i2c.o
 .debug_ranges  0x00000000000000a0       0x20 build/opamp.o
 .debug_ranges  0x00000000000000c0       0x28 build/spi.o
 .debug_ranges  0x00000000000000e8       0x38 build/usart.o
 .debug_ranges  0x0000000000000120       0x10 build/usb_device.o
 .debug_ranges  0x0000000000000130      0x108 build/usbd_conf.o
 .debug_ranges  0x0000000000000238       0x50 build/usbd_desc.o
 .debug_ranges  0x0000000000000288       0x38 build/usbd_dfu_if.o
 .debug_ranges  0x00000000000002c0       0x58 build/stm32f3xx_it.o
 .debug_ranges  0x0000000000000318       0x10 build/stm32f3xx_hal_msp.o
 .debug_ranges  0x0000000000000328      0x1a0 build/stm32f3xx_hal_pcd.o
 .debug_ranges  0x00000000000004c8       0x28 build/stm32f3xx_hal_pcd_ex.o
 .debug_ranges  0x00000000000004f0      0x158 build/stm32f3xx_hal_adc_ex.o
 .debug_ranges  0x0000000000000648      0x250 build/stm32f3xx_hal_i2c.o
 .debug_ranges  0x0000000000000898       0x38 build/stm32f3xx_hal_i2c_ex.o
 .debug_ranges  0x00000000000008d0       0x58 build/stm32f3xx_hal_opamp.o
 .debug_ranges  0x0000000000000928      0x1c8 build/stm32f3xx_hal_spi.o
 .debug_ranges  0x0000000000000af0      0x1e0 build/stm32f3xx_hal_uart.o
 .debug_ranges  0x0000000000000cd0       0xd0 build/stm32f3xx_hal.o
 .debug_ranges  0x0000000000000da0       0x98 build/stm32f3xx_hal_rcc.o
 .debug_ranges  0x0000000000000e38       0x40 build/stm32f3xx_hal_rcc_ex.o
 .debug_ranges  0x0000000000000e78       0x48 build/stm32f3xx_hal_gpio.o
 .debug_ranges  0x0000000000000ec0       0xe0 build/stm32f3xx_hal_cortex.o
 .debug_ranges  0x0000000000000fa0       0x18 build/system_stm32f3xx.o
 .debug_ranges  0x0000000000000fb8       0xa8 build/usbd_core.o
 .debug_ranges  0x0000000000001060       0x78 build/usbd_ctlreq.o
 .debug_ranges  0x00000000000010d8       0x40 build/usbd_ioreq.o
 .debug_ranges  0x0000000000001118       0xb8 build/usbd_dfu.o
 .debug_ranges  0x00000000000011d0       0x20 build/startup_stm32f303xc.o

.debug_line     0x0000000000000000    0x15fc6
 .debug_line    0x0000000000000000      0x520 build/main.o
 .debug_line    0x0000000000000520      0x3c0 build/gpio.o
 .debug_line    0x00000000000008e0      0x8a1 build/adc.o
 .debug_line    0x0000000000001181      0x3c3 build/i2c.o
 .debug_line    0x0000000000001544      0x362 build/opamp.o
 .debug_line    0x00000000000018a6      0x3c7 build/spi.o
 .debug_line    0x0000000000001c6d      0x57a build/usart.o
 .debug_line    0x00000000000021e7      0x36a build/usb_device.o
 .debug_line    0x0000000000002551      0x91d build/usbd_conf.o
 .debug_line    0x0000000000002e6e      0x4ac build/usbd_desc.o
 .debug_line    0x000000000000331a      0x393 build/usbd_dfu_if.o
 .debug_line    0x00000000000036ad      0x340 build/stm32f3xx_it.o
 .debug_line    0x00000000000039ed      0x243 build/stm32f3xx_hal_msp.o
 .debug_line    0x0000000000003c30     0x1175 build/stm32f3xx_hal_pcd.o
 .debug_line    0x0000000000004da5      0x43b build/stm32f3xx_hal_pcd_ex.o
 .debug_line    0x00000000000051e0     0x2962 build/stm32f3xx_hal_adc_ex.o
 .debug_line    0x0000000000007b42     0x3a2b build/stm32f3xx_hal_i2c.o
 .debug_line    0x000000000000b56d      0x581 build/stm32f3xx_hal_i2c_ex.o
 .debug_line    0x000000000000baee      0x749 build/stm32f3xx_hal_opamp.o
 .debug_line    0x000000000000c237     0x26e3 build/stm32f3xx_hal_spi.o
 .debug_line    0x000000000000e91a     0x1d42 build/stm32f3xx_hal_uart.o
 .debug_line    0x000000000001065c      0x581 build/stm32f3xx_hal.o
 .debug_line    0x0000000000010bdd     0x11a3 build/stm32f3xx_hal_rcc.o
 .debug_line    0x0000000000011d80      0xb78 build/stm32f3xx_hal_rcc_ex.o
 .debug_line    0x00000000000128f8      0x748 build/stm32f3xx_hal_gpio.o
 .debug_line    0x0000000000013040      0x77a build/stm32f3xx_hal_cortex.o
 .debug_line    0x00000000000137ba      0x333 build/system_stm32f3xx.o
 .debug_line    0x0000000000013aed      0x7cf build/usbd_core.o
 .debug_line    0x00000000000142bc      0x9c0 build/usbd_ctlreq.o
 .debug_line    0x0000000000014c7c      0x3f5 build/usbd_ioreq.o
 .debug_line    0x0000000000015071      0xee1 build/usbd_dfu.o
 .debug_line    0x0000000000015f52       0x74 build/startup_stm32f303xc.o

.debug_str      0x0000000000000000     0x5908
 .debug_str     0x0000000000000000     0x1678 build/main.o
                                       0x17e8 (size before relaxing)
 .debug_str     0x0000000000001678       0x9e build/gpio.o
                                        0x7cf (size before relaxing)
 .debug_str     0x0000000000001716      0x122 build/adc.o
                                        0xd7e (size before relaxing)
 .debug_str     0x0000000000001838       0x7e build/i2c.o
                                        0xcdd (size before relaxing)
 .debug_str     0x00000000000018b6       0x4d build/opamp.o
                                        0x9f5 (size before relaxing)
 .debug_str     0x0000000000001903       0x79 build/spi.o
                                        0xc22 (size before relaxing)
 .debug_str     0x000000000000197c       0x5d build/usart.o
                                        0xce0 (size before relaxing)
 .debug_str     0x00000000000019d9      0x3e2 build/usb_device.o
                                        0xb46 (size before relaxing)
 .debug_str     0x0000000000001dbb      0xb9f build/usbd_conf.o
                                       0x1815 (size before relaxing)
 .debug_str     0x000000000000295a      0x171 build/usbd_desc.o
                                        0x957 (size before relaxing)
 .debug_str     0x0000000000002acb       0x7a build/usbd_dfu_if.o
                                        0xb4e (size before relaxing)
 .debug_str     0x0000000000002b45       0xdc build/stm32f3xx_it.o
                                        0xa4c (size before relaxing)
 .debug_str     0x0000000000002c21       0x24 build/stm32f3xx_hal_msp.o
                                        0x71e (size before relaxing)
 .debug_str     0x0000000000002c45      0x153 build/stm32f3xx_hal_pcd.o
                                        0xd73 (size before relaxing)
 .debug_str     0x0000000000002d98       0x75 build/stm32f3xx_hal_pcd_ex.o
                                        0xa73 (size before relaxing)
 .debug_str     0x0000000000002e0d      0x79e build/stm32f3xx_hal_adc_ex.o
                                       0x13d4 (size before relaxing)
 .debug_str     0x00000000000035ab      0x798 build/stm32f3xx_hal_i2c.o
                                       0x1380 (size before relaxing)
 .debug_str     0x0000000000003d43       0xd1 build/stm32f3xx_hal_i2c_ex.o
                                        0xce4 (size before relaxing)
 .debug_str     0x0000000000003e14      0x132 build/stm32f3xx_hal_opamp.o
                                        0xa85 (size before relaxing)
 .debug_str     0x0000000000003f46      0x4ea build/stm32f3xx_hal_spi.o
                                       0x1071 (size before relaxing)
 .debug_str     0x0000000000004430      0x689 build/stm32f3xx_hal_uart.o
                                       0x1340 (size before relaxing)
 .debug_str     0x0000000000004ab9      0x24b build/stm32f3xx_hal.o
                                        0xe23 (size before relaxing)
 .debug_str     0x0000000000004d04      0x180 build/stm32f3xx_hal_rcc.o
                                        0xb2b (size before relaxing)
 .debug_str     0x0000000000004e84       0xc5 build/stm32f3xx_hal_rcc_ex.o
                                        0xa2d (size before relaxing)
 .debug_str     0x0000000000004f49       0xfc build/stm32f3xx_hal_gpio.o
                                        0x94c (size before relaxing)
 .debug_str     0x0000000000005045      0x339 build/stm32f3xx_hal_cortex.o
                                       0x1041 (size before relaxing)
 .debug_str     0x000000000000537e       0x4d build/system_stm32f3xx.o
                                        0x7a8 (size before relaxing)
 .debug_str     0x00000000000053cb      0x145 build/usbd_core.o
                                        0xd4e (size before relaxing)
 .debug_str     0x0000000000005510       0xe2 build/usbd_ctlreq.o
                                        0xc68 (size before relaxing)
 .debug_str     0x00000000000055f2       0x60 build/usbd_ioreq.o
                                        0xb95 (size before relaxing)
 .debug_str     0x0000000000005652      0x292 build/usbd_dfu.o
                                        0xe9b (size before relaxing)
 .debug_str     0x00000000000058e4       0x24 build/startup_stm32f303xc.o
                                         0x9e (size before relaxing)

.comment        0x0000000000000000       0x76
 .comment       0x0000000000000000       0x76 build/main.o
                                         0x77 (size before relaxing)
 .comment       0x0000000000000076       0x77 build/gpio.o
 .comment       0x0000000000000076       0x77 build/adc.o
 .comment       0x0000000000000076       0x77 build/i2c.o
 .comment       0x0000000000000076       0x77 build/opamp.o
 .comment       0x0000000000000076       0x77 build/spi.o
 .comment       0x0000000000000076       0x77 build/usart.o
 .comment       0x0000000000000076       0x77 build/usb_device.o
 .comment       0x0000000000000076       0x77 build/usbd_conf.o
 .comment       0x0000000000000076       0x77 build/usbd_desc.o
 .comment       0x0000000000000076       0x77 build/usbd_dfu_if.o
 .comment       0x0000000000000076       0x77 build/stm32f3xx_it.o
 .comment       0x0000000000000076       0x77 build/stm32f3xx_hal_msp.o
 .comment       0x0000000000000076       0x77 build/stm32f3xx_hal_pcd.o
 .comment       0x0000000000000076       0x77 build/stm32f3xx_hal_pcd_ex.o
 .comment       0x0000000000000076       0x77 build/stm32f3xx_hal_adc_ex.o
 .comment       0x0000000000000076       0x77 build/stm32f3xx_hal_i2c.o
 .comment       0x0000000000000076       0x77 build/stm32f3xx_hal_i2c_ex.o
 .comment       0x0000000000000076       0x77 build/stm32f3xx_hal_opamp.o
 .comment       0x0000000000000076       0x77 build/stm32f3xx_hal_spi.o
 .comment       0x0000000000000076       0x77 build/stm32f3xx_hal_uart.o
 .comment       0x0000000000000076       0x77 build/stm32f3xx_hal.o
 .comment       0x0000000000000076       0x77 build/stm32f3xx_hal_rcc.o
 .comment       0x0000000000000076       0x77 build/stm32f3xx_hal_rcc_ex.o
 .comment       0x0000000000000076       0x77 build/stm32f3xx_hal_gpio.o
 .comment       0x0000000000000076       0x77 build/stm32f3xx_hal_cortex.o
 .comment       0x0000000000000076       0x77 build/system_stm32f3xx.o
 .comment       0x0000000000000076       0x77 build/usbd_core.o
 .comment       0x0000000000000076       0x77 build/usbd_ctlreq.o
 .comment       0x0000000000000076       0x77 build/usbd_ioreq.o
 .comment       0x0000000000000076       0x77 build/usbd_dfu.o

.debug_frame    0x0000000000000000     0x37ec
 .debug_frame   0x0000000000000000       0x6c build/main.o
 .debug_frame   0x000000000000006c       0x48 build/gpio.o
 .debug_frame   0x00000000000000b4       0xd4 build/adc.o
 .debug_frame   0x0000000000000188       0x6c build/i2c.o
 .debug_frame   0x00000000000001f4       0x6c build/opamp.o
 .debug_frame   0x0000000000000260       0x84 build/spi.o
 .debug_frame   0x00000000000002e4       0xc8 build/usart.o
 .debug_frame   0x00000000000003ac       0x2c build/usb_device.o
 .debug_frame   0x00000000000003d8      0x364 build/usbd_conf.o
 .debug_frame   0x000000000000073c       0xfc build/usbd_desc.o
 .debug_frame   0x0000000000000838       0x70 build/usbd_dfu_if.o
 .debug_frame   0x00000000000008a8       0xc8 build/stm32f3xx_it.o
 .debug_frame   0x0000000000000970       0x28 build/stm32f3xx_hal_msp.o
 .debug_frame   0x0000000000000998      0x320 build/stm32f3xx_hal_pcd.o
 .debug_frame   0x0000000000000cb8       0x84 build/stm32f3xx_hal_pcd_ex.o
 .debug_frame   0x0000000000000d3c      0x578 build/stm32f3xx_hal_adc_ex.o
 .debug_frame   0x00000000000012b4      0x978 build/stm32f3xx_hal_i2c.o
 .debug_frame   0x0000000000001c2c       0x98 build/stm32f3xx_hal_i2c_ex.o
 .debug_frame   0x0000000000001cc4      0x140 build/stm32f3xx_hal_opamp.o
 .debug_frame   0x0000000000001e04      0x670 build/stm32f3xx_hal_spi.o
 .debug_frame   0x0000000000002474      0x5fc build/stm32f3xx_hal_uart.o
 .debug_frame   0x0000000000002a70      0x1e0 build/stm32f3xx_hal.o
 .debug_frame   0x0000000000002c50      0x19c build/stm32f3xx_hal_rcc.o
 .debug_frame   0x0000000000002dec       0x8c build/stm32f3xx_hal_rcc_ex.o
 .debug_frame   0x0000000000002e78      0x10c build/stm32f3xx_hal_gpio.o
 .debug_frame   0x0000000000002f84      0x16c build/stm32f3xx_hal_cortex.o
 .debug_frame   0x00000000000030f0       0x30 build/system_stm32f3xx.o
 .debug_frame   0x0000000000003120      0x1ec build/usbd_core.o
 .debug_frame   0x000000000000330c      0x1ac build/usbd_ctlreq.o
 .debug_frame   0x00000000000034b8       0xd4 build/usbd_ioreq.o
 .debug_frame   0x000000000000358c      0x214 build/usbd_dfu.o
 .debug_frame   0x00000000000037a0       0x2c /usr/local/opt/gcc-arm-none-eabi-8-2019-q3-update/bin/../lib/gcc/arm-none-eabi/8.3.1/../../../../arm-none-eabi/lib/thumb/v7e-m+fp/hard/libc_nano.a(lib_a-init.o)
 .debug_frame   0x00000000000037cc       0x20 /usr/local/opt/gcc-arm-none-eabi-8-2019-q3-update/bin/../lib/gcc/arm-none-eabi/8.3.1/../../../../arm-none-eabi/lib/thumb/v7e-m+fp/hard/libc_nano.a(lib_a-memset.o)

Cross Reference Table

Symbol                                            File
ADC1_2_IRQHandler                                 build/startup_stm32f303xc.o
ADC3_IRQHandler                                   build/startup_stm32f303xc.o
ADC4_IRQHandler                                   build/startup_stm32f303xc.o
AHBPrescTable                                     build/system_stm32f3xx.o
                                                  build/stm32f3xx_hal_rcc.o
APBPrescTable                                     build/system_stm32f3xx.o
                                                  build/stm32f3xx_hal_rcc.o
BusFault_Handler                                  build/stm32f3xx_it.o
CAN_RX1_IRQHandler                                build/startup_stm32f303xc.o
CAN_SCE_IRQHandler                                build/startup_stm32f303xc.o
COMP1_2_3_IRQHandler                              build/startup_stm32f303xc.o
COMP4_5_6_IRQHandler                              build/startup_stm32f303xc.o
COMP7_IRQHandler                                  build/startup_stm32f303xc.o
DMA1_Channel1_IRQHandler                          build/startup_stm32f303xc.o
DMA1_Channel2_IRQHandler                          build/startup_stm32f303xc.o
DMA1_Channel3_IRQHandler                          build/startup_stm32f303xc.o
DMA1_Channel4_IRQHandler                          build/startup_stm32f303xc.o
DMA1_Channel5_IRQHandler                          build/startup_stm32f303xc.o
DMA1_Channel6_IRQHandler                          build/startup_stm32f303xc.o
DMA1_Channel7_IRQHandler                          build/startup_stm32f303xc.o
DMA2_Channel1_IRQHandler                          build/startup_stm32f303xc.o
DMA2_Channel2_IRQHandler                          build/startup_stm32f303xc.o
DMA2_Channel3_IRQHandler                          build/startup_stm32f303xc.o
DMA2_Channel4_IRQHandler                          build/startup_stm32f303xc.o
DMA2_Channel5_IRQHandler                          build/startup_stm32f303xc.o
DebugMon_Handler                                  build/stm32f3xx_it.o
Default_Handler                                   build/startup_stm32f303xc.o
EXTI0_IRQHandler                                  build/startup_stm32f303xc.o
EXTI15_10_IRQHandler                              build/startup_stm32f303xc.o
EXTI1_IRQHandler                                  build/startup_stm32f303xc.o
EXTI2_TSC_IRQHandler                              build/startup_stm32f303xc.o
EXTI3_IRQHandler                                  build/startup_stm32f303xc.o
EXTI4_IRQHandler                                  build/startup_stm32f303xc.o
EXTI9_5_IRQHandler                                build/startup_stm32f303xc.o
Error_Handler                                     build/main.o
                                                  build/usbd_conf.o
                                                  build/usb_device.o
                                                  build/usart.o
                                                  build/spi.o
                                                  build/opamp.o
                                                  build/i2c.o
                                                  build/adc.o
FLASH_IRQHandler                                  build/startup_stm32f303xc.o
FLASH_PageErase                                   build/stm32f3xx_hal_flash_ex.o
                                                  build/stm32f3xx_hal_flash.o
FLASH_WaitForLastOperation                        build/stm32f3xx_hal_flash.o
                                                  build/stm32f3xx_hal_flash_ex.o
FPU_IRQHandler                                    build/startup_stm32f303xc.o
FS_Desc                                           build/usbd_desc.o
                                                  build/usb_device.o
HAL_ADCEx_Calibration_GetValue                    build/stm32f3xx_hal_adc_ex.o
HAL_ADCEx_Calibration_SetValue                    build/stm32f3xx_hal_adc_ex.o
HAL_ADCEx_Calibration_Start                       build/stm32f3xx_hal_adc_ex.o
HAL_ADCEx_InjectedConfigChannel                   build/stm32f3xx_hal_adc_ex.o
HAL_ADCEx_InjectedConvCpltCallback                build/stm32f3xx_hal_adc_ex.o
HAL_ADCEx_InjectedGetValue                        build/stm32f3xx_hal_adc_ex.o
HAL_ADCEx_InjectedPollForConversion               build/stm32f3xx_hal_adc_ex.o
HAL_ADCEx_InjectedQueueOverflowCallback           build/stm32f3xx_hal_adc_ex.o
HAL_ADCEx_InjectedStart                           build/stm32f3xx_hal_adc_ex.o
HAL_ADCEx_InjectedStart_IT                        build/stm32f3xx_hal_adc_ex.o
HAL_ADCEx_InjectedStop                            build/stm32f3xx_hal_adc_ex.o
HAL_ADCEx_InjectedStop_IT                         build/stm32f3xx_hal_adc_ex.o
HAL_ADCEx_LevelOutOfWindow2Callback               build/stm32f3xx_hal_adc_ex.o
HAL_ADCEx_LevelOutOfWindow3Callback               build/stm32f3xx_hal_adc_ex.o
HAL_ADCEx_MultiModeConfigChannel                  build/stm32f3xx_hal_adc_ex.o
                                                  build/adc.o
HAL_ADCEx_MultiModeGetValue                       build/stm32f3xx_hal_adc_ex.o
HAL_ADCEx_MultiModeStart_DMA                      build/stm32f3xx_hal_adc_ex.o
HAL_ADCEx_MultiModeStop_DMA                       build/stm32f3xx_hal_adc_ex.o
HAL_ADCEx_RegularMultiModeStop_DMA                build/stm32f3xx_hal_adc_ex.o
HAL_ADCEx_RegularStop                             build/stm32f3xx_hal_adc_ex.o
HAL_ADCEx_RegularStop_DMA                         build/stm32f3xx_hal_adc_ex.o
HAL_ADCEx_RegularStop_IT                          build/stm32f3xx_hal_adc_ex.o
HAL_ADC_AnalogWDGConfig                           build/stm32f3xx_hal_adc_ex.o
                                                  build/stm32f3xx_hal_adc.o
HAL_ADC_ConfigChannel                             build/stm32f3xx_hal_adc_ex.o
                                                  build/stm32f3xx_hal_adc.o
                                                  build/adc.o
HAL_ADC_ConvCpltCallback                          build/stm32f3xx_hal_adc.o
                                                  build/stm32f3xx_hal_adc_ex.o
HAL_ADC_ConvHalfCpltCallback                      build/stm32f3xx_hal_adc.o
                                                  build/stm32f3xx_hal_adc_ex.o
HAL_ADC_DeInit                                    build/stm32f3xx_hal_adc_ex.o
                                                  build/stm32f3xx_hal_adc.o
HAL_ADC_ErrorCallback                             build/stm32f3xx_hal_adc.o
                                                  build/stm32f3xx_hal_adc_ex.o
HAL_ADC_GetError                                  build/stm32f3xx_hal_adc.o
HAL_ADC_GetState                                  build/stm32f3xx_hal_adc.o
HAL_ADC_GetValue                                  build/stm32f3xx_hal_adc_ex.o
                                                  build/stm32f3xx_hal_adc.o
HAL_ADC_IRQHandler                                build/stm32f3xx_hal_adc_ex.o
                                                  build/stm32f3xx_hal_adc.o
HAL_ADC_Init                                      build/stm32f3xx_hal_adc_ex.o
                                                  build/stm32f3xx_hal_adc.o
                                                  build/adc.o
HAL_ADC_LevelOutOfWindowCallback                  build/stm32f3xx_hal_adc.o
                                                  build/stm32f3xx_hal_adc_ex.o
HAL_ADC_MspDeInit                                 build/adc.o
                                                  build/stm32f3xx_hal_adc_ex.o
HAL_ADC_MspInit                                   build/adc.o
                                                  build/stm32f3xx_hal_adc_ex.o
HAL_ADC_PollForConversion                         build/stm32f3xx_hal_adc_ex.o
                                                  build/stm32f3xx_hal_adc.o
HAL_ADC_PollForEvent                              build/stm32f3xx_hal_adc_ex.o
                                                  build/stm32f3xx_hal_adc.o
HAL_ADC_Start                                     build/stm32f3xx_hal_adc_ex.o
                                                  build/stm32f3xx_hal_adc.o
HAL_ADC_Start_DMA                                 build/stm32f3xx_hal_adc_ex.o
                                                  build/stm32f3xx_hal_adc.o
HAL_ADC_Start_IT                                  build/stm32f3xx_hal_adc_ex.o
                                                  build/stm32f3xx_hal_adc.o
HAL_ADC_Stop                                      build/stm32f3xx_hal_adc_ex.o
                                                  build/stm32f3xx_hal_adc.o
HAL_ADC_Stop_DMA                                  build/stm32f3xx_hal_adc_ex.o
                                                  build/stm32f3xx_hal_adc.o
HAL_ADC_Stop_IT                                   build/stm32f3xx_hal_adc_ex.o
                                                  build/stm32f3xx_hal_adc.o
HAL_DBGMCU_DisableDBGSleepMode                    build/stm32f3xx_hal.o
HAL_DBGMCU_DisableDBGStandbyMode                  build/stm32f3xx_hal.o
HAL_DBGMCU_DisableDBGStopMode                     build/stm32f3xx_hal.o
HAL_DBGMCU_EnableDBGSleepMode                     build/stm32f3xx_hal.o
HAL_DBGMCU_EnableDBGStandbyMode                   build/stm32f3xx_hal.o
HAL_DBGMCU_EnableDBGStopMode                      build/stm32f3xx_hal.o
HAL_DMA_Abort                                     build/stm32f3xx_hal_dma.o
                                                  build/stm32f3xx_hal_uart.o
                                                  build/stm32f3xx_hal_spi.o
                                                  build/stm32f3xx_hal_adc_ex.o
HAL_DMA_Abort_IT                                  build/stm32f3xx_hal_dma.o
                                                  build/stm32f3xx_hal_uart.o
                                                  build/stm32f3xx_hal_spi.o
                                                  build/stm32f3xx_hal_i2c.o
HAL_DMA_DeInit                                    build/stm32f3xx_hal_dma.o
HAL_DMA_GetError                                  build/stm32f3xx_hal_dma.o
HAL_DMA_GetState                                  build/stm32f3xx_hal_dma.o
HAL_DMA_IRQHandler                                build/stm32f3xx_hal_dma.o
HAL_DMA_Init                                      build/stm32f3xx_hal_dma.o
HAL_DMA_PollForTransfer                           build/stm32f3xx_hal_dma.o
HAL_DMA_RegisterCallback                          build/stm32f3xx_hal_dma.o
HAL_DMA_Start                                     build/stm32f3xx_hal_dma.o
HAL_DMA_Start_IT                                  build/stm32f3xx_hal_dma.o
                                                  build/stm32f3xx_hal_uart.o
                                                  build/stm32f3xx_hal_spi.o
                                                  build/stm32f3xx_hal_i2c.o
                                                  build/stm32f3xx_hal_adc_ex.o
HAL_DMA_UnRegisterCallback                        build/stm32f3xx_hal_dma.o
HAL_DeInit                                        build/stm32f3xx_hal.o
HAL_Delay                                         build/stm32f3xx_hal.o
                                                  build/usbd_dfu.o
                                                  build/stm32f3xx_hal_opamp_ex.o
                                                  build/stm32f3xx_hal_opamp.o
                                                  build/usbd_conf.o
HAL_FLASHEx_Erase                                 build/stm32f3xx_hal_flash_ex.o
HAL_FLASHEx_Erase_IT                              build/stm32f3xx_hal_flash_ex.o
HAL_FLASHEx_OBErase                               build/stm32f3xx_hal_flash_ex.o
HAL_FLASHEx_OBGetConfig                           build/stm32f3xx_hal_flash_ex.o
HAL_FLASHEx_OBGetUserData                         build/stm32f3xx_hal_flash_ex.o
HAL_FLASHEx_OBProgram                             build/stm32f3xx_hal_flash_ex.o
HAL_FLASH_EndOfOperationCallback                  build/stm32f3xx_hal_flash.o
HAL_FLASH_GetError                                build/stm32f3xx_hal_flash.o
HAL_FLASH_IRQHandler                              build/stm32f3xx_hal_flash.o
HAL_FLASH_Lock                                    build/stm32f3xx_hal_flash.o
HAL_FLASH_OB_Launch                               build/stm32f3xx_hal_flash.o
HAL_FLASH_OB_Lock                                 build/stm32f3xx_hal_flash.o
HAL_FLASH_OB_Unlock                               build/stm32f3xx_hal_flash.o
HAL_FLASH_OperationErrorCallback                  build/stm32f3xx_hal_flash.o
HAL_FLASH_Program                                 build/stm32f3xx_hal_flash.o
HAL_FLASH_Program_IT                              build/stm32f3xx_hal_flash.o
HAL_FLASH_Unlock                                  build/stm32f3xx_hal_flash.o
HAL_GPIO_DeInit                                   build/stm32f3xx_hal_gpio.o
                                                  build/usbd_conf.o
                                                  build/usart.o
                                                  build/spi.o
                                                  build/opamp.o
                                                  build/i2c.o
                                                  build/adc.o
HAL_GPIO_EXTI_Callback                            build/stm32f3xx_hal_gpio.o
HAL_GPIO_EXTI_IRQHandler                          build/stm32f3xx_hal_gpio.o
HAL_GPIO_Init                                     build/stm32f3xx_hal_gpio.o
                                                  build/stm32f3xx_hal_rcc.o
                                                  build/usbd_conf.o
                                                  build/usart.o
                                                  build/spi.o
                                                  build/opamp.o
                                                  build/i2c.o
                                                  build/adc.o
                                                  build/gpio.o
HAL_GPIO_LockPin                                  build/stm32f3xx_hal_gpio.o
HAL_GPIO_ReadPin                                  build/stm32f3xx_hal_gpio.o
HAL_GPIO_TogglePin                                build/stm32f3xx_hal_gpio.o
                                                  build/main.o
HAL_GPIO_WritePin                                 build/stm32f3xx_hal_gpio.o
                                                  build/gpio.o
                                                  build/main.o
HAL_GetDEVID                                      build/stm32f3xx_hal.o
HAL_GetHalVersion                                 build/stm32f3xx_hal.o
HAL_GetREVID                                      build/stm32f3xx_hal.o
HAL_GetTick                                       build/stm32f3xx_hal.o
                                                  build/stm32f3xx_hal_flash.o
                                                  build/stm32f3xx_hal_dma.o
                                                  build/stm32f3xx_hal_rcc_ex.o
                                                  build/stm32f3xx_hal_rcc.o
                                                  build/stm32f3xx_hal_uart_ex.o
                                                  build/stm32f3xx_hal_uart.o
                                                  build/stm32f3xx_hal_spi.o
                                                  build/stm32f3xx_hal_i2c.o
                                                  build/stm32f3xx_hal_adc_ex.o
                                                  build/main.o
HAL_GetTickFreq                                   build/stm32f3xx_hal.o
HAL_GetTickPrio                                   build/stm32f3xx_hal.o
HAL_GetUIDw0                                      build/stm32f3xx_hal.o
HAL_GetUIDw1                                      build/stm32f3xx_hal.o
HAL_GetUIDw2                                      build/stm32f3xx_hal.o
HAL_HalfDuplex_EnableReceiver                     build/stm32f3xx_hal_uart.o
HAL_HalfDuplex_EnableTransmitter                  build/stm32f3xx_hal_uart.o
HAL_HalfDuplex_Init                               build/stm32f3xx_hal_uart.o
HAL_I2CEx_ConfigAnalogFilter                      build/stm32f3xx_hal_i2c_ex.o
                                                  build/i2c.o
HAL_I2CEx_ConfigDigitalFilter                     build/stm32f3xx_hal_i2c_ex.o
                                                  build/i2c.o
HAL_I2CEx_DisableFastModePlus                     build/stm32f3xx_hal_i2c_ex.o
HAL_I2CEx_DisableWakeUp                           build/stm32f3xx_hal_i2c_ex.o
HAL_I2CEx_EnableFastModePlus                      build/stm32f3xx_hal_i2c_ex.o
HAL_I2CEx_EnableWakeUp                            build/stm32f3xx_hal_i2c_ex.o
HAL_I2C_AbortCpltCallback                         build/stm32f3xx_hal_i2c.o
HAL_I2C_AddrCallback                              build/stm32f3xx_hal_i2c.o
HAL_I2C_DeInit                                    build/stm32f3xx_hal_i2c.o
HAL_I2C_DisableListen_IT                          build/stm32f3xx_hal_i2c.o
HAL_I2C_ER_IRQHandler                             build/stm32f3xx_hal_i2c.o
HAL_I2C_EV_IRQHandler                             build/stm32f3xx_hal_i2c.o
HAL_I2C_EnableListen_IT                           build/stm32f3xx_hal_i2c.o
HAL_I2C_ErrorCallback                             build/stm32f3xx_hal_i2c.o
HAL_I2C_GetError                                  build/stm32f3xx_hal_i2c.o
HAL_I2C_GetMode                                   build/stm32f3xx_hal_i2c.o
HAL_I2C_GetState                                  build/stm32f3xx_hal_i2c.o
HAL_I2C_Init                                      build/stm32f3xx_hal_i2c.o
                                                  build/i2c.o
HAL_I2C_IsDeviceReady                             build/stm32f3xx_hal_i2c.o
HAL_I2C_ListenCpltCallback                        build/stm32f3xx_hal_i2c.o
HAL_I2C_MasterRxCpltCallback                      build/stm32f3xx_hal_i2c.o
HAL_I2C_MasterTxCpltCallback                      build/stm32f3xx_hal_i2c.o
HAL_I2C_Master_Abort_IT                           build/stm32f3xx_hal_i2c.o
HAL_I2C_Master_Receive                            build/stm32f3xx_hal_i2c.o
HAL_I2C_Master_Receive_DMA                        build/stm32f3xx_hal_i2c.o
HAL_I2C_Master_Receive_IT                         build/stm32f3xx_hal_i2c.o
HAL_I2C_Master_Sequential_Receive_IT              build/stm32f3xx_hal_i2c.o
HAL_I2C_Master_Sequential_Transmit_IT             build/stm32f3xx_hal_i2c.o
HAL_I2C_Master_Transmit                           build/stm32f3xx_hal_i2c.o
HAL_I2C_Master_Transmit_DMA                       build/stm32f3xx_hal_i2c.o
HAL_I2C_Master_Transmit_IT                        build/stm32f3xx_hal_i2c.o
HAL_I2C_MemRxCpltCallback                         build/stm32f3xx_hal_i2c.o
HAL_I2C_MemTxCpltCallback                         build/stm32f3xx_hal_i2c.o
HAL_I2C_Mem_Read                                  build/stm32f3xx_hal_i2c.o
HAL_I2C_Mem_Read_DMA                              build/stm32f3xx_hal_i2c.o
HAL_I2C_Mem_Read_IT                               build/stm32f3xx_hal_i2c.o
HAL_I2C_Mem_Write                                 build/stm32f3xx_hal_i2c.o
HAL_I2C_Mem_Write_DMA                             build/stm32f3xx_hal_i2c.o
HAL_I2C_Mem_Write_IT                              build/stm32f3xx_hal_i2c.o
HAL_I2C_MspDeInit                                 build/i2c.o
HAL_I2C_MspInit                                   build/i2c.o
HAL_I2C_SlaveRxCpltCallback                       build/stm32f3xx_hal_i2c.o
HAL_I2C_SlaveTxCpltCallback                       build/stm32f3xx_hal_i2c.o
HAL_I2C_Slave_Receive                             build/stm32f3xx_hal_i2c.o
HAL_I2C_Slave_Receive_DMA                         build/stm32f3xx_hal_i2c.o
HAL_I2C_Slave_Receive_IT                          build/stm32f3xx_hal_i2c.o
HAL_I2C_Slave_Sequential_Receive_IT               build/stm32f3xx_hal_i2c.o
HAL_I2C_Slave_Sequential_Transmit_IT              build/stm32f3xx_hal_i2c.o
HAL_I2C_Slave_Transmit                            build/stm32f3xx_hal_i2c.o
HAL_I2C_Slave_Transmit_DMA                        build/stm32f3xx_hal_i2c.o
HAL_I2C_Slave_Transmit_IT                         build/stm32f3xx_hal_i2c.o
HAL_IncTick                                       build/stm32f3xx_hal.o
                                                  build/stm32f3xx_it.o
HAL_Init                                          build/stm32f3xx_hal.o
                                                  build/main.o
HAL_InitTick                                      build/stm32f3xx_hal.o
                                                  build/stm32f3xx_hal_rcc.o
HAL_LIN_Init                                      build/stm32f3xx_hal_uart.o
HAL_LIN_SendBreak                                 build/stm32f3xx_hal_uart.o
HAL_MPU_ConfigRegion                              build/stm32f3xx_hal_cortex.o
HAL_MPU_Disable                                   build/stm32f3xx_hal_cortex.o
HAL_MPU_Enable                                    build/stm32f3xx_hal_cortex.o
HAL_MspDeInit                                     build/stm32f3xx_hal.o
HAL_MspInit                                       build/stm32f3xx_hal_msp.o
HAL_MultiProcessorEx_AddressLength_Set            build/stm32f3xx_hal_uart_ex.o
HAL_MultiProcessor_DisableMuteMode                build/stm32f3xx_hal_uart.o
HAL_MultiProcessor_EnableMuteMode                 build/stm32f3xx_hal_uart.o
HAL_MultiProcessor_EnterMuteMode                  build/stm32f3xx_hal_uart.o
HAL_MultiProcessor_Init                           build/stm32f3xx_hal_uart.o
HAL_NVIC_ClearPendingIRQ                          build/stm32f3xx_hal_cortex.o
HAL_NVIC_DisableIRQ                               build/stm32f3xx_hal_cortex.o
                                                  build/usbd_conf.o
HAL_NVIC_EnableIRQ                                build/stm32f3xx_hal_cortex.o
                                                  build/usbd_conf.o
HAL_NVIC_GetActive                                build/stm32f3xx_hal_cortex.o
HAL_NVIC_GetPendingIRQ                            build/stm32f3xx_hal_cortex.o
HAL_NVIC_GetPriority                              build/stm32f3xx_hal_cortex.o
HAL_NVIC_GetPriorityGrouping                      build/stm32f3xx_hal_cortex.o
HAL_NVIC_SetPendingIRQ                            build/stm32f3xx_hal_cortex.o