Archive member included to satisfy reference by file (symbol)

/usr/local/opt/gcc-arm-none-eabi-8-2019-q3-update/bin/../lib/gcc/arm-none-eabi/8.3.1/../../../../arm-none-eabi/lib/thumb/v7e-m+fp/hard/libc_nano.a(lib_a-exit.o)
                              /usr/local/opt/gcc-arm-none-eabi-8-2019-q3-update/bin/../lib/gcc/arm-none-eabi/8.3.1/../../../../arm-none-eabi/lib/thumb/v7e-m+fp/hard/crt0.o (exit)
/usr/local/opt/gcc-arm-none-eabi-8-2019-q3-update/bin/../lib/gcc/arm-none-eabi/8.3.1/../../../../arm-none-eabi/lib/thumb/v7e-m+fp/hard/libc_nano.a(lib_a-impure.o)
                              /usr/local/opt/gcc-arm-none-eabi-8-2019-q3-update/bin/../lib/gcc/arm-none-eabi/8.3.1/../../../../arm-none-eabi/lib/thumb/v7e-m+fp/hard/libc_nano.a(lib_a-exit.o) (_global_impure_ptr)
/usr/local/opt/gcc-arm-none-eabi-8-2019-q3-update/bin/../lib/gcc/arm-none-eabi/8.3.1/../../../../arm-none-eabi/lib/thumb/v7e-m+fp/hard/libc_nano.a(lib_a-init.o)
                              /usr/local/opt/gcc-arm-none-eabi-8-2019-q3-update/bin/../lib/gcc/arm-none-eabi/8.3.1/../../../../arm-none-eabi/lib/thumb/v7e-m+fp/hard/crt0.o (__libc_init_array)
/usr/local/opt/gcc-arm-none-eabi-8-2019-q3-update/bin/../lib/gcc/arm-none-eabi/8.3.1/../../../../arm-none-eabi/lib/thumb/v7e-m+fp/hard/libc_nano.a(lib_a-memset.o)
                              /usr/local/opt/gcc-arm-none-eabi-8-2019-q3-update/bin/../lib/gcc/arm-none-eabi/8.3.1/../../../../arm-none-eabi/lib/thumb/v7e-m+fp/hard/crt0.o (memset)
/usr/local/opt/gcc-arm-none-eabi-8-2019-q3-update/bin/../lib/gcc/arm-none-eabi/8.3.1/../../../../arm-none-eabi/lib/thumb/v7e-m+fp/hard/libc_nano.a(lib_a-strlen.o)
                              build/usart.o (strlen)
/usr/local/opt/gcc-arm-none-eabi-8-2019-q3-update/bin/../lib/gcc/arm-none-eabi/8.3.1/../../../../arm-none-eabi/lib/thumb/v7e-m+fp/hard/libnosys.a(_exit.o)
                              /usr/local/opt/gcc-arm-none-eabi-8-2019-q3-update/bin/../lib/gcc/arm-none-eabi/8.3.1/../../../../arm-none-eabi/lib/thumb/v7e-m+fp/hard/libc_nano.a(lib_a-exit.o) (_exit)

Allocating common symbols
Common symbol       size              file

hUsbDeviceFS        0x224             build/usb_device.o
huart3              0x70              build/usart.o
hadc2               0x54              build/adc.o
hi2c1               0x4c              build/i2c.o
uwTick              0x4               build/stm32f3xx_hal.o
pFlash              0x20              build/stm32f3xx_hal_flash.o
hspi3               0x64              build/spi.o
hadc1               0x54              build/adc.o
hadc3               0x54              build/adc.o
huart1              0x70              build/usart.o
huart2              0x70              build/usart.o
hadc4               0x54              build/adc.o
hopamp4             0x34              build/opamp.o
hpcd_USB_FS         0x3a8             build/usbd_conf.o
USBD_StrDesc        0x200             build/usbd_desc.o
log_buffer          0x64              build/main.o

Discarded input sections

 .text          0x0000000000000000        0x0 /usr/local/opt/gcc-arm-none-eabi-8-2019-q3-update/bin/../lib/gcc/arm-none-eabi/8.3.1/thumb/v7e-m+fp/hard/crti.o
 .data          0x0000000000000000        0x0 /usr/local/opt/gcc-arm-none-eabi-8-2019-q3-update/bin/../lib/gcc/arm-none-eabi/8.3.1/thumb/v7e-m+fp/hard/crti.o
 .bss           0x0000000000000000        0x0 /usr/local/opt/gcc-arm-none-eabi-8-2019-q3-update/bin/../lib/gcc/arm-none-eabi/8.3.1/thumb/v7e-m+fp/hard/crti.o
 .data          0x0000000000000000        0x4 /usr/local/opt/gcc-arm-none-eabi-8-2019-q3-update/bin/../lib/gcc/arm-none-eabi/8.3.1/thumb/v7e-m+fp/hard/crtbegin.o
 .text          0x0000000000000000       0x74 /usr/local/opt/gcc-arm-none-eabi-8-2019-q3-update/bin/../lib/gcc/arm-none-eabi/8.3.1/../../../../arm-none-eabi/lib/thumb/v7e-m+fp/hard/crt0.o
 .data          0x0000000000000000        0x0 /usr/local/opt/gcc-arm-none-eabi-8-2019-q3-update/bin/../lib/gcc/arm-none-eabi/8.3.1/../../../../arm-none-eabi/lib/thumb/v7e-m+fp/hard/crt0.o
 .bss           0x0000000000000000        0x0 /usr/local/opt/gcc-arm-none-eabi-8-2019-q3-update/bin/../lib/gcc/arm-none-eabi/8.3.1/../../../../arm-none-eabi/lib/thumb/v7e-m+fp/hard/crt0.o
 .ARM.extab     0x0000000000000000        0x0 /usr/local/opt/gcc-arm-none-eabi-8-2019-q3-update/bin/../lib/gcc/arm-none-eabi/8.3.1/../../../../arm-none-eabi/lib/thumb/v7e-m+fp/hard/crt0.o
 .ARM.exidx     0x0000000000000000        0x8 /usr/local/opt/gcc-arm-none-eabi-8-2019-q3-update/bin/../lib/gcc/arm-none-eabi/8.3.1/../../../../arm-none-eabi/lib/thumb/v7e-m+fp/hard/crt0.o
 .ARM.attributes
                0x0000000000000000       0x1c /usr/local/opt/gcc-arm-none-eabi-8-2019-q3-update/bin/../lib/gcc/arm-none-eabi/8.3.1/../../../../arm-none-eabi/lib/thumb/v7e-m+fp/hard/crt0.o
 .text          0x0000000000000000        0x0 build/main.o
 .data          0x0000000000000000        0x0 build/main.o
 .bss           0x0000000000000000        0x0 build/main.o
[...]
Memory Configuration

Name             Origin             Length             Attributes
RAM              0x0000000020000000 0x000000000000a000 xrw
CCMRAM           0x0000000010000000 0x0000000000002000 rw
FLASH            0x0000000008000000 0x0000000000040000 xr
*default*        0x0000000000000000 0xffffffffffffffff

Linker script and memory map

LOAD /usr/local/opt/gcc-arm-none-eabi-8-2019-q3-update/bin/../lib/gcc/arm-none-eabi/8.3.1/thumb/v7e-m+fp/hard/crti.o
LOAD /usr/local/opt/gcc-arm-none-eabi-8-2019-q3-update/bin/../lib/gcc/arm-none-eabi/8.3.1/thumb/v7e-m+fp/hard/crtbegin.o
LOAD /usr/local/opt/gcc-arm-none-eabi-8-2019-q3-update/bin/../lib/gcc/arm-none-eabi/8.3.1/../../../../arm-none-eabi/lib/thumb/v7e-m+fp/hard/crt0.o
LOAD build/main.o
LOAD build/gpio.o
LOAD build/adc.o
LOAD build/i2c.o
LOAD build/opamp.o
LOAD build/spi.o
LOAD build/usart.o
LOAD build/usb_device.o
LOAD build/usbd_conf.o
LOAD build/usbd_desc.o
LOAD build/usbd_dfu_if.o
LOAD build/stm32f3xx_it.o
LOAD build/stm32f3xx_hal_msp.o
LOAD build/stm32f3xx_hal_pcd.o
LOAD build/stm32f3xx_hal_pcd_ex.o
LOAD build/stm32f3xx_hal_adc.o
LOAD build/stm32f3xx_hal_adc_ex.o
LOAD build/stm32f3xx_hal_i2c.o
LOAD build/stm32f3xx_hal_i2c_ex.o
LOAD build/stm32f3xx_hal_opamp.o
LOAD build/stm32f3xx_hal_opamp_ex.o
LOAD build/stm32f3xx_hal_spi.o
LOAD build/stm32f3xx_hal_spi_ex.o
LOAD build/stm32f3xx_hal_tim.o
LOAD build/stm32f3xx_hal_tim_ex.o
LOAD build/stm32f3xx_hal_uart.o
LOAD build/stm32f3xx_hal_uart_ex.o
LOAD build/stm32f3xx_hal.o
LOAD build/stm32f3xx_hal_rcc.o
LOAD build/stm32f3xx_hal_rcc_ex.o
LOAD build/stm32f3xx_hal_gpio.o
LOAD build/stm32f3xx_hal_dma.o
LOAD build/stm32f3xx_hal_cortex.o
LOAD build/stm32f3xx_hal_pwr.o
LOAD build/stm32f3xx_hal_pwr_ex.o
LOAD build/stm32f3xx_hal_flash.o
LOAD build/stm32f3xx_hal_flash_ex.o
LOAD build/system_stm32f3xx.o
LOAD build/usbd_core.o
LOAD build/usbd_ctlreq.o
LOAD build/usbd_ioreq.o
LOAD build/usbd_dfu.o
LOAD build/startup_stm32f303xc.o
LOAD /usr/local/opt/gcc-arm-none-eabi-8-2019-q3-update/bin/../lib/gcc/arm-none-eabi/8.3.1/../../../../arm-none-eabi/lib/thumb/v7e-m+fp/hard/libc_nano.a
LOAD /usr/local/opt/gcc-arm-none-eabi-8-2019-q3-update/bin/../lib/gcc/arm-none-eabi/8.3.1/../../../../arm-none-eabi/lib/thumb/v7e-m+fp/hard/libm.a
LOAD /usr/local/opt/gcc-arm-none-eabi-8-2019-q3-update/bin/../lib/gcc/arm-none-eabi/8.3.1/../../../../arm-none-eabi/lib/thumb/v7e-m+fp/hard/libnosys.a
START GROUP
LOAD /usr/local/opt/gcc-arm-none-eabi-8-2019-q3-update/bin/../lib/gcc/arm-none-eabi/8.3.1/thumb/v7e-m+fp/hard/libgcc.a
LOAD /usr/local/opt/gcc-arm-none-eabi-8-2019-q3-update/bin/../lib/gcc/arm-none-eabi/8.3.1/../../../../arm-none-eabi/lib/thumb/v7e-m+fp/hard/libc_nano.a
END GROUP
START GROUP
LOAD /usr/local/opt/gcc-arm-none-eabi-8-2019-q3-update/bin/../lib/gcc/arm-none-eabi/8.3.1/thumb/v7e-m+fp/hard/libgcc.a
LOAD /usr/local/opt/gcc-arm-none-eabi-8-2019-q3-update/bin/../lib/gcc/arm-none-eabi/8.3.1/../../../../arm-none-eabi/lib/thumb/v7e-m+fp/hard/libc_nano.a
END GROUP
LOAD /usr/local/opt/gcc-arm-none-eabi-8-2019-q3-update/bin/../lib/gcc/arm-none-eabi/8.3.1/thumb/v7e-m+fp/hard/crtend.o
LOAD /usr/local/opt/gcc-arm-none-eabi-8-2019-q3-update/bin/../lib/gcc/arm-none-eabi/8.3.1/thumb/v7e-m+fp/hard/crtn.o
                0x000000002000a000                _estack = 0x2000a000
                0x0000000000000200                _Min_Heap_Size = 0x200
                0x0000000000000400                _Min_Stack_Size = 0x400

.isr_vector     0x0000000008000000      0x188
                0x0000000008000000                . = ALIGN (0x4)
 *(.isr_vector)
 .isr_vector    0x0000000008000000      0x188 build/startup_stm32f303xc.o
                0x0000000008000000                g_pfnVectors
                0x0000000008000188                . = ALIGN (0x4)

.text           0x0000000008000188     0x4d08
                0x0000000008000188                . = ALIGN (0x4)
 *(.text)
 .text          0x0000000008000188       0x40 /usr/local/opt/gcc-arm-none-eabi-8-2019-q3-update/bin/../lib/gcc/arm-none-eabi/8.3.1/thumb/v7e-m+fp/hard/crtbegin.o
 .text          0x00000000080001c8       0x10 /usr/local/opt/gcc-arm-none-eabi-8-2019-q3-update/bin/../lib/gcc/arm-none-eabi/8.3.1/../../../../arm-none-eabi/lib/thumb/v7e-m+fp/hard/libc_nano.a(lib_a-strlen.o)
                0x00000000080001c8                strlen
 *(.text*)
 .text.SystemClock_Config
                0x00000000080001d8       0x8c build/main.o
                0x00000000080001d8                SystemClock_Config
 .text.main     0x0000000008000264       0xd0 build/main.o
                0x0000000008000264                main
 .text.Error_Handler
                0x0000000008000334        0x2 build/main.o
                0x0000000008000334                Error_Handler
 *fill*         0x0000000008000336        0x2 
 .text.MX_GPIO_Init
                0x0000000008000338      0x1b8 build/gpio.o
                0x0000000008000338                MX_GPIO_Init
 .text.MX_ADC1_Init
                0x00000000080004f0       0x88 build/adc.o
                0x00000000080004f0                MX_ADC1_Init
 .text.MX_ADC2_Init
                0x0000000008000578       0x70 build/adc.o
                0x0000000008000578                MX_ADC2_Init
 .text.MX_ADC3_Init
                0x00000000080005e8       0x8c build/adc.o
                0x00000000080005e8                MX_ADC3_Init
 .text.MX_ADC4_Init
                0x0000000008000674       0x74 build/adc.o
                0x0000000008000674                MX_ADC4_Init
 .text.HAL_ADC_MspInit
                0x00000000080006e8      0x1e4 build/adc.o
                0x00000000080006e8                HAL_ADC_MspInit
 .text.MX_I2C1_Init
                0x00000000080008cc       0x58 build/i2c.o
                0x00000000080008cc                MX_I2C1_Init
 .text.HAL_I2C_MspInit
                0x0000000008000924       0x6c build/i2c.o
                0x0000000008000924                HAL_I2C_MspInit
 .text.MX_OPAMP4_Init
                0x0000000008000990       0x2c build/opamp.o
                0x0000000008000990                MX_OPAMP4_Init
 .text.HAL_OPAMP_MspInit
                0x00000000080009bc       0x7c build/opamp.o
                0x00000000080009bc                HAL_OPAMP_MspInit
 .text.MX_SPI3_Init
                0x0000000008000a38       0x44 build/spi.o
                0x0000000008000a38                MX_SPI3_Init
 .text.HAL_SPI_MspInit
                0x0000000008000a7c       0x6c build/spi.o
                0x0000000008000a7c                HAL_SPI_MspInit
 .text.MX_USART1_UART_Init
                0x0000000008000ae8       0x38 build/usart.o
                0x0000000008000ae8                MX_USART1_UART_Init
 .text.MX_USART2_UART_Init
                0x0000000008000b20       0x38 build/usart.o
                0x0000000008000b20                MX_USART2_UART_Init
 .text.MX_USART3_UART_Init
                0x0000000008000b58       0x38 build/usart.o
                0x0000000008000b58                MX_USART3_UART_Init
 .text.HAL_UART_MspInit
                0x0000000008000b90      0x130 build/usart.o
                0x0000000008000b90                HAL_UART_MspInit
 .text.debug_printf
                0x0000000008000cc0       0x1c build/usart.o
                0x0000000008000cc0                debug_printf
 .text.MX_USB_DEVICE_Init
                0x0000000008000cdc       0x54 build/usb_device.o
                0x0000000008000cdc                MX_USB_DEVICE_Init
 .text.USBD_Get_USB_Status
                0x0000000008000d30       0x14 build/usbd_conf.o
 .text.HAL_PCD_MspInit
                0x0000000008000d44       0x78 build/usbd_conf.o
                0x0000000008000d44                HAL_PCD_MspInit
 .text.HAL_PCD_SetupStageCallback
                0x0000000008000dbc       0x10 build/usbd_conf.o
                0x0000000008000dbc                HAL_PCD_SetupStageCallback
 .text.HAL_PCD_DataOutStageCallback
                0x0000000008000dcc       0x18 build/usbd_conf.o
                0x0000000008000dcc                HAL_PCD_DataOutStageCallback
 .text.HAL_PCD_DataInStageCallback
                0x0000000008000de4       0x16 build/usbd_conf.o
                0x0000000008000de4                HAL_PCD_DataInStageCallback
 .text.HAL_PCD_SOFCallback
                0x0000000008000dfa        0xc build/usbd_conf.o
                0x0000000008000dfa                HAL_PCD_SOFCallback
 .text.HAL_PCD_ResetCallback
                0x0000000008000e06       0x24 build/usbd_conf.o
                0x0000000008000e06                HAL_PCD_ResetCallback
 *fill*         0x0000000008000e2a        0x2 
 .text.HAL_PCD_SuspendCallback
                0x0000000008000e2c       0x20 build/usbd_conf.o
                0x0000000008000e2c                HAL_PCD_SuspendCallback
 .text.HAL_PCD_ResumeCallback
                0x0000000008000e4c        0xc build/usbd_conf.o
                0x0000000008000e4c                HAL_PCD_ResumeCallback
 .text.USBD_LL_Init
                0x0000000008000e58       0x58 build/usbd_conf.o
                0x0000000008000e58                USBD_LL_Init
 .text.USBD_LL_Start
                0x0000000008000eb0       0x10 build/usbd_conf.o
                0x0000000008000eb0                USBD_LL_Start
 .text.USBD_LL_Stop
                0x0000000008000ec0       0x10 build/usbd_conf.o
                0x0000000008000ec0                USBD_LL_Stop
 .text.USBD_LL_OpenEP
                0x0000000008000ed0       0x16 build/usbd_conf.o
                0x0000000008000ed0                USBD_LL_OpenEP
 .text.USBD_LL_StallEP
                0x0000000008000ee6       0x10 build/usbd_conf.o
                0x0000000008000ee6                USBD_LL_StallEP
 .text.USBD_LL_ClearStallEP
                0x0000000008000ef6       0x10 build/usbd_conf.o
                0x0000000008000ef6                USBD_LL_ClearStallEP
 .text.USBD_LL_IsStallEP
                0x0000000008000f06       0x2e build/usbd_conf.o
                0x0000000008000f06                USBD_LL_IsStallEP
 .text.USBD_LL_SetUSBAddress
                0x0000000008000f34       0x10 build/usbd_conf.o
                0x0000000008000f34                USBD_LL_SetUSBAddress
 .text.USBD_LL_Transmit
                0x0000000008000f44       0x10 build/usbd_conf.o
                0x0000000008000f44                USBD_LL_Transmit
 .text.USBD_LL_PrepareReceive
                0x0000000008000f54       0x10 build/usbd_conf.o
                0x0000000008000f54                USBD_LL_PrepareReceive
 .text.USBD_static_malloc
                0x0000000008000f64        0x8 build/usbd_conf.o
                0x0000000008000f64                USBD_static_malloc
 .text.USBD_static_free
                0x0000000008000f6c        0x2 build/usbd_conf.o
                0x0000000008000f6c                USBD_static_free
 .text.HAL_PCDEx_SetConnectionState
                0x0000000008000f6e        0x2 build/usbd_conf.o
                0x0000000008000f6e                HAL_PCDEx_SetConnectionState
 .text.USBD_FS_DeviceDescriptor
                0x0000000008000f70        0xc build/usbd_desc.o
                0x0000000008000f70                USBD_FS_DeviceDescriptor
 .text.USBD_FS_LangIDStrDescriptor
                0x0000000008000f7c        0xc build/usbd_desc.o
                0x0000000008000f7c                USBD_FS_LangIDStrDescriptor
 .text.IntToUnicode
                0x0000000008000f88       0x36 build/usbd_desc.o
 *fill*         0x0000000008000fbe        0x2 
 .text.Get_SerialNum
                0x0000000008000fc0       0x34 build/usbd_desc.o
 .text.USBD_FS_SerialStrDescriptor
                0x0000000008000ff4       0x14 build/usbd_desc.o
                0x0000000008000ff4                USBD_FS_SerialStrDescriptor
 .text.USBD_FS_ProductStrDescriptor
                0x0000000008001008       0x24 build/usbd_desc.o
                0x0000000008001008                USBD_FS_ProductStrDescriptor
 .text.USBD_FS_ManufacturerStrDescriptor
                0x000000000800102c       0x1c build/usbd_desc.o
                0x000000000800102c                USBD_FS_ManufacturerStrDescriptor
 .text.USBD_FS_ConfigStrDescriptor
                0x0000000008001048       0x24 build/usbd_desc.o
                0x0000000008001048                USBD_FS_ConfigStrDescriptor
 .text.USBD_FS_InterfaceStrDescriptor
                0x000000000800106c       0x24 build/usbd_desc.o
                0x000000000800106c                USBD_FS_InterfaceStrDescriptor
 .text.MEM_If_Init_FS
                0x0000000008001090        0x4 build/usbd_dfu_if.o
 .text.MEM_If_DeInit_FS
                0x0000000008001094        0x4 build/usbd_dfu_if.o
 .text.MEM_If_Erase_FS
                0x0000000008001098        0x4 build/usbd_dfu_if.o
 .text.MEM_If_Write_FS
                0x000000000800109c        0x4 build/usbd_dfu_if.o
 .text.MEM_If_Read_FS
                0x00000000080010a0        0x4 build/usbd_dfu_if.o
 .text.MEM_If_GetStatus_FS
                0x00000000080010a4        0x4 build/usbd_dfu_if.o
 .text.NMI_Handler
                0x00000000080010a8        0x2 build/stm32f3xx_it.o
                0x00000000080010a8                NMI_Handler
 .text.HardFault_Handler
                0x00000000080010aa        0x2 build/stm32f3xx_it.o
                0x00000000080010aa                HardFault_Handler
 .text.MemManage_Handler
                0x00000000080010ac        0x2 build/stm32f3xx_it.o
                0x00000000080010ac                MemManage_Handler
 .text.BusFault_Handler
                0x00000000080010ae        0x2 build/stm32f3xx_it.o
                0x00000000080010ae                BusFault_Handler
 .text.UsageFault_Handler
                0x00000000080010b0        0x2 build/stm32f3xx_it.o
                0x00000000080010b0                UsageFault_Handler
 .text.SVC_Handler
                0x00000000080010b2        0x2 build/stm32f3xx_it.o
                0x00000000080010b2                SVC_Handler
 .text.DebugMon_Handler
                0x00000000080010b4        0x2 build/stm32f3xx_it.o
                0x00000000080010b4                DebugMon_Handler
 .text.PendSV_Handler
                0x00000000080010b6        0x2 build/stm32f3xx_it.o
                0x00000000080010b6                PendSV_Handler
 .text.SysTick_Handler
                0x00000000080010b8        0x8 build/stm32f3xx_it.o
                0x00000000080010b8                SysTick_Handler
 .text.USB_LP_CAN_RX0_IRQHandler
                0x00000000080010c0       0x10 build/stm32f3xx_it.o
                0x00000000080010c0                USB_LP_CAN_RX0_IRQHandler
 .text.HAL_MspInit
                0x00000000080010d0       0x30 build/stm32f3xx_hal_msp.o
                0x00000000080010d0                HAL_MspInit
 .text.HAL_PCD_Init
                0x0000000008001100       0xa8 build/stm32f3xx_hal_pcd.o
                0x0000000008001100                HAL_PCD_Init
 .text.HAL_PCD_Start
                0x00000000080011a8        0xc build/stm32f3xx_hal_pcd.o
                0x00000000080011a8                HAL_PCD_Start
 .text.HAL_PCD_Stop
                0x00000000080011b4       0x2c build/stm32f3xx_hal_pcd.o
                0x00000000080011b4                HAL_PCD_Stop
 .text.HAL_PCD_SetAddress
                0x00000000080011e0       0x2c build/stm32f3xx_hal_pcd.o
                0x00000000080011e0                HAL_PCD_SetAddress
 .text.HAL_PCD_EP_Open
                0x000000000800120c      0x3a6 build/stm32f3xx_hal_pcd.o
                0x000000000800120c                HAL_PCD_EP_Open
 .text.HAL_PCD_EP_Receive
                0x00000000080015b2      0x164 build/stm32f3xx_hal_pcd.o
                0x00000000080015b2                HAL_PCD_EP_Receive
 .text.HAL_PCD_EP_Transmit
                0x0000000008001716      0x136 build/stm32f3xx_hal_pcd.o
                0x0000000008001716                HAL_PCD_EP_Transmit
 .text.PCD_EP_ISR_Handler
                0x000000000800184c      0x484 build/stm32f3xx_hal_pcd.o
 .text.HAL_PCD_IRQHandler
                0x0000000008001cd0      0x118 build/stm32f3xx_hal_pcd.o
                0x0000000008001cd0                HAL_PCD_IRQHandler
 .text.HAL_PCD_EP_SetStall
                0x0000000008001de8       0xc0 build/stm32f3xx_hal_pcd.o
                0x0000000008001de8                HAL_PCD_EP_SetStall
 .text.HAL_PCD_EP_ClrStall
                0x0000000008001ea8       0xea build/stm32f3xx_hal_pcd.o
                0x0000000008001ea8                HAL_PCD_EP_ClrStall
 .text.HAL_PCDEx_PMAConfig
                0x0000000008001f92       0x40 build/stm32f3xx_hal_pcd_ex.o
                0x0000000008001f92                HAL_PCDEx_PMAConfig
 .text.PCD_WritePMA
                0x0000000008001fd2       0x2c build/stm32f3xx_hal_pcd_ex.o
                0x0000000008001fd2                PCD_WritePMA
 .text.PCD_ReadPMA
                0x0000000008001ffe       0x30 build/stm32f3xx_hal_pcd_ex.o
                0x0000000008001ffe                PCD_ReadPMA
 .text.ADC_Disable
                0x000000000800202e       0x7e build/stm32f3xx_hal_adc_ex.o
 .text.HAL_ADC_Init
                0x00000000080020ac      0x28c build/stm32f3xx_hal_adc_ex.o
                0x00000000080020ac                HAL_ADC_Init
 .text.HAL_ADC_ConfigChannel
                0x0000000008002338      0x3a8 build/stm32f3xx_hal_adc_ex.o
                0x0000000008002338                HAL_ADC_ConfigChannel
 .text.HAL_ADCEx_MultiModeConfigChannel
                0x00000000080026e0      0x158 build/stm32f3xx_hal_adc_ex.o
                0x00000000080026e0                HAL_ADCEx_MultiModeConfigChannel
 .text.HAL_I2C_Init
                0x0000000008002838       0xbc build/stm32f3xx_hal_i2c.o
                0x0000000008002838                HAL_I2C_Init
 .text.HAL_I2CEx_ConfigAnalogFilter
                0x00000000080028f4       0x62 build/stm32f3xx_hal_i2c_ex.o
                0x00000000080028f4                HAL_I2CEx_ConfigAnalogFilter
 .text.HAL_I2CEx_ConfigDigitalFilter
                0x0000000008002956       0x5e build/stm32f3xx_hal_i2c_ex.o
                0x0000000008002956                HAL_I2CEx_ConfigDigitalFilter
 .text.HAL_OPAMP_Init
                0x00000000080029b4       0xdc build/stm32f3xx_hal_opamp.o
                0x00000000080029b4                HAL_OPAMP_Init
 .text.HAL_SPI_Init
                0x0000000008002a90       0xba build/stm32f3xx_hal_spi.o
                0x0000000008002a90                HAL_SPI_Init
 *fill*         0x0000000008002b4a        0x2 
 .text.UART_SetConfig
                0x0000000008002b4c      0x2ac build/stm32f3xx_hal_uart.o
                0x0000000008002b4c                UART_SetConfig
 .text.UART_AdvFeatureConfig
                0x0000000008002df8       0xca build/stm32f3xx_hal_uart.o
                0x0000000008002df8                UART_AdvFeatureConfig
 .text.UART_WaitOnFlagUntilTimeout
                0x0000000008002ec2       0x62 build/stm32f3xx_hal_uart.o
                0x0000000008002ec2                UART_WaitOnFlagUntilTimeout
 .text.HAL_UART_Transmit
                0x0000000008002f24       0xce build/stm32f3xx_hal_uart.o
                0x0000000008002f24                HAL_UART_Transmit
 .text.UART_CheckIdleState
                0x0000000008002ff2       0x70 build/stm32f3xx_hal_uart.o
                0x0000000008002ff2                UART_CheckIdleState
 .text.HAL_UART_Init
                0x0000000008003062       0x66 build/stm32f3xx_hal_uart.o
                0x0000000008003062                HAL_UART_Init
 .text.HAL_InitTick
                0x00000000080030c8       0x4c build/stm32f3xx_hal.o
                0x00000000080030c8                HAL_InitTick
 .text.HAL_Init
                0x0000000008003114       0x24 build/stm32f3xx_hal.o
                0x0000000008003114                HAL_Init
 .text.HAL_IncTick
                0x0000000008003138       0x18 build/stm32f3xx_hal.o
                0x0000000008003138                HAL_IncTick
 .text.HAL_GetTick
                0x0000000008003150        0xc build/stm32f3xx_hal.o
                0x0000000008003150                HAL_GetTick
 .text.HAL_Delay
                0x000000000800315c       0x28 build/stm32f3xx_hal.o
                0x000000000800315c                HAL_Delay
 .text.HAL_RCC_OscConfig
                0x0000000008003184      0x608 build/stm32f3xx_hal_rcc.o
                0x0000000008003184                HAL_RCC_OscConfig
 .text.HAL_RCC_GetSysClockFreq
                0x000000000800378c       0x70 build/stm32f3xx_hal_rcc.o
                0x000000000800378c                HAL_RCC_GetSysClockFreq
 .text.HAL_RCC_ClockConfig
                0x00000000080037fc      0x1a0 build/stm32f3xx_hal_rcc.o
                0x00000000080037fc                HAL_RCC_ClockConfig
 .text.HAL_RCC_GetHCLKFreq
                0x000000000800399c        0xc build/stm32f3xx_hal_rcc.o
                0x000000000800399c                HAL_RCC_GetHCLKFreq
 .text.HAL_RCC_GetPCLK1Freq
                0x00000000080039a8       0x2c build/stm32f3xx_hal_rcc.o
                0x00000000080039a8                HAL_RCC_GetPCLK1Freq
 .text.HAL_RCC_GetPCLK2Freq
                0x00000000080039d4       0x2c build/stm32f3xx_hal_rcc.o
                0x00000000080039d4                HAL_RCC_GetPCLK2Freq
 .text.HAL_RCCEx_PeriphCLKConfig
                0x0000000008003a00      0x260 build/stm32f3xx_hal_rcc_ex.o
                0x0000000008003a00                HAL_RCCEx_PeriphCLKConfig
 .text.HAL_GPIO_Init
                0x0000000008003c60      0x194 build/stm32f3xx_hal_gpio.o
                0x0000000008003c60                HAL_GPIO_Init
 .text.HAL_GPIO_WritePin
                0x0000000008003df4        0xa build/stm32f3xx_hal_gpio.o
                0x0000000008003df4                HAL_GPIO_WritePin
 .text.HAL_GPIO_TogglePin
                0x0000000008003dfe        0x8 build/stm32f3xx_hal_gpio.o
                0x0000000008003dfe                HAL_GPIO_TogglePin
 *fill*         0x0000000008003e06        0x2 
 .text.HAL_NVIC_SetPriorityGrouping
                0x0000000008003e08       0x24 build/stm32f3xx_hal_cortex.o
                0x0000000008003e08                HAL_NVIC_SetPriorityGrouping
 .text.HAL_NVIC_SetPriority
                0x0000000008003e2c       0x68 build/stm32f3xx_hal_cortex.o
                0x0000000008003e2c                HAL_NVIC_SetPriority
 .text.HAL_NVIC_EnableIRQ
                0x0000000008003e94       0x18 build/stm32f3xx_hal_cortex.o
                0x0000000008003e94                HAL_NVIC_EnableIRQ
 .text.HAL_SYSTICK_Config
                0x0000000008003eac       0x2c build/stm32f3xx_hal_cortex.o
                0x0000000008003eac                HAL_SYSTICK_Config
 .text.SystemInit
                0x0000000008003ed8       0x68 build/system_stm32f3xx.o
                0x0000000008003ed8                SystemInit
 .text.USBD_Init
                0x0000000008003f40       0x2e build/usbd_core.o
                0x0000000008003f40                USBD_Init
 .text.USBD_RegisterClass
                0x0000000008003f6e        0xe build/usbd_core.o
                0x0000000008003f6e                USBD_RegisterClass
 .text.USBD_Start
                0x0000000008003f7c        0xa build/usbd_core.o
                0x0000000008003f7c                USBD_Start
 .text.USBD_Stop
                0x0000000008003f86       0x18 build/usbd_core.o
                0x0000000008003f86                USBD_Stop
 .text.USBD_SetClassConfig
                0x0000000008003f9e       0x1c build/usbd_core.o
                0x0000000008003f9e                USBD_SetClassConfig
 .text.USBD_ClrClassConfig
                0x0000000008003fba        0xe build/usbd_core.o
                0x0000000008003fba                USBD_ClrClassConfig
 .text.USBD_LL_SetupStage
                0x0000000008003fc8       0x5c build/usbd_core.o
                0x0000000008003fc8                USBD_LL_SetupStage
 .text.USBD_LL_DataOutStage
                0x0000000008004024       0x6c build/usbd_core.o
                0x0000000008004024                USBD_LL_DataOutStage
 .text.USBD_LL_DataInStage
                0x0000000008004090       0xb2 build/usbd_core.o
                0x0000000008004090                USBD_LL_DataInStage
 .text.USBD_LL_Reset
                0x0000000008004142       0x3e build/usbd_core.o
                0x0000000008004142                USBD_LL_Reset
 .text.USBD_LL_SetSpeed
                0x0000000008004180        0x6 build/usbd_core.o
                0x0000000008004180                USBD_LL_SetSpeed
 .text.USBD_LL_Suspend
                0x0000000008004186       0x12 build/usbd_core.o
                0x0000000008004186                USBD_LL_Suspend
 .text.USBD_LL_Resume
                0x0000000008004198        0xc build/usbd_core.o
                0x0000000008004198                USBD_LL_Resume
 .text.USBD_LL_SOF
                0x00000000080041a4       0x1c build/usbd_core.o
                0x00000000080041a4                USBD_LL_SOF
 .text.USBD_GetLen
                0x00000000080041c0       0x12 build/usbd_ctlreq.o
 .text.USBD_SetFeature
                0x00000000080041d2       0x20 build/usbd_ctlreq.o
 .text.USBD_ParseSetupRequest
                0x00000000080041f2       0x28 build/usbd_ctlreq.o
                0x00000000080041f2                USBD_ParseSetupRequest
 .text.USBD_CtlError
                0x000000000800421a       0x14 build/usbd_ctlreq.o
                0x000000000800421a                USBD_CtlError
 .text.USBD_GetDescriptor
                0x000000000800422e      0x138 build/usbd_ctlreq.o
 .text.USBD_SetAddress
                0x0000000008004366       0x4a build/usbd_ctlreq.o
 .text.USBD_SetConfig
                0x00000000080043b0       0xa4 build/usbd_ctlreq.o
 .text.USBD_GetConfig
                0x0000000008004454       0x3a build/usbd_ctlreq.o
 .text.USBD_GetStatus
                0x000000000800448e       0x2c build/usbd_ctlreq.o
 .text.USBD_ClrFeature
                0x00000000080044ba       0x30 build/usbd_ctlreq.o
 .text.USBD_StdDevReq
                0x00000000080044ea       0x48 build/usbd_ctlreq.o
                0x00000000080044ea                USBD_StdDevReq
 .text.USBD_StdItfReq
                0x0000000008004532       0x36 build/usbd_ctlreq.o
                0x0000000008004532                USBD_StdItfReq
 .text.USBD_StdEPReq
                0x0000000008004568      0x126 build/usbd_ctlreq.o
                0x0000000008004568                USBD_StdEPReq
 .text.USBD_GetString
                0x000000000800468e       0x38 build/usbd_ctlreq.o
                0x000000000800468e                USBD_GetString
 .text.USBD_CtlSendData
                0x00000000080046c6       0x1a build/usbd_ioreq.o
                0x00000000080046c6                USBD_CtlSendData
 .text.USBD_CtlContinueSendData
                0x00000000080046e0       0x10 build/usbd_ioreq.o
                0x00000000080046e0                USBD_CtlContinueSendData
 .text.USBD_CtlPrepareRx
                0x00000000080046f0       0x1e build/usbd_ioreq.o
                0x00000000080046f0                USBD_CtlPrepareRx
 .text.USBD_CtlContinueRx
                0x000000000800470e       0x10 build/usbd_ioreq.o
                0x000000000800470e                USBD_CtlContinueRx
 .text.USBD_CtlSendStatus
                0x000000000800471e       0x16 build/usbd_ioreq.o
                0x000000000800471e                USBD_CtlSendStatus
 .text.USBD_CtlReceiveStatus
                0x0000000008004734       0x16 build/usbd_ioreq.o
                0x0000000008004734                USBD_CtlReceiveStatus
 *fill*         0x000000000800474a        0x2 
 .text.USBD_DFU_GetCfgDesc
                0x000000000800474c        0xc build/usbd_dfu.o
 .text.USBD_DFU_DataIn
                0x0000000008004758        0x4 build/usbd_dfu.o
 .text.USBD_DFU_EP0_RxReady
                0x000000000800475c        0x4 build/usbd_dfu.o
 .text.USBD_DFU_SOF
                0x0000000008004760        0x4 build/usbd_dfu.o
 .text.USBD_DFU_IsoINIncomplete
                0x0000000008004764        0x4 build/usbd_dfu.o
 .text.USBD_DFU_IsoOutIncomplete
                0x0000000008004768        0x4 build/usbd_dfu.o
 .text.USBD_DFU_DataOut
                0x000000000800476c        0x4 build/usbd_dfu.o
 .text.USBD_DFU_GetDeviceQualifierDesc
                0x0000000008004770        0xc build/usbd_dfu.o
 .text.DFU_ClearStatus
                0x000000000800477c       0x52 build/usbd_dfu.o
 .text.DFU_Abort
                0x00000000080047ce       0x46 build/usbd_dfu.o
 .text.USBD_DFU_GetUsrStringDesc
                0x0000000008004814       0x20 build/usbd_dfu.o
 .text.DFU_Leave
                0x0000000008004834       0x7c build/usbd_dfu.o
 .text.USBD_DFU_EP0_TxReady
                0x00000000080048b0       0xf8 build/usbd_dfu.o
 .text.DFU_Upload
                0x00000000080049a8       0xec build/usbd_dfu.o
 .text.DFU_GetStatus
                0x0000000008004a94       0xe0 build/usbd_dfu.o
 .text.DFU_GetState
                0x0000000008004b74       0x12 build/usbd_dfu.o
 .text.DFU_Download
                0x0000000008004b86       0x6c build/usbd_dfu.o
 *fill*         0x0000000008004bf2        0x2 
 .text.DFU_Detach
                0x0000000008004bf4       0x6c build/usbd_dfu.o
 .text.USBD_DFU_Setup
                0x0000000008004c60       0xc0 build/usbd_dfu.o
 .text.USBD_DFU_DeInit
                0x0000000008004d20       0x44 build/usbd_dfu.o
 .text.USBD_DFU_Init
                0x0000000008004d64       0x5e build/usbd_dfu.o
 .text.USBD_DFU_RegisterMedia
                0x0000000008004dc2        0xa build/usbd_dfu.o
                0x0000000008004dc2                USBD_DFU_RegisterMedia
 .text.Reset_Handler
                0x0000000008004dcc       0x50 build/startup_stm32f303xc.o
                0x0000000008004dcc                Reset_Handler
 .text.Default_Handler
                0x0000000008004e1c        0x2 build/startup_stm32f303xc.o
                0x0000000008004e1c                TIM1_BRK_TIM15_IRQHandler
                0x0000000008004e1c                TIM8_TRG_COM_IRQHandler
                0x0000000008004e1c                TIM8_CC_IRQHandler
                0x0000000008004e1c                TIM1_CC_IRQHandler
                0x0000000008004e1c                USB_HP_IRQHandler
                0x0000000008004e1c                PVD_IRQHandler
                0x0000000008004e1c                TAMP_STAMP_IRQHandler
                0x0000000008004e1c                EXTI3_IRQHandler
                0x0000000008004e1c                USB_HP_CAN_TX_IRQHandler
                0x0000000008004e1c                EXTI0_IRQHandler
                0x0000000008004e1c                I2C2_EV_IRQHandler
                0x0000000008004e1c                FPU_IRQHandler
                0x0000000008004e1c                TIM1_UP_TIM16_IRQHandler
                0x0000000008004e1c                ADC1_2_IRQHandler
                0x0000000008004e1c                SPI1_IRQHandler
                0x0000000008004e1c                CAN_SCE_IRQHandler
                0x0000000008004e1c                TIM6_DAC_IRQHandler
                0x0000000008004e1c                TIM8_UP_IRQHandler
                0x0000000008004e1c                DMA2_Channel2_IRQHandler
                0x0000000008004e1c                DMA1_Channel4_IRQHandler
                0x0000000008004e1c                USART3_IRQHandler
                0x0000000008004e1c                DMA1_Channel7_IRQHandler
                0x0000000008004e1c                UART5_IRQHandler
                0x0000000008004e1c                ADC3_IRQHandler
                0x0000000008004e1c                TIM4_IRQHandler
                0x0000000008004e1c                CAN_RX1_IRQHandler
                0x0000000008004e1c                DMA2_Channel1_IRQHandler
                0x0000000008004e1c                I2C1_EV_IRQHandler
                0x0000000008004e1c                DMA1_Channel6_IRQHandler
                0x0000000008004e1c                UART4_IRQHandler
                0x0000000008004e1c                DMA2_Channel4_IRQHandler
                0x0000000008004e1c                TIM3_IRQHandler
                0x0000000008004e1c                RCC_IRQHandler
                0x0000000008004e1c                DMA1_Channel1_IRQHandler
                0x0000000008004e1c                Default_Handler
                0x0000000008004e1c                USBWakeUp_RMP_IRQHandler
                0x0000000008004e1c                EXTI15_10_IRQHandler
                0x0000000008004e1c                TIM7_IRQHandler
                0x0000000008004e1c                EXTI9_5_IRQHandler
                0x0000000008004e1c                RTC_WKUP_IRQHandler
                0x0000000008004e1c                SPI2_IRQHandler
                0x0000000008004e1c                DMA2_Channel5_IRQHandler
                0x0000000008004e1c                DMA1_Channel5_IRQHandler
                0x0000000008004e1c                USB_LP_IRQHandler
                0x0000000008004e1c                EXTI4_IRQHandler
                0x0000000008004e1c                TIM1_TRG_COM_TIM17_IRQHandler
                0x0000000008004e1c                DMA1_Channel3_IRQHandler
                0x0000000008004e1c                ADC4_IRQHandler
                0x0000000008004e1c                WWDG_IRQHandler
                0x0000000008004e1c                TIM2_IRQHandler
                0x0000000008004e1c                COMP7_IRQHandler
                0x0000000008004e1c                COMP1_2_3_IRQHandler
                0x0000000008004e1c                EXTI1_IRQHandler
                0x0000000008004e1c                USART2_IRQHandler
                0x0000000008004e1c                COMP4_5_6_IRQHandler
                0x0000000008004e1c                I2C2_ER_IRQHandler
                0x0000000008004e1c                DMA1_Channel2_IRQHandler
                0x0000000008004e1c                TIM8_BRK_IRQHandler
                0x0000000008004e1c                FLASH_IRQHandler
                0x0000000008004e1c                USART1_IRQHandler
                0x0000000008004e1c                SPI3_IRQHandler
                0x0000000008004e1c                I2C1_ER_IRQHandler
                0x0000000008004e1c                USBWakeUp_IRQHandler
                0x0000000008004e1c                DMA2_Channel3_IRQHandler
                0x0000000008004e1c                EXTI2_TSC_IRQHandler
                0x0000000008004e1c                RTC_Alarm_IRQHandler
 *fill*         0x0000000008004e1e        0x2 
 .text.__libc_init_array
                0x0000000008004e20       0x48 /usr/local/opt/gcc-arm-none-eabi-8-2019-q3-update/bin/../lib/gcc/arm-none-eabi/8.3.1/../../../../arm-none-eabi/lib/thumb/v7e-m+fp/hard/libc_nano.a(lib_a-init.o)
                0x0000000008004e20                __libc_init_array
 .text.memset   0x0000000008004e68       0x10 /usr/local/opt/gcc-arm-none-eabi-8-2019-q3-update/bin/../lib/gcc/arm-none-eabi/8.3.1/../../../../arm-none-eabi/lib/thumb/v7e-m+fp/hard/libc_nano.a(lib_a-memset.o)
                0x0000000008004e68                memset
 *(.glue_7)
 .glue_7        0x0000000008004e78        0x0 linker stubs
 *(.glue_7t)
 .glue_7t       0x0000000008004e78        0x0 linker stubs
 *(.eh_frame)
 .eh_frame      0x0000000008004e78        0x0 /usr/local/opt/gcc-arm-none-eabi-8-2019-q3-update/bin/../lib/gcc/arm-none-eabi/8.3.1/thumb/v7e-m+fp/hard/crtbegin.o
 *(.init)
 .init          0x0000000008004e78        0x4 /usr/local/opt/gcc-arm-none-eabi-8-2019-q3-update/bin/../lib/gcc/arm-none-eabi/8.3.1/thumb/v7e-m+fp/hard/crti.o
                0x0000000008004e78                _init
 .init          0x0000000008004e7c        0x8 /usr/local/opt/gcc-arm-none-eabi-8-2019-q3-update/bin/../lib/gcc/arm-none-eabi/8.3.1/thumb/v7e-m+fp/hard/crtn.o
 *(.fini)
 .fini          0x0000000008004e84        0x4 /usr/local/opt/gcc-arm-none-eabi-8-2019-q3-update/bin/../lib/gcc/arm-none-eabi/8.3.1/thumb/v7e-m+fp/hard/crti.o
                0x0000000008004e84                _fini
 .fini          0x0000000008004e88        0x8 /usr/local/opt/gcc-arm-none-eabi-8-2019-q3-update/bin/../lib/gcc/arm-none-eabi/8.3.1/thumb/v7e-m+fp/hard/crtn.o
                0x0000000008004e90                . = ALIGN (0x4)
                0x0000000008004e90                _etext = .

.vfp11_veneer   0x0000000008004e90        0x0
 .vfp11_veneer  0x0000000008004e90        0x0 linker stubs

.v4_bx          0x0000000008004e90        0x0
 .v4_bx         0x0000000008004e90        0x0 linker stubs

.iplt           0x0000000008004e90        0x0
 .iplt          0x0000000008004e90        0x0 /usr/local/opt/gcc-arm-none-eabi-8-2019-q3-update/bin/../lib/gcc/arm-none-eabi/8.3.1/thumb/v7e-m+fp/hard/crtbegin.o

.rodata         0x0000000008004e90       0xf8
                0x0000000008004e90                . = ALIGN (0x4)
 *(.rodata)
 *(.rodata*)
 .rodata.main.str1.4
                0x0000000008004e90        0xe build/main.o
 *fill*         0x0000000008004e9e        0x2 
 .rodata.USBD_FS_ConfigStrDescriptor.str1.4
                0x0000000008004ea0        0xb build/usbd_desc.o
 *fill*         0x0000000008004eab        0x1 
 .rodata.USBD_FS_InterfaceStrDescriptor.str1.4
                0x0000000008004eac        0xe build/usbd_desc.o
 *fill*         0x0000000008004eba        0x2 
 .rodata.USBD_FS_ManufacturerStrDescriptor.str1.4
                0x0000000008004ebc       0x13 build/usbd_desc.o
 *fill*         0x0000000008004ecf        0x1 
 .rodata.USBD_FS_ProductStrDescriptor.str1.4
                0x0000000008004ed0       0x1f build/usbd_desc.o
 *fill*         0x0000000008004eef        0x1 
 .rodata.str1.4
                0x0000000008004ef0       0x60 build/usbd_dfu_if.o
                                         0x5d (size before relaxing)
 .rodata.aPLLMULFactorTable
                0x0000000008004f50       0x10 build/stm32f3xx_hal_rcc.o
                0x0000000008004f50                aPLLMULFactorTable
 .rodata.aPredivFactorTable
                0x0000000008004f60       0x10 build/stm32f3xx_hal_rcc.o
                0x0000000008004f60                aPredivFactorTable
 .rodata.AHBPrescTable
                0x0000000008004f70       0x10 build/system_stm32f3xx.o
                0x0000000008004f70                AHBPrescTable
 .rodata.APBPrescTable
                0x0000000008004f80        0x8 build/system_stm32f3xx.o
                0x0000000008004f80                APBPrescTable
                0x0000000008004f88                . = ALIGN (0x4)

.rel.dyn        0x0000000008004f88        0x0
 .rel.iplt      0x0000000008004f88        0x0 /usr/local/opt/gcc-arm-none-eabi-8-2019-q3-update/bin/../lib/gcc/arm-none-eabi/8.3.1/thumb/v7e-m+fp/hard/crtbegin.o

.ARM.extab
 *(.ARM.extab* .gnu.linkonce.armextab.*)

.ARM            0x0000000008004f88        0x0
                0x0000000008004f88                __exidx_start = .
 *(.ARM.exidx*)
                0x0000000008004f88                __exidx_end = .

.preinit_array  0x0000000008004f88        0x0
                0x0000000008004f88                PROVIDE (__preinit_array_start = .)
 *(.preinit_array*)
                0x0000000008004f88                PROVIDE (__preinit_array_end = .)

.init_array     0x0000000008004f88        0x4
                0x0000000008004f88                PROVIDE (__init_array_start = .)
 *(SORT_BY_NAME(.init_array.*))
 *(.init_array*)
 .init_array    0x0000000008004f88        0x4 /usr/local/opt/gcc-arm-none-eabi-8-2019-q3-update/bin/../lib/gcc/arm-none-eabi/8.3.1/thumb/v7e-m+fp/hard/crtbegin.o
                0x0000000008004f8c                PROVIDE (__init_array_end = .)

.fini_array     0x0000000008004f8c        0x4
                [!provide]                        PROVIDE (__fini_array_start = .)
 *(SORT_BY_NAME(.fini_array.*))
 *(.fini_array*)
 .fini_array    0x0000000008004f8c        0x4 /usr/local/opt/gcc-arm-none-eabi-8-2019-q3-update/bin/../lib/gcc/arm-none-eabi/8.3.1/thumb/v7e-m+fp/hard/crtbegin.o
                [!provide]                        PROVIDE (__fini_array_end = .)
                0x0000000008004f90                _sidata = LOADADDR (.data)

.data           0x0000000020000000       0xdc load address 0x0000000008004f90
                0x0000000020000000                . = ALIGN (0x4)
                0x0000000020000000                _sdata = .
 *(.data)
 *(.data*)
 .data.FS_Desc  0x0000000020000000       0x1c build/usbd_desc.o
                0x0000000020000000                FS_Desc
 .data.USBD_FS_DeviceDesc
                0x000000002000001c       0x12 build/usbd_desc.o
                0x000000002000001c                USBD_FS_DeviceDesc
 *fill*         0x000000002000002e        0x2 
 .data.USBD_LangIDDesc
                0x0000000020000030        0x4 build/usbd_desc.o
                0x0000000020000030                USBD_LangIDDesc
 .data.USBD_StringSerial
                0x0000000020000034       0x1a build/usbd_desc.o
                0x0000000020000034                USBD_StringSerial
 *fill*         0x000000002000004e        0x2 
 .data.USBD_DFU_fops_FS
                0x0000000020000050       0x1c build/usbd_dfu_if.o
                0x0000000020000050                USBD_DFU_fops_FS
 .data.uwTickFreq
                0x000000002000006c        0x1 build/stm32f3xx_hal.o
                0x000000002000006c                uwTickFreq
 *fill*         0x000000002000006d        0x3 
 .data.uwTickPrio
                0x0000000020000070        0x4 build/stm32f3xx_hal.o
                0x0000000020000070                uwTickPrio
 .data.SystemCoreClock
                0x0000000020000074        0x4 build/system_stm32f3xx.o
                0x0000000020000074                SystemCoreClock
 .data.USBD_DFU
                0x0000000020000078       0x3c build/usbd_dfu.o
                0x0000000020000078                USBD_DFU
 .data.USBD_DFU_CfgDesc
                0x00000000200000b4       0x1b build/usbd_dfu.o
 *fill*         0x00000000200000cf        0x1 
 .data.USBD_DFU_DeviceQualifierDesc
                0x00000000200000d0        0xa build/usbd_dfu.o
                0x00000000200000dc                . = ALIGN (0x4)
 *fill*         0x00000000200000da        0x2 
                0x00000000200000dc                _edata = .
                0x000000000800506c                _siccmram = LOADADDR (.ccmram)

.igot.plt       0x00000000200000dc        0x0 load address 0x000000000800506c
 .igot.plt      0x00000000200000dc        0x0 /usr/local/opt/gcc-arm-none-eabi-8-2019-q3-update/bin/../lib/gcc/arm-none-eabi/8.3.1/thumb/v7e-m+fp/hard/crtbegin.o

.ccmram         0x0000000010000000        0x0 load address 0x000000000800506c
                0x0000000010000000                . = ALIGN (0x4)
                0x0000000010000000                _sccmram = .
 *(.ccmram)
 *(.ccmram*)
                0x0000000010000000                . = ALIGN (0x4)
                0x0000000010000000                _eccmram = .
                0x0000000010000000                . = ALIGN (0x4)

.bss            0x00000000200000dc     0x10fc
                0x00000000200000dc                _sbss = .
                0x00000000200000dc                __bss_start__ = _sbss
 *(.bss)
 .bss           0x00000000200000dc       0x1c /usr/local/opt/gcc-arm-none-eabi-8-2019-q3-update/bin/../lib/gcc/arm-none-eabi/8.3.1/thumb/v7e-m+fp/hard/crtbegin.o
 *(.bss*)
 .bss.HAL_RCC_ADC12_CLK_ENABLED
                0x00000000200000f8        0x4 build/adc.o
 .bss.HAL_RCC_ADC34_CLK_ENABLED
                0x00000000200000fc        0x4 build/adc.o
 .bss.mem.10295
                0x0000000020000100      0x41c build/usbd_conf.o
 .bss.cfgidx.10206
                0x000000002000051c        0x1 build/usbd_ctlreq.o
 *fill*         0x000000002000051d        0x3 
 .bss.USBD_StrDesc.10288
                0x0000000020000520       0xff build/usbd_dfu.o
 *(COMMON)
 *fill*         0x000000002000061f        0x1 
 COMMON         0x0000000020000620       0x64 build/main.o
                0x0000000020000620                log_buffer
 COMMON         0x0000000020000684      0x150 build/adc.o
                0x0000000020000684                hadc2
                0x00000000200006d8                hadc1
                0x000000002000072c                hadc3
                0x0000000020000780                hadc4
 COMMON         0x00000000200007d4       0x4c build/i2c.o
                0x00000000200007d4                hi2c1
 COMMON         0x0000000020000820       0x34 build/opamp.o
                0x0000000020000820                hopamp4
 COMMON         0x0000000020000854       0x64 build/spi.o
                0x0000000020000854                hspi3
 COMMON         0x00000000200008b8      0x150 build/usart.o
                0x00000000200008b8                huart3
                0x0000000020000928                huart1
                0x0000000020000998                huart2
 COMMON         0x0000000020000a08      0x224 build/usb_device.o
                0x0000000020000a08                hUsbDeviceFS
 COMMON         0x0000000020000c2c      0x3a8 build/usbd_conf.o
                0x0000000020000c2c                hpcd_USB_FS
 COMMON         0x0000000020000fd4      0x200 build/usbd_desc.o
                0x0000000020000fd4                USBD_StrDesc
 COMMON         0x00000000200011d4        0x4 build/stm32f3xx_hal.o
                0x00000000200011d4                uwTick
                0x00000000200011d8                . = ALIGN (0x4)
                0x00000000200011d8                _ebss = .
                0x00000000200011d8                __bss_end__ = _ebss

._user_heap_stack
                0x00000000200011d8      0x600
                0x00000000200011d8                . = ALIGN (0x8)
                [!provide]                        PROVIDE (end = .)
                [!provide]                        PROVIDE (_end = .)
                0x00000000200013d8                . = (. + _Min_Heap_Size)
 *fill*         0x00000000200011d8      0x200 
                0x00000000200017d8                . = (. + _Min_Stack_Size)
 *fill*         0x00000000200013d8      0x400 
                0x00000000200017d8                . = ALIGN (0x8)

/DISCARD/
 libc.a(*)
 libm.a(*)
 libgcc.a(*)

.ARM.attributes
                0x0000000000000000       0x30
 *(.ARM.attributes)
 .ARM.attributes
                0x0000000000000000       0x1e /usr/local/opt/gcc-arm-none-eabi-8-2019-q3-update/bin/../lib/gcc/arm-none-eabi/8.3.1/thumb/v7e-m+fp/hard/crti.o
 .ARM.attributes
                0x000000000000001e       0x34 /usr/local/opt/gcc-arm-none-eabi-8-2019-q3-update/bin/../lib/gcc/arm-none-eabi/8.3.1/thumb/v7e-m+fp/hard/crtbegin.o
 .ARM.attributes
                0x0000000000000052       0x34 build/main.o
 .ARM.attributes
                0x0000000000000086       0x34 build/gpio.o
 .ARM.attributes
                0x00000000000000ba       0x34 build/adc.o
 .ARM.attributes
                0x00000000000000ee       0x34 build/i2c.o
 .ARM.attributes
                0x0000000000000122       0x34 build/opamp.o
 .ARM.attributes
                0x0000000000000156       0x34 build/spi.o
 .ARM.attributes
                0x000000000000018a       0x34 build/usart.o
 .ARM.attributes
                0x00000000000001be       0x34 build/usb_device.o
 .ARM.attributes
                0x00000000000001f2       0x34 build/usbd_conf.o
 .ARM.attributes
                0x0000000000000226       0x34 build/usbd_desc.o
 .ARM.attributes
                0x000000000000025a       0x34 build/usbd_dfu_if.o
 .ARM.attributes
                0x000000000000028e       0x34 build/stm32f3xx_it.o
 .ARM.attributes
                0x00000000000002c2       0x34 build/stm32f3xx_hal_msp.o
 .ARM.attributes
                0x00000000000002f6       0x34 build/stm32f3xx_hal_pcd.o
 .ARM.attributes
                0x000000000000032a       0x34 build/stm32f3xx_hal_pcd_ex.o
 .ARM.attributes
                0x000000000000035e       0x34 build/stm32f3xx_hal_adc_ex.o
 .ARM.attributes
                0x0000000000000392       0x34 build/stm32f3xx_hal_i2c.o
 .ARM.attributes
                0x00000000000003c6       0x34 build/stm32f3xx_hal_i2c_ex.o
 .ARM.attributes
                0x00000000000003fa       0x34 build/stm32f3xx_hal_opamp.o
 .ARM.attributes
                0x000000000000042e       0x34 build/stm32f3xx_hal_spi.o
 .ARM.attributes
                0x0000000000000462       0x34 build/stm32f3xx_hal_uart.o
 .ARM.attributes
                0x0000000000000496       0x34 build/stm32f3xx_hal.o
 .ARM.attributes
                0x00000000000004ca       0x34 build/stm32f3xx_hal_rcc.o
 .ARM.attributes
                0x00000000000004fe       0x34 build/stm32f3xx_hal_rcc_ex.o
 .ARM.attributes
                0x0000000000000532       0x34 build/stm32f3xx_hal_gpio.o
 .ARM.attributes
                0x0000000000000566       0x34 build/stm32f3xx_hal_cortex.o
 .ARM.attributes
                0x000000000000059a       0x34 build/system_stm32f3xx.o
 .ARM.attributes
                0x00000000000005ce       0x34 build/usbd_core.o
 .ARM.attributes
                0x0000000000000602       0x34 build/usbd_ctlreq.o
 .ARM.attributes
                0x0000000000000636       0x34 build/usbd_ioreq.o
 .ARM.attributes
                0x000000000000066a       0x34 build/usbd_dfu.o
 .ARM.attributes
                0x000000000000069e       0x21 build/startup_stm32f303xc.o
 .ARM.attributes
                0x00000000000006bf       0x34 /usr/local/opt/gcc-arm-none-eabi-8-2019-q3-update/bin/../lib/gcc/arm-none-eabi/8.3.1/../../../../arm-none-eabi/lib/thumb/v7e-m+fp/hard/libc_nano.a(lib_a-init.o)
 .ARM.attributes
                0x00000000000006f3       0x34 /usr/local/opt/gcc-arm-none-eabi-8-2019-q3-update/bin/../lib/gcc/arm-none-eabi/8.3.1/../../../../arm-none-eabi/lib/thumb/v7e-m+fp/hard/libc_nano.a(lib_a-memset.o)
 .ARM.attributes
                0x0000000000000727       0x17 /usr/local/opt/gcc-arm-none-eabi-8-2019-q3-update/bin/../lib/gcc/arm-none-eabi/8.3.1/../../../../arm-none-eabi/lib/thumb/v7e-m+fp/hard/libc_nano.a(lib_a-strlen.o)
 .ARM.attributes
                0x000000000000073e       0x1e /usr/local/opt/gcc-arm-none-eabi-8-2019-q3-update/bin/../lib/gcc/arm-none-eabi/8.3.1/thumb/v7e-m+fp/hard/crtn.o
OUTPUT(build/STM32-rPi_Sombrero_v0.5.elf elf32-littlearm)

.debug_info     0x0000000000000000    0x31bf3
 .debug_info    0x0000000000000000     0x24cd build/main.o
 .debug_info    0x00000000000024cd      0xfe6 build/gpio.o
 .debug_info    0x00000000000034b3     0x1afa build/adc.o
 .debug_info    0x0000000000004fad     0x14d0 build/i2c.o
 .debug_info    0x000000000000647d     0x10d2 build/opamp.o
 .debug_info    0x000000000000754f     0x14bb build/spi.o
 .debug_info    0x0000000000008a0a     0x1749 build/usart.o
 .debug_info    0x000000000000a153     0x1218 build/usb_device.o
 .debug_info    0x000000000000b36b     0x295d build/usbd_conf.o
 .debug_info    0x000000000000dcc8     0x10a2 build/usbd_desc.o
 .debug_info    0x000000000000ed6a     0x127a build/usbd_dfu_if.o
 .debug_info    0x000000000000ffe4     0x10c0 build/stm32f3xx_it.o
 .debug_info    0x00000000000110a4      0xc48 build/stm32f3xx_hal_msp.o
 .debug_info    0x0000000000011cec     0x1eb0 build/stm32f3xx_hal_pcd.o
 .debug_info    0x0000000000013b9c     0x1220 build/stm32f3xx_hal_pcd_ex.o
 .debug_info    0x0000000000014dbc     0x296b build/stm32f3xx_hal_adc_ex.o
 .debug_info    0x0000000000017727     0x4257 build/stm32f3xx_hal_i2c.o
 .debug_info    0x000000000001b97e     0x13cd build/stm32f3xx_hal_i2c_ex.o
 .debug_info    0x000000000001cd4b     0x11bc build/stm32f3xx_hal_opamp.o
 .debug_info    0x000000000001df07     0x2c03 build/stm32f3xx_hal_spi.o
 .debug_info    0x0000000000020b0a     0x2826 build/stm32f3xx_hal_uart.o
 .debug_info    0x0000000000023330     0x132e build/stm32f3xx_hal.o
 .debug_info    0x000000000002465e     0x2306 build/stm32f3xx_hal_rcc.o
 .debug_info    0x0000000000026964     0x12a0 build/stm32f3xx_hal_rcc_ex.o
 .debug_info    0x0000000000027c04     0x11ca build/stm32f3xx_hal_gpio.o
 .debug_info    0x0000000000028dce     0x1b1d build/stm32f3xx_hal_cortex.o
 .debug_info    0x000000000002a8eb      0xe8b build/system_stm32f3xx.o
 .debug_info    0x000000000002b776     0x1898 build/usbd_core.o
 .debug_info    0x000000000002d00e     0x1a40 build/usbd_ctlreq.o
 .debug_info    0x000000000002ea4e     0x130e build/usbd_ioreq.o
 .debug_info    0x000000000002fd5c     0x1e75 build/usbd_dfu.o
 .debug_info    0x0000000000031bd1       0x22 build/startup_stm32f303xc.o

.debug_abbrev   0x0000000000000000     0x5c7f
 .debug_abbrev  0x0000000000000000      0x30c build/main.o
 .debug_abbrev  0x000000000000030c      0x239 build/gpio.o
 .debug_abbrev  0x0000000000000545      0x2bc build/adc.o
 .debug_abbrev  0x0000000000000801      0x27b build/i2c.o
 .debug_abbrev  0x0000000000000a7c      0x27b build/opamp.o
 .debug_abbrev  0x0000000000000cf7      0x299 build/spi.o
 .debug_abbrev  0x0000000000000f90      0x2b6 build/usart.o
 .debug_abbrev  0x0000000000001246      0x228 build/usb_device.o
 .debug_abbrev  0x000000000000146e      0x39c build/usbd_conf.o
 .debug_abbrev  0x000000000000180a      0x320 build/usbd_desc.o
 .debug_abbrev  0x0000000000001b2a      0x23c build/usbd_dfu_if.o
 .debug_abbrev  0x0000000000001d66      0x22d build/stm32f3xx_it.o
 .debug_abbrev  0x0000000000001f93      0x208 build/stm32f3xx_hal_msp.o
 .debug_abbrev  0x000000000000219b      0x3ed build/stm32f3xx_hal_pcd.o
 .debug_abbrev  0x0000000000002588      0x28c build/stm32f3xx_hal_pcd_ex.o
 .debug_abbrev  0x0000000000002814      0x39f build/stm32f3xx_hal_adc_ex.o
 .debug_abbrev  0x0000000000002bb3      0x376 build/stm32f3xx_hal_i2c.o
 .debug_abbrev  0x0000000000002f29      0x2a4 build/stm32f3xx_hal_i2c_ex.o
 .debug_abbrev  0x00000000000031cd      0x2fa build/stm32f3xx_hal_opamp.o
 .debug_abbrev  0x00000000000034c7      0x342 build/stm32f3xx_hal_spi.o
 .debug_abbrev  0x0000000000003809      0x358 build/stm32f3xx_hal_uart.o
 .debug_abbrev  0x0000000000003b61      0x308 build/stm32f3xx_hal.o
 .debug_abbrev  0x0000000000003e69      0x3eb build/stm32f3xx_hal_rcc.o
 .debug_abbrev  0x0000000000004254      0x385 build/stm32f3xx_hal_rcc_ex.o
 .debug_abbrev  0x00000000000045d9      0x30a build/stm32f3xx_hal_gpio.o
 .debug_abbrev  0x00000000000048e3      0x444 build/stm32f3xx_hal_cortex.o
 .debug_abbrev  0x0000000000004d27      0x236 build/system_stm32f3xx.o
 .debug_abbrev  0x0000000000004f5d      0x334 build/usbd_core.o
 .debug_abbrev  0x0000000000005291      0x387 build/usbd_ctlreq.o
 .debug_abbrev  0x0000000000005618      0x229 build/usbd_ioreq.o
 .debug_abbrev  0x0000000000005841      0x42c build/usbd_dfu.o
 .debug_abbrev  0x0000000000005c6d       0x12 build/startup_stm32f303xc.o

.debug_loc      0x0000000000000000    0x14b8c
 .debug_loc     0x0000000000000000       0xd2 build/main.o
 .debug_loc     0x00000000000000d2       0x39 build/gpio.o
 .debug_loc     0x000000000000010b      0x241 build/adc.o
 .debug_loc     0x000000000000034c      0x108 build/i2c.o
 .debug_loc     0x0000000000000454      0x108 build/opamp.o
 .debug_loc     0x000000000000055c      0x163 build/spi.o
 .debug_loc     0x00000000000006bf      0x210 build/usart.o
 .debug_loc     0x00000000000008cf       0x20 build/usb_device.o
 .debug_loc     0x00000000000008ef      0xf25 build/usbd_conf.o
 .debug_loc     0x0000000000001814      0x47b build/usbd_desc.o
 .debug_loc     0x0000000000001c8f       0x94 build/usbd_dfu_if.o
 .debug_loc     0x0000000000001d23       0x40 build/stm32f3xx_it.o
 .debug_loc     0x0000000000001d63       0x2c build/stm32f3xx_hal_msp.o
 .debug_loc     0x0000000000001d8f     0x1239 build/stm32f3xx_hal_pcd.o
 .debug_loc     0x0000000000002fc8      0x465 build/stm32f3xx_hal_pcd_ex.o
 .debug_loc     0x000000000000342d     0x26ab build/stm32f3xx_hal_adc_ex.o
 .debug_loc     0x0000000000005ad8     0x4ca5 build/stm32f3xx_hal_i2c.o
 .debug_loc     0x000000000000a77d      0x2a7 build/stm32f3xx_hal_i2c_ex.o
 .debug_loc     0x000000000000aa24      0x871 build/stm32f3xx_hal_opamp.o
 .debug_loc     0x000000000000b295     0x2749 build/stm32f3xx_hal_spi.o
 .debug_loc     0x000000000000d9de     0x1f1c build/stm32f3xx_hal_uart.o
 .debug_loc     0x000000000000f8fa      0x1cc build/stm32f3xx_hal.o
 .debug_loc     0x000000000000fac6      0xf1f build/stm32f3xx_hal_rcc.o
 .debug_loc     0x00000000000109e5      0xabe build/stm32f3xx_hal_rcc_ex.o
 .debug_loc     0x00000000000114a3      0x4c3 build/stm32f3xx_hal_gpio.o
 .debug_loc     0x0000000000011966      0x790 build/stm32f3xx_hal_cortex.o
 .debug_loc     0x00000000000120f6      0x123 build/system_stm32f3xx.o
 .debug_loc     0x0000000000012219      0x9e0 build/usbd_core.o
 .debug_loc     0x0000000000012bf9      0xe1f build/usbd_ctlreq.o
 .debug_loc     0x0000000000013a18      0x364 build/usbd_ioreq.o
 .debug_loc     0x0000000000013d7c      0xe10 build/usbd_dfu.o

.debug_aranges  0x0000000000000000     0x12c0
 .debug_aranges
                0x0000000000000000       0x30 build/main.o
 .debug_aranges
                0x0000000000000030       0x20 build/gpio.o
 .debug_aranges
                0x0000000000000050       0x48 build/adc.o
 .debug_aranges
                0x0000000000000098       0x30 build/i2c.o
 .debug_aranges
                0x00000000000000c8       0x30 build/opamp.o
 .debug_aranges
                0x00000000000000f8       0x38 build/spi.o
 .debug_aranges
                0x0000000000000130       0x48 build/usart.o
 .debug_aranges
                0x0000000000000178       0x20 build/usb_device.o
 .debug_aranges
                0x0000000000000198      0x118 build/usbd_conf.o
 .debug_aranges
                0x00000000000002b0       0x60 build/usbd_desc.o
 .debug_aranges
                0x0000000000000310       0x48 build/usbd_dfu_if.o
 .debug_aranges
                0x0000000000000358       0x68 build/stm32f3xx_it.o
 .debug_aranges
                0x00000000000003c0       0x20 build/stm32f3xx_hal_msp.o
 .debug_aranges
                0x00000000000003e0      0x120 build/stm32f3xx_hal_pcd.o
 .debug_aranges
                0x0000000000000500       0x38 build/stm32f3xx_hal_pcd_ex.o
 .debug_aranges
                0x0000000000000538      0x168 build/stm32f3xx_hal_adc_ex.o
 .debug_aranges
                0x00000000000006a0      0x260 build/stm32f3xx_hal_i2c.o
 .debug_aranges
                0x0000000000000900       0x48 build/stm32f3xx_hal_i2c_ex.o
 .debug_aranges
                0x0000000000000948       0x68 build/stm32f3xx_hal_opamp.o
 .debug_aranges
                0x00000000000009b0      0x1d8 build/stm32f3xx_hal_spi.o
 .debug_aranges
                0x0000000000000b88      0x1f0 build/stm32f3xx_hal_uart.o
 .debug_aranges
                0x0000000000000d78       0xe0 build/stm32f3xx_hal.o
 .debug_aranges
                0x0000000000000e58       0x88 build/stm32f3xx_hal_rcc.o
 .debug_aranges
                0x0000000000000ee0       0x38 build/stm32f3xx_hal_rcc_ex.o
 .debug_aranges
                0x0000000000000f18       0x58 build/stm32f3xx_hal_gpio.o
 .debug_aranges
                0x0000000000000f70       0xa8 build/stm32f3xx_hal_cortex.o
 .debug_aranges
                0x0000000000001018       0x28 build/system_stm32f3xx.o
 .debug_aranges
                0x0000000000001040       0xb8 build/usbd_core.o
 .debug_aranges
                0x00000000000010f8       0x88 build/usbd_ctlreq.o
 .debug_aranges
                0x0000000000001180       0x50 build/usbd_ioreq.o
 .debug_aranges
                0x00000000000011d0       0xc8 build/usbd_dfu.o
 .debug_aranges
                0x0000000000001298       0x28 build/startup_stm32f303xc.o

.debug_ranges   0x0000000000000000     0x11f0
 .debug_ranges  0x0000000000000000       0x38 build/main.o
 .debug_ranges  0x0000000000000038       0x10 build/gpio.o
 .debug_ranges  0x0000000000000048       0x38 build/adc.o
 .debug_ranges  0x0000000000000080       0x20 build/i2c.o
 .debug_ranges  0x00000000000000a0       0x20 build/opamp.o
 .debug_ranges  0x00000000000000c0       0x28 build/spi.o
 .debug_ranges  0x00000000000000e8       0x38 build/usart.o
 .debug_ranges  0x0000000000000120       0x10 build/usb_device.o
 .debug_ranges  0x0000000000000130      0x108 build/usbd_conf.o
 .debug_ranges  0x0000000000000238       0x50 build/usbd_desc.o
 .debug_ranges  0x0000000000000288       0x38 build/usbd_dfu_if.o
 .debug_ranges  0x00000000000002c0       0x58 build/stm32f3xx_it.o
 .debug_ranges  0x0000000000000318       0x10 build/stm32f3xx_hal_msp.o
 .debug_ranges  0x0000000000000328      0x1a0 build/stm32f3xx_hal_pcd.o
 .debug_ranges  0x00000000000004c8       0x28 build/stm32f3xx_hal_pcd_ex.o
 .debug_ranges  0x00000000000004f0      0x158 build/stm32f3xx_hal_adc_ex.o
 .debug_ranges  0x0000000000000648      0x250 build/stm32f3xx_hal_i2c.o
 .debug_ranges  0x0000000000000898       0x38 build/stm32f3xx_hal_i2c_ex.o
 .debug_ranges  0x00000000000008d0       0x58 build/stm32f3xx_hal_opamp.o
 .debug_ranges  0x0000000000000928      0x1c8 build/stm32f3xx_hal_spi.o
 .debug_ranges  0x0000000000000af0      0x1e0 build/stm32f3xx_hal_uart.o
 .debug_ranges  0x0000000000000cd0       0xd0 build/stm32f3xx_hal.o
 .debug_ranges  0x0000000000000da0       0x98 build/stm32f3xx_hal_rcc.o
 .debug_ranges  0x0000000000000e38       0x40 build/stm32f3xx_hal_rcc_ex.o
 .debug_ranges  0x0000000000000e78       0x48 build/stm32f3xx_hal_gpio.o
 .debug_ranges  0x0000000000000ec0       0xe0 build/stm32f3xx_hal_cortex.o
 .debug_ranges  0x0000000000000fa0       0x18 build/system_stm32f3xx.o
 .debug_ranges  0x0000000000000fb8       0xa8 build/usbd_core.o
 .debug_ranges  0x0000000000001060       0x78 build/usbd_ctlreq.o
 .debug_ranges  0x00000000000010d8       0x40 build/usbd_ioreq.o
 .debug_ranges  0x0000000000001118       0xb8 build/usbd_dfu.o
 .debug_ranges  0x00000000000011d0       0x20 build/startup_stm32f303xc.o

.debug_line     0x0000000000000000    0x15f9e
 .debug_line    0x0000000000000000      0x521 build/main.o
 .debug_line    0x0000000000000521      0x3c0 build/gpio.o
 .debug_line    0x00000000000008e1      0x8a1 build/adc.o
 .debug_line    0x0000000000001182      0x3c3 build/i2c.o
 .debug_line    0x0000000000001545      0x362 build/opamp.o
 .debug_line    0x00000000000018a7      0x3c7 build/spi.o
 .debug_line    0x0000000000001c6e      0x57a build/usart.o
 .debug_line    0x00000000000021e8      0x36a build/usb_device.o
 .debug_line    0x0000000000002552      0x8f4 build/usbd_conf.o
 .debug_line    0x0000000000002e46      0x4ac build/usbd_desc.o
 .debug_line    0x00000000000032f2      0x393 build/usbd_dfu_if.o
 .debug_line    0x0000000000003685      0x340 build/stm32f3xx_it.o
 .debug_line    0x00000000000039c5      0x243 build/stm32f3xx_hal_msp.o
 .debug_line    0x0000000000003c08     0x1175 build/stm32f3xx_hal_pcd.o
 .debug_line    0x0000000000004d7d      0x43b build/stm32f3xx_hal_pcd_ex.o
 .debug_line    0x00000000000051b8     0x2962 build/stm32f3xx_hal_adc_ex.o
 .debug_line    0x0000000000007b1a     0x3a2b build/stm32f3xx_hal_i2c.o
 .debug_line    0x000000000000b545      0x581 build/stm32f3xx_hal_i2c_ex.o
 .debug_line    0x000000000000bac6      0x749 build/stm32f3xx_hal_opamp.o
 .debug_line    0x000000000000c20f     0x26e3 build/stm32f3xx_hal_spi.o
 .debug_line    0x000000000000e8f2     0x1d42 build/stm32f3xx_hal_uart.o
 .debug_line    0x0000000000010634      0x581 build/stm32f3xx_hal.o
 .debug_line    0x0000000000010bb5     0x11a3 build/stm32f3xx_hal_rcc.o
 .debug_line    0x0000000000011d58      0xb78 build/stm32f3xx_hal_rcc_ex.o
 .debug_line    0x00000000000128d0      0x748 build/stm32f3xx_hal_gpio.o
 .debug_line    0x0000000000013018      0x77a build/stm32f3xx_hal_cortex.o
 .debug_line    0x0000000000013792      0x333 build/system_stm32f3xx.o
 .debug_line    0x0000000000013ac5      0x7cf build/usbd_core.o
 .debug_line    0x0000000000014294      0x9c0 build/usbd_ctlreq.o
 .debug_line    0x0000000000014c54      0x3f5 build/usbd_ioreq.o
 .debug_line    0x0000000000015049      0xee1 build/usbd_dfu.o
 .debug_line    0x0000000000015f2a       0x74 build/startup_stm32f303xc.o

.debug_str      0x0000000000000000     0x58d2
 .debug_str     0x0000000000000000     0x162c build/main.o
                                       0x179c (size before relaxing)
 .debug_str     0x000000000000162c       0x9e build/gpio.o
                                        0x79e (size before relaxing)
 .debug_str     0x00000000000016ca      0x122 build/adc.o
                                        0xd4d (size before relaxing)
 .debug_str     0x00000000000017ec       0x7e build/i2c.o
                                        0xcac (size before relaxing)
 .debug_str     0x000000000000186a       0x4d build/opamp.o
                                        0x9c4 (size before relaxing)
 .debug_str     0x00000000000018b7       0x79 build/spi.o
                                        0xbf1 (size before relaxing)
 .debug_str     0x0000000000001930       0x62 build/usart.o
                                        0xcaf (size before relaxing)
 .debug_str     0x0000000000001992      0x3e2 build/usb_device.o
                                        0xb15 (size before relaxing)
 .debug_str     0x0000000000001d74      0xb9f build/usbd_conf.o
                                       0x17e4 (size before relaxing)
 .debug_str     0x0000000000002913      0x171 build/usbd_desc.o
                                        0x926 (size before relaxing)
 .debug_str     0x0000000000002a84       0x7a build/usbd_dfu_if.o
                                        0xb1d (size before relaxing)
 .debug_str     0x0000000000002afe       0xdc build/stm32f3xx_it.o
                                        0xa1b (size before relaxing)
 .debug_str     0x0000000000002bda       0x24 build/stm32f3xx_hal_msp.o
                                        0x6ed (size before relaxing)
 .debug_str     0x0000000000002bfe      0x153 build/stm32f3xx_hal_pcd.o
                                        0xd42 (size before relaxing)
 .debug_str     0x0000000000002d51       0x75 build/stm32f3xx_hal_pcd_ex.o
                                        0xa42 (size before relaxing)
 .debug_str     0x0000000000002dc6      0x79e build/stm32f3xx_hal_adc_ex.o
                                       0x13a3 (size before relaxing)
 .debug_str     0x0000000000003564      0x798 build/stm32f3xx_hal_i2c.o
                                       0x134f (size before relaxing)
 .debug_str     0x0000000000003cfc       0xd1 build/stm32f3xx_hal_i2c_ex.o
                                        0xcb3 (size before relaxing)
 .debug_str     0x0000000000003dcd      0x132 build/stm32f3xx_hal_opamp.o
                                        0xa54 (size before relaxing)
 .debug_str     0x0000000000003eff      0x4ea build/stm32f3xx_hal_spi.o
                                       0x1040 (size before relaxing)
 .debug_str     0x00000000000043e9      0x69a build/stm32f3xx_hal_uart.o
                                       0x130f (size before relaxing)
 .debug_str     0x0000000000004a83      0x24b build/stm32f3xx_hal.o
                                        0xdf2 (size before relaxing)
 .debug_str     0x0000000000004cce      0x180 build/stm32f3xx_hal_rcc.o
                                        0xafa (size before relaxing)
 .debug_str     0x0000000000004e4e       0xc5 build/stm32f3xx_hal_rcc_ex.o
                                        0x9fc (size before relaxing)
 .debug_str     0x0000000000004f13       0xfc build/stm32f3xx_hal_gpio.o
                                        0x91b (size before relaxing)
 .debug_str     0x000000000000500f      0x339 build/stm32f3xx_hal_cortex.o
                                       0x1010 (size before relaxing)
 .debug_str     0x0000000000005348       0x4d build/system_stm32f3xx.o
                                        0x777 (size before relaxing)
 .debug_str     0x0000000000005395      0x145 build/usbd_core.o
                                        0xd1d (size before relaxing)
 .debug_str     0x00000000000054da       0xe2 build/usbd_ctlreq.o
                                        0xc37 (size before relaxing)
 .debug_str     0x00000000000055bc       0x60 build/usbd_ioreq.o
                                        0xb64 (size before relaxing)
 .debug_str     0x000000000000561c      0x292 build/usbd_dfu.o
                                        0xe6a (size before relaxing)
 .debug_str     0x00000000000058ae       0x24 build/startup_stm32f303xc.o
                                         0x6d (size before relaxing)

.comment        0x0000000000000000       0x76
 .comment       0x0000000000000000       0x76 build/main.o
                                         0x77 (size before relaxing)
 .comment       0x0000000000000076       0x77 build/gpio.o
 .comment       0x0000000000000076       0x77 build/adc.o
 .comment       0x0000000000000076       0x77 build/i2c.o
 .comment       0x0000000000000076       0x77 build/opamp.o
 .comment       0x0000000000000076       0x77 build/spi.o
 .comment       0x0000000000000076       0x77 build/usart.o
 .comment       0x0000000000000076       0x77 build/usb_device.o
 .comment       0x0000000000000076       0x77 build/usbd_conf.o
 .comment       0x0000000000000076       0x77 build/usbd_desc.o
 .comment       0x0000000000000076       0x77 build/usbd_dfu_if.o
 .comment       0x0000000000000076       0x77 build/stm32f3xx_it.o
 .comment       0x0000000000000076       0x77 build/stm32f3xx_hal_msp.o
 .comment       0x0000000000000076       0x77 build/stm32f3xx_hal_pcd.o
 .comment       0x0000000000000076       0x77 build/stm32f3xx_hal_pcd_ex.o
 .comment       0x0000000000000076       0x77 build/stm32f3xx_hal_adc_ex.o
 .comment       0x0000000000000076       0x77 build/stm32f3xx_hal_i2c.o
 .comment       0x0000000000000076       0x77 build/stm32f3xx_hal_i2c_ex.o
 .comment       0x0000000000000076       0x77 build/stm32f3xx_hal_opamp.o
 .comment       0x0000000000000076       0x77 build/stm32f3xx_hal_spi.o
 .comment       0x0000000000000076       0x77 build/stm32f3xx_hal_uart.o
 .comment       0x0000000000000076       0x77 build/stm32f3xx_hal.o
 .comment       0x0000000000000076       0x77 build/stm32f3xx_hal_rcc.o
 .comment       0x0000000000000076       0x77 build/stm32f3xx_hal_rcc_ex.o
 .comment       0x0000000000000076       0x77 build/stm32f3xx_hal_gpio.o
 .comment       0x0000000000000076       0x77 build/stm32f3xx_hal_cortex.o
 .comment       0x0000000000000076       0x77 build/system_stm32f3xx.o
 .comment       0x0000000000000076       0x77 build/usbd_core.o
 .comment       0x0000000000000076       0x77 build/usbd_ctlreq.o
 .comment       0x0000000000000076       0x77 build/usbd_ioreq.o
 .comment       0x0000000000000076       0x77 build/usbd_dfu.o

.debug_frame    0x0000000000000000     0x37e4
 .debug_frame   0x0000000000000000       0x6c build/main.o
 .debug_frame   0x000000000000006c       0x48 build/gpio.o
 .debug_frame   0x00000000000000b4       0xd4 build/adc.o
 .debug_frame   0x0000000000000188       0x6c build/i2c.o
 .debug_frame   0x00000000000001f4       0x6c build/opamp.o
 .debug_frame   0x0000000000000260       0x84 build/spi.o
 .debug_frame   0x00000000000002e4       0xc8 build/usart.o
 .debug_frame   0x00000000000003ac       0x2c build/usb_device.o
 .debug_frame   0x00000000000003d8      0x35c build/usbd_conf.o
 .debug_frame   0x0000000000000734       0xfc build/usbd_desc.o
 .debug_frame   0x0000000000000830       0x70 build/usbd_dfu_if.o
 .debug_frame   0x00000000000008a0       0xc8 build/stm32f3xx_it.o
 .debug_frame   0x0000000000000968       0x28 build/stm32f3xx_hal_msp.o
 .debug_frame   0x0000000000000990      0x320 build/stm32f3xx_hal_pcd.o
 .debug_frame   0x0000000000000cb0       0x84 build/stm32f3xx_hal_pcd_ex.o
 .debug_frame   0x0000000000000d34      0x578 build/stm32f3xx_hal_adc_ex.o
 .debug_frame   0x00000000000012ac      0x978 build/stm32f3xx_hal_i2c.o
 .debug_frame   0x0000000000001c24       0x98 build/stm32f3xx_hal_i2c_ex.o
 .debug_frame   0x0000000000001cbc      0x140 build/stm32f3xx_hal_opamp.o
 .debug_frame   0x0000000000001dfc      0x670 build/stm32f3xx_hal_spi.o
 .debug_frame   0x000000000000246c      0x5fc build/stm32f3xx_hal_uart.o
 .debug_frame   0x0000000000002a68      0x1e0 build/stm32f3xx_hal.o
 .debug_frame   0x0000000000002c48      0x19c build/stm32f3xx_hal_rcc.o
 .debug_frame   0x0000000000002de4       0x8c build/stm32f3xx_hal_rcc_ex.o
 .debug_frame   0x0000000000002e70      0x10c build/stm32f3xx_hal_gpio.o
 .debug_frame   0x0000000000002f7c      0x16c build/stm32f3xx_hal_cortex.o
 .debug_frame   0x00000000000030e8       0x30 build/system_stm32f3xx.o
 .debug_frame   0x0000000000003118      0x1ec build/usbd_core.o
 .debug_frame   0x0000000000003304      0x1ac build/usbd_ctlreq.o
 .debug_frame   0x00000000000034b0       0xd4 build/usbd_ioreq.o
 .debug_frame   0x0000000000003584      0x214 build/usbd_dfu.o
 .debug_frame   0x0000000000003798       0x2c /usr/local/opt/gcc-arm-none-eabi-8-2019-q3-update/bin/../lib/gcc/arm-none-eabi/8.3.1/../../../../arm-none-eabi/lib/thumb/v7e-m+fp/hard/libc_nano.a(lib_a-init.o)
 .debug_frame   0x00000000000037c4       0x20 /usr/local/opt/gcc-arm-none-eabi-8-2019-q3-update/bin/../lib/gcc/arm-none-eabi/8.3.1/../../../../arm-none-eabi/lib/thumb/v7e-m+fp/hard/libc_nano.a(lib_a-memset.o)

Cross Reference Table

Symbol                                            File
ADC1_2_IRQHandler                                 build/startup_stm32f303xc.o
ADC3_IRQHandler                                   build/startup_stm32f303xc.o
ADC4_IRQHandler                                   build/startup_stm32f303xc.o
AHBPrescTable                                     build/system_stm32f3xx.o
                                                  build/stm32f3xx_hal_rcc.o
APBPrescTable                                     build/system_stm32f3xx.o
                                                  build/stm32f3xx_hal_rcc.o
BusFault_Handler                                  build/stm32f3xx_it.o
CAN_RX1_IRQHandler                                build/startup_stm32f303xc.o
CAN_SCE_IRQHandler                                build/startup_stm32f303xc.o
COMP1_2_3_IRQHandler                              build/startup_stm32f303xc.o
COMP4_5_6_IRQHandler                              build/startup_stm32f303xc.o
COMP7_IRQHandler                                  build/startup_stm32f303xc.o
DMA1_Channel1_IRQHandler                          build/startup_stm32f303xc.o
DMA1_Channel2_IRQHandler                          build/startup_stm32f303xc.o
DMA1_Channel3_IRQHandler                          build/startup_stm32f303xc.o
DMA1_Channel4_IRQHandler                          build/startup_stm32f303xc.o
DMA1_Channel5_IRQHandler                          build/startup_stm32f303xc.o
DMA1_Channel6_IRQHandler                          build/startup_stm32f303xc.o
DMA1_Channel7_IRQHandler                          build/startup_stm32f303xc.o
DMA2_Channel1_IRQHandler                          build/startup_stm32f303xc.o
DMA2_Channel2_IRQHandler                          build/startup_stm32f303xc.o
DMA2_Channel3_IRQHandler                          build/startup_stm32f303xc.o
DMA2_Channel4_IRQHandler                          build/startup_stm32f303xc.o
DMA2_Channel5_IRQHandler                          build/startup_stm32f303xc.o
DebugMon_Handler                                  build/stm32f3xx_it.o
Default_Handler                                   build/startup_stm32f303xc.o
EXTI0_IRQHandler                                  build/startup_stm32f303xc.o
EXTI15_10_IRQHandler                              build/startup_stm32f303xc.o
EXTI1_IRQHandler                                  build/startup_stm32f303xc.o
EXTI2_TSC_IRQHandler                              build/startup_stm32f303xc.o
EXTI3_IRQHandler                                  build/startup_stm32f303xc.o
EXTI4_IRQHandler                                  build/startup_stm32f303xc.o
EXTI9_5_IRQHandler                                build/startup_stm32f303xc.o
Error_Handler                                     build/main.o
                                                  build/usbd_conf.o
                                                  build/usb_device.o
                                                  build/usart.o
                                                  build/spi.o
                                                  build/opamp.o
                                                  build/i2c.o
                                                  build/adc.o
FLASH_IRQHandler                                  build/startup_stm32f303xc.o
FLASH_PageErase                                   build/stm32f3xx_hal_flash_ex.o
                                                  build/stm32f3xx_hal_flash.o
FLASH_WaitForLastOperation                        build/stm32f3xx_hal_flash.o
                                                  build/stm32f3xx_hal_flash_ex.o
FPU_IRQHandler                                    build/startup_stm32f303xc.o
FS_Desc                                           build/usbd_desc.o
                                                  build/usb_device.o
HAL_ADCEx_Calibration_GetValue                    build/stm32f3xx_hal_adc_ex.o
HAL_ADCEx_Calibration_SetValue                    build/stm32f3xx_hal_adc_ex.o
HAL_ADCEx_Calibration_Start                       build/stm32f3xx_hal_adc_ex.o
HAL_ADCEx_InjectedConfigChannel                   build/stm32f3xx_hal_adc_ex.o
HAL_ADCEx_InjectedConvCpltCallback                build/stm32f3xx_hal_adc_ex.o
HAL_ADCEx_InjectedGetValue                        build/stm32f3xx_hal_adc_ex.o
HAL_ADCEx_InjectedPollForConversion               build/stm32f3xx_hal_adc_ex.o
HAL_ADCEx_InjectedQueueOverflowCallback           build/stm32f3xx_hal_adc_ex.o
HAL_ADCEx_InjectedStart                           build/stm32f3xx_hal_adc_ex.o
HAL_ADCEx_InjectedStart_IT                        build/stm32f3xx_hal_adc_ex.o
HAL_ADCEx_InjectedStop                            build/stm32f3xx_hal_adc_ex.o
HAL_ADCEx_InjectedStop_IT                         build/stm32f3xx_hal_adc_ex.o
HAL_ADCEx_LevelOutOfWindow2Callback               build/stm32f3xx_hal_adc_ex.o
HAL_ADCEx_LevelOutOfWindow3Callback               build/stm32f3xx_hal_adc_ex.o
HAL_ADCEx_MultiModeConfigChannel                  build/stm32f3xx_hal_adc_ex.o
                                                  build/adc.o
HAL_ADCEx_MultiModeGetValue                       build/stm32f3xx_hal_adc_ex.o
HAL_ADCEx_MultiModeStart_DMA                      build/stm32f3xx_hal_adc_ex.o
HAL_ADCEx_MultiModeStop_DMA                       build/stm32f3xx_hal_adc_ex.o
HAL_ADCEx_RegularMultiModeStop_DMA                build/stm32f3xx_hal_adc_ex.o
HAL_ADCEx_RegularStop                             build/stm32f3xx_hal_adc_ex.o
HAL_ADCEx_RegularStop_DMA                         build/stm32f3xx_hal_adc_ex.o
HAL_ADCEx_RegularStop_IT                          build/stm32f3xx_hal_adc_ex.o
HAL_ADC_AnalogWDGConfig                           build/stm32f3xx_hal_adc_ex.o
                                                  build/stm32f3xx_hal_adc.o
HAL_ADC_ConfigChannel                             build/stm32f3xx_hal_adc_ex.o
                                                  build/stm32f3xx_hal_adc.o
                                                  build/adc.o
HAL_ADC_ConvCpltCallback                          build/stm32f3xx_hal_adc.o
                                                  build/stm32f3xx_hal_adc_ex.o
HAL_ADC_ConvHalfCpltCallback                      build/stm32f3xx_hal_adc.o
                                                  build/stm32f3xx_hal_adc_ex.o
HAL_ADC_DeInit                                    build/stm32f3xx_hal_adc_ex.o
                                                  build/stm32f3xx_hal_adc.o
HAL_ADC_ErrorCallback                             build/stm32f3xx_hal_adc.o
                                                  build/stm32f3xx_hal_adc_ex.o
HAL_ADC_GetError                                  build/stm32f3xx_hal_adc.o
HAL_ADC_GetState                                  build/stm32f3xx_hal_adc.o
HAL_ADC_GetValue                                  build/stm32f3xx_hal_adc_ex.o
                                                  build/stm32f3xx_hal_adc.o
HAL_ADC_IRQHandler                                build/stm32f3xx_hal_adc_ex.o
                                                  build/stm32f3xx_hal_adc.o
HAL_ADC_Init                                      build/stm32f3xx_hal_adc_ex.o
                                                  build/stm32f3xx_hal_adc.o
                                                  build/adc.o
HAL_ADC_LevelOutOfWindowCallback                  build/stm32f3xx_hal_adc.o
                                                  build/stm32f3xx_hal_adc_ex.o
HAL_ADC_MspDeInit                                 build/adc.o
                                                  build/stm32f3xx_hal_adc_ex.o
HAL_ADC_MspInit                                   build/adc.o
                                                  build/stm32f3xx_hal_adc_ex.o
HAL_ADC_PollForConversion                         build/stm32f3xx_hal_adc_ex.o
                                                  build/stm32f3xx_hal_adc.o
HAL_ADC_PollForEvent                              build/stm32f3xx_hal_adc_ex.o
                                                  build/stm32f3xx_hal_adc.o
HAL_ADC_Start                                     build/stm32f3xx_hal_adc_ex.o
                                                  build/stm32f3xx_hal_adc.o
HAL_ADC_Start_DMA                                 build/stm32f3xx_hal_adc_ex.o
                                                  build/stm32f3xx_hal_adc.o
HAL_ADC_Start_IT                                  build/stm32f3xx_hal_adc_ex.o
                                                  build/stm32f3xx_hal_adc.o
HAL_ADC_Stop                                      build/stm32f3xx_hal_adc_ex.o
                                                  build/stm32f3xx_hal_adc.o
HAL_ADC_Stop_DMA                                  build/stm32f3xx_hal_adc_ex.o
                                                  build/stm32f3xx_hal_adc.o
HAL_ADC_Stop_IT                                   build/stm32f3xx_hal_adc_ex.o
                                                  build/stm32f3xx_hal_adc.o
HAL_DBGMCU_DisableDBGSleepMode                    build/stm32f3xx_hal.o
HAL_DBGMCU_DisableDBGStandbyMode                  build/stm32f3xx_hal.o
HAL_DBGMCU_DisableDBGStopMode                     build/stm32f3xx_hal.o
HAL_DBGMCU_EnableDBGSleepMode                     build/stm32f3xx_hal.o
HAL_DBGMCU_EnableDBGStandbyMode                   build/stm32f3xx_hal.o
HAL_DBGMCU_EnableDBGStopMode                      build/stm32f3xx_hal.o
HAL_DMA_Abort                                     build/stm32f3xx_hal_dma.o
                                                  build/stm32f3xx_hal_uart.o
                                                  build/stm32f3xx_hal_spi.o
                                                  build/stm32f3xx_hal_adc_ex.o
HAL_DMA_Abort_IT                                  build/stm32f3xx_hal_dma.o
                                                  build/stm32f3xx_hal_uart.o
                                                  build/stm32f3xx_hal_spi.o
                                                  build/stm32f3xx_hal_i2c.o
HAL_DMA_DeInit                                    build/stm32f3xx_hal_dma.o
HAL_DMA_GetError                                  build/stm32f3xx_hal_dma.o
HAL_DMA_GetState                                  build/stm32f3xx_hal_dma.o
HAL_DMA_IRQHandler                                build/stm32f3xx_hal_dma.o
HAL_DMA_Init                                      build/stm32f3xx_hal_dma.o
HAL_DMA_PollForTransfer                           build/stm32f3xx_hal_dma.o
HAL_DMA_RegisterCallback                          build/stm32f3xx_hal_dma.o
HAL_DMA_Start                                     build/stm32f3xx_hal_dma.o
HAL_DMA_Start_IT                                  build/stm32f3xx_hal_dma.o
                                                  build/stm32f3xx_hal_uart.o
                                                  build/stm32f3xx_hal_spi.o
                                                  build/stm32f3xx_hal_i2c.o
                                                  build/stm32f3xx_hal_adc_ex.o
HAL_DMA_UnRegisterCallback                        build/stm32f3xx_hal_dma.o
HAL_DeInit                                        build/stm32f3xx_hal.o
HAL_Delay                                         build/stm32f3xx_hal.o
                                                  build/usbd_dfu.o
                                                  build/stm32f3xx_hal_opamp_ex.o
                                                  build/stm32f3xx_hal_opamp.o
                                                  build/usbd_conf.o
HAL_FLASHEx_Erase                                 build/stm32f3xx_hal_flash_ex.o
HAL_FLASHEx_Erase_IT                              build/stm32f3xx_hal_flash_ex.o
HAL_FLASHEx_OBErase                               build/stm32f3xx_hal_flash_ex.o
HAL_FLASHEx_OBGetConfig                           build/stm32f3xx_hal_flash_ex.o
HAL_FLASHEx_OBGetUserData                         build/stm32f3xx_hal_flash_ex.o
HAL_FLASHEx_OBProgram                             build/stm32f3xx_hal_flash_ex.o
HAL_FLASH_EndOfOperationCallback                  build/stm32f3xx_hal_flash.o
HAL_FLASH_GetError                                build/stm32f3xx_hal_flash.o
HAL_FLASH_IRQHandler                              build/stm32f3xx_hal_flash.o
HAL_FLASH_Lock                                    build/stm32f3xx_hal_flash.o
HAL_FLASH_OB_Launch                               build/stm32f3xx_hal_flash.o
HAL_FLASH_OB_Lock                                 build/stm32f3xx_hal_flash.o
HAL_FLASH_OB_Unlock                               build/stm32f3xx_hal_flash.o
HAL_FLASH_OperationErrorCallback                  build/stm32f3xx_hal_flash.o
HAL_FLASH_Program                                 build/stm32f3xx_hal_flash.o
HAL_FLASH_Program_IT                              build/stm32f3xx_hal_flash.o
HAL_FLASH_Unlock                                  build/stm32f3xx_hal_flash.o
HAL_GPIO_DeInit                                   build/stm32f3xx_hal_gpio.o
                                                  build/usbd_conf.o
                                                  build/usart.o
                                                  build/spi.o
                                                  build/opamp.o
                                                  build/i2c.o
                                                  build/adc.o
HAL_GPIO_EXTI_Callback                            build/stm32f3xx_hal_gpio.o
HAL_GPIO_EXTI_IRQHandler                          build/stm32f3xx_hal_gpio.o
HAL_GPIO_Init                                     build/stm32f3xx_hal_gpio.o
                                                  build/stm32f3xx_hal_rcc.o
                                                  build/usbd_conf.o
                                                  build/usart.o
                                                  build/spi.o
                                                  build/opamp.o
                                                  build/i2c.o
                                                  build/adc.o
                                                  build/gpio.o
HAL_GPIO_LockPin                                  build/stm32f3xx_hal_gpio.o
HAL_GPIO_ReadPin                                  build/stm32f3xx_hal_gpio.o
HAL_GPIO_TogglePin                                build/stm32f3xx_hal_gpio.o
                                                  build/main.o
HAL_GPIO_WritePin                                 build/stm32f3xx_hal_gpio.o
                                                  build/gpio.o
                                                  build/main.o
HAL_GetDEVID                                      build/stm32f3xx_hal.o
HAL_GetHalVersion                                 build/stm32f3xx_hal.o
HAL_GetREVID                                      build/stm32f3xx_hal.o
HAL_GetTick                                       build/stm32f3xx_hal.o
                                                  build/stm32f3xx_hal_flash.o
                                                  build/stm32f3xx_hal_dma.o
                                                  build/stm32f3xx_hal_rcc_ex.o
                                                  build/stm32f3xx_hal_rcc.o
                                                  build/stm32f3xx_hal_uart_ex.o
                                                  build/stm32f3xx_hal_uart.o
                                                  build/stm32f3xx_hal_spi.o
                                                  build/stm32f3xx_hal_i2c.o
                                                  build/stm32f3xx_hal_adc_ex.o
                                                  build/main.o
HAL_GetTickFreq                                   build/stm32f3xx_hal.o
HAL_GetTickPrio                                   build/stm32f3xx_hal.o
HAL_GetUIDw0                                      build/stm32f3xx_hal.o
HAL_GetUIDw1                                      build/stm32f3xx_hal.o
HAL_GetUIDw2                                      build/stm32f3xx_hal.o
HAL_HalfDuplex_EnableReceiver                     build/stm32f3xx_hal_uart.o
HAL_HalfDuplex_EnableTransmitter                  build/stm32f3xx_hal_uart.o
HAL_HalfDuplex_Init                               build/stm32f3xx_hal_uart.o
HAL_I2CEx_ConfigAnalogFilter                      build/stm32f3xx_hal_i2c_ex.o
                                                  build/i2c.o
HAL_I2CEx_ConfigDigitalFilter                     build/stm32f3xx_hal_i2c_ex.o
                                                  build/i2c.o
HAL_I2CEx_DisableFastModePlus                     build/stm32f3xx_hal_i2c_ex.o
HAL_I2CEx_DisableWakeUp                           build/stm32f3xx_hal_i2c_ex.o
HAL_I2CEx_EnableFastModePlus                      build/stm32f3xx_hal_i2c_ex.o
HAL_I2CEx_EnableWakeUp                            build/stm32f3xx_hal_i2c_ex.o
HAL_I2C_AbortCpltCallback                         build/stm32f3xx_hal_i2c.o
HAL_I2C_AddrCallback                              build/stm32f3xx_hal_i2c.o
HAL_I2C_DeInit                                    build/stm32f3xx_hal_i2c.o
HAL_I2C_DisableListen_IT                          build/stm32f3xx_hal_i2c.o
HAL_I2C_ER_IRQHandler                             build/stm32f3xx_hal_i2c.o
HAL_I2C_EV_IRQHandler                             build/stm32f3xx_hal_i2c.o
HAL_I2C_EnableListen_IT                           build/stm32f3xx_hal_i2c.o
HAL_I2C_ErrorCallback                             build/stm32f3xx_hal_i2c.o
HAL_I2C_GetError                                  build/stm32f3xx_hal_i2c.o
HAL_I2C_GetMode                                   build/stm32f3xx_hal_i2c.o
HAL_I2C_GetState                                  build/stm32f3xx_hal_i2c.o
HAL_I2C_Init                                      build/stm32f3xx_hal_i2c.o
                                                  build/i2c.o
HAL_I2C_IsDeviceReady                             build/stm32f3xx_hal_i2c.o
HAL_I2C_ListenCpltCallback                        build/stm32f3xx_hal_i2c.o
HAL_I2C_MasterRxCpltCallback                      build/stm32f3xx_hal_i2c.o
HAL_I2C_MasterTxCpltCallback                      build/stm32f3xx_hal_i2c.o
HAL_I2C_Master_Abort_IT                           build/stm32f3xx_hal_i2c.o
HAL_I2C_Master_Receive                            build/stm32f3xx_hal_i2c.o
HAL_I2C_Master_Receive_DMA                        build/stm32f3xx_hal_i2c.o
HAL_I2C_Master_Receive_IT                         build/stm32f3xx_hal_i2c.o
HAL_I2C_Master_Sequential_Receive_IT              build/stm32f3xx_hal_i2c.o
HAL_I2C_Master_Sequential_Transmit_IT             build/stm32f3xx_hal_i2c.o
HAL_I2C_Master_Transmit                           build/stm32f3xx_hal_i2c.o
HAL_I2C_Master_Transmit_DMA                       build/stm32f3xx_hal_i2c.o
HAL_I2C_Master_Transmit_IT                        build/stm32f3xx_hal_i2c.o
HAL_I2C_MemRxCpltCallback                         build/stm32f3xx_hal_i2c.o
HAL_I2C_MemTxCpltCallback                         build/stm32f3xx_hal_i2c.o
HAL_I2C_Mem_Read                                  build/stm32f3xx_hal_i2c.o
HAL_I2C_Mem_Read_DMA                              build/stm32f3xx_hal_i2c.o
HAL_I2C_Mem_Read_IT                               build/stm32f3xx_hal_i2c.o
HAL_I2C_Mem_Write                                 build/stm32f3xx_hal_i2c.o
HAL_I2C_Mem_Write_DMA                             build/stm32f3xx_hal_i2c.o
HAL_I2C_Mem_Write_IT                              build/stm32f3xx_hal_i2c.o
HAL_I2C_MspDeInit                                 build/i2c.o
HAL_I2C_MspInit                                   build/i2c.o
HAL_I2C_SlaveRxCpltCallback                       build/stm32f3xx_hal_i2c.o
HAL_I2C_SlaveTxCpltCallback                       build/stm32f3xx_hal_i2c.o
HAL_I2C_Slave_Receive                             build/stm32f3xx_hal_i2c.o
HAL_I2C_Slave_Receive_DMA                         build/stm32f3xx_hal_i2c.o
HAL_I2C_Slave_Receive_IT                          build/stm32f3xx_hal_i2c.o
HAL_I2C_Slave_Sequential_Receive_IT               build/stm32f3xx_hal_i2c.o
HAL_I2C_Slave_Sequential_Transmit_IT              build/stm32f3xx_hal_i2c.o
HAL_I2C_Slave_Transmit                            build/stm32f3xx_hal_i2c.o
HAL_I2C_Slave_Transmit_DMA                        build/stm32f3xx_hal_i2c.o
HAL_I2C_Slave_Transmit_IT                         build/stm32f3xx_hal_i2c.o
HAL_IncTick                                       build/stm32f3xx_hal.o
                                                  build/stm32f3xx_it.o
HAL_Init                                          build/stm32f3xx_hal.o
                                                  build/main.o
HAL_InitTick                                      build/stm32f3xx_hal.o
                                                  build/stm32f3xx_hal_rcc.o
HAL_LIN_Init                                      build/stm32f3xx_hal_uart.o
HAL_LIN_SendBreak                                 build/stm32f3xx_hal_uart.o
HAL_MPU_ConfigRegion                              build/stm32f3xx_hal_cortex.o
HAL_MPU_Disable                                   build/stm32f3xx_hal_cortex.o
HAL_MPU_Enable                                    build/stm32f3xx_hal_cortex.o
HAL_MspDeInit                                     build/stm32f3xx_hal.o
HAL_MspInit                                       build/stm32f3xx_hal_msp.o
HAL_MultiProcessorEx_AddressLength_Set            build/stm32f3xx_hal_uart_ex.o
HAL_MultiProcessor_DisableMuteMode                build/stm32f3xx_hal_uart.o
HAL_MultiProcessor_EnableMuteMode                 build/stm32f3xx_hal_uart.o
HAL_MultiProcessor_EnterMuteMode                  build/stm32f3xx_hal_uart.o
HAL_MultiProcessor_Init                           build/stm32f3xx_hal_uart.o
HAL_NVIC_ClearPendingIRQ                          build/stm32f3xx_hal_cortex.o
HAL_NVIC_DisableIRQ                               build/stm32f3xx_hal_cortex.o