Archive member included to satisfy reference by file (symbol)

/usr/local/gcc-arm-none-eabi-8-2019-q3-update/bin/../lib/gcc/arm-none-eabi/8.3.1/../../../../arm-none-eabi/lib/thumb/v7e-m+fp/hard/libc.a(lib_a-exit.o)
                              /usr/local/gcc-arm-none-eabi-8-2019-q3-update/bin/../lib/gcc/arm-none-eabi/8.3.1/../../../../arm-none-eabi/lib/thumb/v7e-m+fp/hard/crt0.o (exit)
/usr/local/gcc-arm-none-eabi-8-2019-q3-update/bin/../lib/gcc/arm-none-eabi/8.3.1/../../../../arm-none-eabi/lib/thumb/v7e-m+fp/hard/libc.a(lib_a-impure.o)
                              /usr/local/gcc-arm-none-eabi-8-2019-q3-update/bin/../lib/gcc/arm-none-eabi/8.3.1/../../../../arm-none-eabi/lib/thumb/v7e-m+fp/hard/libc.a(lib_a-exit.o) (_global_impure_ptr)
/usr/local/gcc-arm-none-eabi-8-2019-q3-update/bin/../lib/gcc/arm-none-eabi/8.3.1/../../../../arm-none-eabi/lib/thumb/v7e-m+fp/hard/libc.a(lib_a-init.o)
                              /usr/local/gcc-arm-none-eabi-8-2019-q3-update/bin/../lib/gcc/arm-none-eabi/8.3.1/../../../../arm-none-eabi/lib/thumb/v7e-m+fp/hard/crt0.o (__libc_init_array)
/usr/local/gcc-arm-none-eabi-8-2019-q3-update/bin/../lib/gcc/arm-none-eabi/8.3.1/../../../../arm-none-eabi/lib/thumb/v7e-m+fp/hard/libc.a(lib_a-memset.o)
                              /usr/local/gcc-arm-none-eabi-8-2019-q3-update/bin/../lib/gcc/arm-none-eabi/8.3.1/../../../../arm-none-eabi/lib/thumb/v7e-m+fp/hard/crt0.o (memset)
/usr/local/gcc-arm-none-eabi-8-2019-q3-update/bin/../lib/gcc/arm-none-eabi/8.3.1/../../../../arm-none-eabi/lib/thumb/v7e-m+fp/hard/libc.a(lib_a-sprintf.o)
                              build/main.o (sprintf)
/usr/local/gcc-arm-none-eabi-8-2019-q3-update/bin/../lib/gcc/arm-none-eabi/8.3.1/../../../../arm-none-eabi/lib/thumb/v7e-m+fp/hard/libc.a(lib_a-strlen.o)
                              build/usart.o (strlen)
/usr/local/gcc-arm-none-eabi-8-2019-q3-update/bin/../lib/gcc/arm-none-eabi/8.3.1/../../../../arm-none-eabi/lib/thumb/v7e-m+fp/hard/libc.a(lib_a-svfprintf.o)
                              /usr/local/gcc-arm-none-eabi-8-2019-q3-update/bin/../lib/gcc/arm-none-eabi/8.3.1/../../../../arm-none-eabi/lib/thumb/v7e-m+fp/hard/libc.a(lib_a-sprintf.o) (_svfprintf_r)
/usr/local/gcc-arm-none-eabi-8-2019-q3-update/bin/../lib/gcc/arm-none-eabi/8.3.1/../../../../arm-none-eabi/lib/thumb/v7e-m+fp/hard/libc.a(lib_a-__call_atexit.o)
                              /usr/local/gcc-arm-none-eabi-8-2019-q3-update/bin/../lib/gcc/arm-none-eabi/8.3.1/../../../../arm-none-eabi/lib/thumb/v7e-m+fp/hard/libc.a(lib_a-exit.o) (__call_exitprocs)
/usr/local/gcc-arm-none-eabi-8-2019-q3-update/bin/../lib/gcc/arm-none-eabi/8.3.1/../../../../arm-none-eabi/lib/thumb/v7e-m+fp/hard/libc.a(lib_a-atexit.o)
                              /usr/local/gcc-arm-none-eabi-8-2019-q3-update/bin/../lib/gcc/arm-none-eabi/8.3.1/../../../../arm-none-eabi/lib/thumb/v7e-m+fp/hard/libc.a(lib_a-__call_atexit.o) (atexit)
/usr/local/gcc-arm-none-eabi-8-2019-q3-update/bin/../lib/gcc/arm-none-eabi/8.3.1/../../../../arm-none-eabi/lib/thumb/v7e-m+fp/hard/libc.a(lib_a-dtoa.o)
                              /usr/local/gcc-arm-none-eabi-8-2019-q3-update/bin/../lib/gcc/arm-none-eabi/8.3.1/../../../../arm-none-eabi/lib/thumb/v7e-m+fp/hard/libc.a(lib_a-svfprintf.o) (_dtoa_r)
/usr/local/gcc-arm-none-eabi-8-2019-q3-update/bin/../lib/gcc/arm-none-eabi/8.3.1/../../../../arm-none-eabi/lib/thumb/v7e-m+fp/hard/libc.a(lib_a-fini.o)
                              /usr/local/gcc-arm-none-eabi-8-2019-q3-update/bin/../lib/gcc/arm-none-eabi/8.3.1/../../../../arm-none-eabi/lib/thumb/v7e-m+fp/hard/libc.a(lib_a-__call_atexit.o) (__libc_fini_array)
/usr/local/gcc-arm-none-eabi-8-2019-q3-update/bin/../lib/gcc/arm-none-eabi/8.3.1/../../../../arm-none-eabi/lib/thumb/v7e-m+fp/hard/libc.a(lib_a-freer.o)
                              /usr/local/gcc-arm-none-eabi-8-2019-q3-update/bin/../lib/gcc/arm-none-eabi/8.3.1/../../../../arm-none-eabi/lib/thumb/v7e-m+fp/hard/libc.a(lib_a-svfprintf.o) (_free_r)
/usr/local/gcc-arm-none-eabi-8-2019-q3-update/bin/../lib/gcc/arm-none-eabi/8.3.1/../../../../arm-none-eabi/lib/thumb/v7e-m+fp/hard/libc.a(lib_a-localeconv.o)
                              /usr/local/gcc-arm-none-eabi-8-2019-q3-update/bin/../lib/gcc/arm-none-eabi/8.3.1/../../../../arm-none-eabi/lib/thumb/v7e-m+fp/hard/libc.a(lib_a-svfprintf.o) (_localeconv_r)
/usr/local/gcc-arm-none-eabi-8-2019-q3-update/bin/../lib/gcc/arm-none-eabi/8.3.1/../../../../arm-none-eabi/lib/thumb/v7e-m+fp/hard/libc.a(lib_a-lock.o)
                              /usr/local/gcc-arm-none-eabi-8-2019-q3-update/bin/../lib/gcc/arm-none-eabi/8.3.1/../../../../arm-none-eabi/lib/thumb/v7e-m+fp/hard/libc.a(lib_a-__call_atexit.o) (__retarget_lock_acquire_recursive)
/usr/local/gcc-arm-none-eabi-8-2019-q3-update/bin/../lib/gcc/arm-none-eabi/8.3.1/../../../../arm-none-eabi/lib/thumb/v7e-m+fp/hard/libc.a(lib_a-mallocr.o)
[...]
Memory Configuration

Name             Origin             Length             Attributes
RAM              0x0000000020000000 0x0000000000010000 xrw
CCMRAM           0x0000000010000000 0x0000000000004000 rw
FLASH            0x0000000008000000 0x0000000000080000 xr
*default*        0x0000000000000000 0xffffffffffffffff

Linker script and memory map

LOAD /usr/local/gcc-arm-none-eabi-8-2019-q3-update/bin/../lib/gcc/arm-none-eabi/8.3.1/thumb/v7e-m+fp/hard/crti.o
LOAD /usr/local/gcc-arm-none-eabi-8-2019-q3-update/bin/../lib/gcc/arm-none-eabi/8.3.1/thumb/v7e-m+fp/hard/crtbegin.o
LOAD /usr/local/gcc-arm-none-eabi-8-2019-q3-update/bin/../lib/gcc/arm-none-eabi/8.3.1/../../../../arm-none-eabi/lib/thumb/v7e-m+fp/hard/crt0.o
LOAD build/main.o
LOAD build/gpio.o
LOAD build/usart.o
LOAD build/stm32f3xx_it.o
LOAD build/stm32f3xx_hal_msp.o
LOAD build/stm32f3xx_hal_tim.o
LOAD build/stm32f3xx_hal_tim_ex.o
LOAD build/stm32f3xx_hal_uart.o
LOAD build/stm32f3xx_hal_uart_ex.o
LOAD build/stm32f3xx_hal.o
LOAD build/stm32f3xx_hal_rcc.o
LOAD build/stm32f3xx_hal_rcc_ex.o
LOAD build/stm32f3xx_hal_gpio.o
LOAD build/stm32f3xx_hal_dma.o
LOAD build/stm32f3xx_hal_cortex.o
LOAD build/stm32f3xx_hal_pwr.o
LOAD build/stm32f3xx_hal_pwr_ex.o
LOAD build/stm32f3xx_hal_flash.o
LOAD build/stm32f3xx_hal_flash_ex.o
LOAD build/stm32f3xx_hal_i2c.o
LOAD build/stm32f3xx_hal_i2c_ex.o
LOAD build/system_stm32f3xx.o
LOAD build/adc.o
LOAD build/dma.o
LOAD build/opamp.o
LOAD build/stm32f3xx_hal_adc.o
LOAD build/stm32f3xx_hal_adc_ex.o
LOAD build/stm32f3xx_hal_opamp.o
LOAD build/stm32f3xx_hal_opamp_ex.o
LOAD build/tim.o
LOAD build/startup_stm32f303xe.o
LOAD /usr/local/gcc-arm-none-eabi-8-2019-q3-update/bin/../lib/gcc/arm-none-eabi/8.3.1/../../../../arm-none-eabi/lib/thumb/v7e-m+fp/hard/libc.a
LOAD /usr/local/gcc-arm-none-eabi-8-2019-q3-update/bin/../lib/gcc/arm-none-eabi/8.3.1/../../../../arm-none-eabi/lib/thumb/v7e-m+fp/hard/libm.a
LOAD /usr/local/gcc-arm-none-eabi-8-2019-q3-update/bin/../lib/gcc/arm-none-eabi/8.3.1/../../../../arm-none-eabi/lib/thumb/v7e-m+fp/hard/libnosys.a
START GROUP
LOAD /usr/local/gcc-arm-none-eabi-8-2019-q3-update/bin/../lib/gcc/arm-none-eabi/8.3.1/thumb/v7e-m+fp/hard/libgcc.a
LOAD /usr/local/gcc-arm-none-eabi-8-2019-q3-update/bin/../lib/gcc/arm-none-eabi/8.3.1/../../../../arm-none-eabi/lib/thumb/v7e-m+fp/hard/libc.a
END GROUP
LOAD /usr/local/gcc-arm-none-eabi-8-2019-q3-update/bin/../lib/gcc/arm-none-eabi/8.3.1/thumb/v7e-m+fp/hard/crtend.o
LOAD /usr/local/gcc-arm-none-eabi-8-2019-q3-update/bin/../lib/gcc/arm-none-eabi/8.3.1/thumb/v7e-m+fp/hard/crtn.o
                0x0000000020010000                _estack = 0x20010000
                0x0000000000000200                _Min_Heap_Size = 0x200
                0x0000000000000400                _Min_Stack_Size = 0x400

.isr_vector     0x0000000008000000      0x194
                0x0000000008000000                . = ALIGN (0x4)
 *(.isr_vector)
 .isr_vector    0x0000000008000000      0x194 build/startup_stm32f303xe.o
                0x0000000008000000                g_pfnVectors
                0x0000000008000194                . = ALIGN (0x4)

.text           0x00000000080001c0     0x9708
                0x00000000080001c0                . = ALIGN (0x4)
 *(.text)
 .text          0x00000000080001c0       0x40 /usr/local/gcc-arm-none-eabi-8-2019-q3-update/bin/../lib/gcc/arm-none-eabi/8.3.1/thumb/v7e-m+fp/hard/crtbegin.o
 .text          0x0000000008000200       0xdc /usr/local/gcc-arm-none-eabi-8-2019-q3-update/bin/../lib/gcc/arm-none-eabi/8.3.1/../../../../arm-none-eabi/lib/thumb/v7e-m+fp/hard/libc.a(lib_a-strlen.o)
                0x0000000008000200                strlen
 *fill*         0x00000000080002dc        0x4 
 .text          0x00000000080002e0       0xa0 /usr/local/gcc-arm-none-eabi-8-2019-q3-update/bin/../lib/gcc/arm-none-eabi/8.3.1/../../../../arm-none-eabi/lib/thumb/v7e-m+fp/hard/libc.a(lib_a-memchr.o)
                0x00000000080002e0                memchr
 .text          0x0000000008000380      0x134 /usr/local/gcc-arm-none-eabi-8-2019-q3-update/bin/../lib/gcc/arm-none-eabi/8.3.1/../../../../arm-none-eabi/lib/thumb/v7e-m+fp/hard/libc.a(lib_a-memcpy.o)
                0x0000000008000380                memcpy
 .text          0x00000000080004b4      0x378 /usr/local/gcc-arm-none-eabi-8-2019-q3-update/bin/../lib/gcc/arm-none-eabi/8.3.1/thumb/v7e-m+fp/hard/libgcc.a(_arm_addsubdf3.o)
                0x00000000080004b4                __aeabi_drsub
                0x00000000080004bc                __subdf3
                0x00000000080004bc                __aeabi_dsub
                0x00000000080004c0                __aeabi_dadd
                0x00000000080004c0                __adddf3
                0x0000000008000738                __aeabi_ui2d
                0x0000000008000738                __floatunsidf
                0x0000000008000758                __floatsidf
                0x0000000008000758                __aeabi_i2d
                0x000000000800077c                __extendsfdf2
                0x000000000800077c                __aeabi_f2d
                0x00000000080007c0                __aeabi_ul2d
                0x00000000080007c0                __floatundidf
                0x00000000080007d0                __aeabi_l2d
                0x00000000080007d0                __floatdidf
 .text          0x000000000800082c      0x424 /usr/local/gcc-arm-none-eabi-8-2019-q3-update/bin/../lib/gcc/arm-none-eabi/8.3.1/thumb/v7e-m+fp/hard/libgcc.a(_arm_muldivdf3.o)
                0x000000000800082c                __aeabi_dmul
                0x000000000800082c                __muldf3
                0x0000000008000a80                __aeabi_ddiv
                0x0000000008000a80                __divdf3
 .text          0x0000000008000c50      0x110 /usr/local/gcc-arm-none-eabi-8-2019-q3-update/bin/../lib/gcc/arm-none-eabi/8.3.1/thumb/v7e-m+fp/hard/libgcc.a(_arm_cmpdf2.o)
                0x0000000008000c50                __gedf2
                0x0000000008000c50                __gtdf2
                0x0000000008000c58                __ledf2
                0x0000000008000c58                __ltdf2
                0x0000000008000c60                __cmpdf2
                0x0000000008000c60                __eqdf2
                0x0000000008000c60                __nedf2
                0x0000000008000cdc                __aeabi_cdrcmple
                0x0000000008000cec                __aeabi_cdcmple
                0x0000000008000cec                __aeabi_cdcmpeq
                0x0000000008000cfc                __aeabi_dcmpeq
                0x0000000008000d10                __aeabi_dcmplt
                0x0000000008000d24                __aeabi_dcmple
                0x0000000008000d38                __aeabi_dcmpge
                0x0000000008000d4c                __aeabi_dcmpgt
 .text          0x0000000008000d60       0x2c /usr/local/gcc-arm-none-eabi-8-2019-q3-update/bin/../lib/gcc/arm-none-eabi/8.3.1/thumb/v7e-m+fp/hard/libgcc.a(_arm_unorddf2.o)
                0x0000000008000d60                __aeabi_dcmpun
                0x0000000008000d60                __unorddf2
 .text          0x0000000008000d8c       0x50 /usr/local/gcc-arm-none-eabi-8-2019-q3-update/bin/../lib/gcc/arm-none-eabi/8.3.1/thumb/v7e-m+fp/hard/libgcc.a(_arm_fixdfsi.o)
                0x0000000008000d8c                __fixdfsi
                0x0000000008000d8c                __aeabi_d2iz
 .text          0x0000000008000ddc      0x21c /usr/local/gcc-arm-none-eabi-8-2019-q3-update/bin/../lib/gcc/arm-none-eabi/8.3.1/thumb/v7e-m+fp/hard/libgcc.a(_arm_addsubsf3.o)
                0x0000000008000ddc                __aeabi_frsub
                0x0000000008000de4                __aeabi_fsub
                0x0000000008000de4                __subsf3
                0x0000000008000de8                __aeabi_fadd
                0x0000000008000de8                __addsf3
                0x0000000008000f48                __aeabi_ui2f
                0x0000000008000f48                __floatunsisf
                0x0000000008000f50                __floatsisf
                0x0000000008000f50                __aeabi_i2f
                0x0000000008000f6c                __aeabi_ul2f
                0x0000000008000f6c                __floatundisf
                0x0000000008000f7c                __aeabi_l2f
                0x0000000008000f7c                __floatdisf
 .text          0x0000000008000ff8       0x30 /usr/local/gcc-arm-none-eabi-8-2019-q3-update/bin/../lib/gcc/arm-none-eabi/8.3.1/thumb/v7e-m+fp/hard/libgcc.a(_aeabi_uldivmod.o)
                0x0000000008000ff8                __aeabi_uldivmod
 .text          0x0000000008001028      0x2d0 /usr/local/gcc-arm-none-eabi-8-2019-q3-update/bin/../lib/gcc/arm-none-eabi/8.3.1/thumb/v7e-m+fp/hard/libgcc.a(_udivmoddi4.o)
                0x0000000008001028                __udivmoddi4
 .text          0x00000000080012f8        0x4 /usr/local/gcc-arm-none-eabi-8-2019-q3-update/bin/../lib/gcc/arm-none-eabi/8.3.1/thumb/v7e-m+fp/hard/libgcc.a(_dvmd_tls.o)
                0x00000000080012f8                __aeabi_ldiv0
                0x00000000080012f8                __aeabi_idiv0
 *(.text*)
 .text.process_frame
                0x00000000080012fc      0x1e0 build/main.o
                0x00000000080012fc                process_frame
 .text._Error_Handler
                0x00000000080014dc       0x24 build/main.o
                0x00000000080014dc                _Error_Handler
 .text.SystemClock_Config
                0x0000000008001500       0xb0 build/main.o
                0x0000000008001500                SystemClock_Config
 .text.main     0x00000000080015b0      0x364 build/main.o
                0x00000000080015b0                main
 .text.MX_GPIO_Init
                0x0000000008001914      0x224 build/gpio.o
                0x0000000008001914                MX_GPIO_Init
 .text.MX_USART1_UART_Init
                0x0000000008001b38       0x48 build/usart.o
                0x0000000008001b38                MX_USART1_UART_Init
 .text.MX_USART2_UART_Init
                0x0000000008001b80       0x48 build/usart.o
                0x0000000008001b80                MX_USART2_UART_Init
 .text.HAL_UART_MspInit
                0x0000000008001bc8      0x110 build/usart.o
                0x0000000008001bc8                HAL_UART_MspInit
 .text.debug_printf
                0x0000000008001cd8       0x1c build/usart.o
                0x0000000008001cd8                debug_printf
 .text.rPi_printf
                0x0000000008001cf4       0x1c build/usart.o
                0x0000000008001cf4                rPi_printf
 .text.SysTick_Handler
                0x0000000008001d10        0xc build/stm32f3xx_it.o
                0x0000000008001d10                SysTick_Handler
 .text.DMA1_Channel1_IRQHandler
                0x0000000008001d1c       0x10 build/stm32f3xx_it.o
                0x0000000008001d1c                DMA1_Channel1_IRQHandler
 .text.DMA1_Channel4_IRQHandler
                0x0000000008001d2c       0x10 build/stm32f3xx_it.o
                0x0000000008001d2c                DMA1_Channel4_IRQHandler
 .text.DMA1_Channel5_IRQHandler
                0x0000000008001d3c       0x10 build/stm32f3xx_it.o
                0x0000000008001d3c                DMA1_Channel5_IRQHandler
 .text.ADC1_2_IRQHandler
                0x0000000008001d4c       0x10 build/stm32f3xx_it.o
                0x0000000008001d4c                ADC1_2_IRQHandler
 .text.USART1_IRQHandler
                0x0000000008001d5c       0x10 build/stm32f3xx_it.o
                0x0000000008001d5c                USART1_IRQHandler
 .text.ADC3_IRQHandler
                0x0000000008001d6c       0x10 build/stm32f3xx_it.o
                0x0000000008001d6c                ADC3_IRQHandler
 .text.DMA2_Channel5_IRQHandler
                0x0000000008001d7c       0x10 build/stm32f3xx_it.o
                0x0000000008001d7c                DMA2_Channel5_IRQHandler
 .text.HAL_MspInit
                0x0000000008001d8c       0x90 build/stm32f3xx_hal_msp.o
                0x0000000008001d8c                HAL_MspInit
 .text.TIM_Base_SetConfig
                0x0000000008001e1c       0xd0 build/stm32f3xx_hal_tim.o
                0x0000000008001e1c                TIM_Base_SetConfig
 .text.HAL_TIM_PWM_Init
                0x0000000008001eec       0x34 build/stm32f3xx_hal_tim.o
                0x0000000008001eec                HAL_TIM_PWM_Init
 .text.TIM_OC1_SetConfig
                0x0000000008001f20       0xac build/stm32f3xx_hal_tim.o
                0x0000000008001f20                TIM_OC1_SetConfig
 .text.TIM_OC2_SetConfig
                0x0000000008001fcc       0x9c build/stm32f3xx_hal_tim.o
                0x0000000008001fcc                TIM_OC2_SetConfig
 .text.TIM_OC3_SetConfig
                0x0000000008002068       0x9c build/stm32f3xx_hal_tim.o
                0x0000000008002068                TIM_OC3_SetConfig
 .text.TIM_OC4_SetConfig
                0x0000000008002104       0x74 build/stm32f3xx_hal_tim.o
                0x0000000008002104                TIM_OC4_SetConfig
 .text.TIM_CCxChannelCmd
                0x0000000008002178       0x1e build/stm32f3xx_hal_tim.o
                0x0000000008002178                TIM_CCxChannelCmd
 *fill*         0x0000000008002196        0x2 
 .text.HAL_TIM_PWM_Start
                0x0000000008002198       0x58 build/stm32f3xx_hal_tim.o
                0x0000000008002198                HAL_TIM_PWM_Start
 .text.HAL_TIM_PWM_Stop
                0x00000000080021f0       0x84 build/stm32f3xx_hal_tim.o
                0x00000000080021f0                HAL_TIM_PWM_Stop
 .text.TIM_OC5_SetConfig
                0x0000000008002274       0x70 build/stm32f3xx_hal_tim_ex.o
 .text.TIM_OC6_SetConfig
                0x00000000080022e4       0x74 build/stm32f3xx_hal_tim_ex.o
 .text.HAL_TIM_PWM_ConfigChannel
                0x0000000008002358      0x134 build/stm32f3xx_hal_tim_ex.o
                0x0000000008002358                HAL_TIM_PWM_ConfigChannel
 .text.HAL_TIMEx_MasterConfigSynchronization
                0x000000000800248c       0x60 build/stm32f3xx_hal_tim_ex.o
                0x000000000800248c                HAL_TIMEx_MasterConfigSynchronization
 .text.HAL_TIMEx_ConfigBreakDeadTime
                0x00000000080024ec       0x9c build/stm32f3xx_hal_tim_ex.o
                0x00000000080024ec                HAL_TIMEx_ConfigBreakDeadTime
 .text.UART_EndRxTransfer
                0x0000000008002588       0x1c build/stm32f3xx_hal_uart.o
 .text.HAL_UART_TxCpltCallback
                0x00000000080025a4        0x2 build/stm32f3xx_hal_uart.o
                0x00000000080025a4                HAL_UART_TxCpltCallback
 .text.HAL_UART_RxCpltCallback
                0x00000000080025a6        0x2 build/stm32f3xx_hal_uart.o
                0x00000000080025a6                HAL_UART_RxCpltCallback
 .text.HAL_UART_ErrorCallback
                0x00000000080025a8        0x2 build/stm32f3xx_hal_uart.o
                0x00000000080025a8                HAL_UART_ErrorCallback
 .text.UART_DMAAbortOnError
                0x00000000080025aa       0x14 build/stm32f3xx_hal_uart.o
 *fill*         0x00000000080025be        0x2 
 .text.UART_SetConfig
                0x00000000080025c0      0x2ac build/stm32f3xx_hal_uart.o
                0x00000000080025c0                UART_SetConfig
 .text.UART_AdvFeatureConfig
                0x000000000800286c       0xca build/stm32f3xx_hal_uart.o
                0x000000000800286c                UART_AdvFeatureConfig
 .text.UART_WaitOnFlagUntilTimeout
                0x0000000008002936       0x62 build/stm32f3xx_hal_uart.o
                0x0000000008002936                UART_WaitOnFlagUntilTimeout
 .text.HAL_UART_Transmit
                0x0000000008002998       0xce build/stm32f3xx_hal_uart.o
                0x0000000008002998                HAL_UART_Transmit
 .text.UART_CheckIdleState
                0x0000000008002a66       0x70 build/stm32f3xx_hal_uart.o
                0x0000000008002a66                UART_CheckIdleState
 .text.HAL_UART_Init
                0x0000000008002ad6       0x66 build/stm32f3xx_hal_uart.o
                0x0000000008002ad6                HAL_UART_Init
 .text.UART_Transmit_IT
                0x0000000008002b3c       0x6c build/stm32f3xx_hal_uart.o
                0x0000000008002b3c                UART_Transmit_IT
 .text.UART_EndTransmit_IT
                0x0000000008002ba8       0x1a build/stm32f3xx_hal_uart.o
                0x0000000008002ba8                UART_EndTransmit_IT
 .text.UART_Receive_IT
                0x0000000008002bc2       0x80 build/stm32f3xx_hal_uart.o
                0x0000000008002bc2                UART_Receive_IT
 *fill*         0x0000000008002c42        0x2 
 .text.HAL_UART_IRQHandler
                0x0000000008002c44      0x15c build/stm32f3xx_hal_uart.o
                0x0000000008002c44                HAL_UART_IRQHandler
 .text.HAL_UARTEx_WakeupCallback
                0x0000000008002da0        0x2 build/stm32f3xx_hal_uart_ex.o
                0x0000000008002da0                HAL_UARTEx_WakeupCallback
 *fill*         0x0000000008002da2        0x2 
 .text.HAL_InitTick
                0x0000000008002da4       0x4c build/stm32f3xx_hal.o
                0x0000000008002da4                HAL_InitTick
 .text.HAL_Init
                0x0000000008002df0       0x24 build/stm32f3xx_hal.o
                0x0000000008002df0                HAL_Init
 .text.HAL_IncTick
                0x0000000008002e14       0x18 build/stm32f3xx_hal.o
                0x0000000008002e14                HAL_IncTick
 .text.HAL_GetTick
                0x0000000008002e2c        0xc build/stm32f3xx_hal.o
                0x0000000008002e2c                HAL_GetTick
 .text.HAL_Delay
                0x0000000008002e38       0x28 build/stm32f3xx_hal.o
                0x0000000008002e38                HAL_Delay
 .text.HAL_RCC_OscConfig
                0x0000000008002e60      0x608 build/stm32f3xx_hal_rcc.o
                0x0000000008002e60                HAL_RCC_OscConfig
 .text.HAL_RCC_GetSysClockFreq
                0x0000000008003468       0x70 build/stm32f3xx_hal_rcc.o
                0x0000000008003468                HAL_RCC_GetSysClockFreq
 .text.HAL_RCC_ClockConfig
                0x00000000080034d8      0x1a0 build/stm32f3xx_hal_rcc.o
                0x00000000080034d8                HAL_RCC_ClockConfig
 .text.HAL_RCC_GetHCLKFreq
                0x0000000008003678        0xc build/stm32f3xx_hal_rcc.o
                0x0000000008003678                HAL_RCC_GetHCLKFreq
 .text.HAL_RCC_GetPCLK1Freq
                0x0000000008003684       0x2c build/stm32f3xx_hal_rcc.o
                0x0000000008003684                HAL_RCC_GetPCLK1Freq
 .text.HAL_RCC_GetPCLK2Freq
                0x00000000080036b0       0x2c build/stm32f3xx_hal_rcc.o
                0x00000000080036b0                HAL_RCC_GetPCLK2Freq
 .text.HAL_RCCEx_PeriphCLKConfig
                0x00000000080036dc      0x2fc build/stm32f3xx_hal_rcc_ex.o
                0x00000000080036dc                HAL_RCCEx_PeriphCLKConfig
 .text.HAL_GPIO_Init
                0x00000000080039d8      0x1ac build/stm32f3xx_hal_gpio.o
                0x00000000080039d8                HAL_GPIO_Init
 .text.HAL_GPIO_WritePin
                0x0000000008003b84        0xa build/stm32f3xx_hal_gpio.o
                0x0000000008003b84                HAL_GPIO_WritePin
 .text.DMA_SetConfig
                0x0000000008003b8e       0x2c build/stm32f3xx_hal_dma.o
 *fill*         0x0000000008003bba        0x2 
 .text.DMA_CalcBaseAndBitshift
                0x0000000008003bbc       0x4c build/stm32f3xx_hal_dma.o
 .text.HAL_DMA_Init
                0x0000000008003c08       0x50 build/stm32f3xx_hal_dma.o
                0x0000000008003c08                HAL_DMA_Init
 .text.HAL_DMA_Start_IT
                0x0000000008003c58       0x74 build/stm32f3xx_hal_dma.o
                0x0000000008003c58                HAL_DMA_Start_IT
 .text.HAL_DMA_Abort
                0x0000000008003ccc       0x2e build/stm32f3xx_hal_dma.o
                0x0000000008003ccc                HAL_DMA_Abort
 .text.HAL_DMA_Abort_IT
                0x0000000008003cfa       0x4a build/stm32f3xx_hal_dma.o
                0x0000000008003cfa                HAL_DMA_Abort_IT
 .text.HAL_DMA_IRQHandler
                0x0000000008003d44       0xb4 build/stm32f3xx_hal_dma.o
                0x0000000008003d44                HAL_DMA_IRQHandler
 .text.HAL_NVIC_SetPriorityGrouping
                0x0000000008003df8       0x24 build/stm32f3xx_hal_cortex.o
                0x0000000008003df8                HAL_NVIC_SetPriorityGrouping
 .text.HAL_NVIC_SetPriority
                0x0000000008003e1c       0x68 build/stm32f3xx_hal_cortex.o
                0x0000000008003e1c                HAL_NVIC_SetPriority
 .text.HAL_NVIC_EnableIRQ
                0x0000000008003e84       0x18 build/stm32f3xx_hal_cortex.o
                0x0000000008003e84                HAL_NVIC_EnableIRQ
 .text.HAL_SYSTICK_Config
                0x0000000008003e9c       0x2c build/stm32f3xx_hal_cortex.o
                0x0000000008003e9c                HAL_SYSTICK_Config
 .text.HAL_SYSTICK_CLKSourceConfig
                0x0000000008003ec8       0x20 build/stm32f3xx_hal_cortex.o
                0x0000000008003ec8                HAL_SYSTICK_CLKSourceConfig
 .text.HAL_SYSTICK_Callback
                0x0000000008003ee8        0x2 build/stm32f3xx_hal_cortex.o
                0x0000000008003ee8                HAL_SYSTICK_Callback
 .text.HAL_SYSTICK_IRQHandler
                0x0000000008003eea        0x8 build/stm32f3xx_hal_cortex.o
                0x0000000008003eea                HAL_SYSTICK_IRQHandler
 *fill*         0x0000000008003ef2        0x2 
 .text.SystemInit
                0x0000000008003ef4       0x68 build/system_stm32f3xx.o
                0x0000000008003ef4                SystemInit
 .text.MX_ADC1_Init
                0x0000000008003f5c       0x94 build/adc.o
                0x0000000008003f5c                MX_ADC1_Init
 .text.MX_ADC3_Init
                0x0000000008003ff0      0x190 build/adc.o
                0x0000000008003ff0                MX_ADC3_Init
 .text.HAL_ADC_MspInit
                0x0000000008004180      0x140 build/adc.o
                0x0000000008004180                HAL_ADC_MspInit
 .text.HAL_ADC_ConvHalfCpltCallback
                0x00000000080042c0       0x18 build/adc.o
                0x00000000080042c0                HAL_ADC_ConvHalfCpltCallback
 .text.HAL_ADC_ConvCpltCallback
                0x00000000080042d8       0x18 build/adc.o
                0x00000000080042d8                HAL_ADC_ConvCpltCallback
 .text.start_ADCs
                0x00000000080042f0       0x50 build/adc.o
                0x00000000080042f0                start_ADCs
 .text.MX_DMA_Init
                0x0000000008004340       0x74 build/dma.o
                0x0000000008004340                MX_DMA_Init
 .text.MX_OPAMP4_Init
                0x00000000080043b4       0x34 build/opamp.o
                0x00000000080043b4                MX_OPAMP4_Init
 .text.HAL_OPAMP_MspInit
                0x00000000080043e8       0x48 build/opamp.o
                0x00000000080043e8                HAL_OPAMP_MspInit
 .text.HAL_ADC_LevelOutOfWindowCallback
                0x0000000008004430        0x2 build/stm32f3xx_hal_adc.o
                0x0000000008004430                HAL_ADC_LevelOutOfWindowCallback
 .text.HAL_ADC_ErrorCallback
                0x0000000008004432        0x2 build/stm32f3xx_hal_adc.o
                0x0000000008004432                HAL_ADC_ErrorCallback
 .text.ADC_Disable
                0x0000000008004434       0x7e build/stm32f3xx_hal_adc_ex.o
 *fill*         0x00000000080044b2        0x2 
 .text.ADC_ConversionStop
                0x00000000080044b4       0xd8 build/stm32f3xx_hal_adc_ex.o
 .text.ADC_Enable
                0x000000000800458c       0x78 build/stm32f3xx_hal_adc_ex.o
 .text.ADC_DMAError
                0x0000000008004604       0x1a build/stm32f3xx_hal_adc_ex.o
 .text.ADC_DMAHalfConvCplt
                0x000000000800461e        0xa build/stm32f3xx_hal_adc_ex.o
 .text.ADC_DMAConvCplt
                0x0000000008004628       0x4a build/stm32f3xx_hal_adc_ex.o
 *fill*         0x0000000008004672        0x2 
 .text.HAL_ADC_Init
                0x0000000008004674      0x2b4 build/stm32f3xx_hal_adc_ex.o
                0x0000000008004674                HAL_ADC_Init
 .text.HAL_ADC_Start_DMA
                0x0000000008004928      0x184 build/stm32f3xx_hal_adc_ex.o
                0x0000000008004928                HAL_ADC_Start_DMA
 .text.HAL_ADC_Stop_DMA
                0x0000000008004aac       0x78 build/stm32f3xx_hal_adc_ex.o
                0x0000000008004aac                HAL_ADC_Stop_DMA
 .text.HAL_ADCEx_Calibration_Start
                0x0000000008004b24       0x8e build/stm32f3xx_hal_adc_ex.o
                0x0000000008004b24                HAL_ADCEx_Calibration_Start
 .text.HAL_ADCEx_InjectedConvCpltCallback
                0x0000000008004bb2        0x2 build/stm32f3xx_hal_adc_ex.o
                0x0000000008004bb2                HAL_ADCEx_InjectedConvCpltCallback
 .text.HAL_ADCEx_InjectedQueueOverflowCallback
                0x0000000008004bb4        0x2 build/stm32f3xx_hal_adc_ex.o
                0x0000000008004bb4                HAL_ADCEx_InjectedQueueOverflowCallback
 .text.HAL_ADCEx_LevelOutOfWindow2Callback
                0x0000000008004bb6        0x2 build/stm32f3xx_hal_adc_ex.o
                0x0000000008004bb6                HAL_ADCEx_LevelOutOfWindow2Callback
 .text.HAL_ADCEx_LevelOutOfWindow3Callback
                0x0000000008004bb8        0x2 build/stm32f3xx_hal_adc_ex.o
                0x0000000008004bb8                HAL_ADCEx_LevelOutOfWindow3Callback
 *fill*         0x0000000008004bba        0x2 
 .text.HAL_ADC_IRQHandler
                0x0000000008004bbc      0x418 build/stm32f3xx_hal_adc_ex.o
                0x0000000008004bbc                HAL_ADC_IRQHandler
 .text.HAL_ADC_ConfigChannel
                0x0000000008004fd4      0x3a8 build/stm32f3xx_hal_adc_ex.o
                0x0000000008004fd4                HAL_ADC_ConfigChannel
 .text.HAL_ADCEx_MultiModeConfigChannel
                0x000000000800537c      0x158 build/stm32f3xx_hal_adc_ex.o
                0x000000000800537c                HAL_ADCEx_MultiModeConfigChannel
 .text.HAL_OPAMP_Init
                0x00000000080054d4       0xdc build/stm32f3xx_hal_opamp.o
                0x00000000080054d4                HAL_OPAMP_Init
 .text.HAL_OPAMP_Start
                0x00000000080055b0       0x36 build/stm32f3xx_hal_opamp.o
                0x00000000080055b0                HAL_OPAMP_Start
 *fill*         0x00000000080055e6        0x2 
 .text.HAL_TIM_PWM_MspInit
                0x00000000080055e8       0x2c build/tim.o
                0x00000000080055e8                HAL_TIM_PWM_MspInit
 .text.HAL_TIM_MspPostInit
                0x0000000008005614       0x38 build/tim.o
                0x0000000008005614                HAL_TIM_MspPostInit
 .text.MX_TIM8_Init
                0x000000000800564c       0xc8 build/tim.o
                0x000000000800564c                MX_TIM8_Init
 .text.pulse_tim8_ch2
                0x0000000008005714       0x28 build/tim.o
                0x0000000008005714                pulse_tim8_ch2
 .text.Reset_Handler
                0x000000000800573c       0x50 build/startup_stm32f303xe.o
                0x000000000800573c                Reset_Handler
 .text.Default_Handler
                0x000000000800578c        0x2 build/startup_stm32f303xe.o
                0x000000000800578c                TIM1_BRK_TIM15_IRQHandler
                0x000000000800578c                TIM8_TRG_COM_IRQHandler
                0x000000000800578c                TIM8_CC_IRQHandler
                0x000000000800578c                DebugMon_Handler
                0x000000000800578c                SPI4_IRQHandler
                0x000000000800578c                TIM1_CC_IRQHandler
                0x000000000800578c                HardFault_Handler
                0x000000000800578c                USB_HP_IRQHandler
                0x000000000800578c                PVD_IRQHandler
                0x000000000800578c                TAMP_STAMP_IRQHandler
                0x000000000800578c                PendSV_Handler
                0x000000000800578c                NMI_Handler
                0x000000000800578c                EXTI3_IRQHandler
                0x000000000800578c                I2C3_ER_IRQHandler
                0x000000000800578c                USB_HP_CAN_TX_IRQHandler
                0x000000000800578c                EXTI0_IRQHandler
                0x000000000800578c                I2C2_EV_IRQHandler
                0x000000000800578c                FPU_IRQHandler
                0x000000000800578c                TIM1_UP_TIM16_IRQHandler
                0x000000000800578c                UsageFault_Handler
                0x000000000800578c                SPI1_IRQHandler
                0x000000000800578c                CAN_SCE_IRQHandler
                0x000000000800578c                TIM6_DAC_IRQHandler
                0x000000000800578c                TIM8_UP_IRQHandler
                0x000000000800578c                DMA2_Channel2_IRQHandler
                0x000000000800578c                TIM20_TRG_COM_IRQHandler
                0x000000000800578c                USART3_IRQHandler
                0x000000000800578c                DMA1_Channel7_IRQHandler
                0x000000000800578c                UART5_IRQHandler
                0x000000000800578c                TIM4_IRQHandler
                0x000000000800578c                CAN_RX1_IRQHandler
                0x000000000800578c                DMA2_Channel1_IRQHandler
                0x000000000800578c                I2C1_EV_IRQHandler
                0x000000000800578c                DMA1_Channel6_IRQHandler
                0x000000000800578c                UART4_IRQHandler
                0x000000000800578c                DMA2_Channel4_IRQHandler
                0x000000000800578c                TIM3_IRQHandler
                0x000000000800578c                RCC_IRQHandler
                0x000000000800578c                TIM20_UP_IRQHandler
                0x000000000800578c                Default_Handler
                0x000000000800578c                USBWakeUp_RMP_IRQHandler
                0x000000000800578c                EXTI15_10_IRQHandler
                0x000000000800578c                TIM7_IRQHandler
                0x000000000800578c                I2C3_EV_IRQHandler
                0x000000000800578c                EXTI9_5_IRQHandler
                0x000000000800578c                RTC_WKUP_IRQHandler
                0x000000000800578c                SPI2_IRQHandler
                0x000000000800578c                USB_LP_CAN_RX0_IRQHandler
                0x000000000800578c                MemManage_Handler
                0x000000000800578c                SVC_Handler
                0x000000000800578c                USB_LP_IRQHandler
                0x000000000800578c                EXTI4_IRQHandler
                0x000000000800578c                TIM1_TRG_COM_TIM17_IRQHandler
                0x000000000800578c                DMA1_Channel3_IRQHandler
                0x000000000800578c                ADC4_IRQHandler
                0x000000000800578c                WWDG_IRQHandler
                0x000000000800578c                TIM2_IRQHandler
                0x000000000800578c                COMP7_IRQHandler
                0x000000000800578c                COMP1_2_3_IRQHandler
                0x000000000800578c                EXTI1_IRQHandler
                0x000000000800578c                USART2_IRQHandler
                0x000000000800578c                COMP4_5_6_IRQHandler
                0x000000000800578c                TIM20_BRK_IRQHandler
                0x000000000800578c                I2C2_ER_IRQHandler
                0x000000000800578c                DMA1_Channel2_IRQHandler
                0x000000000800578c                TIM8_BRK_IRQHandler
                0x000000000800578c                FLASH_IRQHandler
                0x000000000800578c                TIM20_CC_IRQHandler
                0x000000000800578c                BusFault_Handler
                0x000000000800578c                SPI3_IRQHandler
                0x000000000800578c                I2C1_ER_IRQHandler
                0x000000000800578c                FMC_IRQHandler
                0x000000000800578c                USBWakeUp_IRQHandler
                0x000000000800578c                DMA2_Channel3_IRQHandler
                0x000000000800578c                EXTI2_TSC_IRQHandler
                0x000000000800578c                RTC_Alarm_IRQHandler
 *fill*         0x000000000800578e        0x2 
 .text.__libc_init_array
                0x0000000008005790       0x48 /usr/local/gcc-arm-none-eabi-8-2019-q3-update/bin/../lib/gcc/arm-none-eabi/8.3.1/../../../../arm-none-eabi/lib/thumb/v7e-m+fp/hard/libc.a(lib_a-init.o)
                0x0000000008005790                __libc_init_array
 .text.memset   0x00000000080057d8       0xa0 /usr/local/gcc-arm-none-eabi-8-2019-q3-update/bin/../lib/gcc/arm-none-eabi/8.3.1/../../../../arm-none-eabi/lib/thumb/v7e-m+fp/hard/libc.a(lib_a-memset.o)
                0x00000000080057d8                memset
 .text.sprintf  0x0000000008005878       0x44 /usr/local/gcc-arm-none-eabi-8-2019-q3-update/bin/../lib/gcc/arm-none-eabi/8.3.1/../../../../arm-none-eabi/lib/thumb/v7e-m+fp/hard/libc.a(lib_a-sprintf.o)
                0x0000000008005878                sprintf
 *fill*         0x00000000080058bc        0x4 
 .text._svfprintf_r
                0x00000000080058c0     0x19f8 /usr/local/gcc-arm-none-eabi-8-2019-q3-update/bin/../lib/gcc/arm-none-eabi/8.3.1/../../../../arm-none-eabi/lib/thumb/v7e-m+fp/hard/libc.a(lib_a-svfprintf.o)
                0x00000000080058c0                _svfprintf_r
 .text.startup.register_fini
                0x00000000080072b8       0x14 /usr/local/gcc-arm-none-eabi-8-2019-q3-update/bin/../lib/gcc/arm-none-eabi/8.3.1/../../../../arm-none-eabi/lib/thumb/v7e-m+fp/hard/libc.a(lib_a-__call_atexit.o)
 .text.atexit   0x00000000080072cc        0xc /usr/local/gcc-arm-none-eabi-8-2019-q3-update/bin/../lib/gcc/arm-none-eabi/8.3.1/../../../../arm-none-eabi/lib/thumb/v7e-m+fp/hard/libc.a(lib_a-atexit.o)
                0x00000000080072cc                atexit
 .text.quorem   0x00000000080072d8      0x124 /usr/local/gcc-arm-none-eabi-8-2019-q3-update/bin/../lib/gcc/arm-none-eabi/8.3.1/../../../../arm-none-eabi/lib/thumb/v7e-m+fp/hard/libc.a(lib_a-dtoa.o)
 *fill*         0x00000000080073fc        0x4 
 .text._dtoa_r  0x0000000008007400      0xe54 /usr/local/gcc-arm-none-eabi-8-2019-q3-update/bin/../lib/gcc/arm-none-eabi/8.3.1/../../../../arm-none-eabi/lib/thumb/v7e-m+fp/hard/libc.a(lib_a-dtoa.o)
                0x0000000008007400                _dtoa_r
 .text.__libc_fini_array
                0x0000000008008254       0x34 /usr/local/gcc-arm-none-eabi-8-2019-q3-update/bin/../lib/gcc/arm-none-eabi/8.3.1/../../../../arm-none-eabi/lib/thumb/v7e-m+fp/hard/libc.a(lib_a-fini.o)
                0x0000000008008254                __libc_fini_array
 .text._malloc_trim_r
                0x0000000008008288       0xa0 /usr/local/gcc-arm-none-eabi-8-2019-q3-update/bin/../lib/gcc/arm-none-eabi/8.3.1/../../../../arm-none-eabi/lib/thumb/v7e-m+fp/hard/libc.a(lib_a-freer.o)
                0x0000000008008288                _malloc_trim_r
 .text._free_r  0x0000000008008328      0x1f4 /usr/local/gcc-arm-none-eabi-8-2019-q3-update/bin/../lib/gcc/arm-none-eabi/8.3.1/../../../../arm-none-eabi/lib/thumb/v7e-m+fp/hard/libc.a(lib_a-freer.o)
                0x0000000008008328                _free_r
 .text._localeconv_r
                0x000000000800851c        0x8 /usr/local/gcc-arm-none-eabi-8-2019-q3-update/bin/../lib/gcc/arm-none-eabi/8.3.1/../../../../arm-none-eabi/lib/thumb/v7e-m+fp/hard/libc.a(lib_a-localeconv.o)
                0x000000000800851c                _localeconv_r
 .text.__retarget_lock_acquire_recursive
                0x0000000008008524        0x4 /usr/local/gcc-arm-none-eabi-8-2019-q3-update/bin/../lib/gcc/arm-none-eabi/8.3.1/../../../../arm-none-eabi/lib/thumb/v7e-m+fp/hard/libc.a(lib_a-lock.o)
                0x0000000008008524                __retarget_lock_acquire_recursive
 .text.__retarget_lock_release_recursive
                0x0000000008008528        0x4 /usr/local/gcc-arm-none-eabi-8-2019-q3-update/bin/../lib/gcc/arm-none-eabi/8.3.1/../../../../arm-none-eabi/lib/thumb/v7e-m+fp/hard/libc.a(lib_a-lock.o)
                0x0000000008008528                __retarget_lock_release_recursive
 .text._malloc_r
                0x000000000800852c      0x570 /usr/local/gcc-arm-none-eabi-8-2019-q3-update/bin/../lib/gcc/arm-none-eabi/8.3.1/../../../../arm-none-eabi/lib/thumb/v7e-m+fp/hard/libc.a(lib_a-mallocr.o)
                0x000000000800852c                _malloc_r
 .text.__malloc_lock
                0x0000000008008a9c        0xc /usr/local/gcc-arm-none-eabi-8-2019-q3-update/bin/../lib/gcc/arm-none-eabi/8.3.1/../../../../arm-none-eabi/lib/thumb/v7e-m+fp/hard/libc.a(lib_a-mlock.o)
                0x0000000008008a9c                __malloc_lock
 .text.__malloc_unlock
                0x0000000008008aa8        0xc /usr/local/gcc-arm-none-eabi-8-2019-q3-update/bin/../lib/gcc/arm-none-eabi/8.3.1/../../../../arm-none-eabi/lib/thumb/v7e-m+fp/hard/libc.a(lib_a-mlock.o)
                0x0000000008008aa8                __malloc_unlock
 .text._Balloc  0x0000000008008ab4       0x4c /usr/local/gcc-arm-none-eabi-8-2019-q3-update/bin/../lib/gcc/arm-none-eabi/8.3.1/../../../../arm-none-eabi/lib/thumb/v7e-m+fp/hard/libc.a(lib_a-mprec.o)
                0x0000000008008ab4                _Balloc
 .text._Bfree   0x0000000008008b00       0x14 /usr/local/gcc-arm-none-eabi-8-2019-q3-update/bin/../lib/gcc/arm-none-eabi/8.3.1/../../../../arm-none-eabi/lib/thumb/v7e-m+fp/hard/libc.a(lib_a-mprec.o)
                0x0000000008008b00                _Bfree
 .text.__multadd
                0x0000000008008b14       0x8c /usr/local/gcc-arm-none-eabi-8-2019-q3-update/bin/../lib/gcc/arm-none-eabi/8.3.1/../../../../arm-none-eabi/lib/thumb/v7e-m+fp/hard/libc.a(lib_a-mprec.o)
                0x0000000008008b14                __multadd
 .text.__hi0bits
                0x0000000008008ba0       0x40 /usr/local/gcc-arm-none-eabi-8-2019-q3-update/bin/../lib/gcc/arm-none-eabi/8.3.1/../../../../arm-none-eabi/lib/thumb/v7e-m+fp/hard/libc.a(lib_a-mprec.o)
                0x0000000008008ba0                __hi0bits
 .text.__lo0bits
                0x0000000008008be0       0x60 /usr/local/gcc-arm-none-eabi-8-2019-q3-update/bin/../lib/gcc/arm-none-eabi/8.3.1/../../../../arm-none-eabi/lib/thumb/v7e-m+fp/hard/libc.a(lib_a-mprec.o)
                0x0000000008008be0                __lo0bits
 .text.__i2b    0x0000000008008c40       0x14 /usr/local/gcc-arm-none-eabi-8-2019-q3-update/bin/../lib/gcc/arm-none-eabi/8.3.1/../../../../arm-none-eabi/lib/thumb/v7e-m+fp/hard/libc.a(lib_a-mprec.o)
                0x0000000008008c40                __i2b
 .text.__multiply
                0x0000000008008c54      0x130 /usr/local/gcc-arm-none-eabi-8-2019-q3-update/bin/../lib/gcc/arm-none-eabi/8.3.1/../../../../arm-none-eabi/lib/thumb/v7e-m+fp/hard/libc.a(lib_a-mprec.o)
                0x0000000008008c54                __multiply
 .text.__pow5mult
                0x0000000008008d84       0xa0 /usr/local/gcc-arm-none-eabi-8-2019-q3-update/bin/../lib/gcc/arm-none-eabi/8.3.1/../../../../arm-none-eabi/lib/thumb/v7e-m+fp/hard/libc.a(lib_a-mprec.o)
                0x0000000008008d84                __pow5mult
 .text.__lshift
                0x0000000008008e24       0xb4 /usr/local/gcc-arm-none-eabi-8-2019-q3-update/bin/../lib/gcc/arm-none-eabi/8.3.1/../../../../arm-none-eabi/lib/thumb/v7e-m+fp/hard/libc.a(lib_a-mprec.o)
                0x0000000008008e24                __lshift
 .text.__mcmp   0x0000000008008ed8       0x38 /usr/local/gcc-arm-none-eabi-8-2019-q3-update/bin/../lib/gcc/arm-none-eabi/8.3.1/../../../../arm-none-eabi/lib/thumb/v7e-m+fp/hard/libc.a(lib_a-mprec.o)
                0x0000000008008ed8                __mcmp
 .text.__mdiff  0x0000000008008f10       0xf8 /usr/local/gcc-arm-none-eabi-8-2019-q3-update/bin/../lib/gcc/arm-none-eabi/8.3.1/../../../../arm-none-eabi/lib/thumb/v7e-m+fp/hard/libc.a(lib_a-mprec.o)
                0x0000000008008f10                __mdiff
 .text.__d2b    0x0000000008009008       0xc0 /usr/local/gcc-arm-none-eabi-8-2019-q3-update/bin/../lib/gcc/arm-none-eabi/8.3.1/../../../../arm-none-eabi/lib/thumb/v7e-m+fp/hard/libc.a(lib_a-mprec.o)
                0x0000000008009008                __d2b
 .text.frexp    0x00000000080090c8       0x6c /usr/local/gcc-arm-none-eabi-8-2019-q3-update/bin/../lib/gcc/arm-none-eabi/8.3.1/../../../../arm-none-eabi/lib/thumb/v7e-m+fp/hard/libc.a(lib_a-s_frexp.o)
                0x00000000080090c8                frexp
 .text._sbrk_r  0x0000000008009134       0x24 /usr/local/gcc-arm-none-eabi-8-2019-q3-update/bin/../lib/gcc/arm-none-eabi/8.3.1/../../../../arm-none-eabi/lib/thumb/v7e-m+fp/hard/libc.a(lib_a-sbrkr.o)
                0x0000000008009134                _sbrk_r
 .text.strncpy  0x0000000008009158       0x74 /usr/local/gcc-arm-none-eabi-8-2019-q3-update/bin/../lib/gcc/arm-none-eabi/8.3.1/../../../../arm-none-eabi/lib/thumb/v7e-m+fp/hard/libc.a(lib_a-strncpy.o)
                0x0000000008009158                strncpy
 .text.__ssprint_r
                0x00000000080091cc       0xf8 /usr/local/gcc-arm-none-eabi-8-2019-q3-update/bin/../lib/gcc/arm-none-eabi/8.3.1/../../../../arm-none-eabi/lib/thumb/v7e-m+fp/hard/libc.a(lib_a-svfiprintf.o)
                0x00000000080091cc                __ssprint_r
 .text.__register_exitproc
                0x00000000080092c4       0x88 /usr/local/gcc-arm-none-eabi-8-2019-q3-update/bin/../lib/gcc/arm-none-eabi/8.3.1/../../../../arm-none-eabi/lib/thumb/v7e-m+fp/hard/libc.a(lib_a-__atexit.o)
                0x00000000080092c4                __register_exitproc
 .text._calloc_r
                0x000000000800934c       0x60 /usr/local/gcc-arm-none-eabi-8-2019-q3-update/bin/../lib/gcc/arm-none-eabi/8.3.1/../../../../arm-none-eabi/lib/thumb/v7e-m+fp/hard/libc.a(lib_a-callocr.o)
                0x000000000800934c                _calloc_r
 .text.__ascii_mbtowc
                0x00000000080093ac       0x2c /usr/local/gcc-arm-none-eabi-8-2019-q3-update/bin/../lib/gcc/arm-none-eabi/8.3.1/../../../../arm-none-eabi/lib/thumb/v7e-m+fp/hard/libc.a(lib_a-mbtowc_r.o)
                0x00000000080093ac                __ascii_mbtowc
 .text.memmove  0x00000000080093d8       0xd0 /usr/local/gcc-arm-none-eabi-8-2019-q3-update/bin/../lib/gcc/arm-none-eabi/8.3.1/../../../../arm-none-eabi/lib/thumb/v7e-m+fp/hard/libc.a(lib_a-memmove.o)
                0x00000000080093d8                memmove
 .text._realloc_r
                0x00000000080094a8      0x36c /usr/local/gcc-arm-none-eabi-8-2019-q3-update/bin/../lib/gcc/arm-none-eabi/8.3.1/../../../../arm-none-eabi/lib/thumb/v7e-m+fp/hard/libc.a(lib_a-reallocr.o)
                0x00000000080094a8                _realloc_r
 .text.__ascii_wctomb
                0x0000000008009814       0x1c /usr/local/gcc-arm-none-eabi-8-2019-q3-update/bin/../lib/gcc/arm-none-eabi/8.3.1/../../../../arm-none-eabi/lib/thumb/v7e-m+fp/hard/libc.a(lib_a-wctomb_r.o)
                0x0000000008009814                __ascii_wctomb
 .text.sqrtf    0x0000000008009830       0x50 /usr/local/gcc-arm-none-eabi-8-2019-q3-update/bin/../lib/gcc/arm-none-eabi/8.3.1/../../../../arm-none-eabi/lib/thumb/v7e-m+fp/hard/libm.a(lib_a-wf_sqrt.o)
                0x0000000008009830                sqrtf
 .text.__ieee754_sqrtf
                0x0000000008009880        0x8 /usr/local/gcc-arm-none-eabi-8-2019-q3-update/bin/../lib/gcc/arm-none-eabi/8.3.1/../../../../arm-none-eabi/lib/thumb/v7e-m+fp/hard/libm.a(lib_a-ef_sqrt.o)
                0x0000000008009880                __ieee754_sqrtf
 .text._sbrk    0x0000000008009888       0x1c /usr/local/gcc-arm-none-eabi-8-2019-q3-update/bin/../lib/gcc/arm-none-eabi/8.3.1/../../../../arm-none-eabi/lib/thumb/v7e-m+fp/hard/libnosys.a(sbrk.o)
                0x0000000008009888                _sbrk
 .text.__errno  0x00000000080098a4        0xc /usr/local/gcc-arm-none-eabi-8-2019-q3-update/bin/../lib/gcc/arm-none-eabi/8.3.1/../../../../arm-none-eabi/lib/thumb/v7e-m+fp/hard/libc.a(lib_a-errno.o)
                0x00000000080098a4                __errno
 *(.glue_7)
 .glue_7        0x00000000080098b0        0x0 linker stubs
 *(.glue_7t)
 .glue_7t       0x00000000080098b0        0x0 linker stubs
 *(.eh_frame)
 .eh_frame      0x00000000080098b0        0x0 /usr/local/gcc-arm-none-eabi-8-2019-q3-update/bin/../lib/gcc/arm-none-eabi/8.3.1/thumb/v7e-m+fp/hard/crtbegin.o
 *(.init)
 .init          0x00000000080098b0        0x4 /usr/local/gcc-arm-none-eabi-8-2019-q3-update/bin/../lib/gcc/arm-none-eabi/8.3.1/thumb/v7e-m+fp/hard/crti.o
                0x00000000080098b0                _init
 .init          0x00000000080098b4        0x8 /usr/local/gcc-arm-none-eabi-8-2019-q3-update/bin/../lib/gcc/arm-none-eabi/8.3.1/thumb/v7e-m+fp/hard/crtn.o
 *(.fini)
 .fini          0x00000000080098bc        0x4 /usr/local/gcc-arm-none-eabi-8-2019-q3-update/bin/../lib/gcc/arm-none-eabi/8.3.1/thumb/v7e-m+fp/hard/crti.o
                0x00000000080098bc                _fini
 .fini          0x00000000080098c0        0x8 /usr/local/gcc-arm-none-eabi-8-2019-q3-update/bin/../lib/gcc/arm-none-eabi/8.3.1/thumb/v7e-m+fp/hard/crtn.o
                0x00000000080098c8                . = ALIGN (0x4)
                0x00000000080098c8                _etext = .

.vfp11_veneer   0x00000000080098c8        0x0
 .vfp11_veneer  0x00000000080098c8        0x0 linker stubs

.v4_bx          0x00000000080098c8        0x0
 .v4_bx         0x00000000080098c8        0x0 linker stubs

.iplt           0x00000000080098c8        0x0
 .iplt          0x00000000080098c8        0x0 /usr/local/gcc-arm-none-eabi-8-2019-q3-update/bin/../lib/gcc/arm-none-eabi/8.3.1/thumb/v7e-m+fp/hard/crtbegin.o

.rodata         0x00000000080098c8      0x3a8
                0x00000000080098c8                . = ALIGN (0x4)
 *(.rodata)
 *(.rodata*)
 .rodata.SystemClock_Config.str1.4
                0x00000000080098c8        0xb build/main.o
 *fill*         0x00000000080098d3        0x1 
 .rodata._Error_Handler.str1.4
                0x00000000080098d4       0x15 build/main.o
 *fill*         0x00000000080098e9        0x3 
 .rodata.main.str1.4
                0x00000000080098ec       0x93 build/main.o
 *fill*         0x000000000800997f        0x1 
 .rodata.MX_USART1_UART_Init.str1.4
                0x0000000008009980        0xc build/usart.o
 .rodata.aPLLMULFactorTable
                0x000000000800998c       0x10 build/stm32f3xx_hal_rcc.o
                0x000000000800998c                aPLLMULFactorTable
 .rodata.aPredivFactorTable
                0x000000000800999c       0x10 build/stm32f3xx_hal_rcc.o
                0x000000000800999c                aPredivFactorTable
 .rodata.AHBPrescTable
                0x00000000080099ac       0x10 build/system_stm32f3xx.o
                0x00000000080099ac                AHBPrescTable
 .rodata.APBPrescTable
                0x00000000080099bc        0x8 build/system_stm32f3xx.o
                0x00000000080099bc                APBPrescTable
 .rodata.MX_ADC1_Init.str1.4
                0x00000000080099c4        0xa build/adc.o
 .rodata.adc_buff_half_size
                0x00000000080099ce        0x2 build/adc.o
                0x00000000080099ce                adc_buff_half_size
 .rodata.MX_OPAMP4_Init.str1.4
                0x00000000080099d0        0xc build/opamp.o
 .rodata.MX_TIM8_Init.str1.4
                0x00000000080099dc        0xa build/tim.o
 *fill*         0x00000000080099e6        0x2 
 .rodata._global_impure_ptr
                0x00000000080099e8        0x4 /usr/local/gcc-arm-none-eabi-8-2019-q3-update/bin/../lib/gcc/arm-none-eabi/8.3.1/../../../../arm-none-eabi/lib/thumb/v7e-m+fp/hard/libc.a(lib_a-impure.o)
                0x00000000080099e8                _global_impure_ptr
 .rodata._svfprintf_r.str1.4
                0x00000000080099ec       0x42 /usr/local/gcc-arm-none-eabi-8-2019-q3-update/bin/../lib/gcc/arm-none-eabi/8.3.1/../../../../arm-none-eabi/lib/thumb/v7e-m+fp/hard/libc.a(lib_a-svfprintf.o)
 *fill*         0x0000000008009a2e        0x2 
 .rodata.blanks.8662
                0x0000000008009a30       0x10 /usr/local/gcc-arm-none-eabi-8-2019-q3-update/bin/../lib/gcc/arm-none-eabi/8.3.1/../../../../arm-none-eabi/lib/thumb/v7e-m+fp/hard/libc.a(lib_a-svfprintf.o)
 .rodata.zeroes.8663
                0x0000000008009a40       0x10 /usr/local/gcc-arm-none-eabi-8-2019-q3-update/bin/../lib/gcc/arm-none-eabi/8.3.1/../../../../arm-none-eabi/lib/thumb/v7e-m+fp/hard/libc.a(lib_a-svfprintf.o)
 .rodata._dtoa_r.str1.4
                0x0000000008009a50        0xd /usr/local/gcc-arm-none-eabi-8-2019-q3-update/bin/../lib/gcc/arm-none-eabi/8.3.1/../../../../arm-none-eabi/lib/thumb/v7e-m+fp/hard/libc.a(lib_a-dtoa.o)
                                         0x12 (size before relaxing)
 *fill*         0x0000000008009a5d        0x3 
 .rodata.__mprec_bigtens
                0x0000000008009a60       0x28 /usr/local/gcc-arm-none-eabi-8-2019-q3-update/bin/../lib/gcc/arm-none-eabi/8.3.1/../../../../arm-none-eabi/lib/thumb/v7e-m+fp/hard/libc.a(lib_a-mprec.o)
                0x0000000008009a60                __mprec_bigtens
 .rodata.__mprec_tens
                0x0000000008009a88       0xc8 /usr/local/gcc-arm-none-eabi-8-2019-q3-update/bin/../lib/gcc/arm-none-eabi/8.3.1/../../../../arm-none-eabi/lib/thumb/v7e-m+fp/hard/libc.a(lib_a-mprec.o)
                0x0000000008009a88                __mprec_tens
 .rodata.p05.7432
                0x0000000008009b50        0xc /usr/local/gcc-arm-none-eabi-8-2019-q3-update/bin/../lib/gcc/arm-none-eabi/8.3.1/../../../../arm-none-eabi/lib/thumb/v7e-m+fp/hard/libc.a(lib_a-mprec.o)
 .rodata._setlocale_r.str1.4
                0x0000000008009b5c        0xa /usr/local/gcc-arm-none-eabi-8-2019-q3-update/bin/../lib/gcc/arm-none-eabi/8.3.1/../../../../arm-none-eabi/lib/thumb/v7e-m+fp/hard/libc.a(lib_a-locale.o)
                                          0xd (size before relaxing)
 *fill*         0x0000000008009b66        0x2 
 .rodata.str1.4
                0x0000000008009b68        0x4 /usr/local/gcc-arm-none-eabi-8-2019-q3-update/bin/../lib/gcc/arm-none-eabi/8.3.1/../../../../arm-none-eabi/lib/thumb/v7e-m+fp/hard/libc.a(lib_a-locale.o)
                                          0x2 (size before relaxing)
 .rodata._ctype_
                0x0000000008009b6c      0x101 /usr/local/gcc-arm-none-eabi-8-2019-q3-update/bin/../lib/gcc/arm-none-eabi/8.3.1/../../../../arm-none-eabi/lib/thumb/v7e-m+fp/hard/libc.a(lib_a-ctype_.o)
                0x0000000008009b6c                _ctype_
                0x0000000008009c70                . = ALIGN (0x4)
 *fill*         0x0000000008009c6d        0x3 

.ARM.extab
 *(.ARM.extab* .gnu.linkonce.armextab.*)

.ARM            0x0000000008009c70        0x8
                0x0000000008009c70                __exidx_start = .
 *(.ARM.exidx*)
 .ARM.exidx     0x0000000008009c70        0x8 /usr/local/gcc-arm-none-eabi-8-2019-q3-update/bin/../lib/gcc/arm-none-eabi/8.3.1/thumb/v7e-m+fp/hard/libgcc.a(_udivmoddi4.o)
                0x0000000008009c78                __exidx_end = .

.rel.dyn        0x0000000008009c78        0x0
 .rel.iplt      0x0000000008009c78        0x0 /usr/local/gcc-arm-none-eabi-8-2019-q3-update/bin/../lib/gcc/arm-none-eabi/8.3.1/thumb/v7e-m+fp/hard/crtbegin.o

.preinit_array  0x0000000008009c78        0x0
                0x0000000008009c78                PROVIDE (__preinit_array_start = .)
 *(.preinit_array*)
                0x0000000008009c78                PROVIDE (__preinit_array_end = .)

.init_array     0x0000000008009c78        0x8
                0x0000000008009c78                PROVIDE (__init_array_start = .)
 *(SORT_BY_NAME(.init_array.*))
 .init_array.00000
                0x0000000008009c78        0x4 /usr/local/gcc-arm-none-eabi-8-2019-q3-update/bin/../lib/gcc/arm-none-eabi/8.3.1/../../../../arm-none-eabi/lib/thumb/v7e-m+fp/hard/libc.a(lib_a-__call_atexit.o)
 *(.init_array*)
 .init_array    0x0000000008009c7c        0x4 /usr/local/gcc-arm-none-eabi-8-2019-q3-update/bin/../lib/gcc/arm-none-eabi/8.3.1/thumb/v7e-m+fp/hard/crtbegin.o
                0x0000000008009c80                PROVIDE (__init_array_end = .)

.fini_array     0x0000000008009c80        0x4
                0x0000000008009c80                PROVIDE (__fini_array_start = .)
 *(SORT_BY_NAME(.fini_array.*))
 *(.fini_array*)
 .fini_array    0x0000000008009c80        0x4 /usr/local/gcc-arm-none-eabi-8-2019-q3-update/bin/../lib/gcc/arm-none-eabi/8.3.1/thumb/v7e-m+fp/hard/crtbegin.o
                0x0000000008009c84                PROVIDE (__fini_array_end = .)
                0x0000000008009c84                _sidata = LOADADDR (.data)

.data           0x0000000020000000      0x9cc load address 0x0000000008009c84
                0x0000000020000000                . = ALIGN (0x4)
                0x0000000020000000                _sdata = .
 *(.data)
 *(.data*)
 .data.CLEAR_TO_GO
                0x0000000020000000        0x1 build/main.o
                0x0000000020000000                CLEAR_TO_GO
 *fill*         0x0000000020000001        0x3 
 .data.ICAL     0x0000000020000004        0x4 build/main.o
                0x0000000020000004                ICAL
 .data.VCAL     0x0000000020000008        0x4 build/main.o
                0x0000000020000008                VCAL
 .data.cycles   0x000000002000000c        0x4 build/main.o
                0x000000002000000c                cycles
 .data.uwTickFreq
                0x0000000020000010        0x1 build/stm32f3xx_hal.o
                0x0000000020000010                uwTickFreq
 *fill*         0x0000000020000011        0x3 
 .data.uwTickPrio
                0x0000000020000014        0x4 build/stm32f3xx_hal.o
                0x0000000020000014                uwTickPrio
 .data.SystemCoreClock
                0x0000000020000018        0x4 build/system_stm32f3xx.o
                0x0000000020000018                SystemCoreClock
 .data._impure_ptr
                0x000000002000001c        0x4 /usr/local/gcc-arm-none-eabi-8-2019-q3-update/bin/../lib/gcc/arm-none-eabi/8.3.1/../../../../arm-none-eabi/lib/thumb/v7e-m+fp/hard/libc.a(lib_a-impure.o)
                0x000000002000001c                _impure_ptr
 .data.impure_data
                0x0000000020000020      0x428 /usr/local/gcc-arm-none-eabi-8-2019-q3-update/bin/../lib/gcc/arm-none-eabi/8.3.1/../../../../arm-none-eabi/lib/thumb/v7e-m+fp/hard/libc.a(lib_a-impure.o)
 .data.__atexit_recursive_mutex
                0x0000000020000448        0x4 /usr/local/gcc-arm-none-eabi-8-2019-q3-update/bin/../lib/gcc/arm-none-eabi/8.3.1/../../../../arm-none-eabi/lib/thumb/v7e-m+fp/hard/libc.a(lib_a-__call_atexit.o)
                0x0000000020000448                __atexit_recursive_mutex
 .data.__malloc_av_
                0x000000002000044c      0x408 /usr/local/gcc-arm-none-eabi-8-2019-q3-update/bin/../lib/gcc/arm-none-eabi/8.3.1/../../../../arm-none-eabi/lib/thumb/v7e-m+fp/hard/libc.a(lib_a-mallocr.o)
                0x000000002000044c                __malloc_av_
 .data.__malloc_sbrk_base
                0x0000000020000854        0x4 /usr/local/gcc-arm-none-eabi-8-2019-q3-update/bin/../lib/gcc/arm-none-eabi/8.3.1/../../../../arm-none-eabi/lib/thumb/v7e-m+fp/hard/libc.a(lib_a-mallocr.o)
                0x0000000020000854                __malloc_sbrk_base
 .data.__malloc_trim_threshold
                0x0000000020000858        0x4 /usr/local/gcc-arm-none-eabi-8-2019-q3-update/bin/../lib/gcc/arm-none-eabi/8.3.1/../../../../arm-none-eabi/lib/thumb/v7e-m+fp/hard/libc.a(lib_a-mallocr.o)
                0x0000000020000858                __malloc_trim_threshold
 .data.__global_locale
                0x000000002000085c      0x16c /usr/local/gcc-arm-none-eabi-8-2019-q3-update/bin/../lib/gcc/arm-none-eabi/8.3.1/../../../../arm-none-eabi/lib/thumb/v7e-m+fp/hard/libc.a(lib_a-locale.o)
                0x000000002000085c                __global_locale
 .data.__fdlib_version
                0x00000000200009c8        0x1 /usr/local/gcc-arm-none-eabi-8-2019-q3-update/bin/../lib/gcc/arm-none-eabi/8.3.1/../../../../arm-none-eabi/lib/thumb/v7e-m+fp/hard/libm.a(lib_a-s_lib_ver.o)
                0x00000000200009c8                __fdlib_version
                0x00000000200009cc                . = ALIGN (0x4)
 *fill*         0x00000000200009c9        0x3 
                0x00000000200009cc                _edata = .
                0x000000000800a650                _siccmram = LOADADDR (.ccmram)

.igot.plt       0x00000000200009cc        0x0 load address 0x000000000800a650
 .igot.plt      0x00000000200009cc        0x0 /usr/local/gcc-arm-none-eabi-8-2019-q3-update/bin/../lib/gcc/arm-none-eabi/8.3.1/thumb/v7e-m+fp/hard/crtbegin.o

.ccmram         0x0000000010000000        0x0 load address 0x000000000800a650
                0x0000000010000000                . = ALIGN (0x4)
                0x0000000010000000                _sccmram = .
 *(.ccmram)
 *(.ccmram*)
                0x0000000010000000                . = ALIGN (0x4)
                0x0000000010000000                _eccmram = .
                0x0000000010000000                . = ALIGN (0x4)

.bss            0x00000000200009d0     0xda70
                0x00000000200009d0                _sbss = .
                0x00000000200009d0                __bss_start__ = _sbss
 *(.bss)
 .bss           0x00000000200009d0       0x1c /usr/local/gcc-arm-none-eabi-8-2019-q3-update/bin/../lib/gcc/arm-none-eabi/8.3.1/thumb/v7e-m+fp/hard/crtbegin.o
 *(.bss*)
 .bss.Hz_array  0x00000000200009ec       0x50 build/main.o
                0x00000000200009ec                Hz_array
 .bss.Hz_array_counter
                0x0000000020000a3c        0x4 build/main.o
                0x0000000020000a3c                Hz_array_counter
 .bss.Hz_sum    0x0000000020000a40        0x4 build/main.o
                0x0000000020000a40                Hz_sum
 .bss.Hz_t1     0x0000000020000a44        0x4 build/main.o
                0x0000000020000a44                Hz_t1
 .bss.Hz_value_ready
                0x0000000020000a48        0x1 build/main.o
                0x0000000020000a48                Hz_value_ready
 *fill*         0x0000000020000a49        0x7 
 .bss.channels  0x0000000020000a50      0x168 build/main.o
 .bss.channels_ready
                0x0000000020000bb8      0x168 build/main.o
 .bss.hz_ready  0x0000000020000d20        0x1 build/main.o
                0x0000000020000d20                hz_ready
 *fill*         0x0000000020000d21        0x3 
 .bss.pulseCount
                0x0000000020000d24        0x4 build/main.o
                0x0000000020000d24                pulseCount
 .bss.readings_ready
                0x0000000020000d28        0x1 build/main.o
                0x0000000020000d28                readings_ready
 *fill*         0x0000000020000d29        0x3 
 .bss.__malloc_current_mallinfo
                0x0000000020000d2c       0x28 /usr/local/gcc-arm-none-eabi-8-2019-q3-update/bin/../lib/gcc/arm-none-eabi/8.3.1/../../../../arm-none-eabi/lib/thumb/v7e-m+fp/hard/libc.a(lib_a-mallocr.o)
                0x0000000020000d2c                __malloc_current_mallinfo
 .bss.__malloc_max_sbrked_mem
                0x0000000020000d54        0x4 /usr/local/gcc-arm-none-eabi-8-2019-q3-update/bin/../lib/gcc/arm-none-eabi/8.3.1/../../../../arm-none-eabi/lib/thumb/v7e-m+fp/hard/libc.a(lib_a-mallocr.o)
                0x0000000020000d54                __malloc_max_sbrked_mem
 .bss.__malloc_max_total_mem
                0x0000000020000d58        0x4 /usr/local/gcc-arm-none-eabi-8-2019-q3-update/bin/../lib/gcc/arm-none-eabi/8.3.1/../../../../arm-none-eabi/lib/thumb/v7e-m+fp/hard/libc.a(lib_a-mallocr.o)
                0x0000000020000d58                __malloc_max_total_mem
 .bss.__malloc_top_pad
                0x0000000020000d5c        0x4 /usr/local/gcc-arm-none-eabi-8-2019-q3-update/bin/../lib/gcc/arm-none-eabi/8.3.1/../../../../arm-none-eabi/lib/thumb/v7e-m+fp/hard/libc.a(lib_a-mallocr.o)
                0x0000000020000d5c                __malloc_top_pad
 .bss.heap_end.5501
                0x0000000020000d60        0x4 /usr/local/gcc-arm-none-eabi-8-2019-q3-update/bin/../lib/gcc/arm-none-eabi/8.3.1/../../../../arm-none-eabi/lib/thumb/v7e-m+fp/hard/libnosys.a(sbrk.o)
 *(COMMON)
 COMMON         0x0000000020000d64     0x8d52 build/main.o
                0x0000000020000d64                cycles_Hz
                0x0000000020000d66                signed_I
                0x0000000020000d68                sample_V
                0x0000000020000d6a                signed_V_Hz
                0x0000000020000d6c                adc3_dma_buff
                0x00000000200053bc                sample_V_Hz
                0x00000000200053be                previous_V_Hz
                0x00000000200053c0                adc1_full_conv_overrun
                0x00000000200053c2                adc1_half_conv_overrun
                0x00000000200053c4                adc1_half_conv_complete
                0x00000000200053c6                conv_hfcplt_flag
                0x00000000200053c7                conv_cplt_flag
                0x00000000200053c8                signed_V
                0x00000000200053ca                adc1_full_conv_complete
                0x00000000200053cc                sample_I
                0x00000000200053d0                adc1_dma_buff
                0x0000000020009a20                log_buffer
 *fill*         0x0000000020009ab6        0x2 
 COMMON         0x0000000020009ab8      0x168 build/usart.o
                0x0000000020009ab8                hdma_usart1_tx
                0x0000000020009afc                hdma_usart1_rx
                0x0000000020009b40                huart1
                0x0000000020009bb0                huart2
 COMMON         0x0000000020009c20        0x4 build/stm32f3xx_hal.o
                0x0000000020009c20                uwTick
 COMMON         0x0000000020009c24     0x4780 build/adc.o
                0x0000000020009c24                adc4_dma_buff
                0x000000002000e274                hdma_adc3
                0x000000002000e2b8                hadc1
                0x000000002000e30c                hadc3
                0x000000002000e360                hdma_adc1
 COMMON         0x000000002000e3a4       0x34 build/opamp.o
                0x000000002000e3a4                hopamp4
 COMMON         0x000000002000e3d8       0x40 build/tim.o
                0x000000002000e3d8                htim8
 COMMON         0x000000002000e418       0x21 /usr/local/gcc-arm-none-eabi-8-2019-q3-update/bin/../lib/gcc/arm-none-eabi/8.3.1/../../../../arm-none-eabi/lib/thumb/v7e-m+fp/hard/libc.a(lib_a-lock.o)
                0x000000002000e418                __lock___atexit_recursive_mutex
                0x000000002000e41c                __lock___arc4random_mutex
                0x000000002000e420                __lock___env_recursive_mutex
                0x000000002000e424                __lock___sinit_recursive_mutex
                0x000000002000e428                __lock___malloc_recursive_mutex
                0x000000002000e42c                __lock___at_quick_exit_mutex
                0x000000002000e430                __lock___dd_hash_mutex
                0x000000002000e434                __lock___tz_mutex
                0x000000002000e438                __lock___sfp_recursive_mutex
 *fill*         0x000000002000e439        0x3 
 COMMON         0x000000002000e43c        0x4 /usr/local/gcc-arm-none-eabi-8-2019-q3-update/bin/../lib/gcc/arm-none-eabi/8.3.1/../../../../arm-none-eabi/lib/thumb/v7e-m+fp/hard/libc.a(lib_a-reent.o)
                0x000000002000e43c                errno
                0x000000002000e440                . = ALIGN (0x4)
                0x000000002000e440                _ebss = .
                0x000000002000e440                __bss_end__ = _ebss

._user_heap_stack
                0x000000002000e440      0x600
                0x000000002000e440                . = ALIGN (0x8)
                0x000000002000e440                PROVIDE (end = .)
                [!provide]                        PROVIDE (_end = .)
                0x000000002000e640                . = (. + _Min_Heap_Size)
 *fill*         0x000000002000e440      0x200 
                0x000000002000ea40                . = (. + _Min_Stack_Size)
 *fill*         0x000000002000e640      0x400 
                0x000000002000ea40                . = ALIGN (0x8)

/DISCARD/
 libc.a(*)
 libm.a(*)
 libgcc.a(*)

.ARM.attributes
                0x0000000000000000       0x30
 *(.ARM.attributes)
 .ARM.attributes
                0x0000000000000000       0x1e /usr/local/gcc-arm-none-eabi-8-2019-q3-update/bin/../lib/gcc/arm-none-eabi/8.3.1/thumb/v7e-m+fp/hard/crti.o
 .ARM.attributes
                0x000000000000001e       0x34 /usr/local/gcc-arm-none-eabi-8-2019-q3-update/bin/../lib/gcc/arm-none-eabi/8.3.1/thumb/v7e-m+fp/hard/crtbegin.o
 .ARM.attributes
                0x0000000000000052       0x34 build/main.o
 .ARM.attributes
                0x0000000000000086       0x34 build/gpio.o
 .ARM.attributes
                0x00000000000000ba       0x34 build/usart.o
 .ARM.attributes
                0x00000000000000ee       0x34 build/stm32f3xx_it.o
 .ARM.attributes
                0x0000000000000122       0x34 build/stm32f3xx_hal_msp.o
 .ARM.attributes
                0x0000000000000156       0x34 build/stm32f3xx_hal_tim.o
 .ARM.attributes
                0x000000000000018a       0x34 build/stm32f3xx_hal_tim_ex.o
 .ARM.attributes
                0x00000000000001be       0x34 build/stm32f3xx_hal_uart.o
 .ARM.attributes
                0x00000000000001f2       0x34 build/stm32f3xx_hal_uart_ex.o
 .ARM.attributes
                0x0000000000000226       0x34 build/stm32f3xx_hal.o
 .ARM.attributes
                0x000000000000025a       0x34 build/stm32f3xx_hal_rcc.o
 .ARM.attributes
                0x000000000000028e       0x34 build/stm32f3xx_hal_rcc_ex.o
 .ARM.attributes
                0x00000000000002c2       0x34 build/stm32f3xx_hal_gpio.o
 .ARM.attributes
                0x00000000000002f6       0x34 build/stm32f3xx_hal_dma.o
 .ARM.attributes
                0x000000000000032a       0x34 build/stm32f3xx_hal_cortex.o
 .ARM.attributes
                0x000000000000035e       0x34 build/system_stm32f3xx.o
 .ARM.attributes
                0x0000000000000392       0x34 build/adc.o
 .ARM.attributes
                0x00000000000003c6       0x34 build/dma.o
 .ARM.attributes
                0x00000000000003fa       0x34 build/opamp.o
 .ARM.attributes
                0x000000000000042e       0x34 build/stm32f3xx_hal_adc.o
 .ARM.attributes
                0x0000000000000462       0x34 build/stm32f3xx_hal_adc_ex.o
 .ARM.attributes
                0x0000000000000496       0x34 build/stm32f3xx_hal_opamp.o
 .ARM.attributes
                0x00000000000004ca       0x34 build/tim.o
 .ARM.attributes
                0x00000000000004fe       0x21 build/startup_stm32f303xe.o
 .ARM.attributes
                0x000000000000051f       0x32 /usr/local/gcc-arm-none-eabi-8-2019-q3-update/bin/../lib/gcc/arm-none-eabi/8.3.1/../../../../arm-none-eabi/lib/thumb/v7e-m+fp/hard/libc.a(lib_a-impure.o)
 .ARM.attributes
                0x0000000000000551       0x34 /usr/local/gcc-arm-none-eabi-8-2019-q3-update/bin/../lib/gcc/arm-none-eabi/8.3.1/../../../../arm-none-eabi/lib/thumb/v7e-m+fp/hard/libc.a(lib_a-init.o)
 .ARM.attributes
                0x0000000000000585       0x34 /usr/local/gcc-arm-none-eabi-8-2019-q3-update/bin/../lib/gcc/arm-none-eabi/8.3.1/../../../../arm-none-eabi/lib/thumb/v7e-m+fp/hard/libc.a(lib_a-memset.o)
 .ARM.attributes
                0x00000000000005b9       0x34 /usr/local/gcc-arm-none-eabi-8-2019-q3-update/bin/../lib/gcc/arm-none-eabi/8.3.1/../../../../arm-none-eabi/lib/thumb/v7e-m+fp/hard/libc.a(lib_a-sprintf.o)
 .ARM.attributes
                0x00000000000005ed       0x1c /usr/local/gcc-arm-none-eabi-8-2019-q3-update/bin/../lib/gcc/arm-none-eabi/8.3.1/../../../../arm-none-eabi/lib/thumb/v7e-m+fp/hard/libc.a(lib_a-strlen.o)
 .ARM.attributes
                0x0000000000000609       0x34 /usr/local/gcc-arm-none-eabi-8-2019-q3-update/bin/../lib/gcc/arm-none-eabi/8.3.1/../../../../arm-none-eabi/lib/thumb/v7e-m+fp/hard/libc.a(lib_a-svfprintf.o)
 .ARM.attributes
                0x000000000000063d       0x34 /usr/local/gcc-arm-none-eabi-8-2019-q3-update/bin/../lib/gcc/arm-none-eabi/8.3.1/../../../../arm-none-eabi/lib/thumb/v7e-m+fp/hard/libc.a(lib_a-__call_atexit.o)
 .ARM.attributes
                0x0000000000000671       0x34 /usr/local/gcc-arm-none-eabi-8-2019-q3-update/bin/../lib/gcc/arm-none-eabi/8.3.1/../../../../arm-none-eabi/lib/thumb/v7e-m+fp/hard/libc.a(lib_a-atexit.o)
 .ARM.attributes
                0x00000000000006a5       0x34 /usr/local/gcc-arm-none-eabi-8-2019-q3-update/bin/../lib/gcc/arm-none-eabi/8.3.1/../../../../arm-none-eabi/lib/thumb/v7e-m+fp/hard/libc.a(lib_a-dtoa.o)
 .ARM.attributes
                0x00000000000006d9       0x34 /usr/local/gcc-arm-none-eabi-8-2019-q3-update/bin/../lib/gcc/arm-none-eabi/8.3.1/../../../../arm-none-eabi/lib/thumb/v7e-m+fp/hard/libc.a(lib_a-fini.o)
 .ARM.attributes
                0x000000000000070d       0x34 /usr/local/gcc-arm-none-eabi-8-2019-q3-update/bin/../lib/gcc/arm-none-eabi/8.3.1/../../../../arm-none-eabi/lib/thumb/v7e-m+fp/hard/libc.a(lib_a-freer.o)
 .ARM.attributes
                0x0000000000000741       0x34 /usr/local/gcc-arm-none-eabi-8-2019-q3-update/bin/../lib/gcc/arm-none-eabi/8.3.1/../../../../arm-none-eabi/lib/thumb/v7e-m+fp/hard/libc.a(lib_a-localeconv.o)
 .ARM.attributes
                0x0000000000000775       0x34 /usr/local/gcc-arm-none-eabi-8-2019-q3-update/bin/../lib/gcc/arm-none-eabi/8.3.1/../../../../arm-none-eabi/lib/thumb/v7e-m+fp/hard/libc.a(lib_a-lock.o)
 .ARM.attributes
                0x00000000000007a9       0x34 /usr/local/gcc-arm-none-eabi-8-2019-q3-update/bin/../lib/gcc/arm-none-eabi/8.3.1/../../../../arm-none-eabi/lib/thumb/v7e-m+fp/hard/libc.a(lib_a-mallocr.o)
 .ARM.attributes
                0x00000000000007dd       0x1c /usr/local/gcc-arm-none-eabi-8-2019-q3-update/bin/../lib/gcc/arm-none-eabi/8.3.1/../../../../arm-none-eabi/lib/thumb/v7e-m+fp/hard/libc.a(lib_a-memchr.o)
 .ARM.attributes
                0x00000000000007f9       0x1c /usr/local/gcc-arm-none-eabi-8-2019-q3-update/bin/../lib/gcc/arm-none-eabi/8.3.1/../../../../arm-none-eabi/lib/thumb/v7e-m+fp/hard/libc.a(lib_a-memcpy.o)
 .ARM.attributes
                0x0000000000000815       0x34 /usr/local/gcc-arm-none-eabi-8-2019-q3-update/bin/../lib/gcc/arm-none-eabi/8.3.1/../../../../arm-none-eabi/lib/thumb/v7e-m+fp/hard/libc.a(lib_a-mlock.o)
 .ARM.attributes
                0x0000000000000849       0x34 /usr/local/gcc-arm-none-eabi-8-2019-q3-update/bin/../lib/gcc/arm-none-eabi/8.3.1/../../../../arm-none-eabi/lib/thumb/v7e-m+fp/hard/libc.a(lib_a-mprec.o)
 .ARM.attributes
                0x000000000000087d       0x34 /usr/local/gcc-arm-none-eabi-8-2019-q3-update/bin/../lib/gcc/arm-none-eabi/8.3.1/../../../../arm-none-eabi/lib/thumb/v7e-m+fp/hard/libc.a(lib_a-s_frexp.o)
 .ARM.attributes
                0x00000000000008b1       0x34 /usr/local/gcc-arm-none-eabi-8-2019-q3-update/bin/../lib/gcc/arm-none-eabi/8.3.1/../../../../arm-none-eabi/lib/thumb/v7e-m+fp/hard/libc.a(lib_a-sbrkr.o)
 .ARM.attributes
                0x00000000000008e5       0x34 /usr/local/gcc-arm-none-eabi-8-2019-q3-update/bin/../lib/gcc/arm-none-eabi/8.3.1/../../../../arm-none-eabi/lib/thumb/v7e-m+fp/hard/libc.a(lib_a-strncpy.o)
 .ARM.attributes
                0x0000000000000919       0x34 /usr/local/gcc-arm-none-eabi-8-2019-q3-update/bin/../lib/gcc/arm-none-eabi/8.3.1/../../../../arm-none-eabi/lib/thumb/v7e-m+fp/hard/libc.a(lib_a-svfiprintf.o)
 .ARM.attributes
                0x000000000000094d       0x34 /usr/local/gcc-arm-none-eabi-8-2019-q3-update/bin/../lib/gcc/arm-none-eabi/8.3.1/../../../../arm-none-eabi/lib/thumb/v7e-m+fp/hard/libc.a(lib_a-__atexit.o)
 .ARM.attributes
                0x0000000000000981       0x34 /usr/local/gcc-arm-none-eabi-8-2019-q3-update/bin/../lib/gcc/arm-none-eabi/8.3.1/../../../../arm-none-eabi/lib/thumb/v7e-m+fp/hard/libc.a(lib_a-callocr.o)
 .ARM.attributes
                0x00000000000009b5       0x34 /usr/local/gcc-arm-none-eabi-8-2019-q3-update/bin/../lib/gcc/arm-none-eabi/8.3.1/../../../../arm-none-eabi/lib/thumb/v7e-m+fp/hard/libc.a(lib_a-locale.o)
 .ARM.attributes
                0x00000000000009e9       0x34 /usr/local/gcc-arm-none-eabi-8-2019-q3-update/bin/../lib/gcc/arm-none-eabi/8.3.1/../../../../arm-none-eabi/lib/thumb/v7e-m+fp/hard/libc.a(lib_a-mbtowc_r.o)
 .ARM.attributes
                0x0000000000000a1d       0x34 /usr/local/gcc-arm-none-eabi-8-2019-q3-update/bin/../lib/gcc/arm-none-eabi/8.3.1/../../../../arm-none-eabi/lib/thumb/v7e-m+fp/hard/libc.a(lib_a-memmove.o)
 .ARM.attributes
                0x0000000000000a51       0x34 /usr/local/gcc-arm-none-eabi-8-2019-q3-update/bin/../lib/gcc/arm-none-eabi/8.3.1/../../../../arm-none-eabi/lib/thumb/v7e-m+fp/hard/libc.a(lib_a-reallocr.o)
 .ARM.attributes
                0x0000000000000a85       0x34 /usr/local/gcc-arm-none-eabi-8-2019-q3-update/bin/../lib/gcc/arm-none-eabi/8.3.1/../../../../arm-none-eabi/lib/thumb/v7e-m+fp/hard/libc.a(lib_a-reent.o)
 .ARM.attributes
                0x0000000000000ab9       0x34 /usr/local/gcc-arm-none-eabi-8-2019-q3-update/bin/../lib/gcc/arm-none-eabi/8.3.1/../../../../arm-none-eabi/lib/thumb/v7e-m+fp/hard/libc.a(lib_a-wctomb_r.o)
 .ARM.attributes
                0x0000000000000aed       0x32 /usr/local/gcc-arm-none-eabi-8-2019-q3-update/bin/../lib/gcc/arm-none-eabi/8.3.1/../../../../arm-none-eabi/lib/thumb/v7e-m+fp/hard/libc.a(lib_a-ctype_.o)
 .ARM.attributes
                0x0000000000000b1f       0x34 /usr/local/gcc-arm-none-eabi-8-2019-q3-update/bin/../lib/gcc/arm-none-eabi/8.3.1/../../../../arm-none-eabi/lib/thumb/v7e-m+fp/hard/libm.a(lib_a-wf_sqrt.o)
 .ARM.attributes
                0x0000000000000b53       0x34 /usr/local/gcc-arm-none-eabi-8-2019-q3-update/bin/../lib/gcc/arm-none-eabi/8.3.1/../../../../arm-none-eabi/lib/thumb/v7e-m+fp/hard/libm.a(lib_a-ef_sqrt.o)
 .ARM.attributes
                0x0000000000000b87       0x32 /usr/local/gcc-arm-none-eabi-8-2019-q3-update/bin/../lib/gcc/arm-none-eabi/8.3.1/../../../../arm-none-eabi/lib/thumb/v7e-m+fp/hard/libm.a(lib_a-s_lib_ver.o)
 .ARM.attributes
                0x0000000000000bb9       0x34 /usr/local/gcc-arm-none-eabi-8-2019-q3-update/bin/../lib/gcc/arm-none-eabi/8.3.1/../../../../arm-none-eabi/lib/thumb/v7e-m+fp/hard/libnosys.a(sbrk.o)
 .ARM.attributes
                0x0000000000000bed       0x1e /usr/local/gcc-arm-none-eabi-8-2019-q3-update/bin/../lib/gcc/arm-none-eabi/8.3.1/thumb/v7e-m+fp/hard/libgcc.a(_arm_addsubdf3.o)
 .ARM.attributes
                0x0000000000000c0b       0x1e /usr/local/gcc-arm-none-eabi-8-2019-q3-update/bin/../lib/gcc/arm-none-eabi/8.3.1/thumb/v7e-m+fp/hard/libgcc.a(_arm_muldivdf3.o)
 .ARM.attributes
                0x0000000000000c29       0x1e /usr/local/gcc-arm-none-eabi-8-2019-q3-update/bin/../lib/gcc/arm-none-eabi/8.3.1/thumb/v7e-m+fp/hard/libgcc.a(_arm_cmpdf2.o)
 .ARM.attributes
                0x0000000000000c47       0x1e /usr/local/gcc-arm-none-eabi-8-2019-q3-update/bin/../lib/gcc/arm-none-eabi/8.3.1/thumb/v7e-m+fp/hard/libgcc.a(_arm_unorddf2.o)
 .ARM.attributes
                0x0000000000000c65       0x1e /usr/local/gcc-arm-none-eabi-8-2019-q3-update/bin/../lib/gcc/arm-none-eabi/8.3.1/thumb/v7e-m+fp/hard/libgcc.a(_arm_fixdfsi.o)
 .ARM.attributes
                0x0000000000000c83       0x1e /usr/local/gcc-arm-none-eabi-8-2019-q3-update/bin/../lib/gcc/arm-none-eabi/8.3.1/thumb/v7e-m+fp/hard/libgcc.a(_arm_addsubsf3.o)
 .ARM.attributes
                0x0000000000000ca1       0x1e /usr/local/gcc-arm-none-eabi-8-2019-q3-update/bin/../lib/gcc/arm-none-eabi/8.3.1/thumb/v7e-m+fp/hard/libgcc.a(_aeabi_uldivmod.o)
 .ARM.attributes
                0x0000000000000cbf       0x34 /usr/local/gcc-arm-none-eabi-8-2019-q3-update/bin/../lib/gcc/arm-none-eabi/8.3.1/thumb/v7e-m+fp/hard/libgcc.a(_udivmoddi4.o)
 .ARM.attributes
                0x0000000000000cf3       0x1e /usr/local/gcc-arm-none-eabi-8-2019-q3-update/bin/../lib/gcc/arm-none-eabi/8.3.1/thumb/v7e-m+fp/hard/libgcc.a(_dvmd_tls.o)
 .ARM.attributes
                0x0000000000000d11       0x34 /usr/local/gcc-arm-none-eabi-8-2019-q3-update/bin/../lib/gcc/arm-none-eabi/8.3.1/../../../../arm-none-eabi/lib/thumb/v7e-m+fp/hard/libc.a(lib_a-errno.o)
 .ARM.attributes
                0x0000000000000d45       0x1e /usr/local/gcc-arm-none-eabi-8-2019-q3-update/bin/../lib/gcc/arm-none-eabi/8.3.1/thumb/v7e-m+fp/hard/crtn.o
OUTPUT(build/Sombrero_VE_Working1.elf elf32-littlearm)

.debug_info     0x0000000000000000    0x26678
 .debug_info    0x0000000000000000     0x2cf5 build/main.o
 .debug_info    0x0000000000002cf5     0x1053 build/gpio.o
 .debug_info    0x0000000000003d48     0x19ad build/usart.o
 .debug_info    0x00000000000056f5     0x16fb build/stm32f3xx_it.o
 .debug_info    0x0000000000006df0      0xf50 build/stm32f3xx_hal_msp.o
 .debug_info    0x0000000000007d40     0x41b9 build/stm32f3xx_hal_tim.o
 .debug_info    0x000000000000bef9     0x2475 build/stm32f3xx_hal_tim_ex.o
 .debug_info    0x000000000000e36e     0x2826 build/stm32f3xx_hal_uart.o
 .debug_info    0x0000000000010b94     0x1488 build/stm32f3xx_hal_uart_ex.o
 .debug_info    0x000000000001201c     0x135e build/stm32f3xx_hal.o
 .debug_info    0x000000000001337a     0x2306 build/stm32f3xx_hal_rcc.o
 .debug_info    0x0000000000015680     0x134f build/stm32f3xx_hal_rcc_ex.o
 .debug_info    0x00000000000169cf     0x12aa build/stm32f3xx_hal_gpio.o
 .debug_info    0x0000000000017c79     0x1374 build/stm32f3xx_hal_dma.o
 .debug_info    0x0000000000018fed     0x1b4d build/stm32f3xx_hal_cortex.o
 .debug_info    0x000000000001ab3a      0xe8b build/system_stm32f3xx.o
 .debug_info    0x000000000001b9c5     0x22f2 build/adc.o
 .debug_info    0x000000000001dcb7      0xf2d build/dma.o
 .debug_info    0x000000000001ebe4      0xfc1 build/opamp.o
 .debug_info    0x000000000001fba5     0x1757 build/stm32f3xx_hal_adc.o
 .debug_info    0x00000000000212fc     0x296b build/stm32f3xx_hal_adc_ex.o
 .debug_info    0x0000000000023c67     0x11bc build/stm32f3xx_hal_opamp.o
 .debug_info    0x0000000000024e23     0x1833 build/tim.o
 .debug_info    0x0000000000026656       0x22 build/startup_stm32f303xe.o

.debug_abbrev   0x0000000000000000     0x449a
 .debug_abbrev  0x0000000000000000      0x393 build/main.o
 .debug_abbrev  0x0000000000000393      0x239 build/gpio.o
 .debug_abbrev  0x00000000000005cc      0x2ab build/usart.o
 .debug_abbrev  0x0000000000000877      0x218 build/stm32f3xx_it.o
 .debug_abbrev  0x0000000000000a8f      0x242 build/stm32f3xx_hal_msp.o
 .debug_abbrev  0x0000000000000cd1      0x360 build/stm32f3xx_hal_tim.o
 .debug_abbrev  0x0000000000001031      0x346 build/stm32f3xx_hal_tim_ex.o
 .debug_abbrev  0x0000000000001377      0x358 build/stm32f3xx_hal_uart.o
 .debug_abbrev  0x00000000000016cf      0x2ec build/stm32f3xx_hal_uart_ex.o
 .debug_abbrev  0x00000000000019bb      0x308 build/stm32f3xx_hal.o
 .debug_abbrev  0x0000000000001cc3      0x3eb build/stm32f3xx_hal_rcc.o
 .debug_abbrev  0x00000000000020ae      0x385 build/stm32f3xx_hal_rcc_ex.o
 .debug_abbrev  0x0000000000002433      0x30a build/stm32f3xx_hal_gpio.o
 .debug_abbrev  0x000000000000273d      0x327 build/stm32f3xx_hal_dma.o
 .debug_abbrev  0x0000000000002a64      0x444 build/stm32f3xx_hal_cortex.o
 .debug_abbrev  0x0000000000002ea8      0x236 build/system_stm32f3xx.o
 .debug_abbrev  0x00000000000030de      0x321 build/adc.o
 .debug_abbrev  0x00000000000033ff      0x242 build/dma.o
 .debug_abbrev  0x0000000000003641      0x265 build/opamp.o
 .debug_abbrev  0x00000000000038a6      0x244 build/stm32f3xx_hal_adc.o
 .debug_abbrev  0x0000000000003aea      0x39f build/stm32f3xx_hal_adc_ex.o
 .debug_abbrev  0x0000000000003e89      0x2fa build/stm32f3xx_hal_opamp.o
 .debug_abbrev  0x0000000000004183      0x305 build/tim.o
 .debug_abbrev  0x0000000000004488       0x12 build/startup_stm32f303xe.o

.debug_loc      0x0000000000000000    0x10120
 .debug_loc     0x0000000000000000      0x5ac build/main.o
 .debug_loc     0x00000000000005ac       0x39 build/gpio.o
 .debug_loc     0x00000000000005e5      0x200 build/usart.o
 .debug_loc     0x00000000000007e5      0x100 build/stm32f3xx_it.o
 .debug_loc     0x00000000000008e5       0x38 build/stm32f3xx_hal_msp.o
 .debug_loc     0x000000000000091d     0x4952 build/stm32f3xx_hal_tim.o
 .debug_loc     0x000000000000526f     0x211b build/stm32f3xx_hal_tim_ex.o
 .debug_loc     0x000000000000738a     0x1ea9 build/stm32f3xx_hal_uart.o
 .debug_loc     0x0000000000009233      0x3dc build/stm32f3xx_hal_uart_ex.o
 .debug_loc     0x000000000000960f      0x1cc build/stm32f3xx_hal.o
 .debug_loc     0x00000000000097db      0xf1f build/stm32f3xx_hal_rcc.o
 .debug_loc     0x000000000000a6fa      0xdcc build/stm32f3xx_hal_rcc_ex.o
 .debug_loc     0x000000000000b4c6      0x4c3 build/stm32f3xx_hal_gpio.o
 .debug_loc     0x000000000000b989      0x982 build/stm32f3xx_hal_dma.o
 .debug_loc     0x000000000000c30b      0x790 build/stm32f3xx_hal_cortex.o
 .debug_loc     0x000000000000ca9b      0x124 build/system_stm32f3xx.o
 .debug_loc     0x000000000000cbbf      0x1b8 build/adc.o
 .debug_loc     0x000000000000cd77       0x38 build/dma.o
 .debug_loc     0x000000000000cdaf       0xdf build/opamp.o
 .debug_loc     0x000000000000ce8e      0x22b build/stm32f3xx_hal_adc.o
 .debug_loc     0x000000000000d0b9     0x26ab build/stm32f3xx_hal_adc_ex.o
 .debug_loc     0x000000000000f764      0x871 build/stm32f3xx_hal_opamp.o
 .debug_loc     0x000000000000ffd5      0x14b build/tim.o

.debug_aranges  0x0000000000000000      0xf30
 .debug_aranges
                0x0000000000000000       0x38 build/main.o
 .debug_aranges
                0x0000000000000038       0x20 build/gpio.o
 .debug_aranges
                0x0000000000000058       0x48 build/usart.o
 .debug_aranges
                0x00000000000000a0       0x58 build/stm32f3xx_it.o
 .debug_aranges
                0x00000000000000f8       0x20 build/stm32f3xx_hal_msp.o
 .debug_aranges
                0x0000000000000118      0x378 build/stm32f3xx_hal_tim.o
 .debug_aranges
                0x0000000000000490      0x178 build/stm32f3xx_hal_tim_ex.o
 .debug_aranges
                0x0000000000000608      0x1f0 build/stm32f3xx_hal_uart.o
 .debug_aranges
                0x00000000000007f8       0x48 build/stm32f3xx_hal_uart_ex.o
 .debug_aranges
                0x0000000000000840       0xe0 build/stm32f3xx_hal.o
 .debug_aranges
                0x0000000000000920       0x88 build/stm32f3xx_hal_rcc.o
 .debug_aranges
                0x00000000000009a8       0x38 build/stm32f3xx_hal_rcc_ex.o
 .debug_aranges
                0x00000000000009e0       0x58 build/stm32f3xx_hal_gpio.o
 .debug_aranges
                0x0000000000000a38       0x88 build/stm32f3xx_hal_dma.o
 .debug_aranges
                0x0000000000000ac0       0xa8 build/stm32f3xx_hal_cortex.o
 .debug_aranges
                0x0000000000000b68       0x28 build/system_stm32f3xx.o
 .debug_aranges
                0x0000000000000b90       0x50 build/adc.o
 .debug_aranges
                0x0000000000000be0       0x20 build/dma.o
 .debug_aranges
                0x0000000000000c00       0x30 build/opamp.o
 .debug_aranges
                0x0000000000000c30       0xc8 build/stm32f3xx_hal_adc.o
 .debug_aranges
                0x0000000000000cf8      0x168 build/stm32f3xx_hal_adc_ex.o
 .debug_aranges
                0x0000000000000e60       0x68 build/stm32f3xx_hal_opamp.o
 .debug_aranges
                0x0000000000000ec8       0x40 build/tim.o
 .debug_aranges
                0x0000000000000f08       0x28 build/startup_stm32f303xe.o

.debug_ranges   0x0000000000000000      0xea0
 .debug_ranges  0x0000000000000000       0x90 build/main.o
 .debug_ranges  0x0000000000000090       0x10 build/gpio.o
 .debug_ranges  0x00000000000000a0       0x38 build/usart.o
 .debug_ranges  0x00000000000000d8       0x48 build/stm32f3xx_it.o
 .debug_ranges  0x0000000000000120       0x10 build/stm32f3xx_hal_msp.o
 .debug_ranges  0x0000000000000130      0x368 build/stm32f3xx_hal_tim.o
 .debug_ranges  0x0000000000000498      0x168 build/stm32f3xx_hal_tim_ex.o
 .debug_ranges  0x0000000000000600      0x1e0 build/stm32f3xx_hal_uart.o
 .debug_ranges  0x00000000000007e0       0x38 build/stm32f3xx_hal_uart_ex.o
 .debug_ranges  0x0000000000000818       0xd0 build/stm32f3xx_hal.o
 .debug_ranges  0x00000000000008e8       0x98 build/stm32f3xx_hal_rcc.o
 .debug_ranges  0x0000000000000980       0x40 build/stm32f3xx_hal_rcc_ex.o
 .debug_ranges  0x00000000000009c0       0x48 build/stm32f3xx_hal_gpio.o
 .debug_ranges  0x0000000000000a08       0x78 build/stm32f3xx_hal_dma.o
 .debug_ranges  0x0000000000000a80       0xe0 build/stm32f3xx_hal_cortex.o
 .debug_ranges  0x0000000000000b60       0x18 build/system_stm32f3xx.o
 .debug_ranges  0x0000000000000b78       0x40 build/adc.o
 .debug_ranges  0x0000000000000bb8       0x10 build/dma.o
 .debug_ranges  0x0000000000000bc8       0x20 build/opamp.o
 .debug_ranges  0x0000000000000be8       0xb8 build/stm32f3xx_hal_adc.o
 .debug_ranges  0x0000000000000ca0      0x158 build/stm32f3xx_hal_adc_ex.o
 .debug_ranges  0x0000000000000df8       0x58 build/stm32f3xx_hal_opamp.o
 .debug_ranges  0x0000000000000e50       0x30 build/tim.o
 .debug_ranges  0x0000000000000e80       0x20 build/startup_stm32f303xe.o

.debug_line     0x0000000000000000    0x10abf
 .debug_line    0x0000000000000000      0x945 build/main.o
 .debug_line    0x0000000000000945      0x452 build/gpio.o
 .debug_line    0x0000000000000d97      0x5b5 build/usart.o
 .debug_line    0x000000000000134c      0x369 build/stm32f3xx_it.o
 .debug_line    0x00000000000016b5      0x258 build/stm32f3xx_hal_msp.o
 .debug_line    0x000000000000190d     0x30c6 build/stm32f3xx_hal_tim.o
 .debug_line    0x00000000000049d3     0x1544 build/stm32f3xx_hal_tim_ex.o
 .debug_line    0x0000000000005f17     0x1d59 build/stm32f3xx_hal_uart.o
 .debug_line    0x0000000000007c70      0x4be build/stm32f3xx_hal_uart_ex.o
 .debug_line    0x000000000000812e      0x575 build/stm32f3xx_hal.o
 .debug_line    0x00000000000086a3     0x11a0 build/stm32f3xx_hal_rcc.o
 .debug_line    0x0000000000009843      0xe37 build/stm32f3xx_hal_rcc_ex.o
 .debug_line    0x000000000000a67a      0x750 build/stm32f3xx_hal_gpio.o
 .debug_line    0x000000000000adca      0xa5c build/stm32f3xx_hal_dma.o
 .debug_line    0x000000000000b826      0x76e build/stm32f3xx_hal_cortex.o
 .debug_line    0x000000000000bf94      0x32b build/system_stm32f3xx.o
 .debug_line    0x000000000000c2bf      0x79b build/adc.o
 .debug_line    0x000000000000ca5a      0x24a build/dma.o
 .debug_line    0x000000000000cca4      0x33e build/opamp.o
 .debug_line    0x000000000000cfe2      0x4e3 build/stm32f3xx_hal_adc.o
 .debug_line    0x000000000000d4c5     0x2993 build/stm32f3xx_hal_adc_ex.o
 .debug_line    0x000000000000fe58      0x73d build/stm32f3xx_hal_opamp.o
 .debug_line    0x0000000000010595      0x4b6 build/tim.o
 .debug_line    0x0000000000010a4b       0x74 build/startup_stm32f303xe.o

.debug_str      0x0000000000000000     0x5099
 .debug_str     0x0000000000000000     0x1c84 build/main.o
                                       0x1df6 (size before relaxing)
 .debug_str     0x0000000000001c84       0xa4 build/gpio.o
                                        0x7d5 (size before relaxing)
 .debug_str     0x0000000000001d28       0xd3 build/usart.o
                                       0x11f5 (size before relaxing)
 .debug_str     0x0000000000001dfb      0x12c build/stm32f3xx_it.o
                                        0xea0 (size before relaxing)
 .debug_str     0x0000000000001f27       0x41 build/stm32f3xx_hal_msp.o
                                        0xbf3 (size before relaxing)
 .debug_str     0x0000000000001f68      0xdb9 build/stm32f3xx_hal_tim.o
                                       0x18ce (size before relaxing)
 .debug_str     0x0000000000002d21      0x5a0 build/stm32f3xx_hal_tim_ex.o
                                       0x1309 (size before relaxing)
 .debug_str     0x00000000000032c1      0x6cb build/stm32f3xx_hal_uart.o
                                       0x1346 (size before relaxing)
 .debug_str     0x000000000000398c       0xea build/stm32f3xx_hal_uart_ex.o
                                        0xd4a (size before relaxing)
 .debug_str     0x0000000000003a76      0x229 build/stm32f3xx_hal.o
                                        0xe94 (size before relaxing)
 .debug_str     0x0000000000003c9f      0x17b build/stm32f3xx_hal_rcc.o
                                        0xb29 (size before relaxing)
 .debug_str     0x0000000000003e1a       0xc5 build/stm32f3xx_hal_rcc_ex.o
                                        0xabd (size before relaxing)
 .debug_str     0x0000000000003edf      0x15d build/stm32f3xx_hal_gpio.o
                                        0x9ca (size before relaxing)
 .debug_str     0x000000000000403c      0x1db build/stm32f3xx_hal_dma.o
                                        0xb39 (size before relaxing)
 .debug_str     0x0000000000004217      0x35a build/stm32f3xx_hal_cortex.o
                                       0x10b2 (size before relaxing)
 .debug_str     0x0000000000004571       0x4d build/system_stm32f3xx.o
                                        0x7ae (size before relaxing)
 .debug_str     0x00000000000045be      0x14a build/adc.o
                                       0x156e (size before relaxing)
 .debug_str     0x0000000000004708        0xa build/dma.o
                                        0xbdb (size before relaxing)
 .debug_str     0x0000000000004712       0x4d build/opamp.o
                                        0x9a2 (size before relaxing)
 .debug_str     0x000000000000475f      0x192 build/stm32f3xx_hal_adc.o
                                        0xdbf (size before relaxing)
 .debug_str     0x00000000000048f1      0x59f build/stm32f3xx_hal_adc_ex.o
                                       0x13da (size before relaxing)
 .debug_str     0x0000000000004e90      0x122 build/stm32f3xx_hal_opamp.o
                                        0xa8b (size before relaxing)
 .debug_str     0x0000000000004fb2       0xc3 build/tim.o
                                        0xea6 (size before relaxing)
 .debug_str     0x0000000000005075       0x24 build/startup_stm32f303xe.o
                                         0xa4 (size before relaxing)

.comment        0x0000000000000000       0x76
 .comment       0x0000000000000000       0x76 build/main.o
                                         0x77 (size before relaxing)
 .comment       0x0000000000000076       0x77 build/gpio.o
 .comment       0x0000000000000076       0x77 build/usart.o
 .comment       0x0000000000000076       0x77 build/stm32f3xx_it.o
 .comment       0x0000000000000076       0x77 build/stm32f3xx_hal_msp.o
 .comment       0x0000000000000076       0x77 build/stm32f3xx_hal_tim.o
 .comment       0x0000000000000076       0x77 build/stm32f3xx_hal_tim_ex.o
 .comment       0x0000000000000076       0x77 build/stm32f3xx_hal_uart.o
 .comment       0x0000000000000076       0x77 build/stm32f3xx_hal_uart_ex.o
 .comment       0x0000000000000076       0x77 build/stm32f3xx_hal.o
 .comment       0x0000000000000076       0x77 build/stm32f3xx_hal_rcc.o
 .comment       0x0000000000000076       0x77 build/stm32f3xx_hal_rcc_ex.o
 .comment       0x0000000000000076       0x77 build/stm32f3xx_hal_gpio.o
 .comment       0x0000000000000076       0x77 build/stm32f3xx_hal_dma.o
 .comment       0x0000000000000076       0x77 build/stm32f3xx_hal_cortex.o
 .comment       0x0000000000000076       0x77 build/system_stm32f3xx.o
 .comment       0x0000000000000076       0x77 build/adc.o
 .comment       0x0000000000000076       0x77 build/dma.o
 .comment       0x0000000000000076       0x77 build/opamp.o
 .comment       0x0000000000000076       0x77 build/stm32f3xx_hal_adc.o
 .comment       0x0000000000000076       0x77 build/stm32f3xx_hal_adc_ex.o
 .comment       0x0000000000000076       0x77 build/stm32f3xx_hal_opamp.o
 .comment       0x0000000000000076       0x77 build/tim.o

.debug_frame    0x0000000000000000     0x3988
 .debug_frame   0x0000000000000000       0xc4 build/main.o
 .debug_frame   0x00000000000000c4       0x48 build/gpio.o
 .debug_frame   0x000000000000010c       0xc4 build/usart.o
 .debug_frame   0x00000000000001d0       0xf0 build/stm32f3xx_it.o
 .debug_frame   0x00000000000002c0       0x30 build/stm32f3xx_hal_msp.o
 .debug_frame   0x00000000000002f0      0xb58 build/stm32f3xx_hal_tim.o
 .debug_frame   0x0000000000000e48      0x4dc build/stm32f3xx_hal_tim_ex.o
 .debug_frame   0x0000000000001324      0x5fc build/stm32f3xx_hal_uart.o
 .debug_frame   0x0000000000001920       0xb8 build/stm32f3xx_hal_uart_ex.o
 .debug_frame   0x00000000000019d8      0x1e0 build/stm32f3xx_hal.o
 .debug_frame   0x0000000000001bb8      0x1a0 build/stm32f3xx_hal_rcc.o
 .debug_frame   0x0000000000001d58       0x8c build/stm32f3xx_hal_rcc_ex.o
 .debug_frame   0x0000000000001de4      0x10c build/stm32f3xx_hal_gpio.o
 .debug_frame   0x0000000000001ef0      0x190 build/stm32f3xx_hal_dma.o
 .debug_frame   0x0000000000002080      0x16c build/stm32f3xx_hal_cortex.o
 .debug_frame   0x00000000000021ec       0x30 build/system_stm32f3xx.o
 .debug_frame   0x000000000000221c       0xdc build/adc.o
 .debug_frame   0x00000000000022f8       0x2c build/dma.o
 .debug_frame   0x0000000000002324       0x6c build/opamp.o
 .debug_frame   0x0000000000002390      0x170 build/stm32f3xx_hal_adc.o
 .debug_frame   0x0000000000002500      0x578 build/stm32f3xx_hal_adc_ex.o
 .debug_frame   0x0000000000002a78      0x140 build/stm32f3xx_hal_opamp.o
 .debug_frame   0x0000000000002bb8       0x98 build/tim.o
 .debug_frame   0x0000000000002c50       0x2c /usr/local/gcc-arm-none-eabi-8-2019-q3-update/bin/../lib/gcc/arm-none-eabi/8.3.1/../../../../arm-none-eabi/lib/thumb/v7e-m+fp/hard/libc.a(lib_a-init.o)
 .debug_frame   0x0000000000002c7c       0x38 /usr/local/gcc-arm-none-eabi-8-2019-q3-update/bin/../lib/gcc/arm-none-eabi/8.3.1/../../../../arm-none-eabi/lib/thumb/v7e-m+fp/hard/libc.a(lib_a-memset.o)